Proportional trie_normalizer for cs/cshyphen_cstenten: |D| = 606499
Objective: F17+Trie(w=0.0005)
Dataset: /home/dev/hyph-bench/data/cs/cshyphen_cstenten/cs-all-cstenten.wlh
Translate: /home/dev/hyph-bench/data/cs/cshyphen_cstenten/cs-all-cstenten.wlh.tra
Method: random | Threshold mode: shared
Search space (5-D): [(1, 30), (1, 30), (1, 30), (1, 30), (1, 5)]
Split counts: train=485200, validation=60650, test=60649
Pattern ranges: [(1, 4), (2, 5), (2, 6), (2, 7)]
Budget: 30 rounds x 5 + 3 final = 153 patgen evaluations; 3 parallel workers

============================================================
Round 1/30
  Tested: params=(12, 29, 22, 18, 1)
  validation: F_1/7=0.931120, precision=0.929830, recall=0.999071, good=167811, bad=12664, missed=156, trie_nodes=10399, patterns=7615, objective=0.931112
  Tested: params=(5, 2, 26, 19, 4)
  validation: F_1/7=0.926587, precision=0.925233, recall=0.998142, good=167655, bad=13548, missed=312, trie_nodes=7952, patterns=6149, objective=0.926580
  Tested: params=(1, 30, 25, 7, 1)
  validation: F_1/7=0.919395, precision=0.917913, recall=0.998404, good=167699, bad=14997, missed=268, trie_nodes=13601, patterns=9677, objective=0.919384
  Tested: params=(6, 10, 16, 13, 2)
  validation: F_1/7=0.922597, precision=0.921162, recall=0.998845, good=167773, bad=14359, missed=194, trie_nodes=10735, patterns=7807, objective=0.922588
  Tested: params=(19, 5, 9, 11, 3)
  validation: F_1/7=0.936843, precision=0.935655, recall=0.999036, good=167805, bad=11540, missed=162, trie_nodes=9239, patterns=7111, objective=0.936836
  Best so far: params=(19, 5, 9, 11, 3), score=0.936836, elapsed=59.9s

============================================================
Round 2/30
  Tested: params=(24, 6, 16, 18, 1)
  validation: F_1/7=0.948448, precision=0.947468, recall=0.999053, good=167808, bad=9304, missed=159, trie_nodes=9770, patterns=7521, objective=0.948440
  Tested: params=(19, 6, 2, 29, 5)
  validation: F_1/7=0.935796, precision=0.934593, recall=0.998797, good=167765, bad=11741, missed=202, trie_nodes=7486, patterns=5682, objective=0.935790
  Tested: params=(25, 10, 3, 21, 3)
  validation: F_1/7=0.948371, precision=0.947389, recall=0.999077, good=167812, bad=9319, missed=155, trie_nodes=10423, patterns=7977, objective=0.948362
  Tested: params=(4, 15, 2, 28, 2)
  validation: F_1/7=0.921565, precision=0.920113, recall=0.998803, good=167766, bad=14566, missed=201, trie_nodes=12157, patterns=8935, objective=0.921555
  Tested: params=(20, 10, 16, 17, 1)
  validation: F_1/7=0.936358, precision=0.935159, recall=0.999119, good=167819, bad=11636, missed=148, trie_nodes=9315, patterns=7000, objective=0.936350
  Best so far: params=(24, 6, 16, 18, 1), score=0.948440, elapsed=119.6s

============================================================
Round 3/30
  Tested: params=(30, 24, 29, 27, 3)
  validation: F_1/7=0.957991, precision=0.957189, recall=0.999012, good=167801, bad=7505, missed=166, trie_nodes=10708, patterns=7915, objective=0.957982
  Tested: params=(28, 3, 6, 2, 2)
  validation: F_1/7=0.951204, precision=0.950281, recall=0.998732, good=167754, bad=8777, missed=213, trie_nodes=10179, patterns=8222, objective=0.951195
  Tested: params=(12, 9, 25, 11, 2)
  validation: F_1/7=0.931360, precision=0.930073, recall=0.999089, good=167814, bad=12617, missed=153, trie_nodes=9348, patterns=7065, objective=0.931352
  Tested: params=(17, 5, 25, 3, 5)
  validation: F_1/7=0.936692, precision=0.935507, recall=0.998666, good=167743, bad=11564, missed=224, trie_nodes=6943, patterns=5235, objective=0.936686
  Tested: params=(24, 6, 1, 25, 4)
  validation: F_1/7=0.947428, precision=0.946437, recall=0.998637, good=167738, bad=9493, missed=229, trie_nodes=8492, patterns=6640, objective=0.947421
  Best so far: params=(30, 24, 29, 27, 3), score=0.957982, elapsed=176.5s

============================================================
Round 4/30
  Tested: params=(22, 24, 3, 11, 1)
  validation: F_1/7=0.946526, precision=0.945511, recall=0.999083, good=167813, bad=9671, missed=154, trie_nodes=10497, patterns=7845, objective=0.946517
  Tested: params=(26, 19, 10, 2, 2)
  validation: F_1/7=0.950727, precision=0.949793, recall=0.998875, good=167778, bad=8869, missed=189, trie_nodes=10158, patterns=7632, objective=0.950718
  Tested: params=(10, 22, 20, 27, 3)
  validation: F_1/7=0.924671, precision=0.923271, recall=0.998922, good=167786, bad=13944, missed=181, trie_nodes=11235, patterns=8066, objective=0.924662
  Tested: params=(4, 22, 23, 17, 4)
  validation: F_1/7=0.920071, precision=0.918596, recall=0.998601, good=167732, bad=14864, missed=235, trie_nodes=9027, patterns=6169, objective=0.920063
  Tested: params=(15, 16, 13, 1, 1)
  validation: F_1/7=0.935863, precision=0.934666, recall=0.998547, good=167723, bad=11724, missed=244, trie_nodes=9147, patterns=6924, objective=0.935856
  Best so far: params=(30, 24, 29, 27, 3), score=0.957982, elapsed=237.4s

============================================================
Round 5/30
  Tested: params=(1, 20, 10, 16, 5)
  validation: F_1/7=0.918230, precision=0.916726, recall=0.998500, good=167715, bad=15235, missed=252, trie_nodes=9269, patterns=6409, objective=0.918222
  Tested: params=(8, 13, 23, 7, 1)
  validation: F_1/7=0.924530, precision=0.923128, recall=0.998845, good=167773, bad=13971, missed=194, trie_nodes=10363, patterns=7557, objective=0.924521
  Tested: params=(9, 5, 28, 25, 4)
  validation: F_1/7=0.925219, precision=0.923835, recall=0.998494, good=167714, bad=13827, missed=253, trie_nodes=7330, patterns=5500, objective=0.925213
  Tested: params=(27, 25, 6, 27, 3)
  validation: F_1/7=0.950633, precision=0.949693, recall=0.999047, good=167807, bad=8889, missed=160, trie_nodes=10568, patterns=7826, objective=0.950624
  Tested: params=(25, 27, 10, 4, 2)
  validation: F_1/7=0.948464, precision=0.947486, recall=0.998988, good=167797, bad=9300, missed=170, trie_nodes=10387, patterns=7718, objective=0.948456
  Best so far: params=(30, 24, 29, 27, 3), score=0.957982, elapsed=294.9s

============================================================
Round 6/30
  Tested: params=(13, 25, 26, 1, 3)
  validation: F_1/7=0.935226, precision=0.934019, recall=0.998440, good=167705, bad=11847, missed=262, trie_nodes=9886, patterns=7312, objective=0.935218
  Tested: params=(13, 7, 4, 11, 5)
  validation: F_1/7=0.935011, precision=0.933794, recall=0.998756, good=167758, bad=11894, missed=209, trie_nodes=7042, patterns=5356, objective=0.935005
  Tested: params=(10, 16, 22, 11, 5)
  validation: F_1/7=0.924469, precision=0.923069, recall=0.998660, good=167742, bad=13980, missed=225, trie_nodes=7803, patterns=5604, objective=0.924462
  Tested: params=(29, 8, 15, 10, 2)
  validation: F_1/7=0.956138, precision=0.955302, recall=0.998970, good=167794, bad=7851, missed=173, trie_nodes=10298, patterns=7834, objective=0.956129
  Tested: params=(2, 19, 16, 2, 2)
  validation: F_1/7=0.919824, precision=0.918355, recall=0.998006, good=167632, bad=14903, missed=335, trie_nodes=12042, patterns=8652, objective=0.919814
  Best so far: params=(30, 24, 29, 27, 3), score=0.957982, elapsed=353.4s

============================================================
Round 7/30
  Tested: params=(28, 8, 5, 15, 5)
  validation: F_1/7=0.950629, precision=0.949697, recall=0.998666, good=167743, bad=8885, missed=224, trie_nodes=7743, patterns=5882, objective=0.950622
  Tested: params=(8, 21, 23, 8, 4)
  validation: F_1/7=0.923867, precision=0.922458, recall=0.998631, good=167737, bad=14100, missed=230, trie_nodes=8250, patterns=5803, objective=0.923861
  Tested: params=(12, 19, 20, 17, 1)
  validation: F_1/7=0.931241, precision=0.929951, recall=0.999119, good=167819, bad=12641, missed=148, trie_nodes=9725, patterns=7250, objective=0.931233
  Tested: params=(26, 10, 6, 2, 3)
  validation: F_1/7=0.950712, precision=0.949777, recall=0.998893, good=167781, bad=8872, missed=186, trie_nodes=10046, patterns=7686, objective=0.950704
  Tested: params=(21, 1, 16, 7, 4)
  validation: F_1/7=0.939742, precision=0.938624, recall=0.997976, good=167627, bad=10961, missed=340, trie_nodes=8204, patterns=6781, objective=0.939735
  Best so far: params=(30, 24, 29, 27, 3), score=0.957982, elapsed=413.4s

============================================================
Round 8/30
  Tested: params=(6, 21, 12, 29, 1)
  validation: F_1/7=0.922020, precision=0.920575, recall=0.998845, good=167773, bad=14475, missed=194, trie_nodes=12069, patterns=8514, objective=0.922010
  Tested: params=(11, 4, 28, 27, 2)
  validation: F_1/7=0.929549, precision=0.928235, recall=0.998839, good=167772, bad=12971, missed=195, trie_nodes=9864, patterns=7569, objective=0.929541
  Tested: params=(20, 25, 17, 16, 2)
  validation: F_1/7=0.936207, precision=0.935005, recall=0.999155, good=167825, bad=11666, missed=142, trie_nodes=9882, patterns=7227, objective=0.936199
  Tested: params=(3, 27, 28, 19, 2)
  validation: F_1/7=0.919813, precision=0.918333, recall=0.998708, good=167750, bad=14918, missed=217, trie_nodes=13086, patterns=9099, objective=0.919802
  Tested: params=(11, 22, 27, 27, 4)
  validation: F_1/7=0.928368, precision=0.927033, recall=0.998815, good=167768, bad=13205, missed=199, trie_nodes=7752, patterns=5486, objective=0.928361
  Best so far: params=(30, 24, 29, 27, 3), score=0.957982, elapsed=469.9s

============================================================
Round 9/30
  Tested: params=(20, 3, 5, 27, 4)
  validation: F_1/7=0.936642, precision=0.935459, recall=0.998553, good=167724, bad=11572, missed=243, trie_nodes=7133, patterns=5596, objective=0.936636
  Tested: params=(1, 4, 20, 1, 1)
  validation: F_1/7=0.922431, precision=0.921016, recall=0.997535, good=167553, bad=14369, missed=414, trie_nodes=10089, patterns=7766, objective=0.922422
  Tested: params=(17, 21, 20, 7, 4)
  validation: F_1/7=0.936068, precision=0.934869, recall=0.998809, good=167767, bad=11688, missed=200, trie_nodes=7264, patterns=5310, objective=0.936062
  Tested: params=(8, 10, 23, 20, 5)
  validation: F_1/7=0.924361, precision=0.922959, recall=0.998678, good=167745, bad=14002, missed=222, trie_nodes=7452, patterns=5352, objective=0.924354
  Tested: params=(20, 18, 3, 12, 2)
  validation: F_1/7=0.936144, precision=0.934941, recall=0.999125, good=167820, bad=11678, missed=147, trie_nodes=9972, patterns=7455, objective=0.936135
  Best so far: params=(30, 24, 29, 27, 3), score=0.957982, elapsed=530.7s

============================================================
Round 10/30
  Tested: params=(8, 30, 12, 27, 4)
  validation: F_1/7=0.923619, precision=0.922204, recall=0.998696, good=167748, bad=14151, missed=219, trie_nodes=8807, patterns=6049, objective=0.923612
  Tested: params=(24, 16, 18, 15, 1)
  validation: F_1/7=0.948325, precision=0.947343, recall=0.999107, good=167817, bad=9328, missed=150, trie_nodes=9995, patterns=7496, objective=0.948317
  Tested: params=(22, 9, 1, 20, 1)
  validation: F_1/7=0.946063, precision=0.945046, recall=0.998750, good=167757, bad=9755, missed=210, trie_nodes=11649, patterns=9106, objective=0.946054
  Tested: params=(29, 29, 28, 12, 1)
  validation: F_1/7=0.956021, precision=0.955183, recall=0.998988, good=167797, bad=7873, missed=170, trie_nodes=10724, patterns=7920, objective=0.956013
  Tested: params=(28, 13, 29, 29, 5)
  validation: F_1/7=0.950661, precision=0.949729, recall=0.998666, good=167743, bad=8879, missed=224, trie_nodes=7838, patterns=5825, objective=0.950654
  Best so far: params=(30, 24, 29, 27, 3), score=0.957982, elapsed=594.7s

============================================================
Round 11/30
  Tested: params=(9, 12, 26, 10, 1)
  validation: F_1/7=0.924746, precision=0.923347, recall=0.998922, good=167786, bad=13929, missed=181, trie_nodes=10310, patterns=7548, objective=0.924738
  Tested: params=(17, 29, 21, 18, 1)
  validation: F_1/7=0.936188, precision=0.934986, recall=0.999101, good=167816, bad=11669, missed=151, trie_nodes=9982, patterns=7274, objective=0.936180
  Tested: params=(19, 30, 5, 16, 5)
  validation: F_1/7=0.935864, precision=0.934662, recall=0.998821, good=167769, bad=11728, missed=198, trie_nodes=7608, patterns=5478, objective=0.935858
  Tested: params=(23, 21, 22, 11, 2)
  validation: F_1/7=0.948064, precision=0.947076, recall=0.999125, good=167820, bad=9378, missed=147, trie_nodes=9993, patterns=7454, objective=0.948056
  Tested: params=(25, 25, 27, 28, 3)
  validation: F_1/7=0.948419, precision=0.947438, recall=0.999095, good=167815, bad=9310, missed=152, trie_nodes=10428, patterns=7688, objective=0.948410
  Best so far: params=(30, 24, 29, 27, 3), score=0.957982, elapsed=652.8s

============================================================
Round 12/30
  Tested: params=(16, 24, 20, 22, 4)
  validation: F_1/7=0.935476, precision=0.934267, recall=0.998827, good=167770, bad=11804, missed=197, trie_nodes=7435, patterns=5358, objective=0.935470
  Tested: params=(27, 11, 12, 3, 3)
  validation: F_1/7=0.950842, precision=0.949909, recall=0.998940, good=167789, bad=8848, missed=178, trie_nodes=10095, patterns=7648, objective=0.950834
  Tested: params=(2, 14, 17, 9, 3)
  validation: F_1/7=0.920233, precision=0.918760, recall=0.998702, good=167749, bad=14833, missed=218, trie_nodes=11788, patterns=8386, objective=0.920223
  Tested: params=(1, 2, 25, 11, 1)
  validation: F_1/7=0.927703, precision=0.926359, recall=0.998684, good=167746, bad=13335, missed=221, trie_nodes=10555, patterns=8400, objective=0.927694
  Tested: params=(16, 24, 7, 19, 1)
  validation: F_1/7=0.935683, precision=0.934472, recall=0.999119, good=167819, bad=11768, missed=148, trie_nodes=9823, patterns=7233, objective=0.935675
  Best so far: params=(30, 24, 29, 27, 3), score=0.957982, elapsed=712.9s

============================================================
Round 13/30
  Tested: params=(2, 16, 17, 20, 4)
  validation: F_1/7=0.918907, precision=0.917415, recall=0.998464, good=167709, bad=15097, missed=258, trie_nodes=8716, patterns=6002, objective=0.918900
  Tested: params=(30, 16, 10, 24, 2)
  validation: F_1/7=0.958034, precision=0.957233, recall=0.999018, good=167802, bad=7497, missed=165, trie_nodes=10436, patterns=7846, objective=0.958026
  Tested: params=(14, 3, 1, 29, 5)
  validation: F_1/7=0.935056, precision=0.933846, recall=0.998422, good=167702, bad=11880, missed=265, trie_nodes=8285, patterns=6757, objective=0.935049
  Tested: params=(21, 13, 6, 5, 2)
  validation: F_1/7=0.939138, precision=0.937989, recall=0.999071, good=167811, bad=11094, missed=156, trie_nodes=9711, patterns=7352, objective=0.939130
  Tested: params=(17, 22, 20, 9, 5)
  validation: F_1/7=0.936033, precision=0.934834, recall=0.998821, good=167769, bad=11695, missed=198, trie_nodes=7341, patterns=5334, objective=0.936027
  Best so far: params=(30, 16, 10, 24, 2), score=0.958026, elapsed=772.6s

============================================================
Round 14/30
  Tested: params=(23, 17, 19, 13, 2)
  validation: F_1/7=0.948095, precision=0.947108, recall=0.999125, good=167820, bad=9372, missed=147, trie_nodes=9889, patterns=7423, objective=0.948087
  Tested: params=(11, 23, 1, 4, 1)
  validation: F_1/7=0.928413, precision=0.927102, recall=0.997553, good=167556, bad=13175, missed=411, trie_nodes=10900, patterns=8446, objective=0.928404
  Tested: params=(2, 26, 22, 15, 1)
  validation: F_1/7=0.919534, precision=0.918049, recall=0.998684, good=167746, bad=14974, missed=221, trie_nodes=13501, patterns=9395, objective=0.919523
  Tested: params=(15, 15, 6, 14, 2)
  validation: F_1/7=0.935728, precision=0.934518, recall=0.999113, good=167818, bad=11759, missed=149, trie_nodes=9313, patterns=6992, objective=0.935721
  Tested: params=(19, 20, 2, 12, 4)
  validation: F_1/7=0.935666, precision=0.934461, recall=0.998774, good=167761, bad=11766, missed=206, trie_nodes=7736, patterns=5696, objective=0.935660
  Best so far: params=(30, 16, 10, 24, 2), score=0.958026, elapsed=833.7s

============================================================
Round 15/30
  Tested: params=(16, 26, 20, 5, 1)
  validation: F_1/7=0.935779, precision=0.934572, recall=0.999047, good=167807, bad=11748, missed=160, trie_nodes=9751, patterns=7189, objective=0.935771
  Tested: params=(20, 1, 18, 29, 3)
  validation: F_1/7=0.937153, precision=0.935978, recall=0.998589, good=167730, bad=11473, missed=237, trie_nodes=10812, patterns=9013, objective=0.937144
  Tested: params=(12, 20, 14, 17, 5)
  validation: F_1/7=0.930955, precision=0.929665, recall=0.998845, good=167773, bad=12693, missed=194, trie_nodes=7348, patterns=5383, objective=0.930949
  Tested: params=(12, 29, 28, 6, 1)
  validation: F_1/7=0.931156, precision=0.929867, recall=0.999012, good=167801, bad=12656, missed=166, trie_nodes=10312, patterns=7593, objective=0.931147
  Tested: params=(4, 1, 3, 21, 1)
  validation: F_1/7=0.923088, precision=0.921710, recall=0.996071, good=167307, bad=14211, missed=660, trie_nodes=11225, patterns=9574, objective=0.923079
  Best so far: params=(30, 16, 10, 24, 2), score=0.958026, elapsed=892.9s

============================================================
Round 16/30
  Tested: params=(10, 26, 1, 25, 2)
  validation: F_1/7=0.924244, precision=0.922838, recall=0.998768, good=167760, bad=14027, missed=207, trie_nodes=12837, patterns=9512, objective=0.924233
  Tested: params=(4, 21, 19, 27, 4)
  validation: F_1/7=0.920032, precision=0.918557, recall=0.998613, good=167734, bad=14872, missed=233, trie_nodes=8986, patterns=6098, objective=0.920025
  Tested: params=(25, 9, 6, 23, 5)
  validation: F_1/7=0.948295, precision=0.947318, recall=0.998732, good=167754, bad=9329, missed=213, trie_nodes=7583, patterns=5763, objective=0.948289
  Tested: params=(30, 13, 12, 24, 2)
  validation: F_1/7=0.958077, precision=0.957277, recall=0.999012, good=167801, bad=7489, missed=166, trie_nodes=10379, patterns=7823, objective=0.958068
  Tested: params=(28, 26, 13, 23, 4)
  validation: F_1/7=0.950524, precision=0.949589, recall=0.998672, good=167744, bad=8905, missed=223, trie_nodes=8036, patterns=5875, objective=0.950517
  Best so far: params=(30, 13, 12, 24, 2), score=0.958068, elapsed=953.3s

============================================================
Round 17/30
  Tested: params=(4, 28, 16, 25, 2)
  validation: F_1/7=0.921155, precision=0.919697, recall=0.998768, good=167760, bad=14648, missed=207, trie_nodes=13039, patterns=9028, objective=0.921144
  Tested: params=(27, 12, 1, 28, 1)
  validation: F_1/7=0.949954, precision=0.949007, recall=0.998750, good=167757, bad=9014, missed=210, trie_nodes=12068, patterns=9325, objective=0.949944
  Tested: params=(10, 29, 29, 18, 4)
  validation: F_1/7=0.924183, precision=0.922778, recall=0.998702, good=167749, bad=14038, missed=218, trie_nodes=8560, patterns=5982, objective=0.924176
  Tested: params=(14, 9, 10, 21, 4)
  validation: F_1/7=0.935385, precision=0.934175, recall=0.998774, good=167761, bad=11821, missed=206, trie_nodes=7018, patterns=5223, objective=0.935379
  Tested: params=(24, 24, 3, 15, 1)
  validation: F_1/7=0.948146, precision=0.947160, recall=0.999095, good=167815, bad=9362, missed=152, trie_nodes=10611, patterns=7928, objective=0.948137
  Best so far: params=(30, 13, 12, 24, 2), score=0.958068, elapsed=1014.2s

============================================================
Round 18/30
  Tested: params=(17, 14, 27, 11, 1)
  validation: F_1/7=0.936314, precision=0.935114, recall=0.999143, good=167823, bad=11645, missed=144, trie_nodes=9200, patterns=6865, objective=0.936306
  Tested: params=(5, 23, 19, 4, 1)
  validation: F_1/7=0.922003, precision=0.920563, recall=0.998535, good=167721, bad=14473, missed=246, trie_nodes=12012, patterns=8591, objective=0.921993
  Tested: params=(22, 3, 25, 22, 1)
  validation: F_1/7=0.947146, precision=0.946146, recall=0.998893, good=167781, bad=9550, missed=186, trie_nodes=9821, patterns=7872, objective=0.947138
  Tested: params=(3, 30, 12, 12, 5)
  validation: F_1/7=0.918548, precision=0.917049, recall=0.998529, good=167720, bad=15171, missed=247, trie_nodes=9527, patterns=6441, objective=0.918540
  Tested: params=(29, 30, 23, 12, 1)
  validation: F_1/7=0.956016, precision=0.955178, recall=0.998994, good=167798, bad=7874, missed=169, trie_nodes=10732, patterns=7929, objective=0.956008
  Best so far: params=(30, 13, 12, 24, 2), score=0.958068, elapsed=1071.6s

============================================================
Round 19/30
  Tested: params=(24, 17, 13, 28, 1)
  validation: F_1/7=0.948316, precision=0.947332, recall=0.999119, good=167819, bad=9330, missed=148, trie_nodes=10033, patterns=7516, objective=0.948307
  Tested: params=(15, 1, 15, 2, 1)
  validation: F_1/7=0.936325, precision=0.935144, recall=0.998095, good=167647, bad=11627, missed=320, trie_nodes=10670, patterns=9173, objective=0.936316
  Tested: params=(4, 20, 23, 18, 5)
  validation: F_1/7=0.920079, precision=0.918605, recall=0.998589, good=167730, bad=14862, missed=237, trie_nodes=8899, patterns=6055, objective=0.920072
  Tested: params=(12, 9, 27, 7, 5)
  validation: F_1/7=0.931185, precision=0.929901, recall=0.998750, good=167757, bad=12646, missed=210, trie_nodes=6974, patterns=5203, objective=0.931179
  Tested: params=(1, 30, 2, 27, 3)
  validation: F_1/7=0.919176, precision=0.917685, recall=0.998649, good=167740, bad=15046, missed=227, trie_nodes=14196, patterns=10200, objective=0.919164
  Best so far: params=(30, 13, 12, 24, 2), score=0.958068, elapsed=1135.6s

============================================================
Round 20/30
  Tested: params=(30, 3, 17, 30, 3)
  validation: F_1/7=0.958522, precision=0.957733, recall=0.998827, good=167770, bad=7404, missed=197, trie_nodes=10327, patterns=8264, objective=0.958514
  Tested: params=(19, 21, 14, 19, 3)
  validation: F_1/7=0.936208, precision=0.935006, recall=0.999167, good=167827, bad=11666, missed=140, trie_nodes=9655, patterns=7108, objective=0.936200
  Tested: params=(28, 2, 9, 29, 5)
  validation: F_1/7=0.951124, precision=0.950206, recall=0.998398, good=167698, bad=8788, missed=269, trie_nodes=7880, patterns=6256, objective=0.951117
  Tested: params=(14, 19, 9, 6, 3)
  validation: F_1/7=0.935486, precision=0.934272, recall=0.999083, good=167813, bad=11806, missed=154, trie_nodes=9620, patterns=7171, objective=0.935478
  Tested: params=(11, 18, 3, 30, 5)
  validation: F_1/7=0.928275, precision=0.926938, recall=0.998845, good=167773, bad=13224, missed=194, trie_nodes=7662, patterns=5539, objective=0.928268
  Best so far: params=(30, 3, 17, 30, 3), score=0.958514, elapsed=1193.4s

============================================================
Round 21/30
  Tested: params=(21, 17, 10, 25, 4)
  validation: F_1/7=0.938937, precision=0.937790, recall=0.998797, good=167765, bad=11129, missed=202, trie_nodes=7443, patterns=5535, objective=0.938931
  Tested: params=(5, 28, 25, 29, 4)
  validation: F_1/7=0.920613, precision=0.919149, recall=0.998583, good=167729, bad=14754, missed=238, trie_nodes=9402, patterns=6339, objective=0.920606
  Tested: params=(19, 13, 28, 26, 1)
  validation: F_1/7=0.936334, precision=0.935135, recall=0.999143, good=167823, bad=11641, missed=144, trie_nodes=9231, patterns=6893, objective=0.936327
  Tested: params=(1, 12, 25, 30, 1)
  validation: F_1/7=0.919930, precision=0.918451, recall=0.998738, good=167755, bad=14895, missed=212, trie_nodes=11926, patterns=8581, objective=0.919920
  Tested: params=(18, 12, 30, 26, 5)
  validation: F_1/7=0.936147, precision=0.934949, recall=0.998839, good=167772, bad=11673, missed=195, trie_nodes=7012, patterns=5167, objective=0.936141
  Best so far: params=(30, 3, 17, 30, 3), score=0.958514, elapsed=1251.6s

============================================================
Round 22/30
  Tested: params=(15, 13, 9, 2, 5)
  validation: F_1/7=0.935739, precision=0.934537, recall=0.998660, good=167742, bad=11750, missed=225, trie_nodes=6875, patterns=5137, objective=0.935733
  Tested: params=(25, 30, 30, 17, 4)
  validation: F_1/7=0.948189, precision=0.947211, recall=0.998714, good=167751, bad=9349, missed=216, trie_nodes=7986, patterns=5838, objective=0.948182
  Tested: params=(29, 26, 8, 14, 1)
  validation: F_1/7=0.956002, precision=0.955163, recall=0.999018, good=167802, bad=7877, missed=165, trie_nodes=10694, patterns=7933, objective=0.955993
  Tested: params=(29, 19, 7, 21, 4)
  validation: F_1/7=0.955816, precision=0.954979, recall=0.998678, good=167745, bad=7908, missed=222, trie_nodes=8020, patterns=5953, objective=0.955809
  Tested: params=(11, 4, 21, 16, 4)
  validation: F_1/7=0.929333, precision=0.928023, recall=0.998428, good=167703, bad=13007, missed=264, trie_nodes=7202, patterns=5443, objective=0.929328
  Best so far: params=(30, 3, 17, 30, 3), score=0.958514, elapsed=1310.6s

============================================================
Round 23/30
  Tested: params=(16, 26, 17, 17, 5)
  validation: F_1/7=0.935482, precision=0.934273, recall=0.998839, good=167772, bad=11803, missed=195, trie_nodes=7417, patterns=5357, objective=0.935476
  Tested: params=(13, 5, 1, 23, 4)
  validation: F_1/7=0.934789, precision=0.933573, recall=0.998535, good=167721, bad=11934, missed=246, trie_nodes=8055, patterns=6349, objective=0.934782
  Tested: params=(22, 7, 5, 1, 2)
  validation: F_1/7=0.946750, precision=0.945752, recall=0.998387, good=167696, bad=9619, missed=271, trie_nodes=9670, patterns=7578, objective=0.946742
  Tested: params=(18, 12, 14, 28, 2)
  validation: F_1/7=0.936381, precision=0.935182, recall=0.999149, good=167824, bad=11632, missed=143, trie_nodes=9237, patterns=6913, objective=0.936373
  Tested: params=(16, 24, 12, 19, 5)
  validation: F_1/7=0.935481, precision=0.934272, recall=0.998827, good=167770, bad=11803, missed=197, trie_nodes=7424, patterns=5356, objective=0.935475
  Best so far: params=(30, 3, 17, 30, 3), score=0.958514, elapsed=1367.7s

============================================================
Round 24/30
  Tested: params=(29, 5, 28, 15, 2)
  validation: F_1/7=0.956503, precision=0.955675, recall=0.998916, good=167785, bad=7782, missed=182, trie_nodes=10173, patterns=7880, objective=0.956495
  Tested: params=(14, 30, 15, 10, 4)
  validation: F_1/7=0.935143, precision=0.933928, recall=0.998815, good=167768, bad=11869, missed=199, trie_nodes=7653, patterns=5501, objective=0.935137
  Tested: params=(8, 3, 4, 4, 1)
  validation: F_1/7=0.925381, precision=0.924005, recall=0.998226, good=167669, bad=13790, missed=298, trie_nodes=9860, patterns=8124, objective=0.925373
  Tested: params=(5, 20, 6, 11, 5)
  validation: F_1/7=0.920863, precision=0.919403, recall=0.998553, good=167724, bad=14703, missed=243, trie_nodes=8727, patterns=6025, objective=0.920856
  Tested: params=(15, 21, 6, 6, 1)
  validation: F_1/7=0.935684, precision=0.934474, recall=0.999071, good=167811, bad=11767, missed=156, trie_nodes=9617, patterns=7168, objective=0.935676
  Best so far: params=(30, 3, 17, 30, 3), score=0.958514, elapsed=1427.7s

============================================================
Round 25/30
  Tested: params=(6, 9, 6, 3, 1)
  validation: F_1/7=0.922653, precision=0.921228, recall=0.998363, good=167692, bad=14339, missed=275, trie_nodes=10324, patterns=7693, objective=0.922645
  Tested: params=(14, 7, 11, 16, 4)
  validation: F_1/7=0.935449, precision=0.934241, recall=0.998750, good=167757, bad=11808, missed=210, trie_nodes=6964, patterns=5217, objective=0.935444
  Tested: params=(2, 24, 19, 3, 5)
  validation: F_1/7=0.918624, precision=0.917136, recall=0.997964, good=167625, bad=15145, missed=342, trie_nodes=9334, patterns=6384, objective=0.918617
  Tested: params=(28, 2, 9, 25, 4)
  validation: F_1/7=0.951142, precision=0.950225, recall=0.998357, good=167691, bad=8784, missed=276, trie_nodes=7910, patterns=6285, objective=0.951136
  Tested: params=(6, 7, 12, 15, 4)
  validation: F_1/7=0.922682, precision=0.921253, recall=0.998577, good=167728, bad=14337, missed=239, trie_nodes=7443, patterns=5384, objective=0.922676
  Best so far: params=(30, 3, 17, 30, 3), score=0.958514, elapsed=1488.8s

============================================================
Round 26/30
  Tested: params=(12, 14, 23, 2, 2)
  validation: F_1/7=0.931399, precision=0.930117, recall=0.998893, good=167781, bad=12606, missed=186, trie_nodes=9292, patterns=6993, objective=0.931392
  Tested: params=(22, 27, 16, 16, 1)
  validation: F_1/7=0.946616, precision=0.945602, recall=0.999101, good=167816, bad=9654, missed=151, trie_nodes=10234, patterns=7553, objective=0.946607
  Tested: params=(14, 16, 8, 9, 2)
  validation: F_1/7=0.935513, precision=0.934299, recall=0.999101, good=167816, bad=11801, missed=151, trie_nodes=9358, patterns=7033, objective=0.935505
  Tested: params=(1, 10, 7, 10, 1)
  validation: F_1/7=0.920102, precision=0.918625, recall=0.998785, good=167763, bad=14861, missed=204, trie_nodes=11113, patterns=8288, objective=0.920093
  Tested: params=(27, 18, 21, 24, 3)
  validation: F_1/7=0.950733, precision=0.949795, recall=0.999047, good=167807, bad=8870, missed=160, trie_nodes=10290, patterns=7669, objective=0.950724
  Best so far: params=(30, 3, 17, 30, 3), score=0.958514, elapsed=1547.8s

============================================================
Round 27/30
  Tested: params=(3, 17, 18, 23, 3)
  validation: F_1/7=0.920040, precision=0.918562, recall=0.998815, good=167768, bad=14874, missed=199, trie_nodes=11951, patterns=8448, objective=0.920031
  Tested: params=(4, 9, 11, 20, 3)
  validation: F_1/7=0.921871, precision=0.920424, recall=0.998845, good=167773, bad=14505, missed=194, trie_nodes=10767, patterns=7783, objective=0.921862
  Tested: params=(11, 30, 19, 8, 1)
  validation: F_1/7=0.928687, precision=0.927357, recall=0.998905, good=167783, bad=13143, missed=184, trie_nodes=10665, patterns=7653, objective=0.928679
  Tested: params=(5, 8, 5, 6, 2)
  validation: F_1/7=0.922958, precision=0.921533, recall=0.998595, good=167731, bad=14282, missed=236, trie_nodes=10360, patterns=7758, objective=0.922949
  Tested: params=(6, 27, 3, 16, 3)
  validation: F_1/7=0.921925, precision=0.920479, recall=0.998774, good=167761, bad=14493, missed=206, trie_nodes=12761, patterns=9037, objective=0.921914
  Best so far: params=(30, 3, 17, 30, 3), score=0.958514, elapsed=1610.4s

============================================================
Round 28/30
  Tested: params=(30, 4, 12, 30, 5)
  validation: F_1/7=0.958388, precision=0.957604, recall=0.998458, good=167708, bad=7425, missed=259, trie_nodes=7771, patterns=5998, objective=0.958382
  Tested: params=(25, 8, 6, 21, 5)
  validation: F_1/7=0.948321, precision=0.947346, recall=0.998738, good=167755, bad=9324, missed=212, trie_nodes=7557, patterns=5763, objective=0.948315
  Tested: params=(17, 18, 9, 24, 1)
  validation: F_1/7=0.936242, precision=0.935041, recall=0.999143, good=167823, bad=11659, missed=144, trie_nodes=9498, patterns=7047, objective=0.936234
  Tested: params=(10, 13, 16, 8, 1)
  validation: F_1/7=0.924907, precision=0.923511, recall=0.998875, good=167778, bad=13896, missed=189, trie_nodes=10198, patterns=7515, objective=0.924899
  Tested: params=(19, 9, 18, 5, 3)
  validation: F_1/7=0.936359, precision=0.935161, recall=0.999059, good=167809, bad=11635, missed=158, trie_nodes=9264, patterns=6977, objective=0.936351
  Best so far: params=(30, 3, 17, 30, 3), score=0.958514, elapsed=1670.7s

============================================================
Round 29/30
  Tested: params=(16, 2, 11, 5, 1)
  validation: F_1/7=0.936307, precision=0.935113, recall=0.998791, good=167764, bad=11641, missed=203, trie_nodes=9758, patterns=8023, objective=0.936299
  Tested: params=(30, 10, 25, 8, 4)
  validation: F_1/7=0.957956, precision=0.957161, recall=0.998601, good=167732, bad=7507, missed=235, trie_nodes=7909, patterns=5951, objective=0.957950
  Tested: params=(23, 18, 15, 13, 2)
  validation: F_1/7=0.948085, precision=0.947097, recall=0.999119, good=167819, bad=9374, missed=148, trie_nodes=9914, patterns=7434, objective=0.948076
  Tested: params=(28, 25, 29, 4, 4)
  validation: F_1/7=0.950606, precision=0.949675, recall=0.998559, good=167725, bad=8888, missed=242, trie_nodes=8001, patterns=5871, objective=0.950599
  Tested: params=(29, 6, 2, 23, 3)
  validation: F_1/7=0.955795, precision=0.954953, recall=0.998958, good=167792, bad=7915, missed=175, trie_nodes=11003, patterns=8582, objective=0.955786
  Best so far: params=(30, 3, 17, 30, 3), score=0.958514, elapsed=1731.7s

============================================================
Round 30/30
  Tested: params=(26, 5, 24, 7, 1)
  validation: F_1/7=0.951075, precision=0.950146, recall=0.998952, good=167791, bad=8804, missed=176, trie_nodes=9971, patterns=7738, objective=0.951067
  Tested: params=(5, 25, 20, 16, 2)
  validation: F_1/7=0.921881, precision=0.920433, recall=0.998839, good=167772, bad=14503, missed=195, trie_nodes=12486, patterns=8728, objective=0.921870
  Tested: params=(27, 12, 25, 14, 2)
  validation: F_1/7=0.950784, precision=0.949848, recall=0.999030, good=167804, bad=8860, missed=163, trie_nodes=10176, patterns=7638, objective=0.950776
  Tested: params=(14, 10, 23, 16, 2)
  validation: F_1/7=0.935580, precision=0.934368, recall=0.999119, good=167819, bad=11788, missed=148, trie_nodes=9305, patterns=7011, objective=0.935573
  Tested: params=(27, 12, 17, 28, 4)
  validation: F_1/7=0.950613, precision=0.949681, recall=0.998672, good=167744, bad=8888, missed=223, trie_nodes=7764, patterns=5794, objective=0.950607
  Best so far: params=(30, 3, 17, 30, 3), score=0.958514, elapsed=1794.1s

============================================================
Final phase: 3 evaluations
  Tested: params=(4, 29, 19, 11, 1)
  validation: F_1/7=0.921205, precision=0.919748, recall=0.998714, good=167751, bad=14637, missed=216, trie_nodes=12930, patterns=9005, objective=0.921194
  Tested: params=(24, 19, 17, 27, 4)
  validation: F_1/7=0.948160, precision=0.947181, recall=0.998762, good=167759, bad=9355, missed=208, trie_nodes=7677, patterns=5679, objective=0.948154
  Tested: params=(5, 10, 8, 23, 1)
  validation: F_1/7=0.922376, precision=0.920936, recall=0.998875, good=167778, bad=14404, missed=189, trie_nodes=10762, patterns=7897, objective=0.922367

============================================================
Threshold ablation run complete
Best parameters (b1 b2 b3 b4 thr): (30, 3, 17, 30, 3)
Thresholds: {'mode': 'shared', 'shared': 3, 'per_level': [3, 3, 3, 3]}
  validation-selected: F_1/7=0.958522, precision=0.957733, recall=0.998827, good=167770, bad=7404, missed=197, trie_nodes=10327, patterns=8264, objective=0.958514
  held-out test: F_1/7=0.959303, precision=0.958527, recall=0.998906, good=168072, bad=7272, missed=184, trie_nodes=10327, patterns=8264
Summary: results/threshold_ablation/cs/cshyphen_cstenten/shared_random/summary.json
History: results/threshold_ablation/cs/cshyphen_cstenten/shared_random/history.csv
Wall time: 1851.0s
