Proportional trie_normalizer for cs/cshyphen_ujc: |D| = 105144
Objective: F17+Trie(w=0.0005)
Dataset: /home/dev/hyph-bench/data/cs/cshyphen_ujc/cs-lemma-ujc-1.wlh
Translate: /home/dev/hyph-bench/data/cs/cshyphen_ujc/cs-lemma-ujc-1.wlh.tra
Method: tpe | Threshold mode: shared
Search space (5-D): [(1, 30), (1, 30), (1, 30), (1, 30), (1, 5)]
Split counts: train=84116, validation=10514, test=10514
Pattern ranges: [(1, 4), (2, 5), (2, 6), (2, 7)]
Budget: 30 rounds x 5 + 3 final = 153 patgen evaluations; 3 parallel workers

============================================================
Round 1/30
  Tested: params=(12, 29, 22, 18, 1)
  validation: F_1/7=0.914618, precision=0.913431, recall=0.976855, good=26674, bad=2528, missed=632, trie_nodes=14409, patterns=9268, objective=0.914550
  Tested: params=(5, 2, 26, 19, 4)
  validation: F_1/7=0.897771, precision=0.896404, recall=0.970300, good=26495, bad=3062, missed=811, trie_nodes=6536, patterns=4537, objective=0.897740
  Tested: params=(1, 30, 25, 7, 1)
  validation: F_1/7=0.870288, precision=0.868307, recall=0.979858, good=26756, bad=4058, missed=550, trie_nodes=16835, patterns=10204, objective=0.870208
  Tested: params=(6, 10, 16, 13, 2)
  validation: F_1/7=0.889105, precision=0.887453, recall=0.978356, good=26715, bad=3388, missed=591, trie_nodes=13261, patterns=8314, objective=0.889042
  Tested: params=(19, 5, 9, 11, 3)
  validation: F_1/7=0.925997, precision=0.925050, recall=0.974951, good=26622, bad=2157, missed=684, trie_nodes=14491, patterns=9934, objective=0.925929
  Best so far: params=(19, 5, 9, 11, 3), score=0.925929, elapsed=12.8s

============================================================
Round 2/30
  Tested: params=(24, 6, 16, 18, 1)
  validation: F_1/7=0.929803, precision=0.928974, recall=0.972350, good=26551, bad=2030, missed=755, trie_nodes=15386, patterns=10456, objective=0.929730
  Tested: params=(19, 6, 2, 29, 5)
  validation: F_1/7=0.921032, precision=0.919939, recall=0.977954, good=26704, bad=2324, missed=602, trie_nodes=7175, patterns=5207, objective=0.920998
  Tested: params=(25, 10, 3, 21, 3)
  validation: F_1/7=0.928560, precision=0.927632, recall=0.976415, good=26662, bad=2080, missed=644, trie_nodes=15476, patterns=10810, objective=0.928486
  Tested: params=(4, 15, 2, 28, 2)
  validation: F_1/7=0.880183, precision=0.878361, recall=0.979785, good=26754, bad=3705, missed=552, trie_nodes=14580, patterns=9052, objective=0.880114
  Tested: params=(20, 10, 16, 17, 1)
  validation: F_1/7=0.926028, precision=0.925088, recall=0.974584, good=26612, bad=2155, missed=694, trie_nodes=14824, patterns=9977, objective=0.925958
  Best so far: params=(24, 6, 16, 18, 1), score=0.929730, elapsed=25.6s

============================================================
Round 3/30
  Tested: params=(30, 22, 10, 1, 2)
  validation: F_1/7=0.970967, precision=0.970978, recall=0.970409, good=26498, bad=792, missed=808, trie_nodes=15716, patterns=10959, objective=0.970892
  Tested: params=(28, 22, 10, 3, 2)
  validation: F_1/7=0.967293, precision=0.967173, recall=0.973229, good=26575, bad=902, missed=731, trie_nodes=15659, patterns=10742, objective=0.967218
  Tested: params=(30, 21, 11, 5, 2)
  validation: F_1/7=0.970303, precision=0.970258, recall=0.972497, good=26555, bad=814, missed=751, trie_nodes=15991, patterns=10893, objective=0.970227
  Tested: params=(29, 22, 30, 1, 2)
  validation: F_1/7=0.970416, precision=0.970443, recall=0.969128, good=26463, bad=806, missed=843, trie_nodes=16368, patterns=11136, objective=0.970338
  Tested: params=(29, 22, 10, 3, 2)
  validation: F_1/7=0.970228, precision=0.970169, recall=0.973083, good=26571, bad=817, missed=735, trie_nodes=15743, patterns=10799, objective=0.970153
  Best so far: params=(30, 22, 10, 1, 2), score=0.970892, elapsed=38.4s

============================================================
Round 4/30
  Tested: params=(13, 18, 30, 9, 4)
  validation: F_1/7=0.913075, precision=0.911867, recall=0.976452, good=26663, bad=2577, missed=643, trie_nodes=6688, patterns=4428, objective=0.913043
  Tested: params=(13, 26, 20, 1, 4)
  validation: F_1/7=0.915500, precision=0.914434, recall=0.970995, good=26514, bad=2481, missed=792, trie_nodes=6949, patterns=4745, objective=0.915467
  Tested: params=(14, 26, 29, 1, 4)
  validation: F_1/7=0.917092, precision=0.916070, recall=0.970116, good=26490, bad=2427, missed=816, trie_nodes=7087, patterns=4891, objective=0.917058
  Tested: params=(13, 25, 30, 9, 4)
  validation: F_1/7=0.913039, precision=0.911826, recall=0.976708, good=26670, bad=2579, missed=636, trie_nodes=6799, patterns=4503, objective=0.913007
  Tested: params=(13, 26, 30, 1, 4)
  validation: F_1/7=0.915510, precision=0.914447, recall=0.970776, good=26508, bad=2480, missed=798, trie_nodes=6967, patterns=4748, objective=0.915477
  Best so far: params=(30, 22, 10, 1, 2), score=0.970892, elapsed=50.9s

============================================================
Round 5/30
  Tested: params=(25, 15, 5, 24, 3)
  validation: F_1/7=0.928561, precision=0.927660, recall=0.974951, good=26622, bad=2076, missed=684, trie_nodes=15293, patterns=10562, objective=0.928489
  Tested: params=(25, 16, 6, 23, 3)
  validation: F_1/7=0.928663, precision=0.927770, recall=0.974658, good=26614, bad=2072, missed=692, trie_nodes=15318, patterns=10540, objective=0.928590
  Tested: params=(24, 17, 7, 13, 3)
  validation: F_1/7=0.928892, precision=0.928008, recall=0.974365, good=26606, bad=2064, missed=700, trie_nodes=15265, patterns=10404, objective=0.928820
  Tested: params=(25, 16, 6, 24, 3)
  validation: F_1/7=0.928663, precision=0.927770, recall=0.974658, good=26614, bad=2072, missed=692, trie_nodes=15318, patterns=10540, objective=0.928590
  Tested: params=(24, 16, 6, 24, 3)
  validation: F_1/7=0.928568, precision=0.927673, recall=0.974658, good=26614, bad=2075, missed=692, trie_nodes=15233, patterns=10459, objective=0.928495
  Best so far: params=(30, 22, 10, 1, 2), score=0.970892, elapsed=63.6s

============================================================
Round 6/30
  Tested: params=(30, 20, 12, 5, 2)
  validation: F_1/7=0.970372, precision=0.970329, recall=0.972497, good=26555, bad=812, missed=751, trie_nodes=15995, patterns=10893, objective=0.970296
  Tested: params=(30, 20, 13, 5, 2)
  validation: F_1/7=0.970365, precision=0.970325, recall=0.972350, good=26551, bad=812, missed=755, trie_nodes=16018, patterns=10908, objective=0.970289
  Tested: params=(30, 20, 13, 5, 2)
  validation: F_1/7=0.970365, precision=0.970325, recall=0.972350, good=26551, bad=812, missed=755, trie_nodes=16018, patterns=10908, objective=0.970289
  Tested: params=(29, 20, 12, 5, 2)
  validation: F_1/7=0.970173, precision=0.970122, recall=0.972680, good=26560, bad=818, missed=746, trie_nodes=15902, patterns=10798, objective=0.970097
  Tested: params=(30, 20, 11, 5, 2)
  validation: F_1/7=0.970303, precision=0.970258, recall=0.972497, good=26555, bad=814, missed=751, trie_nodes=15985, patterns=10889, objective=0.970227
  Best so far: params=(30, 22, 10, 1, 2), score=0.970892, elapsed=76.4s

============================================================
Round 7/30
  Tested: params=(27, 24, 19, 8, 1)
  validation: F_1/7=0.967138, precision=0.967035, recall=0.972241, good=26548, bad=905, missed=758, trie_nodes=15991, patterns=10804, objective=0.967062
  Tested: params=(27, 24, 19, 8, 1)
  validation: F_1/7=0.967138, precision=0.967035, recall=0.972241, good=26548, bad=905, missed=758, trie_nodes=15991, patterns=10804, objective=0.967062
  Tested: params=(27, 24, 20, 8, 1)
  validation: F_1/7=0.967138, precision=0.967035, recall=0.972241, good=26548, bad=905, missed=758, trie_nodes=15991, patterns=10804, objective=0.967062
  Tested: params=(21, 24, 21, 8, 1)
  validation: F_1/7=0.927312, precision=0.926405, recall=0.974072, good=26598, bad=2113, missed=708, trie_nodes=15458, patterns=10342, objective=0.927239
  Tested: params=(9, 13, 19, 3, 1)
  validation: F_1/7=0.900029, precision=0.898579, recall=0.977294, good=26686, bad=3012, missed=620, trie_nodes=13437, patterns=8707, objective=0.899965
  Best so far: params=(30, 22, 10, 1, 2), score=0.970892, elapsed=89.3s

============================================================
Round 8/30
  Tested: params=(22, 28, 14, 3, 2)
  validation: F_1/7=0.928207, precision=0.927321, recall=0.973779, good=26590, bad=2084, missed=716, trie_nodes=15439, patterns=10411, objective=0.928133
  Tested: params=(22, 28, 14, 11, 2)
  validation: F_1/7=0.928016, precision=0.927120, recall=0.974145, good=26600, bad=2091, missed=706, trie_nodes=15524, patterns=10422, objective=0.927942
  Tested: params=(22, 29, 14, 3, 2)
  validation: F_1/7=0.928140, precision=0.927254, recall=0.973742, good=26589, bad=2086, missed=717, trie_nodes=15464, patterns=10432, objective=0.928066
  Tested: params=(16, 28, 14, 3, 2)
  validation: F_1/7=0.924095, precision=0.923096, recall=0.975866, good=26647, bad=2220, missed=659, trie_nodes=14631, patterns=9729, objective=0.924025
  Tested: params=(22, 28, 14, 3, 2)
  validation: F_1/7=0.928207, precision=0.927321, recall=0.973779, good=26590, bad=2084, missed=716, trie_nodes=15439, patterns=10411, objective=0.928133
  Best so far: params=(30, 22, 10, 1, 2), score=0.970892, elapsed=102.1s

============================================================
Round 9/30
  Tested: params=(28, 18, 8, 6, 3)
  validation: F_1/7=0.967170, precision=0.967041, recall=0.973522, good=26583, bad=906, missed=723, trie_nodes=15620, patterns=10708, objective=0.967096
  Tested: params=(28, 18, 24, 6, 3)
  validation: F_1/7=0.967177, precision=0.967100, recall=0.970995, good=26514, bad=902, missed=792, trie_nodes=16279, patterns=10958, objective=0.967100
  Tested: params=(27, 18, 26, 6, 3)
  validation: F_1/7=0.967119, precision=0.967036, recall=0.971215, good=26520, bad=904, missed=786, trie_nodes=16149, patterns=10865, objective=0.967043
  Tested: params=(28, 18, 24, 6, 3)
  validation: F_1/7=0.967177, precision=0.967100, recall=0.970995, good=26514, bad=902, missed=792, trie_nodes=16279, patterns=10958, objective=0.967100
  Tested: params=(28, 18, 25, 6, 3)
  validation: F_1/7=0.967175, precision=0.967098, recall=0.970959, good=26513, bad=902, missed=793, trie_nodes=16284, patterns=10960, objective=0.967098
  Best so far: params=(30, 22, 10, 1, 2), score=0.970892, elapsed=115.4s

============================================================
Round 10/30
  Tested: params=(30, 22, 17, 15, 2)
  validation: F_1/7=0.970313, precision=0.970279, recall=0.971984, good=26541, bad=813, missed=765, trie_nodes=16131, patterns=10979, objective=0.970236
  Tested: params=(30, 22, 12, 11, 2)
  validation: F_1/7=0.970343, precision=0.970297, recall=0.972607, good=26558, bad=813, missed=748, trie_nodes=16059, patterns=10933, objective=0.970267
  Tested: params=(30, 22, 12, 11, 2)
  validation: F_1/7=0.970343, precision=0.970297, recall=0.972607, good=26558, bad=813, missed=748, trie_nodes=16059, patterns=10933, objective=0.970267
  Tested: params=(30, 22, 12, 11, 2)
  validation: F_1/7=0.970343, precision=0.970297, recall=0.972607, good=26558, bad=813, missed=748, trie_nodes=16059, patterns=10933, objective=0.970267
  Tested: params=(30, 22, 12, 15, 2)
  validation: F_1/7=0.970343, precision=0.970297, recall=0.972607, good=26558, bad=813, missed=748, trie_nodes=16063, patterns=10935, objective=0.970267
  Best so far: params=(30, 22, 10, 1, 2), score=0.970892, elapsed=131.1s

============================================================
Round 11/30
  Tested: params=(1, 20, 9, 1, 1)
  validation: F_1/7=0.873955, precision=0.872168, recall=0.971471, good=26527, bad=3888, missed=779, trie_nodes=14314, patterns=9384, objective=0.873887
  Tested: params=(1, 20, 9, 1, 1)
  validation: F_1/7=0.873955, precision=0.872168, recall=0.971471, good=26527, bad=3888, missed=779, trie_nodes=14314, patterns=9384, objective=0.873887
  Tested: params=(26, 20, 9, 1, 5)
  validation: F_1/7=0.940227, precision=0.939667, recall=0.968505, good=26446, bad=1698, missed=860, trie_nodes=8061, patterns=5600, objective=0.940189
  Tested: params=(17, 20, 17, 1, 5)
  validation: F_1/7=0.924334, precision=0.923439, recall=0.970446, good=26499, bad=2197, missed=807, trie_nodes=7344, patterns=5007, objective=0.924299
  Tested: params=(3, 12, 9, 1, 1)
  validation: F_1/7=0.878948, precision=0.877221, recall=0.972826, good=26564, bad=3718, missed=742, trie_nodes=12869, patterns=8386, objective=0.878887
  Best so far: params=(30, 22, 10, 1, 2), score=0.970892, elapsed=143.4s

============================================================
Round 12/30
  Tested: params=(29, 3, 15, 4, 2)
  validation: F_1/7=0.967873, precision=0.967808, recall=0.971069, good=26516, bad=882, missed=790, trie_nodes=15759, patterns=10923, objective=0.967798
  Tested: params=(29, 23, 16, 4, 2)
  validation: F_1/7=0.970250, precision=0.970212, recall=0.972131, good=26545, bad=815, missed=761, trie_nodes=15972, patterns=10868, objective=0.970174
  Tested: params=(29, 4, 15, 4, 2)
  validation: F_1/7=0.970958, precision=0.970943, recall=0.971655, good=26532, bad=794, missed=774, trie_nodes=15727, patterns=10840, objective=0.970883
  Tested: params=(29, 23, 15, 4, 2)
  validation: F_1/7=0.970186, precision=0.970144, recall=0.972241, good=26548, bad=817, missed=758, trie_nodes=15953, patterns=10846, objective=0.970110
  Tested: params=(29, 4, 15, 13, 2)
  validation: F_1/7=0.970923, precision=0.970908, recall=0.971655, good=26532, bad=795, missed=774, trie_nodes=15748, patterns=10844, objective=0.970848
  Best so far: params=(30, 22, 10, 1, 2), score=0.970892, elapsed=156.7s

============================================================
Round 13/30
  Tested: params=(26, 8, 17, 18, 2)
  validation: F_1/7=0.940656, precision=0.940029, recall=0.972424, good=26553, bad=1694, missed=753, trie_nodes=15642, patterns=10632, objective=0.940581
  Tested: params=(26, 7, 18, 19, 2)
  validation: F_1/7=0.940876, precision=0.940256, recall=0.972314, good=26550, bad=1687, missed=756, trie_nodes=15658, patterns=10651, objective=0.940802
  Tested: params=(26, 6, 17, 21, 2)
  validation: F_1/7=0.940925, precision=0.940310, recall=0.972094, good=26544, bad=1685, missed=762, trie_nodes=15635, patterns=10673, objective=0.940851
  Tested: params=(26, 7, 18, 20, 2)
  validation: F_1/7=0.940876, precision=0.940256, recall=0.972314, good=26550, bad=1687, missed=756, trie_nodes=15658, patterns=10651, objective=0.940802
  Tested: params=(26, 8, 17, 19, 2)
  validation: F_1/7=0.940656, precision=0.940029, recall=0.972424, good=26553, bad=1694, missed=753, trie_nodes=15642, patterns=10632, objective=0.940581
  Best so far: params=(30, 22, 10, 1, 2), score=0.970892, elapsed=169.4s

============================================================
Round 14/30
  Tested: params=(9, 1, 11, 2, 2)
  validation: F_1/7=0.911757, precision=0.910631, recall=0.970593, good=26503, bad=2601, missed=803, trie_nodes=13839, patterns=10425, objective=0.911692
  Tested: params=(28, 1, 11, 2, 2)
  validation: F_1/7=0.964250, precision=0.964137, recall=0.969787, good=26481, bad=985, missed=825, trie_nodes=16079, patterns=11954, objective=0.964173
  Tested: params=(28, 1, 11, 2, 2)
  validation: F_1/7=0.964250, precision=0.964137, recall=0.969787, good=26481, bad=985, missed=825, trie_nodes=16079, patterns=11954, objective=0.964173
  Tested: params=(8, 2, 11, 2, 2)
  validation: F_1/7=0.900617, precision=0.899246, recall=0.973376, good=26579, bad=2978, missed=727, trie_nodes=13166, patterns=9307, objective=0.900555
  Tested: params=(28, 3, 11, 2, 2)
  validation: F_1/7=0.964861, precision=0.964726, recall=0.971545, good=26529, bad=970, missed=777, trie_nodes=15621, patterns=10860, objective=0.964787
  Best so far: params=(30, 22, 10, 1, 2), score=0.970892, elapsed=182.5s

============================================================
Round 15/30
  Tested: params=(29, 4, 13, 7, 1)
  validation: F_1/7=0.967707, precision=0.967622, recall=0.971874, good=26538, bad=888, missed=768, trie_nodes=15685, patterns=10837, objective=0.967632
  Tested: params=(29, 14, 13, 27, 1)
  validation: F_1/7=0.970288, precision=0.970235, recall=0.972900, good=26566, bad=815, missed=740, trie_nodes=15794, patterns=10735, objective=0.970213
  Tested: params=(29, 14, 13, 7, 1)
  validation: F_1/7=0.970319, precision=0.970268, recall=0.972826, good=26564, bad=814, missed=742, trie_nodes=15778, patterns=10732, objective=0.970244
  Tested: params=(29, 19, 13, 9, 1)
  validation: F_1/7=0.970107, precision=0.970053, recall=0.972753, good=26562, bad=820, missed=744, trie_nodes=15881, patterns=10779, objective=0.970032
  Tested: params=(29, 14, 4, 7, 1)
  validation: F_1/7=0.969135, precision=0.969006, recall=0.975500, good=26637, bad=852, missed=669, trie_nodes=15595, patterns=10954, objective=0.969061
  Best so far: params=(30, 22, 10, 1, 2), score=0.970892, elapsed=195.1s

============================================================
Round 16/30
  Tested: params=(30, 21, 15, 14, 2)
  validation: F_1/7=0.970150, precision=0.970108, recall=0.972204, good=26547, bad=818, missed=759, trie_nodes=16060, patterns=10914, objective=0.970073
  Tested: params=(24, 21, 15, 14, 2)
  validation: F_1/7=0.928977, precision=0.928117, recall=0.973119, good=26572, bad=2058, missed=734, trie_nodes=15550, patterns=10487, objective=0.928903
  Tested: params=(24, 21, 15, 13, 2)
  validation: F_1/7=0.928977, precision=0.928117, recall=0.973119, good=26572, bad=2058, missed=734, trie_nodes=15546, patterns=10485, objective=0.928903
  Tested: params=(24, 21, 15, 12, 2)
  validation: F_1/7=0.928977, precision=0.928117, recall=0.973119, good=26572, bad=2058, missed=734, trie_nodes=15546, patterns=10485, objective=0.928903
  Tested: params=(30, 21, 15, 10, 2)
  validation: F_1/7=0.970184, precision=0.970143, recall=0.972204, good=26547, bad=817, missed=759, trie_nodes=16047, patterns=10911, objective=0.970108
  Best so far: params=(30, 22, 10, 1, 2), score=0.970892, elapsed=208.9s

============================================================
Round 17/30
  Tested: params=(27, 25, 10, 5, 3)
  validation: F_1/7=0.966996, precision=0.966864, recall=0.973486, good=26582, bad=911, missed=724, trie_nodes=15695, patterns=10687, objective=0.966921
  Tested: params=(27, 25, 10, 5, 3)
  validation: F_1/7=0.966996, precision=0.966864, recall=0.973486, good=26582, bad=911, missed=724, trie_nodes=15695, patterns=10687, objective=0.966921
  Tested: params=(27, 25, 10, 5, 3)
  validation: F_1/7=0.966996, precision=0.966864, recall=0.973486, good=26582, bad=911, missed=724, trie_nodes=15695, patterns=10687, objective=0.966921
  Tested: params=(27, 19, 10, 5, 3)
  validation: F_1/7=0.967130, precision=0.967003, recall=0.973412, good=26580, bad=907, missed=726, trie_nodes=15618, patterns=10638, objective=0.967056
  Tested: params=(27, 25, 7, 5, 3)
  validation: F_1/7=0.966948, precision=0.966807, recall=0.973889, good=26593, bad=913, missed=713, trie_nodes=15602, patterns=10689, objective=0.966874
  Best so far: params=(30, 22, 10, 1, 2), score=0.970892, elapsed=221.3s

============================================================
Round 18/30
  Tested: params=(30, 23, 12, 17, 2)
  validation: F_1/7=0.970345, precision=0.970298, recall=0.972643, good=26559, bad=813, missed=747, trie_nodes=16074, patterns=10936, objective=0.970268
  Tested: params=(30, 23, 12, 10, 2)
  validation: F_1/7=0.970380, precision=0.970334, recall=0.972643, good=26559, bad=812, missed=747, trie_nodes=16059, patterns=10933, objective=0.970303
  Tested: params=(30, 17, 28, 10, 2)
  validation: F_1/7=0.970384, precision=0.970379, recall=0.970593, good=26503, bad=809, missed=803, trie_nodes=16406, patterns=11085, objective=0.970306
  Tested: params=(30, 23, 12, 10, 2)
  validation: F_1/7=0.970380, precision=0.970334, recall=0.972643, good=26559, bad=812, missed=747, trie_nodes=16059, patterns=10933, objective=0.970303
  Tested: params=(30, 23, 28, 10, 2)
  validation: F_1/7=0.970283, precision=0.970275, recall=0.970666, good=26505, bad=812, missed=801, trie_nodes=16516, patterns=11155, objective=0.970204
  Best so far: params=(30, 22, 10, 1, 2), score=0.970892, elapsed=234.1s

============================================================
Round 19/30
  Tested: params=(28, 17, 1, 12, 2)
  validation: F_1/7=0.961511, precision=0.961187, recall=0.977661, good=26696, bad=1078, missed=610, trie_nodes=17705, patterns=12648, objective=0.961427
  Tested: params=(28, 19, 28, 9, 2)
  validation: F_1/7=0.967114, precision=0.967033, recall=0.971105, good=26517, bad=904, missed=789, trie_nodes=16293, patterns=10962, objective=0.967036
  Tested: params=(28, 19, 29, 9, 2)
  validation: F_1/7=0.967108, precision=0.967029, recall=0.970995, good=26514, bad=904, missed=792, trie_nodes=16315, patterns=10972, objective=0.967030
  Tested: params=(28, 17, 28, 9, 2)
  validation: F_1/7=0.967116, precision=0.967034, recall=0.971142, good=26518, bad=904, missed=788, trie_nodes=16255, patterns=10941, objective=0.967038
  Tested: params=(28, 17, 28, 9, 2)
  validation: F_1/7=0.967116, precision=0.967034, recall=0.971142, good=26518, bad=904, missed=788, trie_nodes=16255, patterns=10941, objective=0.967038
  Best so far: params=(30, 22, 10, 1, 2), score=0.970892, elapsed=247.1s

============================================================
Round 20/30
  Tested: params=(30, 24, 14, 4, 2)
  validation: F_1/7=0.970351, precision=0.970316, recall=0.972057, good=26543, bad=812, missed=763, trie_nodes=16061, patterns=10953, objective=0.970275
  Tested: params=(30, 23, 14, 4, 2)
  validation: F_1/7=0.970386, precision=0.970352, recall=0.972057, good=26543, bad=811, missed=763, trie_nodes=16045, patterns=10943, objective=0.970309
  Tested: params=(30, 27, 14, 4, 2)
  validation: F_1/7=0.970214, precision=0.970175, recall=0.972094, good=26544, bad=816, missed=762, trie_nodes=16065, patterns=10957, objective=0.970137
  Tested: params=(30, 5, 14, 4, 2)
  validation: F_1/7=0.971245, precision=0.971233, recall=0.971838, good=26537, bad=786, missed=769, trie_nodes=15788, patterns=10871, objective=0.971170
  Tested: params=(30, 23, 14, 3, 2)
  validation: F_1/7=0.970453, precision=0.970422, recall=0.972021, good=26542, bad=809, missed=764, trie_nodes=16021, patterns=10936, objective=0.970377
  Best so far: params=(30, 5, 14, 4, 2), score=0.971170, elapsed=260.1s

============================================================
Round 21/30
  Tested: params=(29, 4, 16, 3, 2)
  validation: F_1/7=0.970985, precision=0.970975, recall=0.971508, good=26528, bad=793, missed=778, trie_nodes=15743, patterns=10861, objective=0.970911
  Tested: params=(29, 26, 16, 3, 2)
  validation: F_1/7=0.970111, precision=0.970070, recall=0.972131, good=26545, bad=819, missed=761, trie_nodes=15980, patterns=10884, objective=0.970035
  Tested: params=(29, 5, 16, 3, 2)
  validation: F_1/7=0.970968, precision=0.970950, recall=0.971874, good=26538, bad=794, missed=768, trie_nodes=15694, patterns=10779, objective=0.970894
  Tested: params=(29, 4, 29, 3, 2)
  validation: F_1/7=0.970872, precision=0.970892, recall=0.969897, good=26484, bad=794, missed=822, trie_nodes=16236, patterns=11078, objective=0.970795
  Tested: params=(29, 4, 16, 3, 2)
  validation: F_1/7=0.970985, precision=0.970975, recall=0.971508, good=26528, bad=793, missed=778, trie_nodes=15743, patterns=10861, objective=0.970911
  Best so far: params=(30, 5, 14, 4, 2), score=0.971170, elapsed=274.5s

============================================================
Round 22/30
  Tested: params=(29, 5, 18, 3, 2)
  validation: F_1/7=0.970961, precision=0.970946, recall=0.971728, good=26534, bad=794, missed=772, trie_nodes=15759, patterns=10812, objective=0.970886
  Tested: params=(18, 5, 22, 3, 2)
  validation: F_1/7=0.925523, precision=0.924574, recall=0.974584, good=26612, bad=2171, missed=694, trie_nodes=14449, patterns=9752, objective=0.925455
  Tested: params=(29, 4, 22, 3, 2)
  validation: F_1/7=0.971013, precision=0.971020, recall=0.970629, good=26504, bad=791, missed=802, trie_nodes=16099, patterns=11013, objective=0.970936
  Tested: params=(18, 5, 16, 3, 2)
  validation: F_1/7=0.925533, precision=0.924581, recall=0.974694, good=26615, bad=2171, missed=691, trie_nodes=14415, patterns=9750, objective=0.925465
  Tested: params=(29, 5, 18, 3, 2)
  validation: F_1/7=0.970961, precision=0.970946, recall=0.971728, good=26534, bad=794, missed=772, trie_nodes=15759, patterns=10812, objective=0.970886
  Best so far: params=(30, 5, 14, 4, 2), score=0.971170, elapsed=287.8s

============================================================
Round 23/30
  Tested: params=(25, 4, 20, 2, 2)
  validation: F_1/7=0.930029, precision=0.929217, recall=0.971618, good=26531, bad=2021, missed=775, trie_nodes=15501, patterns=10620, objective=0.929955
  Tested: params=(25, 4, 18, 2, 2)
  validation: F_1/7=0.929977, precision=0.929162, recall=0.971764, good=26535, bad=2023, missed=771, trie_nodes=15460, patterns=10608, objective=0.929904
  Tested: params=(25, 4, 18, 2, 2)
  validation: F_1/7=0.929977, precision=0.929162, recall=0.971764, good=26535, bad=2023, missed=771, trie_nodes=15460, patterns=10608, objective=0.929904
  Tested: params=(25, 4, 20, 2, 2)
  validation: F_1/7=0.930029, precision=0.929217, recall=0.971618, good=26531, bad=2021, missed=775, trie_nodes=15501, patterns=10620, objective=0.929955
  Tested: params=(25, 4, 18, 2, 2)
  validation: F_1/7=0.929977, precision=0.929162, recall=0.971764, good=26535, bad=2023, missed=771, trie_nodes=15460, patterns=10608, objective=0.929904
  Best so far: params=(30, 5, 14, 4, 2), score=0.971170, elapsed=300.5s

============================================================
Round 24/30
  Tested: params=(29, 3, 16, 4, 2)
  validation: F_1/7=0.967904, precision=0.967841, recall=0.970995, good=26514, bad=881, missed=792, trie_nodes=15777, patterns=10944, objective=0.967829
  Tested: params=(29, 3, 16, 4, 2)
  validation: F_1/7=0.967904, precision=0.967841, recall=0.970995, good=26514, bad=881, missed=792, trie_nodes=15777, patterns=10944, objective=0.967829
  Tested: params=(29, 3, 16, 4, 2)
  validation: F_1/7=0.967904, precision=0.967841, recall=0.970995, good=26514, bad=881, missed=792, trie_nodes=15777, patterns=10944, objective=0.967829
  Tested: params=(29, 3, 16, 4, 2)
  validation: F_1/7=0.967904, precision=0.967841, recall=0.970995, good=26514, bad=881, missed=792, trie_nodes=15777, patterns=10944, objective=0.967829
  Tested: params=(29, 3, 16, 4, 2)
  validation: F_1/7=0.967904, precision=0.967841, recall=0.970995, good=26514, bad=881, missed=792, trie_nodes=15777, patterns=10944, objective=0.967829
  Best so far: params=(30, 5, 14, 4, 2), score=0.971170, elapsed=313.5s

============================================================
Round 25/30
  Tested: params=(27, 6, 19, 1, 2)
  validation: F_1/7=0.968321, precision=0.968279, recall=0.970336, good=26496, bad=868, missed=810, trie_nodes=15651, patterns=10780, objective=0.968246
  Tested: params=(27, 6, 19, 1, 2)
  validation: F_1/7=0.968321, precision=0.968279, recall=0.970336, good=26496, bad=868, missed=810, trie_nodes=15651, patterns=10780, objective=0.968246
  Tested: params=(27, 6, 19, 1, 2)
  validation: F_1/7=0.968321, precision=0.968279, recall=0.970336, good=26496, bad=868, missed=810, trie_nodes=15651, patterns=10780, objective=0.968246
  Tested: params=(27, 6, 19, 1, 2)
  validation: F_1/7=0.968321, precision=0.968279, recall=0.970336, good=26496, bad=868, missed=810, trie_nodes=15651, patterns=10780, objective=0.968246
  Tested: params=(27, 6, 19, 1, 2)
  validation: F_1/7=0.968321, precision=0.968279, recall=0.970336, good=26496, bad=868, missed=810, trie_nodes=15651, patterns=10780, objective=0.968246
  Best so far: params=(30, 5, 14, 4, 2), score=0.971170, elapsed=326.2s

============================================================
Round 26/30
  Tested: params=(29, 2, 30, 3, 2)
  validation: F_1/7=0.967740, precision=0.967711, recall=0.969164, good=26464, bad=883, missed=842, trie_nodes=16370, patterns=11380, objective=0.967662
  Tested: params=(29, 5, 21, 3, 2)
  validation: F_1/7=0.970995, precision=0.970995, recall=0.970995, good=26514, bad=792, missed=792, trie_nodes=16047, patterns=10930, objective=0.970919
  Tested: params=(29, 2, 23, 3, 2)
  validation: F_1/7=0.967726, precision=0.967689, recall=0.969567, good=26475, bad=884, missed=831, trie_nodes=16294, patterns=11344, objective=0.967649
  Tested: params=(12, 2, 26, 3, 2)
  validation: F_1/7=0.913303, precision=0.912147, recall=0.973779, good=26590, bad=2561, missed=716, trie_nodes=13841, patterns=9617, objective=0.913237
  Tested: params=(29, 5, 21, 3, 2)
  validation: F_1/7=0.970995, precision=0.970995, recall=0.970995, good=26514, bad=792, missed=792, trie_nodes=16047, patterns=10930, objective=0.970919
  Best so far: params=(30, 5, 14, 4, 2), score=0.971170, elapsed=338.9s

============================================================
Round 27/30
  Tested: params=(28, 7, 21, 5, 2)
  validation: F_1/7=0.967968, precision=0.967895, recall=0.971581, good=26530, bad=880, missed=776, trie_nodes=16001, patterns=10851, objective=0.967892
  Tested: params=(28, 7, 21, 6, 4)
  validation: F_1/7=0.966988, precision=0.966994, recall=0.966711, good=26397, bad=901, missed=909, trie_nodes=8363, patterns=5614, objective=0.966948
  Tested: params=(28, 7, 21, 2, 2)
  validation: F_1/7=0.967992, precision=0.967923, recall=0.971362, good=26524, bad=879, missed=782, trie_nodes=15926, patterns=10837, objective=0.967916
  Tested: params=(28, 7, 21, 6, 4)
  validation: F_1/7=0.966988, precision=0.966994, recall=0.966711, good=26397, bad=901, missed=909, trie_nodes=8363, patterns=5614, objective=0.966948
  Tested: params=(28, 5, 21, 6, 2)
  validation: F_1/7=0.967992, precision=0.967923, recall=0.971362, good=26524, bad=879, missed=782, trie_nodes=15986, patterns=10868, objective=0.967916
  Best so far: params=(30, 5, 14, 4, 2), score=0.971170, elapsed=351.4s

============================================================
Round 28/30
  Tested: params=(29, 5, 17, 3, 2)
  validation: F_1/7=0.970996, precision=0.970981, recall=0.971728, good=26534, bad=793, missed=772, trie_nodes=15722, patterns=10794, objective=0.970921
  Tested: params=(29, 5, 17, 2, 2)
  validation: F_1/7=0.970992, precision=0.970979, recall=0.971655, good=26532, bad=793, missed=774, trie_nodes=15697, patterns=10789, objective=0.970918
  Tested: params=(29, 5, 17, 3, 2)
  validation: F_1/7=0.970996, precision=0.970981, recall=0.971728, good=26534, bad=793, missed=772, trie_nodes=15722, patterns=10794, objective=0.970921
  Tested: params=(29, 5, 22, 3, 2)
  validation: F_1/7=0.970994, precision=0.970994, recall=0.970959, good=26513, bad=792, missed=793, trie_nodes=16047, patterns=10929, objective=0.970917
  Tested: params=(29, 5, 17, 3, 2)
  validation: F_1/7=0.970996, precision=0.970981, recall=0.971728, good=26534, bad=793, missed=772, trie_nodes=15722, patterns=10794, objective=0.970921
  Best so far: params=(30, 5, 14, 4, 2), score=0.971170, elapsed=364.7s

============================================================
Round 29/30
  Tested: params=(30, 8, 23, 2, 2)
  validation: F_1/7=0.970941, precision=0.970948, recall=0.970593, good=26503, bad=793, missed=803, trie_nodes=16190, patterns=11023, objective=0.970864
  Tested: params=(30, 8, 23, 2, 2)
  validation: F_1/7=0.970941, precision=0.970948, recall=0.970593, good=26503, bad=793, missed=803, trie_nodes=16190, patterns=11023, objective=0.970864
  Tested: params=(30, 8, 17, 2, 2)
  validation: F_1/7=0.971066, precision=0.971052, recall=0.971728, good=26534, bad=791, missed=772, trie_nodes=15788, patterns=10846, objective=0.970991
  Tested: params=(15, 8, 23, 2, 2)
  validation: F_1/7=0.919332, precision=0.918255, recall=0.975390, good=26634, bad=2371, missed=672, trie_nodes=14047, patterns=9386, objective=0.919266
  Tested: params=(30, 8, 23, 2, 2)
  validation: F_1/7=0.970941, precision=0.970948, recall=0.970593, good=26503, bad=793, missed=803, trie_nodes=16190, patterns=11023, objective=0.970864
  Best so far: params=(30, 5, 14, 4, 2), score=0.971170, elapsed=377.2s

============================================================
Round 30/30
  Tested: params=(28, 5, 17, 4, 2)
  validation: F_1/7=0.967976, precision=0.967900, recall=0.971728, good=26534, bad=880, missed=772, trie_nodes=15768, patterns=10797, objective=0.967901
  Tested: params=(28, 5, 17, 4, 2)
  validation: F_1/7=0.967976, precision=0.967900, recall=0.971728, good=26534, bad=880, missed=772, trie_nodes=15768, patterns=10797, objective=0.967901
  Tested: params=(28, 5, 17, 4, 2)
  validation: F_1/7=0.967976, precision=0.967900, recall=0.971728, good=26534, bad=880, missed=772, trie_nodes=15768, patterns=10797, objective=0.967901
  Tested: params=(28, 5, 22, 4, 2)
  validation: F_1/7=0.968023, precision=0.967956, recall=0.971288, good=26522, bad=878, missed=784, trie_nodes=15957, patterns=10863, objective=0.967947
  Tested: params=(28, 5, 17, 4, 2)
  validation: F_1/7=0.967976, precision=0.967900, recall=0.971728, good=26534, bad=880, missed=772, trie_nodes=15768, patterns=10797, objective=0.967901
  Best so far: params=(30, 5, 14, 4, 2), score=0.971170, elapsed=389.9s

============================================================
Final phase: 3 evaluations
  Tested: params=(29, 10, 22, 30, 2)
  validation: F_1/7=0.970526, precision=0.970509, recall=0.971362, good=26524, bad=806, missed=782, trie_nodes=16106, patterns=10886, objective=0.970449
  Tested: params=(29, 11, 18, 3, 2)
  validation: F_1/7=0.970450, precision=0.970419, recall=0.971948, good=26540, bad=809, missed=766, trie_nodes=15790, patterns=10760, objective=0.970375
  Tested: params=(29, 6, 18, 3, 2)
  validation: F_1/7=0.970996, precision=0.970981, recall=0.971728, good=26534, bad=793, missed=772, trie_nodes=15747, patterns=10794, objective=0.970921

============================================================
Threshold ablation run complete
Best parameters (b1 b2 b3 b4 thr): (30, 5, 14, 4, 2)
Thresholds: {'mode': 'shared', 'shared': 2, 'per_level': [2, 2, 2, 2]}
  validation-selected: F_1/7=0.971245, precision=0.971233, recall=0.971838, good=26537, bad=786, missed=769, trie_nodes=15788, patterns=10871, objective=0.971170
  held-out test: F_1/7=0.971050, precision=0.971040, recall=0.971540, good=26388, bad=787, missed=773, trie_nodes=15788, patterns=10871
Summary: results/threshold_ablation/cs/cshyphen_ujc/shared_tpe/summary.json
History: results/threshold_ablation/cs/cshyphen_ujc/shared_tpe/history.csv
Wall time: 402.3s
