Proportional trie_normalizer for cs/cshyphen_ujc: |D| = 105144
Objective: F17+Trie(w=0.0005)
Dataset: /home/dev/hyph-bench/data/cs/cshyphen_ujc/cs-lemma-ujc-1.wlh
Translate: /home/dev/hyph-bench/data/cs/cshyphen_ujc/cs-lemma-ujc-1.wlh.tra
Method: random | Threshold mode: shared
Search space (5-D): [(1, 30), (1, 30), (1, 30), (1, 30), (1, 5)]
Split counts: train=84116, validation=10514, test=10514
Pattern ranges: [(1, 4), (2, 5), (2, 6), (2, 7)]
Budget: 30 rounds x 5 + 3 final = 153 patgen evaluations; 3 parallel workers

============================================================
Round 1/30
  Tested: params=(12, 29, 22, 18, 1)
  validation: F_1/7=0.914618, precision=0.913431, recall=0.976855, good=26674, bad=2528, missed=632, trie_nodes=14409, patterns=9268, objective=0.914550
  Tested: params=(5, 2, 26, 19, 4)
  validation: F_1/7=0.897771, precision=0.896404, recall=0.970300, good=26495, bad=3062, missed=811, trie_nodes=6536, patterns=4537, objective=0.897740
  Tested: params=(1, 30, 25, 7, 1)
  validation: F_1/7=0.870288, precision=0.868307, recall=0.979858, good=26756, bad=4058, missed=550, trie_nodes=16835, patterns=10204, objective=0.870208
  Tested: params=(6, 10, 16, 13, 2)
  validation: F_1/7=0.889105, precision=0.887453, recall=0.978356, good=26715, bad=3388, missed=591, trie_nodes=13261, patterns=8314, objective=0.889042
  Tested: params=(19, 5, 9, 11, 3)
  validation: F_1/7=0.925997, precision=0.925050, recall=0.974951, good=26622, bad=2157, missed=684, trie_nodes=14491, patterns=9934, objective=0.925929
  Best so far: params=(19, 5, 9, 11, 3), score=0.925929, elapsed=11.7s

============================================================
Round 2/30
  Tested: params=(24, 6, 16, 18, 1)
  validation: F_1/7=0.929803, precision=0.928974, recall=0.972350, good=26551, bad=2030, missed=755, trie_nodes=15386, patterns=10456, objective=0.929730
  Tested: params=(19, 6, 2, 29, 5)
  validation: F_1/7=0.921032, precision=0.919939, recall=0.977954, good=26704, bad=2324, missed=602, trie_nodes=7175, patterns=5207, objective=0.920998
  Tested: params=(25, 10, 3, 21, 3)
  validation: F_1/7=0.928560, precision=0.927632, recall=0.976415, good=26662, bad=2080, missed=644, trie_nodes=15476, patterns=10810, objective=0.928486
  Tested: params=(4, 15, 2, 28, 2)
  validation: F_1/7=0.880183, precision=0.878361, recall=0.979785, good=26754, bad=3705, missed=552, trie_nodes=14580, patterns=9052, objective=0.880114
  Tested: params=(20, 10, 16, 17, 1)
  validation: F_1/7=0.926028, precision=0.925088, recall=0.974584, good=26612, bad=2155, missed=694, trie_nodes=14824, patterns=9977, objective=0.925958
  Best so far: params=(24, 6, 16, 18, 1), score=0.929730, elapsed=23.3s

============================================================
Round 3/30
  Tested: params=(30, 24, 29, 27, 3)
  validation: F_1/7=0.970173, precision=0.970165, recall=0.970556, good=26502, bad=815, missed=804, trie_nodes=16598, patterns=11188, objective=0.970094
  Tested: params=(28, 3, 6, 2, 2)
  validation: F_1/7=0.964579, precision=0.964415, recall=0.972680, good=26560, bad=980, missed=746, trie_nodes=15227, patterns=10845, objective=0.964507
  Tested: params=(12, 9, 25, 11, 2)
  validation: F_1/7=0.915288, precision=0.914113, recall=0.976782, good=26672, bad=2506, missed=634, trie_nodes=13784, patterns=8929, objective=0.915222
  Tested: params=(17, 5, 25, 3, 5)
  validation: F_1/7=0.923917, precision=0.922970, recall=0.972826, good=26564, bad=2217, missed=742, trie_nodes=6889, patterns=4717, objective=0.923884
  Tested: params=(24, 6, 1, 25, 4)
  validation: F_1/7=0.919723, precision=0.918559, recall=0.980590, good=26776, bad=2374, missed=530, trie_nodes=8437, patterns=6278, objective=0.919683
  Best so far: params=(30, 24, 29, 27, 3), score=0.970094, elapsed=35.2s

============================================================
Round 4/30
  Tested: params=(22, 24, 3, 11, 1)
  validation: F_1/7=0.927142, precision=0.926181, recall=0.976855, good=26674, bad=2126, missed=632, trie_nodes=15465, patterns=10683, objective=0.927069
  Tested: params=(26, 19, 10, 2, 2)
  validation: F_1/7=0.940266, precision=0.939615, recall=0.973303, good=26577, bad=1708, missed=729, trie_nodes=15451, patterns=10612, objective=0.940192
  Tested: params=(10, 22, 20, 27, 3)
  validation: F_1/7=0.900704, precision=0.899262, recall=0.977477, good=26691, bad=2990, missed=615, trie_nodes=14162, patterns=8945, objective=0.900636
  Tested: params=(4, 22, 23, 17, 4)
  validation: F_1/7=0.870455, precision=0.868422, recall=0.983264, good=26849, bad=4068, missed=457, trie_nodes=7261, patterns=4364, objective=0.870421
  Tested: params=(15, 16, 13, 1, 1)
  validation: F_1/7=0.919534, precision=0.918524, recall=0.971874, good=26538, bad=2354, missed=768, trie_nodes=13993, patterns=9591, objective=0.919467
  Best so far: params=(30, 24, 29, 27, 3), score=0.970094, elapsed=47.1s

============================================================
Round 5/30
  Tested: params=(1, 20, 10, 16, 5)
  validation: F_1/7=0.863559, precision=0.861413, recall=0.983593, good=26858, bad=4321, missed=448, trie_nodes=7197, patterns=4304, objective=0.863524
  Tested: params=(8, 13, 23, 7, 1)
  validation: F_1/7=0.892712, precision=0.891124, recall=0.978063, good=26707, bad=3263, missed=599, trie_nodes=13595, patterns=8704, objective=0.892647
  Tested: params=(9, 5, 28, 25, 4)
  validation: F_1/7=0.896721, precision=0.895244, recall=0.975537, good=26638, bad=3117, missed=668, trie_nodes=5875, patterns=3978, objective=0.896693
  Tested: params=(27, 25, 6, 27, 3)
  validation: F_1/7=0.966529, precision=0.966369, recall=0.974438, good=26608, bad=926, missed=698, trie_nodes=15597, patterns=10756, objective=0.966455
  Tested: params=(25, 27, 10, 4, 2)
  validation: F_1/7=0.929058, precision=0.928190, recall=0.973705, good=26588, bad=2057, missed=718, trie_nodes=15450, patterns=10556, objective=0.928985
  Best so far: params=(30, 24, 29, 27, 3), score=0.970094, elapsed=58.7s

============================================================
Round 6/30
  Tested: params=(13, 25, 26, 1, 3)
  validation: F_1/7=0.917256, precision=0.916159, recall=0.974438, good=26608, bad=2435, missed=698, trie_nodes=14070, patterns=9252, objective=0.917189
  Tested: params=(13, 7, 4, 11, 5)
  validation: F_1/7=0.913682, precision=0.912470, recall=0.977331, good=26687, bad=2560, missed=619, trie_nodes=6281, patterns=4316, objective=0.913653
  Tested: params=(10, 16, 22, 11, 5)
  validation: F_1/7=0.895414, precision=0.893872, recall=0.978100, good=26708, bad=3171, missed=598, trie_nodes=6227, patterns=4059, objective=0.895384
  Tested: params=(29, 8, 15, 10, 2)
  validation: F_1/7=0.970718, precision=0.970683, recall=0.972460, good=26554, bad=802, missed=752, trie_nodes=15746, patterns=10726, objective=0.970643
  Tested: params=(2, 19, 16, 2, 2)
  validation: F_1/7=0.873759, precision=0.871865, recall=0.977807, good=26700, bad=3924, missed=606, trie_nodes=14551, patterns=8933, objective=0.873689
  Best so far: params=(29, 8, 15, 10, 2), score=0.970643, elapsed=70.2s

============================================================
Round 7/30
  Tested: params=(28, 8, 5, 15, 5)
  validation: F_1/7=0.965390, precision=0.965222, recall=0.973705, good=26588, bad=958, missed=718, trie_nodes=7754, patterns=5477, objective=0.965353
  Tested: params=(8, 21, 23, 8, 4)
  validation: F_1/7=0.885999, precision=0.884261, recall=0.980407, good=26771, bad=3504, missed=535, trie_nodes=6456, patterns=4182, objective=0.885968
  Tested: params=(12, 19, 20, 17, 1)
  validation: F_1/7=0.914864, precision=0.913681, recall=0.976855, good=26674, bad=2520, missed=632, trie_nodes=14179, patterns=9118, objective=0.914797
  Tested: params=(26, 10, 6, 2, 3)
  validation: F_1/7=0.940117, precision=0.939452, recall=0.973925, good=26594, bad=1714, missed=712, trie_nodes=15168, patterns=10558, objective=0.940045
  Tested: params=(21, 1, 16, 7, 4)
  validation: F_1/7=0.928416, precision=0.927675, recall=0.966235, good=26384, bad=2057, missed=922, trie_nodes=7965, patterns=5863, objective=0.928378
  Best so far: params=(29, 8, 15, 10, 2), score=0.970643, elapsed=81.8s

============================================================
Round 8/30
  Tested: params=(6, 21, 12, 29, 1)
  validation: F_1/7=0.885832, precision=0.884107, recall=0.979492, good=26746, bad=3506, missed=560, trie_nodes=15759, patterns=9489, objective=0.885757
  Tested: params=(11, 4, 28, 27, 2)
  validation: F_1/7=0.914307, precision=0.913131, recall=0.975866, good=26647, bad=2535, missed=659, trie_nodes=13442, patterns=8992, objective=0.914243
  Tested: params=(20, 25, 17, 16, 2)
  validation: F_1/7=0.925274, precision=0.924319, recall=0.974621, good=26613, bad=2179, missed=693, trie_nodes=15307, patterns=10223, objective=0.925202
  Tested: params=(3, 27, 28, 19, 2)
  validation: F_1/7=0.874339, precision=0.872417, recall=0.980151, good=26764, bad=3914, missed=542, trie_nodes=16990, patterns=9914, objective=0.874258
  Tested: params=(11, 22, 27, 27, 4)
  validation: F_1/7=0.911837, precision=0.910572, recall=0.978466, good=26718, bad=2624, missed=588, trie_nodes=6536, patterns=4308, objective=0.911806
  Best so far: params=(29, 8, 15, 10, 2), score=0.970643, elapsed=93.4s

============================================================
Round 9/30
  Tested: params=(20, 3, 5, 27, 4)
  validation: F_1/7=0.923610, precision=0.922624, recall=0.974658, good=26614, bad=2232, missed=692, trie_nodes=7052, patterns=5124, objective=0.923576
  Tested: params=(1, 4, 20, 1, 1)
  validation: F_1/7=0.879386, precision=0.877683, recall=0.971764, good=26535, bad=3698, missed=771, trie_nodes=13025, patterns=8874, objective=0.879324
  Tested: params=(17, 21, 20, 7, 4)
  validation: F_1/7=0.922319, precision=0.921304, recall=0.974951, good=26622, bad=2274, missed=684, trie_nodes=7199, patterns=4839, objective=0.922285
  Tested: params=(8, 10, 23, 20, 5)
  validation: F_1/7=0.887129, precision=0.885433, recall=0.979016, good=26733, bad=3459, missed=573, trie_nodes=5928, patterns=3889, objective=0.887101
  Tested: params=(20, 18, 3, 12, 2)
  validation: F_1/7=0.924507, precision=0.923495, recall=0.976965, good=26677, bad=2210, missed=629, trie_nodes=15092, patterns=10389, objective=0.924435
  Best so far: params=(29, 8, 15, 10, 2), score=0.970643, elapsed=105.7s

============================================================
Round 10/30
  Tested: params=(8, 30, 12, 27, 4)
  validation: F_1/7=0.885329, precision=0.883565, recall=0.981286, good=26795, bad=3531, missed=511, trie_nodes=6698, patterns=4293, objective=0.885297
  Tested: params=(24, 16, 18, 15, 1)
  validation: F_1/7=0.928942, precision=0.928090, recall=0.972717, good=26561, bad=2058, missed=745, trie_nodes=15595, patterns=10503, objective=0.928868
  Tested: params=(22, 9, 1, 20, 1)
  validation: F_1/7=0.922302, precision=0.921228, recall=0.978210, good=26711, bad=2284, missed=595, trie_nodes=17811, patterns=12672, objective=0.922218
  Tested: params=(29, 29, 28, 12, 1)
  validation: F_1/7=0.969742, precision=0.969717, recall=0.970995, good=26514, bad=828, missed=792, trie_nodes=16459, patterns=11080, objective=0.969664
  Tested: params=(28, 13, 29, 29, 5)
  validation: F_1/7=0.966308, precision=0.966308, recall=0.966308, good=26386, bad=920, missed=920, trie_nodes=8558, patterns=5704, objective=0.966267
  Best so far: params=(29, 8, 15, 10, 2), score=0.970643, elapsed=116.7s

============================================================
Round 11/30
  Tested: params=(9, 12, 26, 10, 1)
  validation: F_1/7=0.899898, precision=0.898439, recall=0.977734, good=26698, bad=3018, missed=608, trie_nodes=13577, patterns=8694, objective=0.899834
  Tested: params=(17, 29, 21, 18, 1)
  validation: F_1/7=0.924866, precision=0.923877, recall=0.976049, good=26652, bad=2196, missed=654, trie_nodes=14960, patterns=9843, objective=0.924794
  Tested: params=(19, 30, 5, 16, 5)
  validation: F_1/7=0.922042, precision=0.920996, recall=0.976379, good=26661, bad=2287, missed=645, trie_nodes=7367, patterns=5139, objective=0.922007
  Tested: params=(23, 21, 22, 11, 2)
  validation: F_1/7=0.928159, precision=0.927290, recall=0.972863, good=26565, bad=2083, missed=741, trie_nodes=15851, patterns=10567, objective=0.928084
  Tested: params=(25, 25, 27, 28, 3)
  validation: F_1/7=0.928931, precision=0.928094, recall=0.971838, good=26537, bad=2056, missed=769, trie_nodes=16131, patterns=10806, objective=0.928854
  Best so far: params=(29, 8, 15, 10, 2), score=0.970643, elapsed=128.6s

============================================================
Round 12/30
  Tested: params=(16, 24, 20, 22, 4)
  validation: F_1/7=0.920468, precision=0.919414, recall=0.975207, good=26629, bad=2334, missed=677, trie_nodes=7139, patterns=4787, objective=0.920434
  Tested: params=(27, 11, 12, 3, 3)
  validation: F_1/7=0.967481, precision=0.967372, recall=0.972863, good=26565, bad=896, missed=741, trie_nodes=15564, patterns=10613, objective=0.967407
  Tested: params=(2, 14, 17, 9, 3)
  validation: F_1/7=0.875255, precision=0.873370, recall=0.978759, good=26726, bad=3875, missed=580, trie_nodes=14133, patterns=8565, objective=0.875188
  Tested: params=(1, 2, 25, 11, 1)
  validation: F_1/7=0.895854, precision=0.894428, recall=0.971764, good=26535, bad=3132, missed=771, trie_nodes=14714, patterns=10335, objective=0.895784
  Tested: params=(16, 24, 7, 19, 1)
  validation: F_1/7=0.923908, precision=0.922885, recall=0.976928, good=26676, bad=2229, missed=630, trie_nodes=14574, patterns=9698, objective=0.923838
  Best so far: params=(29, 8, 15, 10, 2), score=0.970643, elapsed=140.3s

============================================================
Round 13/30
  Tested: params=(2, 16, 17, 20, 4)
  validation: F_1/7=0.867464, precision=0.865406, recall=0.981909, good=26812, bad=4170, missed=494, trie_nodes=6442, patterns=3913, objective=0.867434
  Tested: params=(30, 16, 10, 24, 2)
  validation: F_1/7=0.970439, precision=0.970384, recall=0.973156, good=26573, bad=811, missed=733, trie_nodes=15807, patterns=10835, objective=0.970364
  Tested: params=(14, 3, 1, 29, 5)
  validation: F_1/7=0.911571, precision=0.910272, recall=0.980078, good=26762, bad=2638, missed=544, trie_nodes=7239, patterns=5520, objective=0.911536
  Tested: params=(21, 13, 6, 5, 2)
  validation: F_1/7=0.927395, precision=0.926464, recall=0.975390, good=26634, bad=2114, missed=672, trie_nodes=14849, patterns=10174, objective=0.927324
  Tested: params=(17, 22, 20, 9, 5)
  validation: F_1/7=0.922284, precision=0.921269, recall=0.974914, good=26621, bad=2275, missed=685, trie_nodes=7255, patterns=4859, objective=0.922250
  Best so far: params=(29, 8, 15, 10, 2), score=0.970643, elapsed=151.8s

============================================================
Round 14/30
  Tested: params=(23, 17, 19, 13, 2)
  validation: F_1/7=0.928029, precision=0.927151, recall=0.973193, good=26574, bad=2088, missed=732, trie_nodes=15603, patterns=10462, objective=0.927955
  Tested: params=(11, 23, 1, 4, 1)
  validation: F_1/7=0.911863, precision=0.910620, recall=0.977185, good=26683, bad=2619, missed=623, trie_nodes=14484, patterns=10073, objective=0.911794
  Tested: params=(2, 26, 22, 15, 1)
  validation: F_1/7=0.870645, precision=0.868666, recall=0.980041, good=26761, bad=4046, missed=545, trie_nodes=16603, patterns=9774, objective=0.870566
  Tested: params=(15, 15, 6, 14, 2)
  validation: F_1/7=0.918883, precision=0.917771, recall=0.976892, good=26675, bad=2390, missed=631, trie_nodes=14272, patterns=9533, objective=0.918815
  Tested: params=(19, 20, 2, 12, 4)
  validation: F_1/7=0.919253, precision=0.918100, recall=0.979528, good=26747, bad=2386, missed=559, trie_nodes=7573, patterns=5408, objective=0.919217
  Best so far: params=(29, 8, 15, 10, 2), score=0.970643, elapsed=163.5s

============================================================
Round 15/30
  Tested: params=(16, 26, 20, 5, 1)
  validation: F_1/7=0.923948, precision=0.922944, recall=0.975976, good=26650, bad=2225, missed=656, trie_nodes=14633, patterns=9700, objective=0.923878
  Tested: params=(20, 1, 18, 29, 3)
  validation: F_1/7=0.923144, precision=0.922205, recall=0.971581, good=26530, bad=2238, missed=776, trie_nodes=15301, patterns=11184, objective=0.923071
  Tested: params=(12, 20, 14, 17, 5)
  validation: F_1/7=0.910878, precision=0.909615, recall=0.977404, good=26689, bad=2652, missed=617, trie_nodes=6645, patterns=4374, objective=0.910846
  Tested: params=(12, 29, 28, 6, 1)
  validation: F_1/7=0.914723, precision=0.913541, recall=0.976672, good=26669, bad=2524, missed=637, trie_nodes=14362, patterns=9256, objective=0.914655
  Tested: params=(4, 1, 3, 21, 1)
  validation: F_1/7=0.890188, precision=0.888578, recall=0.976928, good=26676, bad=3345, missed=630, trie_nodes=14163, patterns=10594, objective=0.890121
  Best so far: params=(29, 8, 15, 10, 2), score=0.970643, elapsed=175.6s

============================================================
Round 16/30
  Tested: params=(10, 26, 1, 25, 2)
  validation: F_1/7=0.897694, precision=0.896161, recall=0.979785, good=26754, bad=3100, missed=552, trie_nodes=15901, patterns=10176, objective=0.897618
  Tested: params=(4, 21, 19, 27, 4)
  validation: F_1/7=0.870649, precision=0.868619, recall=0.983264, good=26849, bad=4061, missed=457, trie_nodes=7235, patterns=4337, objective=0.870614
  Tested: params=(25, 9, 6, 23, 5)
  validation: F_1/7=0.927099, precision=0.926206, recall=0.973083, good=26571, bad=2117, missed=735, trie_nodes=7610, patterns=5320, objective=0.927063
  Tested: params=(30, 13, 12, 24, 2)
  validation: F_1/7=0.970588, precision=0.970546, recall=0.972643, good=26559, bad=806, missed=747, trie_nodes=15895, patterns=10840, objective=0.970513
  Tested: params=(28, 26, 13, 23, 4)
  validation: F_1/7=0.965634, precision=0.965547, recall=0.969897, good=26484, bad=945, missed=822, trie_nodes=8262, patterns=5606, objective=0.965595
  Best so far: params=(29, 8, 15, 10, 2), score=0.970643, elapsed=187.4s

============================================================
Round 17/30
  Tested: params=(4, 28, 16, 25, 2)
  validation: F_1/7=0.877429, precision=0.875556, recall=0.980151, good=26764, bad=3804, missed=542, trie_nodes=17266, patterns=10038, objective=0.877347
  Tested: params=(27, 12, 1, 28, 1)
  validation: F_1/7=0.960039, precision=0.959679, recall=0.977990, good=26705, bad=1122, missed=601, trie_nodes=18412, patterns=13129, objective=0.959951
  Tested: params=(10, 29, 29, 18, 4)
  validation: F_1/7=0.894937, precision=0.893370, recall=0.979089, good=26735, bad=3191, missed=571, trie_nodes=6629, patterns=4262, objective=0.894906
  Tested: params=(14, 9, 10, 21, 4)
  validation: F_1/7=0.915350, precision=0.914194, recall=0.975829, good=26646, bad=2501, missed=660, trie_nodes=6526, patterns=4467, objective=0.915319
  Tested: params=(24, 24, 3, 15, 1)
  validation: F_1/7=0.928310, precision=0.927376, recall=0.976452, good=26663, bad=2088, missed=643, trie_nodes=15630, patterns=10852, objective=0.928235
  Best so far: params=(29, 8, 15, 10, 2), score=0.970643, elapsed=198.9s

============================================================
Round 18/30
  Tested: params=(17, 14, 27, 11, 1)
  validation: F_1/7=0.925476, precision=0.924502, recall=0.975829, good=26646, bad=2176, missed=660, trie_nodes=14551, patterns=9634, objective=0.925406
  Tested: params=(5, 23, 19, 4, 1)
  validation: F_1/7=0.883293, precision=0.881540, recall=0.978649, good=26723, bad=3591, missed=583, trie_nodes=15391, patterns=9513, objective=0.883220
  Tested: params=(22, 3, 25, 22, 1)
  validation: F_1/7=0.926080, precision=0.925202, recall=0.971215, good=26520, bad=2144, missed=786, trie_nodes=15441, patterns=10561, objective=0.926006
  Tested: params=(3, 30, 12, 12, 5)
  validation: F_1/7=0.865855, precision=0.863728, recall=0.984655, good=26887, bad=4242, missed=419, trie_nodes=7981, patterns=4729, objective=0.865817
  Tested: params=(29, 30, 23, 12, 1)
  validation: F_1/7=0.969731, precision=0.969696, recall=0.971471, good=26527, bad=829, missed=779, trie_nodes=16403, patterns=11044, objective=0.969653
  Best so far: params=(29, 8, 15, 10, 2), score=0.970643, elapsed=211.1s

============================================================
Round 19/30
  Tested: params=(24, 17, 13, 28, 1)
  validation: F_1/7=0.929141, precision=0.928277, recall=0.973559, good=26584, bad=2054, missed=722, trie_nodes=15433, patterns=10437, objective=0.929068
  Tested: params=(15, 1, 15, 2, 1)
  validation: F_1/7=0.916832, precision=0.915819, recall=0.969347, good=26469, bad=2433, missed=837, trie_nodes=15341, patterns=11818, objective=0.916759
  Tested: params=(4, 20, 23, 18, 5)
  validation: F_1/7=0.870953, precision=0.868930, recall=0.983044, good=26843, bad=4049, missed=463, trie_nodes=7108, patterns=4265, objective=0.870919
  Tested: params=(12, 9, 27, 7, 5)
  validation: F_1/7=0.911718, precision=0.910488, recall=0.976342, good=26660, bad=2621, missed=646, trie_nodes=6335, patterns=4199, objective=0.911688
  Tested: params=(1, 30, 2, 27, 3)
  validation: F_1/7=0.869558, precision=0.867552, recall=0.980627, good=26777, bad=4088, missed=529, trie_nodes=17789, patterns=10375, objective=0.869473
  Best so far: params=(29, 8, 15, 10, 2), score=0.970643, elapsed=222.6s

============================================================
Round 20/30
  Tested: params=(30, 3, 17, 30, 3)
  validation: F_1/7=0.968062, precision=0.968008, recall=0.970702, good=26506, bad=876, missed=800, trie_nodes=15921, patterns=11065, objective=0.967986
  Tested: params=(19, 21, 14, 19, 3)
  validation: F_1/7=0.925483, precision=0.924528, recall=0.974841, good=26619, bad=2173, missed=687, trie_nodes=15106, patterns=10092, objective=0.925411
  Tested: params=(28, 2, 9, 29, 5)
  validation: F_1/7=0.967457, precision=0.967425, recall=0.969054, good=26461, bad=891, missed=845, trie_nodes=7940, patterns=5614, objective=0.967419
  Tested: params=(14, 19, 9, 6, 3)
  validation: F_1/7=0.918270, precision=0.917157, recall=0.976306, good=26659, bad=2408, missed=647, trie_nodes=14352, patterns=9460, objective=0.918201
  Tested: params=(11, 18, 3, 30, 5)
  validation: F_1/7=0.911279, precision=0.909978, recall=0.979895, good=26757, bad=2647, missed=549, trie_nodes=6443, patterns=4318, objective=0.911248
  Best so far: params=(29, 8, 15, 10, 2), score=0.970643, elapsed=234.7s

============================================================
Round 21/30
  Tested: params=(21, 17, 10, 25, 4)
  validation: F_1/7=0.924992, precision=0.924064, recall=0.972863, good=26565, bad=2183, missed=741, trie_nodes=7509, patterns=5171, objective=0.924957
  Tested: params=(5, 28, 25, 29, 4)
  validation: F_1/7=0.871764, precision=0.869737, recall=0.984179, good=26874, bad=4025, missed=432, trie_nodes=7911, patterns=4661, objective=0.871727
  Tested: params=(19, 13, 28, 26, 1)
  validation: F_1/7=0.925489, precision=0.924539, recall=0.974548, good=26611, bad=2172, missed=695, trie_nodes=14888, patterns=9996, objective=0.925418
  Tested: params=(1, 12, 25, 30, 1)
  validation: F_1/7=0.875593, precision=0.873720, recall=0.978320, good=26714, bad=3861, missed=592, trie_nodes=13886, patterns=8619, objective=0.875527
  Tested: params=(18, 12, 30, 26, 5)
  validation: F_1/7=0.922283, precision=0.921293, recall=0.973522, good=26583, bad=2271, missed=723, trie_nodes=7229, patterns=4861, objective=0.922249
  Best so far: params=(29, 8, 15, 10, 2), score=0.970643, elapsed=245.8s

============================================================
Round 22/30
  Tested: params=(15, 13, 9, 2, 5)
  validation: F_1/7=0.916602, precision=0.915494, recall=0.974401, good=26607, bad=2456, missed=699, trie_nodes=6704, patterns=4635, objective=0.916570
  Tested: params=(25, 30, 30, 17, 4)
  validation: F_1/7=0.927093, precision=0.926303, recall=0.967553, good=26420, bad=2102, missed=886, trie_nodes=8441, patterns=5624, objective=0.927053
  Tested: params=(29, 26, 8, 14, 1)
  validation: F_1/7=0.969656, precision=0.969564, recall=0.974145, good=26600, bad=835, missed=706, trie_nodes=15771, patterns=10837, objective=0.969581
  Tested: params=(29, 19, 7, 21, 4)
  validation: F_1/7=0.969286, precision=0.969211, recall=0.972973, good=26568, bad=844, missed=738, trie_nodes=8004, patterns=5554, objective=0.969247
  Tested: params=(11, 4, 21, 16, 4)
  validation: F_1/7=0.914270, precision=0.913106, recall=0.975170, good=26628, bad=2534, missed=678, trie_nodes=5978, patterns=4159, objective=0.914241
  Best so far: params=(29, 8, 15, 10, 2), score=0.970643, elapsed=257.4s

============================================================
Round 23/30
  Tested: params=(16, 26, 17, 17, 5)
  validation: F_1/7=0.920482, precision=0.919432, recall=0.975024, good=26624, bad=2333, missed=682, trie_nodes=7172, patterns=4803, objective=0.920448
  Tested: params=(13, 5, 1, 23, 4)
  validation: F_1/7=0.910272, precision=0.908934, recall=0.981066, good=26789, bad=2684, missed=517, trie_nodes=6992, patterns=5223, objective=0.910239
  Tested: params=(22, 7, 5, 1, 2)
  validation: F_1/7=0.929318, precision=0.928509, recall=0.970776, good=26508, bad=2041, missed=798, trie_nodes=14404, patterns=10238, objective=0.929250
  Tested: params=(18, 12, 14, 28, 2)
  validation: F_1/7=0.925065, precision=0.924091, recall=0.975463, good=26636, bad=2188, missed=670, trie_nodes=14687, patterns=9765, objective=0.924996
  Tested: params=(16, 24, 12, 19, 5)
  validation: F_1/7=0.920564, precision=0.919506, recall=0.975573, good=26639, bad=2332, missed=667, trie_nodes=7124, patterns=4789, objective=0.920530
  Best so far: params=(29, 8, 15, 10, 2), score=0.970643, elapsed=268.7s

============================================================
Round 24/30
  Tested: params=(29, 5, 28, 15, 2)
  validation: F_1/7=0.970903, precision=0.970910, recall=0.970519, good=26501, bad=794, missed=805, trie_nodes=16155, patterns=10976, objective=0.970826
  Tested: params=(14, 30, 15, 10, 4)
  validation: F_1/7=0.914581, precision=0.913406, recall=0.976159, good=26655, bad=2527, missed=651, trie_nodes=6983, patterns=4701, objective=0.914548
  Tested: params=(8, 3, 4, 4, 1)
  validation: F_1/7=0.890899, precision=0.889311, recall=0.976269, good=26658, bad=3318, missed=648, trie_nodes=12900, patterns=9254, objective=0.890837
  Tested: params=(5, 20, 6, 11, 5)
  validation: F_1/7=0.874763, precision=0.872801, recall=0.983044, good=26843, bad=3912, missed=463, trie_nodes=7004, patterns=4290, objective=0.874730
  Tested: params=(15, 21, 6, 6, 1)
  validation: F_1/7=0.918783, precision=0.917670, recall=0.976818, good=26673, bad=2393, missed=633, trie_nodes=14414, patterns=9606, objective=0.918714
  Best so far: params=(29, 5, 28, 15, 2), score=0.970826, elapsed=280.4s

============================================================
Round 25/30
  Tested: params=(6, 9, 6, 3, 1)
  validation: F_1/7=0.889262, precision=0.887615, recall=0.978210, good=26711, bad=3382, missed=595, trie_nodes=13007, patterns=8304, objective=0.889200
  Tested: params=(14, 7, 11, 16, 4)
  validation: F_1/7=0.915728, precision=0.914594, recall=0.974951, good=26622, bad=2486, missed=684, trie_nodes=6502, patterns=4467, objective=0.915697
  Tested: params=(2, 24, 19, 3, 5)
  validation: F_1/7=0.868503, precision=0.866492, recall=0.979968, good=26759, bad=4123, missed=547, trie_nodes=7359, patterns=4447, objective=0.868468
  Tested: params=(28, 2, 9, 25, 4)
  validation: F_1/7=0.967644, precision=0.967624, recall=0.968652, good=26450, bad=885, missed=856, trie_nodes=7973, patterns=5651, objective=0.967607
  Tested: params=(6, 7, 12, 15, 4)
  validation: F_1/7=0.883861, precision=0.882118, recall=0.978613, good=26722, bad=3571, missed=584, trie_nodes=5607, patterns=3672, objective=0.883834
  Best so far: params=(29, 5, 28, 15, 2), score=0.970826, elapsed=291.8s

============================================================
Round 26/30
  Tested: params=(12, 14, 23, 2, 2)
  validation: F_1/7=0.915200, precision=0.914035, recall=0.976196, good=26656, bad=2507, missed=650, trie_nodes=13737, patterns=8987, objective=0.915135
  Tested: params=(22, 27, 16, 16, 1)
  validation: F_1/7=0.928054, precision=0.927164, recall=0.973852, good=26592, bad=2089, missed=714, trie_nodes=15572, patterns=10428, objective=0.927980
  Tested: params=(14, 16, 8, 9, 2)
  validation: F_1/7=0.918252, precision=0.917137, recall=0.976452, good=26663, bad=2409, missed=643, trie_nodes=14232, patterns=9418, objective=0.918185
  Tested: params=(1, 10, 7, 10, 1)
  validation: F_1/7=0.876319, precision=0.874448, recall=0.978942, good=26731, bad=3838, missed=575, trie_nodes=13365, patterns=8440, objective=0.876255
  Tested: params=(27, 18, 21, 24, 3)
  validation: F_1/7=0.967184, precision=0.967091, recall=0.971801, good=26536, bad=903, missed=770, trie_nodes=16076, patterns=10820, objective=0.967108
  Best so far: params=(29, 5, 28, 15, 2), score=0.970826, elapsed=303.3s

============================================================
Round 27/30
  Tested: params=(3, 17, 18, 23, 3)
  validation: F_1/7=0.876468, precision=0.874595, recall=0.979235, good=26739, bad=3834, missed=567, trie_nodes=15142, patterns=9067, objective=0.876396
  Tested: params=(4, 9, 11, 20, 3)
  validation: F_1/7=0.882657, precision=0.880898, recall=0.978356, good=26715, bad=3612, missed=591, trie_nodes=13159, patterns=8153, objective=0.882594
  Tested: params=(11, 30, 19, 8, 1)
  validation: F_1/7=0.912798, precision=0.911569, recall=0.977368, good=26688, bad=2589, missed=618, trie_nodes=14289, patterns=9204, objective=0.912730
  Tested: params=(5, 8, 5, 6, 2)
  validation: F_1/7=0.885885, precision=0.884181, recall=0.978247, good=26712, bad=3499, missed=594, trie_nodes=13039, patterns=8308, objective=0.885823
  Tested: params=(6, 27, 3, 16, 3)
  validation: F_1/7=0.884487, precision=0.882731, recall=0.980004, good=26760, bad=3555, missed=546, trie_nodes=16884, patterns=10049, objective=0.884407
  Best so far: params=(29, 5, 28, 15, 2), score=0.970826, elapsed=316.1s

============================================================
Round 28/30
  Tested: params=(30, 4, 12, 30, 5)
  validation: F_1/7=0.971565, precision=0.971631, recall=0.968322, good=26441, bad=772, missed=865, trie_nodes=8202, patterns=5655, objective=0.971526
  Tested: params=(25, 8, 6, 21, 5)
  validation: F_1/7=0.927401, precision=0.926516, recall=0.972900, good=26566, bad=2107, missed=740, trie_nodes=7591, patterns=5314, objective=0.927364
  Tested: params=(17, 18, 9, 24, 1)
  validation: F_1/7=0.925200, precision=0.924213, recall=0.976269, good=26658, bad=2186, missed=648, trie_nodes=14578, patterns=9675, objective=0.925130
  Tested: params=(10, 13, 16, 8, 1)
  validation: F_1/7=0.900984, precision=0.899545, recall=0.977587, good=26694, bad=2981, missed=612, trie_nodes=13599, patterns=8724, objective=0.900919
  Tested: params=(19, 9, 18, 5, 3)
  validation: F_1/7=0.925807, precision=0.924863, recall=0.974584, good=26612, bad=2162, missed=694, trie_nodes=14810, patterns=9951, objective=0.925737
  Best so far: params=(30, 4, 12, 30, 5), score=0.971526, elapsed=329.0s

============================================================
Round 29/30
  Tested: params=(16, 2, 11, 5, 1)
  validation: F_1/7=0.921854, precision=0.920874, recall=0.972607, good=26558, bad=2282, missed=748, trie_nodes=14543, patterns=10604, objective=0.921785
  Tested: params=(30, 10, 25, 8, 4)
  validation: F_1/7=0.971585, precision=0.971703, recall=0.965832, good=26373, bad=768, missed=933, trie_nodes=8628, patterns=5794, objective=0.971544
  Tested: params=(23, 18, 15, 13, 2)
  validation: F_1/7=0.928121, precision=0.927238, recall=0.973522, good=26583, bad=2086, missed=723, trie_nodes=15486, patterns=10423, objective=0.928047
  Tested: params=(28, 25, 29, 4, 4)
  validation: F_1/7=0.966367, precision=0.966372, recall=0.966125, good=26381, bad=918, missed=925, trie_nodes=8681, patterns=5785, objective=0.966326
  Tested: params=(29, 6, 2, 23, 3)
  validation: F_1/7=0.968583, precision=0.968429, recall=0.976196, good=26656, bad=869, missed=650, trie_nodes=16053, patterns=11459, objective=0.968506
  Best so far: params=(30, 10, 25, 8, 4), score=0.971544, elapsed=341.3s

============================================================
Round 30/30
  Tested: params=(26, 5, 24, 7, 1)
  validation: F_1/7=0.940967, precision=0.940375, recall=0.970922, good=26512, bad=1681, missed=794, trie_nodes=15846, patterns=10801, objective=0.940892
  Tested: params=(5, 25, 20, 16, 2)
  validation: F_1/7=0.881834, precision=0.880042, recall=0.979565, good=26748, bad=3646, missed=558, trie_nodes=16501, patterns=9864, objective=0.881756
  Tested: params=(27, 12, 25, 14, 2)
  validation: F_1/7=0.967269, precision=0.967184, recall=0.971435, good=26526, bad=900, missed=780, trie_nodes=16053, patterns=10815, objective=0.967193
  Tested: params=(14, 10, 23, 16, 2)
  validation: F_1/7=0.918604, precision=0.917504, recall=0.975903, good=26648, bad=2396, missed=658, trie_nodes=14146, patterns=9330, objective=0.918537
  Tested: params=(27, 12, 17, 28, 4)
  validation: F_1/7=0.966034, precision=0.965987, recall=0.968322, good=26441, bad=931, missed=865, trie_nodes=8230, patterns=5561, objective=0.965995
  Best so far: params=(30, 10, 25, 8, 4), score=0.971544, elapsed=352.5s

============================================================
Final phase: 3 evaluations
  Tested: params=(4, 29, 19, 11, 1)
  validation: F_1/7=0.877840, precision=0.875982, recall=0.979602, good=26749, bad=3787, missed=557, trie_nodes=16727, patterns=9927, objective=0.877760
  Tested: params=(24, 19, 17, 27, 4)
  validation: F_1/7=0.927441, precision=0.926623, recall=0.969347, good=26469, bad=2096, missed=837, trie_nodes=8052, patterns=5413, objective=0.927403
  Tested: params=(5, 10, 8, 23, 1)
  validation: F_1/7=0.885882, precision=0.884175, recall=0.978466, good=26718, bad=3500, missed=588, trie_nodes=13157, patterns=8245, objective=0.885820

============================================================
Threshold ablation run complete
Best parameters (b1 b2 b3 b4 thr): (30, 10, 25, 8, 4)
Thresholds: {'mode': 'shared', 'shared': 4, 'per_level': [4, 4, 4, 4]}
  validation-selected: F_1/7=0.971585, precision=0.971703, recall=0.965832, good=26373, bad=768, missed=933, trie_nodes=8628, patterns=5794, objective=0.971544
  held-out test: F_1/7=0.970242, precision=0.970363, recall=0.964361, good=26193, bad=800, missed=968, trie_nodes=8628, patterns=5794
Summary: results/threshold_ablation/cs/cshyphen_ujc/shared_random/summary.json
History: results/threshold_ablation/cs/cshyphen_ujc/shared_random/history.csv
Wall time: 363.8s
