Proportional trie_normalizer for cs/cshyphen_ujc: |D| = 105144
Objective: F17+Trie(w=0.0005)
Dataset: /home/dev/hyph-bench/data/cs/cshyphen_ujc/cs-lemma-ujc-1.wlh
Translate: /home/dev/hyph-bench/data/cs/cshyphen_ujc/cs-lemma-ujc-1.wlh.tra
Method: random | Threshold mode: perlayer
Search space (8-D): [(1, 30), (1, 30), (1, 30), (1, 30), (1, 5), (1, 5), (1, 5), (1, 5)]
Split counts: train=84116, validation=10514, test=10514
Pattern ranges: [(1, 4), (2, 5), (2, 6), (2, 7)]
Budget: 30 rounds x 5 + 3 final = 153 patgen evaluations; 3 parallel workers

============================================================
Round 1/30
  Tested: params=(12, 29, 22, 18, 1, 1, 1, 5)
  validation: F_1/7=0.914342, precision=0.913133, recall=0.977807, good=26700, bad=2540, missed=606, trie_nodes=13051, patterns=8790, objective=0.914280
  Tested: params=(19, 22, 1, 30, 5, 2, 1, 1)
  validation: F_1/7=0.918717, precision=0.917562, recall=0.979089, good=26735, bad=2402, missed=571, trie_nodes=17198, patterns=11973, objective=0.918635
  Tested: params=(10, 16, 13, 9, 4, 1, 2, 2)
  validation: F_1/7=0.901435, precision=0.900013, recall=0.977075, good=26680, bad=2964, missed=626, trie_nodes=13571, patterns=8506, objective=0.901371
  Tested: params=(14, 24, 6, 16, 3, 1, 4, 1)
  validation: F_1/7=0.919609, precision=0.918538, recall=0.975353, good=26633, bad=2362, missed=673, trie_nodes=12636, patterns=8547, objective=0.919549
  Tested: params=(2, 29, 29, 25, 2, 1, 4, 3)
  validation: F_1/7=0.870951, precision=0.868994, recall=0.978979, good=26732, bad=4030, missed=574, trie_nodes=16598, patterns=9388, objective=0.870872
  Best so far: params=(14, 24, 6, 16, 3, 1, 4, 1), score=0.919549, elapsed=11.7s

============================================================
Round 2/30
  Tested: params=(4, 15, 2, 28, 2, 4, 2, 3)
  validation: F_1/7=0.878623, precision=0.876764, recall=0.980444, good=26772, bad=3763, missed=534, trie_nodes=14112, patterns=8450, objective=0.878556
  Tested: params=(17, 6, 30, 24, 5, 5, 3, 5)
  validation: F_1/7=0.920254, precision=0.919148, recall=0.977954, good=26704, bad=2349, missed=602, trie_nodes=11250, patterns=7177, objective=0.920201
  Tested: params=(3, 6, 2, 10, 2, 2, 5, 2)
  validation: F_1/7=0.881346, precision=0.879604, recall=0.976049, good=26652, bad=3648, missed=654, trie_nodes=10861, patterns=7269, objective=0.881294
  Tested: params=(9, 17, 5, 25, 1, 5, 4, 1)
  validation: F_1/7=0.899158, precision=0.897681, recall=0.978027, good=26706, bad=3044, missed=600, trie_nodes=11825, patterns=7418, objective=0.899102
  Tested: params=(1, 25, 22, 22, 4, 1, 2, 1)
  validation: F_1/7=0.870742, precision=0.868766, recall=0.979931, good=26758, bad=4042, missed=548, trie_nodes=16804, patterns=9872, objective=0.870662
  Best so far: params=(17, 6, 30, 24, 5, 5, 3, 5), score=0.920201, elapsed=23.5s

============================================================
Round 3/30
  Tested: params=(26, 19, 10, 2, 2, 2, 4, 4)
  validation: F_1/7=0.941623, precision=0.941026, recall=0.971801, good=26536, bad=1663, missed=770, trie_nodes=12004, patterns=8906, objective=0.941566
  Tested: params=(27, 15, 4, 22, 4, 3, 4, 3)
  validation: F_1/7=0.970780, precision=0.970764, recall=0.971581, good=26530, bad=799, missed=776, trie_nodes=11807, patterns=7877, objective=0.970724
  Tested: params=(16, 13, 1, 4, 1, 4, 2, 3)
  validation: F_1/7=0.922247, precision=0.921189, recall=0.977258, good=26685, bad=2283, missed=621, trie_nodes=14668, patterns=10105, objective=0.922177
  Tested: params=(28, 8, 13, 23, 2, 1, 2, 1)
  validation: F_1/7=0.968032, precision=0.967935, recall=0.972826, good=26564, bad=880, missed=742, trie_nodes=15677, patterns=10724, objective=0.967958
  Tested: params=(28, 25, 20, 27, 5, 1, 5, 3)
  validation: F_1/7=0.971866, precision=0.972005, recall=0.965099, good=26353, bad=759, missed=953, trie_nodes=11262, patterns=7322, objective=0.971812
  Best so far: params=(28, 25, 20, 27, 5, 1, 5, 3), score=0.971812, elapsed=35.3s

============================================================
Round 4/30
  Tested: params=(25, 27, 10, 4, 2, 3, 5, 5)
  validation: F_1/7=0.930094, precision=0.929269, recall=0.972387, good=26552, bad=2021, missed=754, trie_nodes=11985, patterns=8870, objective=0.930037
  Tested: params=(1, 16, 13, 7, 1, 2, 5, 2)
  validation: F_1/7=0.874933, precision=0.873069, recall=0.977111, good=26681, bad=3879, missed=625, trie_nodes=13041, patterns=7915, objective=0.874871
  Tested: params=(16, 22, 11, 30, 5, 2, 3, 2)
  validation: F_1/7=0.924123, precision=0.923125, recall=0.975829, good=26646, bad=2219, missed=660, trie_nodes=14339, patterns=9260, objective=0.924055
  Tested: params=(9, 2, 19, 16, 1, 2, 5, 2)
  validation: F_1/7=0.907807, precision=0.906637, recall=0.969091, good=26462, bad=2725, missed=844, trie_nodes=10192, patterns=7025, objective=0.907758
  Tested: params=(5, 15, 30, 8, 4, 4, 2, 4)
  validation: F_1/7=0.875783, precision=0.873829, recall=0.983593, good=26858, bad=3878, missed=448, trie_nodes=8967, patterns=5374, objective=0.875741
  Best so far: params=(28, 25, 20, 27, 5, 1, 5, 3), score=0.971812, elapsed=47.0s

============================================================
Round 5/30
  Tested: params=(12, 19, 20, 17, 1, 5, 2, 1)
  validation: F_1/7=0.914409, precision=0.913206, recall=0.977551, good=26693, bad=2537, missed=613, trie_nodes=13872, patterns=8686, objective=0.914343
  Tested: params=(2, 18, 21, 1, 3, 2, 4, 1)
  validation: F_1/7=0.875691, precision=0.873960, recall=0.969787, good=26481, bad=3819, missed=825, trie_nodes=12414, patterns=7857, objective=0.875632
  Tested: params=(21, 12, 29, 5, 2, 1, 5, 5)
  validation: F_1/7=0.929173, precision=0.928344, recall=0.971691, good=26533, bad=2048, missed=773, trie_nodes=11554, patterns=8433, objective=0.929118
  Tested: params=(8, 20, 25, 17, 3, 2, 1, 5)
  validation: F_1/7=0.892044, precision=0.890428, recall=0.979125, good=26736, bad=3290, missed=570, trie_nodes=12573, patterns=8371, objective=0.891985
  Tested: params=(28, 19, 11, 11, 4, 5, 5, 4)
  validation: F_1/7=0.965851, precision=0.965752, recall=0.970739, good=26507, bad=940, missed=799, trie_nodes=8137, patterns=5547, objective=0.965813
  Best so far: params=(28, 25, 20, 27, 5, 1, 5, 3), score=0.971812, elapsed=58.6s

============================================================
Round 6/30
  Tested: params=(20, 3, 5, 27, 4, 1, 1, 4)
  validation: F_1/7=0.921644, precision=0.920595, recall=0.976122, good=26654, bad=2299, missed=652, trie_nodes=12247, patterns=8781, objective=0.921586
  Tested: params=(1, 5, 17, 21, 4, 2, 4, 2)
  validation: F_1/7=0.882256, precision=0.880581, recall=0.972973, good=26568, bad=3603, missed=738, trie_nodes=9955, patterns=6131, objective=0.882209
  Tested: params=(10, 23, 20, 26, 4, 3, 1, 2)
  validation: F_1/7=0.901179, precision=0.899750, recall=0.977185, good=26683, bad=2973, missed=623, trie_nodes=14004, patterns=8705, objective=0.901112
  Tested: params=(8, 8, 30, 12, 5, 4, 4, 3)
  validation: F_1/7=0.894119, precision=0.892626, recall=0.973925, good=26594, bad=3199, missed=712, trie_nodes=10069, patterns=6032, objective=0.894071
  Tested: params=(18, 15, 6, 22, 2, 1, 4, 1)
  validation: F_1/7=0.926325, precision=0.925394, recall=0.974365, good=26606, bad=2145, missed=700, trie_nodes=12544, patterns=8641, objective=0.926265
  Best so far: params=(28, 25, 20, 27, 5, 1, 5, 3), score=0.971812, elapsed=70.3s

============================================================
Round 7/30
  Tested: params=(29, 29, 28, 12, 1, 5, 3, 5)
  validation: F_1/7=0.963684, precision=0.963491, recall=0.973229, good=26575, bad=1007, missed=731, trie_nodes=14562, patterns=9454, objective=0.963614
  Tested: params=(29, 26, 9, 12, 5, 2, 1, 3)
  validation: F_1/7=0.971182, precision=0.971136, recall=0.973412, good=26580, bad=790, missed=726, trie_nodes=15153, patterns=10090, objective=0.971110
  Tested: params=(29, 21, 18, 3, 4, 5, 1, 3)
  validation: F_1/7=0.967204, precision=0.967116, recall=0.971508, good=26528, bad=902, missed=778, trie_nodes=15033, patterns=9877, objective=0.967132
  Tested: params=(27, 23, 21, 22, 2, 2, 5, 5)
  validation: F_1/7=0.968877, precision=0.968875, recall=0.968981, good=26459, bad=850, missed=847, trie_nodes=12407, patterns=9070, objective=0.968818
  Tested: params=(27, 28, 16, 16, 4, 4, 4, 4)
  validation: F_1/7=0.965461, precision=0.965384, recall=0.969238, good=26466, bad=949, missed=840, trie_nodes=8337, patterns=5635, objective=0.965421
  Best so far: params=(28, 25, 20, 27, 5, 1, 5, 3), score=0.971812, elapsed=81.8s

============================================================
Round 8/30
  Tested: params=(27, 11, 12, 3, 3, 1, 3, 3)
  validation: F_1/7=0.967550, precision=0.967442, recall=0.972863, good=26565, bad=894, missed=741, trie_nodes=15561, patterns=10605, objective=0.967476
  Tested: params=(9, 18, 1, 2, 5, 2, 1, 3)
  validation: F_1/7=0.900645, precision=0.899269, recall=0.973632, good=26586, bad=2978, missed=720, trie_nodes=13231, patterns=9276, objective=0.900582
  Tested: params=(24, 7, 19, 3, 1, 3, 3, 4)
  validation: F_1/7=0.929557, precision=0.928714, recall=0.972826, good=26564, bad=2039, missed=742, trie_nodes=14779, patterns=10179, objective=0.929487
  Tested: params=(22, 30, 16, 10, 4, 2, 3, 1)
  validation: F_1/7=0.928200, precision=0.927323, recall=0.973339, good=26578, bad=2083, missed=728, trie_nodes=15085, patterns=9899, objective=0.928129
  Tested: params=(1, 29, 26, 21, 3, 1, 1, 2)
  validation: F_1/7=0.870132, precision=0.868144, recall=0.980151, good=26764, bad=4065, missed=542, trie_nodes=17434, patterns=10154, objective=0.870049
  Best so far: params=(28, 25, 20, 27, 5, 1, 5, 3), score=0.971812, elapsed=94.4s

============================================================
Round 9/30
  Tested: params=(17, 22, 20, 9, 5, 4, 3, 4)
  validation: F_1/7=0.919380, precision=0.918235, recall=0.979235, good=26739, bad=2381, missed=567, trie_nodes=11191, patterns=7055, objective=0.919327
  Tested: params=(13, 8, 11, 23, 1, 1, 1, 1)
  validation: F_1/7=0.917664, precision=0.916532, recall=0.976782, good=26672, bad=2429, missed=634, trie_nodes=13735, patterns=9037, objective=0.917599
  Tested: params=(26, 22, 15, 3, 3, 3, 1, 3)
  validation: F_1/7=0.940313, precision=0.939676, recall=0.972643, good=26559, bad=1705, missed=747, trie_nodes=15721, patterns=10709, objective=0.940239
  Tested: params=(12, 19, 20, 2, 2, 4, 3, 5)
  validation: F_1/7=0.909083, precision=0.907752, recall=0.979492, good=26746, bad=2718, missed=560, trie_nodes=10256, patterns=6500, objective=0.909035
  Tested: params=(20, 5, 3, 20, 1, 3, 5, 3)
  validation: F_1/7=0.927518, precision=0.926611, recall=0.974255, good=26603, bad=2107, missed=703, trie_nodes=12441, patterns=8901, objective=0.927459
  Best so far: params=(28, 25, 20, 27, 5, 1, 5, 3), score=0.971812, elapsed=106.5s

============================================================
Round 10/30
  Tested: params=(12, 20, 14, 17, 5, 2, 5, 5)
  validation: F_1/7=0.917338, precision=0.916250, recall=0.973998, good=26596, bad=2431, missed=710, trie_nodes=9858, patterns=6522, objective=0.917291
  Tested: params=(6, 3, 4, 1, 1, 4, 1, 2)
  validation: F_1/7=0.890517, precision=0.889213, recall=0.959423, good=26198, bad=3264, missed=1108, trie_nodes=11223, patterns=8068, objective=0.890463
  Tested: params=(26, 1, 25, 9, 1, 4, 4, 5)
  validation: F_1/7=0.938959, precision=0.938413, recall=0.966491, good=26391, bad=1732, missed=915, trie_nodes=10854, patterns=8088, objective=0.938907
  Tested: params=(23, 25, 9, 6, 4, 5, 5, 3)
  validation: F_1/7=0.931826, precision=0.931083, recall=0.969750, good=26480, bad=1960, missed=826, trie_nodes=10936, patterns=7054, objective=0.931774
  Tested: params=(12, 24, 11, 28, 5, 3, 4, 4)
  validation: F_1/7=0.917242, precision=0.916147, recall=0.974291, good=26604, bad=2435, missed=702, trie_nodes=9959, patterns=6615, objective=0.917195
  Best so far: params=(28, 25, 20, 27, 5, 1, 5, 3), score=0.971812, elapsed=118.8s

============================================================
Round 11/30
  Tested: params=(4, 28, 16, 25, 2, 5, 2, 1)
  validation: F_1/7=0.876095, precision=0.874184, recall=0.981176, good=26792, bad=3856, missed=514, trie_nodes=16590, patterns=9317, objective=0.876016
  Tested: params=(28, 3, 10, 29, 5, 3, 4, 3)
  validation: F_1/7=0.969698, precision=0.969776, recall=0.965905, good=26375, bad=822, missed=931, trie_nodes=10469, patterns=7034, objective=0.969649
  Tested: params=(9, 10, 21, 23, 4, 4, 1, 3)
  validation: F_1/7=0.899083, precision=0.897607, recall=0.977880, good=26702, bad=3046, missed=604, trie_nodes=12951, patterns=7944, objective=0.899021
  Tested: params=(2, 17, 14, 27, 2, 1, 1, 4)
  validation: F_1/7=0.873933, precision=0.872006, recall=0.980041, good=26761, bad=3928, missed=545, trie_nodes=12889, patterns=8213, objective=0.873872
  Tested: params=(19, 4, 3, 22, 1, 5, 4, 1)
  validation: F_1/7=0.926932, precision=0.926017, recall=0.974072, good=26598, bad=2125, missed=708, trie_nodes=12182, patterns=8592, objective=0.926874
  Best so far: params=(28, 25, 20, 27, 5, 1, 5, 3), score=0.971812, elapsed=130.0s

============================================================
Round 12/30
  Tested: params=(3, 30, 12, 12, 5, 5, 5, 4)
  validation: F_1/7=0.865855, precision=0.863728, recall=0.984655, good=26887, bad=4242, missed=419, trie_nodes=7981, patterns=4729, objective=0.865817
  Tested: params=(12, 3, 24, 17, 3, 5, 1, 3)
  validation: F_1/7=0.915611, precision=0.914456, recall=0.975976, good=26650, bad=2493, missed=656, trie_nodes=13382, patterns=8825, objective=0.915547
  Tested: params=(1, 15, 2, 4, 1, 4, 4, 3)
  validation: F_1/7=0.873353, precision=0.871441, recall=0.978576, good=26721, bad=3942, missed=585, trie_nodes=12113, patterns=7375, objective=0.873296
  Tested: params=(29, 12, 9, 27, 2, 5, 1, 5)
  validation: F_1/7=0.963754, precision=0.963500, recall=0.976379, good=26661, bad=1010, missed=645, trie_nodes=13271, patterns=8894, objective=0.963691
  Tested: params=(2, 27, 16, 30, 1, 3, 5, 3)
  validation: F_1/7=0.870956, precision=0.868998, recall=0.979016, good=26733, bad=4030, missed=573, trie_nodes=16383, patterns=9308, objective=0.870878
  Best so far: params=(28, 25, 20, 27, 5, 1, 5, 3), score=0.971812, elapsed=142.2s

============================================================
Round 13/30
  Tested: params=(19, 21, 14, 19, 3, 5, 1, 2)
  validation: F_1/7=0.925393, precision=0.924422, recall=0.975610, good=26640, bad=2178, missed=666, trie_nodes=14842, patterns=9764, objective=0.925323
  Tested: params=(29, 27, 14, 19, 2, 1, 3, 2)
  validation: F_1/7=0.969923, precision=0.969870, recall=0.972534, good=26556, bad=825, missed=750, trie_nodes=16068, patterns=10885, objective=0.969846
  Tested: params=(18, 3, 30, 30, 4, 3, 2, 5)
  validation: F_1/7=0.922621, precision=0.921639, recall=0.973449, good=26581, bad=2260, missed=725, trie_nodes=13561, patterns=9270, objective=0.922557
  Tested: params=(21, 5, 28, 25, 5, 4, 4, 3)
  validation: F_1/7=0.931833, precision=0.931146, recall=0.966747, good=26398, bad=1952, missed=908, trie_nodes=10181, patterns=6545, objective=0.931784
  Tested: params=(28, 26, 2, 1, 2, 5, 5, 1)
  validation: F_1/7=0.967204, precision=0.967515, recall=0.952208, good=26001, bad=873, missed=1305, trie_nodes=11924, patterns=9282, objective=0.967147
  Best so far: params=(28, 25, 20, 27, 5, 1, 5, 3), score=0.971812, elapsed=153.7s

============================================================
Round 14/30
  Tested: params=(18, 12, 30, 26, 5, 3, 3, 2)
  validation: F_1/7=0.925168, precision=0.924207, recall=0.974841, good=26619, bad=2183, missed=687, trie_nodes=14469, patterns=9341, objective=0.925099
  Tested: params=(2, 26, 25, 30, 5, 3, 4, 5)
  validation: F_1/7=0.871766, precision=0.869807, recall=0.979895, good=26757, bad=4005, missed=549, trie_nodes=13177, patterns=7976, objective=0.871703
  Tested: params=(26, 8, 14, 4, 5, 4, 2, 4)
  validation: F_1/7=0.935799, precision=0.935031, recall=0.975060, good=26625, bad=1850, missed=681, trie_nodes=12664, patterns=8237, objective=0.935739
  Tested: params=(19, 11, 4, 21, 3, 4, 3, 5)
  validation: F_1/7=0.919166, precision=0.918005, recall=0.979931, good=26758, bad=2390, missed=548, trie_nodes=11380, patterns=7712, objective=0.919112
  Tested: params=(17, 17, 27, 13, 1, 1, 4, 4)
  validation: F_1/7=0.926695, precision=0.925766, recall=0.974621, good=26613, bad=2134, missed=693, trie_nodes=11198, patterns=8048, objective=0.926642
  Best so far: params=(28, 25, 20, 27, 5, 1, 5, 3), score=0.971812, elapsed=165.5s

============================================================
Round 15/30
  Tested: params=(22, 7, 5, 1, 2, 3, 2, 3)
  validation: F_1/7=0.928917, precision=0.928070, recall=0.972424, good=26553, bad=2058, missed=753, trie_nodes=14447, patterns=10117, objective=0.928848
  Tested: params=(28, 11, 16, 24, 2, 4, 5, 5)
  validation: F_1/7=0.963353, precision=0.963186, recall=0.971581, good=26530, bad=1014, missed=776, trie_nodes=10735, patterns=7644, objective=0.963302
  Tested: params=(5, 28, 15, 8, 3, 5, 3, 2)
  validation: F_1/7=0.881567, precision=0.879757, recall=0.980407, good=26771, bad=3659, missed=535, trie_nodes=15065, patterns=8858, objective=0.881495
  Tested: params=(20, 8, 3, 4, 1, 1, 1, 4)
  validation: F_1/7=0.924507, precision=0.923476, recall=0.978027, good=26706, bad=2213, missed=600, trie_nodes=12888, patterns=9325, objective=0.924446
  Tested: params=(6, 11, 27, 15, 4, 1, 1, 1)
  validation: F_1/7=0.888830, precision=0.887180, recall=0.977990, good=26705, bad=3396, missed=601, trie_nodes=13357, patterns=8220, objective=0.888767
  Best so far: params=(28, 25, 20, 27, 5, 1, 5, 3), score=0.971812, elapsed=177.7s

============================================================
Round 16/30
  Tested: params=(6, 9, 6, 3, 1, 3, 2, 2)
  validation: F_1/7=0.889262, precision=0.887615, recall=0.978210, good=26711, bad=3382, missed=595, trie_nodes=13007, patterns=8304, objective=0.889200
  Tested: params=(16, 21, 2, 24, 4, 1, 5, 5)
  validation: F_1/7=0.924883, precision=0.923884, recall=0.976599, good=26667, bad=2197, missed=639, trie_nodes=9898, patterns=6855, objective=0.924836
  Tested: params=(2, 9, 25, 23, 1, 2, 2, 3)
  validation: F_1/7=0.876776, precision=0.874930, recall=0.977880, good=26702, bad=3817, missed=604, trie_nodes=13406, patterns=8286, objective=0.876713
  Tested: params=(19, 12, 14, 23, 1, 2, 4, 5)
  validation: F_1/7=0.927020, precision=0.926129, recall=0.972900, good=26566, bad=2119, missed=740, trie_nodes=11265, patterns=8237, objective=0.926966
  Tested: params=(16, 16, 4, 14, 3, 2, 2, 2)
  validation: F_1/7=0.923422, precision=0.922388, recall=0.977111, good=26681, bad=2245, missed=625, trie_nodes=14496, patterns=9780, objective=0.923354
  Best so far: params=(28, 25, 20, 27, 5, 1, 5, 3), score=0.971812, elapsed=189.7s

============================================================
Round 17/30
  Tested: params=(1, 10, 7, 10, 1, 5, 3, 4)
  validation: F_1/7=0.867391, precision=0.865301, recall=0.983850, good=26865, bad=4182, missed=441, trie_nodes=8622, patterns=5270, objective=0.867350
  Tested: params=(24, 15, 3, 17, 3, 4, 3, 1)
  validation: F_1/7=0.927882, precision=0.926931, recall=0.977001, good=26678, bad=2103, missed=628, trie_nodes=15323, patterns=10466, objective=0.927809
  Tested: params=(9, 11, 20, 18, 2, 5, 4, 2)
  validation: F_1/7=0.900029, precision=0.898588, recall=0.976745, good=26671, bad=3010, missed=635, trie_nodes=11190, patterns=7019, objective=0.899975
  Tested: params=(4, 5, 8, 5, 1, 2, 1, 5)
  validation: F_1/7=0.883665, precision=0.881918, recall=0.978649, good=26723, bad=3578, missed=583, trie_nodes=11233, patterns=7568, objective=0.883612
  Tested: params=(3, 16, 13, 30, 1, 2, 5, 5)
  validation: F_1/7=0.877798, precision=0.875968, recall=0.977917, good=26703, bad=3781, missed=603, trie_nodes=11019, patterns=7085, objective=0.877746
  Best so far: params=(28, 25, 20, 27, 5, 1, 5, 3), score=0.971812, elapsed=202.7s

============================================================
Round 18/30
  Tested: params=(25, 8, 6, 21, 5, 3, 3, 2)
  validation: F_1/7=0.929639, precision=0.928758, recall=0.974914, good=26621, bad=2042, missed=685, trie_nodes=14406, patterns=9671, objective=0.929570
  Tested: params=(24, 6, 10, 13, 3, 2, 1, 4)
  validation: F_1/7=0.929455, precision=0.928576, recall=0.974621, good=26613, bad=2047, missed=693, trie_nodes=14061, patterns=9895, objective=0.929388
  Tested: params=(9, 18, 5, 15, 3, 1, 2, 1)
  validation: F_1/7=0.899376, precision=0.897896, recall=0.978393, good=26716, bad=3038, missed=590, trie_nodes=13892, patterns=8897, objective=0.899310
  Tested: params=(2, 30, 10, 25, 2, 4, 4, 3)
  validation: F_1/7=0.869292, precision=0.867291, recall=0.980078, good=26762, bad=4095, missed=544, trie_nodes=16090, patterns=8775, objective=0.869215
  Tested: params=(15, 13, 11, 28, 5, 5, 1, 4)
  validation: F_1/7=0.912676, precision=0.911401, recall=0.979858, good=26756, bad=2601, missed=550, trie_nodes=10462, patterns=6665, objective=0.912627
  Best so far: params=(28, 25, 20, 27, 5, 1, 5, 3), score=0.971812, elapsed=214.2s

============================================================
Round 19/30
  Tested: params=(29, 6, 2, 23, 3, 5, 1, 4)
  validation: F_1/7=0.958087, precision=0.957622, recall=0.981469, good=26800, bad=1186, missed=506, trie_nodes=12531, patterns=9100, objective=0.958028
  Tested: params=(7, 5, 5, 25, 4, 3, 2, 5)
  validation: F_1/7=0.889472, precision=0.887815, recall=0.979016, good=26733, bad=3378, missed=573, trie_nodes=11248, patterns=7560, objective=0.889419
  Tested: params=(12, 25, 14, 12, 3, 2, 4, 3)
  validation: F_1/7=0.916042, precision=0.914901, recall=0.975646, good=26641, bad=2478, missed=665, trie_nodes=12419, patterns=8165, objective=0.915983
  Tested: params=(7, 27, 12, 17, 5, 4, 1, 5)
  validation: F_1/7=0.874977, precision=0.872984, recall=0.985168, good=26901, bad=3914, missed=405, trie_nodes=9524, patterns=5643, objective=0.874931
  Tested: params=(19, 11, 5, 24, 4, 3, 5, 4)
  validation: F_1/7=0.928433, precision=0.927564, recall=0.973083, good=26571, bad=2075, missed=735, trie_nodes=9464, patterns=6558, objective=0.928388
  Best so far: params=(28, 25, 20, 27, 5, 1, 5, 3), score=0.971812, elapsed=226.4s

============================================================
Round 20/30
  Tested: params=(5, 10, 8, 23, 1, 3, 4, 5)
  validation: F_1/7=0.886675, precision=0.885007, recall=0.976892, good=26675, bad=3466, missed=631, trie_nodes=9542, patterns=6341, objective=0.886630
  Tested: params=(11, 25, 4, 26, 1, 2, 4, 1)
  validation: F_1/7=0.913782, precision=0.912581, recall=0.976782, good=26672, bad=2555, missed=634, trie_nodes=12571, patterns=8278, objective=0.913722
  Tested: params=(7, 22, 22, 20, 4, 3, 2, 2)
  validation: F_1/7=0.885937, precision=0.884219, recall=0.979162, good=26737, bad=3501, missed=569, trie_nodes=16008, patterns=9482, objective=0.885860
  Tested: params=(6, 28, 18, 13, 3, 5, 1, 3)
  validation: F_1/7=0.883233, precision=0.881449, recall=0.980517, good=26774, bad=3601, missed=532, trie_nodes=16072, patterns=9286, objective=0.883157
  Tested: params=(16, 19, 1, 27, 5, 3, 4, 5)
  validation: F_1/7=0.917377, precision=0.916207, recall=0.978649, good=26723, bad=2444, missed=583, trie_nodes=10415, patterns=7394, objective=0.917328
  Best so far: params=(28, 25, 20, 27, 5, 1, 5, 3), score=0.971812, elapsed=237.7s

============================================================
Round 21/30
  Tested: params=(22, 5, 18, 19, 3, 4, 5, 5)
  validation: F_1/7=0.925521, precision=0.924618, recall=0.972057, good=26543, bad=2164, missed=763, trie_nodes=9895, patterns=7051, objective=0.925474
  Tested: params=(14, 4, 30, 26, 1, 5, 5, 3)
  validation: F_1/7=0.920782, precision=0.919777, recall=0.972863, good=26565, bad=2317, missed=741, trie_nodes=11115, patterns=7494, objective=0.920729
  Tested: params=(18, 12, 2, 11, 5, 1, 2, 2)
  validation: F_1/7=0.924052, precision=0.923016, recall=0.977844, good=26701, bad=2227, missed=605, trie_nodes=14437, patterns=9716, objective=0.923983
  Tested: params=(17, 28, 11, 11, 4, 3, 2, 3)
  validation: F_1/7=0.925070, precision=0.924088, recall=0.975866, good=26647, bad=2189, missed=659, trie_nodes=14560, patterns=9403, objective=0.925000
  Tested: params=(5, 6, 15, 13, 5, 2, 3, 4)
  validation: F_1/7=0.887123, precision=0.885432, recall=0.978723, good=26725, bad=3458, missed=581, trie_nodes=11679, patterns=7639, objective=0.887068
  Best so far: params=(28, 25, 20, 27, 5, 1, 5, 3), score=0.971812, elapsed=250.0s

============================================================
Round 22/30
  Tested: params=(1, 20, 6, 29, 1, 3, 1, 5)
  validation: F_1/7=0.870155, precision=0.868151, recall=0.981176, good=26792, bad=4069, missed=514, trie_nodes=13602, patterns=8775, objective=0.870091
  Tested: params=(16, 18, 3, 23, 2, 5, 2, 1)
  validation: F_1/7=0.922937, precision=0.921872, recall=0.978320, good=26714, bad=2264, missed=592, trie_nodes=14442, patterns=9523, objective=0.922868
  Tested: params=(2, 15, 17, 2, 4, 3, 3, 3)
  validation: F_1/7=0.875808, precision=0.873941, recall=0.978247, good=26712, bad=3853, missed=594, trie_nodes=13880, patterns=8483, objective=0.875742
  Tested: params=(13, 17, 5, 6, 5, 5, 2, 2)
  validation: F_1/7=0.916978, precision=0.915818, recall=0.977697, good=26697, bad=2454, missed=609, trie_nodes=13344, patterns=8439, objective=0.916915
  Tested: params=(20, 13, 1, 5, 4, 4, 1, 2)
  validation: F_1/7=0.920759, precision=0.919684, recall=0.976672, good=26669, bad=2329, missed=637, trie_nodes=14872, patterns=10407, objective=0.920688
  Best so far: params=(28, 25, 20, 27, 5, 1, 5, 3), score=0.971812, elapsed=261.5s

============================================================
Round 23/30
  Tested: params=(7, 21, 1, 4, 4, 1, 4, 2)
  validation: F_1/7=0.888426, precision=0.886781, recall=0.977258, good=26685, bad=3407, missed=621, trie_nodes=13658, patterns=8598, objective=0.888361
  Tested: params=(3, 8, 22, 26, 5, 2, 4, 2)
  validation: F_1/7=0.881583, precision=0.879886, recall=0.973559, good=26584, bad=3629, missed=722, trie_nodes=10607, patterns=6349, objective=0.881532
  Tested: params=(9, 27, 1, 3, 2, 1, 1, 3)
  validation: F_1/7=0.899353, precision=0.897899, recall=0.976818, good=26673, bad=3033, missed=633, trie_nodes=14276, patterns=9719, objective=0.899285
  Tested: params=(13, 27, 25, 11, 2, 2, 3, 2)
  validation: F_1/7=0.916788, precision=0.915642, recall=0.976672, good=26669, bad=2457, missed=637, trie_nodes=14388, patterns=9303, objective=0.916720
  Tested: params=(19, 13, 17, 14, 2, 5, 4, 1)
  validation: F_1/7=0.926732, precision=0.925836, recall=0.972863, good=26565, bad=2128, missed=741, trie_nodes=12154, patterns=8322, objective=0.926674
  Best so far: params=(28, 25, 20, 27, 5, 1, 5, 3), score=0.971812, elapsed=273.9s

============================================================
Round 24/30
  Tested: params=(27, 15, 27, 24, 3, 1, 2, 3)
  validation: F_1/7=0.967092, precision=0.967006, recall=0.971362, good=26524, bad=905, missed=782, trie_nodes=16130, patterns=10851, objective=0.967016
  Tested: params=(20, 8, 5, 26, 5, 3, 1, 2)
  validation: F_1/7=0.925625, precision=0.924643, recall=0.976452, good=26663, bad=2173, missed=643, trie_nodes=14129, patterns=9527, objective=0.925558
  Tested: params=(1, 28, 4, 18, 2, 3, 4, 5)
  validation: F_1/7=0.870010, precision=0.868011, recall=0.980700, good=26779, bad=4072, missed=527, trie_nodes=13840, patterns=8686, objective=0.869944
  Tested: params=(7, 1, 5, 28, 5, 3, 4, 4)
  validation: F_1/7=0.903610, precision=0.902237, recall=0.976415, good=26662, bad=2889, missed=644, trie_nodes=7486, patterns=5780, objective=0.903574
  Tested: params=(6, 28, 13, 12, 3, 1, 1, 4)
  validation: F_1/7=0.884265, precision=0.882493, recall=0.980773, good=26781, bad=3566, missed=525, trie_nodes=14378, patterns=9178, objective=0.884196
  Best so far: params=(28, 25, 20, 27, 5, 1, 5, 3), score=0.971812, elapsed=285.6s

============================================================
Round 25/30
  Tested: params=(3, 19, 8, 12, 2, 2, 4, 2)
  validation: F_1/7=0.876843, precision=0.875004, recall=0.977514, good=26692, bad=3813, missed=614, trie_nodes=13925, patterns=8251, objective=0.876777
  Tested: params=(17, 15, 20, 29, 4, 2, 1, 2)
  validation: F_1/7=0.925491, precision=0.924521, recall=0.975646, good=26641, bad=2175, missed=665, trie_nodes=14300, patterns=9230, objective=0.925423
  Tested: params=(18, 2, 15, 18, 2, 4, 1, 1)
  validation: F_1/7=0.922578, precision=0.921604, recall=0.972973, good=26568, bad=2260, missed=738, trie_nodes=14430, patterns=10002, objective=0.922510
  Tested: params=(22, 15, 21, 14, 2, 5, 4, 4)
  validation: F_1/7=0.923816, precision=0.922855, recall=0.973449, good=26581, bad=2222, missed=725, trie_nodes=10008, patterns=7074, objective=0.923768
  Tested: params=(9, 18, 11, 3, 5, 1, 5, 3)
  validation: F_1/7=0.902374, precision=0.901020, recall=0.974108, good=26599, bad=2922, missed=707, trie_nodes=11152, patterns=6884, objective=0.902321
  Best so far: params=(28, 25, 20, 27, 5, 1, 5, 3), score=0.971812, elapsed=297.6s

============================================================
Round 26/30
  Tested: params=(6, 17, 27, 22, 5, 4, 4, 5)
  validation: F_1/7=0.879323, precision=0.877455, recall=0.981762, good=26808, bad=3744, missed=498, trie_nodes=6670, patterns=4115, objective=0.879292
  Tested: params=(8, 15, 7, 30, 5, 1, 4, 5)
  validation: F_1/7=0.894380, precision=0.892848, recall=0.976489, good=26664, bad=3200, missed=642, trie_nodes=9672, patterns=6315, objective=0.894334
  Tested: params=(6, 18, 28, 2, 4, 2, 5, 5)
  validation: F_1/7=0.889173, precision=0.887554, recall=0.976452, good=26663, bad=3378, missed=643, trie_nodes=11191, patterns=7093, objective=0.889120
  Tested: params=(29, 15, 26, 26, 2, 5, 1, 3)
  validation: F_1/7=0.969900, precision=0.969870, recall=0.971362, good=26524, bad=824, missed=782, trie_nodes=16169, patterns=10741, objective=0.969823
  Tested: params=(7, 4, 3, 21, 2, 4, 1, 2)
  validation: F_1/7=0.888101, precision=0.886427, recall=0.978686, good=26724, bad=3424, missed=582, trie_nodes=12843, patterns=8509, objective=0.888040
  Best so far: params=(28, 25, 20, 27, 5, 1, 5, 3), score=0.971812, elapsed=309.3s

============================================================
Round 27/30
  Tested: params=(17, 24, 10, 19, 5, 4, 2, 1)
  validation: F_1/7=0.925191, precision=0.924199, recall=0.976525, good=26665, bad=2187, missed=641, trie_nodes=14086, patterns=8937, objective=0.925124
  Tested: params=(27, 1, 27, 16, 5, 4, 5, 2)
  validation: F_1/7=0.970244, precision=0.970441, recall=0.960668, good=26232, bad=799, missed=1074, trie_nodes=10343, patterns=7123, objective=0.970195
  Tested: params=(24, 13, 15, 19, 5, 5, 4, 3)
  validation: F_1/7=0.933026, precision=0.932348, recall=0.967516, good=26419, bad=1917, missed=887, trie_nodes=10626, patterns=6808, objective=0.932975
  Tested: params=(13, 23, 8, 4, 2, 2, 2, 2)
  validation: F_1/7=0.917080, precision=0.915937, recall=0.976818, good=26673, bad=2448, missed=633, trie_nodes=14140, patterns=9242, objective=0.917013
  Tested: params=(2, 1, 30, 13, 2, 4, 2, 5)
  validation: F_1/7=0.905913, precision=0.904618, recall=0.974255, good=26603, bad=2805, missed=703, trie_nodes=13720, patterns=9488, objective=0.905848
  Best so far: params=(28, 25, 20, 27, 5, 1, 5, 3), score=0.971812, elapsed=321.1s

============================================================
Round 28/30
  Tested: params=(24, 3, 13, 27, 5, 3, 4, 1)
  validation: F_1/7=0.931137, precision=0.930471, recall=0.964989, good=26350, bad=1969, missed=956, trie_nodes=10238, patterns=6798, objective=0.931088
  Tested: params=(30, 7, 29, 20, 4, 3, 2, 1)
  validation: F_1/7=0.971363, precision=0.971392, recall=0.969933, good=26485, bad=780, missed=821, trie_nodes=15914, patterns=10510, objective=0.971287
  Tested: params=(7, 6, 24, 11, 1, 5, 5, 5)
  validation: F_1/7=0.883513, precision=0.881772, recall=0.978100, good=26708, bad=3581, missed=598, trie_nodes=6495, patterns=4343, objective=0.883482
  Tested: params=(30, 6, 12, 23, 4, 1, 5, 2)
  validation: F_1/7=0.977709, precision=0.977946, recall=0.966235, good=26384, bad=595, missed=922, trie_nodes=10865, patterns=7162, objective=0.977657
  Tested: params=(7, 17, 18, 18, 1, 5, 2, 1)
  validation: F_1/7=0.885520, precision=0.883789, recall=0.979528, good=26747, bad=3517, missed=559, trie_nodes=14636, patterns=8656, objective=0.885451
  Best so far: params=(30, 6, 12, 23, 4, 1, 5, 2), score=0.977657, elapsed=333.0s

============================================================
Round 29/30
  Tested: params=(27, 29, 26, 25, 4, 3, 1, 3)
  validation: F_1/7=0.966997, precision=0.966918, recall=0.970849, good=26510, bad=907, missed=796, trie_nodes=15870, patterns=10404, objective=0.966921
  Tested: params=(12, 8, 22, 15, 1, 2, 4, 1)
  validation: F_1/7=0.916977, precision=0.915875, recall=0.974438, good=26608, bad=2444, missed=698, trie_nodes=11511, patterns=7558, objective=0.916922
  Tested: params=(26, 15, 15, 18, 5, 2, 4, 3)
  validation: F_1/7=0.944672, precision=0.944242, recall=0.966235, good=26384, bad=1558, missed=922, trie_nodes=11036, patterns=7184, objective=0.944619
  Tested: params=(9, 27, 24, 20, 5, 5, 4, 5)
  validation: F_1/7=0.893931, precision=0.892335, recall=0.979785, good=26754, bad=3228, missed=552, trie_nodes=6511, patterns=4187, objective=0.893900
  Tested: params=(21, 21, 19, 23, 1, 5, 5, 1)
  validation: F_1/7=0.928745, precision=0.927897, recall=0.972277, good=26549, bad=2063, missed=757, trie_nodes=12582, patterns=8646, objective=0.928685
  Best so far: params=(30, 6, 12, 23, 4, 1, 5, 2), score=0.977657, elapsed=344.5s

============================================================
Round 30/30
  Tested: params=(25, 4, 11, 23, 1, 5, 5, 3)
  validation: F_1/7=0.931520, precision=0.930768, recall=0.969933, good=26485, bad=1970, missed=821, trie_nodes=12219, patterns=8568, objective=0.931462
  Tested: params=(1, 9, 19, 30, 4, 2, 4, 3)
  validation: F_1/7=0.878955, precision=0.877201, recall=0.974474, good=26609, bad=3725, missed=697, trie_nodes=10822, patterns=6494, objective=0.878904
  Tested: params=(24, 4, 23, 17, 5, 2, 4, 5)
  validation: F_1/7=0.934103, precision=0.933503, recall=0.964477, good=26336, bad=1876, missed=970, trie_nodes=9690, patterns=6559, objective=0.934057
  Tested: params=(4, 29, 21, 3, 2, 4, 1, 3)
  validation: F_1/7=0.877813, precision=0.876011, recall=0.976232, good=26657, bad=3773, missed=649, trie_nodes=13061, patterns=7951, objective=0.877751
  Tested: params=(11, 19, 2, 27, 5, 5, 4, 1)
  validation: F_1/7=0.913856, precision=0.912648, recall=0.977221, good=26684, bad=2554, missed=622, trie_nodes=11784, patterns=7266, objective=0.913800
  Best so far: params=(30, 6, 12, 23, 4, 1, 5, 2), score=0.977657, elapsed=356.6s

============================================================
Final phase: 3 evaluations
  Tested: params=(23, 1, 1, 10, 3, 4, 4, 3)
  validation: F_1/7=0.925836, precision=0.924886, recall=0.974914, good=26621, bad=2162, missed=685, trie_nodes=15158, patterns=11477, objective=0.925764
  Tested: params=(9, 30, 13, 14, 1, 4, 4, 2)
  validation: F_1/7=0.899023, precision=0.897546, recall=0.977880, good=26702, bad=3048, missed=604, trie_nodes=12235, patterns=7619, objective=0.898965
  Tested: params=(3, 21, 20, 9, 5, 1, 3, 5)
  validation: F_1/7=0.875829, precision=0.873923, recall=0.980627, good=26777, bad=3863, missed=529, trie_nodes=13423, patterns=8585, objective=0.875765

============================================================
Threshold ablation run complete
Best parameters (b1..b4 thr1..thr4): (30, 6, 12, 23, 4, 1, 5, 2)
Thresholds: {'mode': 'perlayer', 'shared': None, 'per_level': [4, 1, 5, 2]}
  validation-selected: F_1/7=0.977709, precision=0.977946, recall=0.966235, good=26384, bad=595, missed=922, trie_nodes=10865, patterns=7162, objective=0.977657
  held-out test: F_1/7=0.976395, precision=0.976633, recall=0.964839, good=26206, bad=627, missed=955, trie_nodes=10865, patterns=7162
Summary: results/threshold_ablation/cs/cshyphen_ujc/perlayer_random/summary.json
History: results/threshold_ablation/cs/cshyphen_ujc/perlayer_random/history.csv
Wall time: 367.7s
