Proportional trie_normalizer for cs/cshyphen_cstenten: |D| = 606499
Objective: F17+Trie(w=0.0005)
Dataset: /home/dev/hyph-bench/data/cs/cshyphen_cstenten/cs-all-cstenten.wlh
Translate: /home/dev/hyph-bench/data/cs/cshyphen_cstenten/cs-all-cstenten.wlh.tra
Method: random | Threshold mode: perlayer
Search space (8-D): [(1, 30), (1, 30), (1, 30), (1, 30), (1, 5), (1, 5), (1, 5), (1, 5)]
Split counts: train=485200, validation=60650, test=60649
Pattern ranges: [(1, 4), (2, 5), (2, 6), (2, 7)]
Budget: 30 rounds x 5 + 3 final = 153 patgen evaluations; 3 parallel workers

============================================================
Round 1/30
  Tested: params=(12, 29, 22, 18, 1, 1, 1, 5)
  validation: F_1/7=0.931071, precision=0.929779, recall=0.999083, good=167813, bad=12674, missed=154, trie_nodes=10247, patterns=7549, objective=0.931062
  Tested: params=(19, 22, 1, 30, 5, 2, 1, 1)
  validation: F_1/7=0.935607, precision=0.934399, recall=0.998863, good=167776, bad=11779, missed=191, trie_nodes=11425, patterns=8617, objective=0.935597
  Tested: params=(10, 16, 13, 9, 4, 1, 2, 2)
  validation: F_1/7=0.924845, precision=0.923447, recall=0.998905, good=167783, bad=13909, missed=184, trie_nodes=10388, patterns=7549, objective=0.924836
  Tested: params=(14, 24, 6, 16, 3, 1, 4, 1)
  validation: F_1/7=0.935444, precision=0.934233, recall=0.998875, good=167778, bad=11811, missed=189, trie_nodes=9243, patterns=6867, objective=0.935436
  Tested: params=(2, 29, 29, 25, 2, 1, 4, 3)
  validation: F_1/7=0.919536, precision=0.918059, recall=0.998214, good=167667, bad=14965, missed=300, trie_nodes=12826, patterns=8788, objective=0.919525
  Best so far: params=(19, 22, 1, 30, 5, 2, 1, 1), score=0.935597, elapsed=57.8s

============================================================
Round 2/30
  Tested: params=(4, 15, 2, 28, 2, 4, 2, 3)
  validation: F_1/7=0.921152, precision=0.919692, recall=0.998845, good=167773, bad=14650, missed=194, trie_nodes=11958, patterns=8681, objective=0.921142
  Tested: params=(17, 6, 30, 24, 5, 5, 3, 5)
  validation: F_1/7=0.936081, precision=0.934876, recall=0.999172, good=167828, bad=11691, missed=139, trie_nodes=8406, patterns=6225, objective=0.936074
  Tested: params=(3, 6, 2, 10, 2, 2, 5, 2)
  validation: F_1/7=0.920796, precision=0.919360, recall=0.997089, good=167478, bad=14690, missed=489, trie_nodes=9945, patterns=7835, objective=0.920788
  Tested: params=(9, 17, 5, 25, 1, 5, 4, 1)
  validation: F_1/7=0.924592, precision=0.923194, recall=0.998702, good=167749, bad=13956, missed=218, trie_nodes=9745, patterns=7078, objective=0.924584
  Tested: params=(1, 25, 22, 22, 4, 1, 2, 1)
  validation: F_1/7=0.919386, precision=0.917899, recall=0.998684, good=167746, bad=15004, missed=221, trie_nodes=13596, patterns=9532, objective=0.919375
  Best so far: params=(17, 6, 30, 24, 5, 5, 3, 5), score=0.936074, elapsed=119.7s

============================================================
Round 3/30
  Tested: params=(26, 19, 10, 2, 2, 2, 4, 4)
  validation: F_1/7=0.950745, precision=0.949815, recall=0.998660, good=167742, bad=8863, missed=225, trie_nodes=9398, patterns=7153, objective=0.950737
  Tested: params=(27, 15, 4, 22, 4, 3, 4, 3)
  validation: F_1/7=0.950714, precision=0.949784, recall=0.998589, good=167730, bad=8868, missed=237, trie_nodes=8816, patterns=6610, objective=0.950706
  Tested: params=(16, 13, 1, 4, 1, 4, 2, 3)
  validation: F_1/7=0.935375, precision=0.934190, recall=0.997333, good=167519, bad=11801, missed=448, trie_nodes=9877, patterns=7790, objective=0.935367
  Tested: params=(28, 8, 13, 23, 2, 1, 2, 1)
  validation: F_1/7=0.950871, precision=0.949938, recall=0.998988, good=167797, bad=8843, missed=170, trie_nodes=10169, patterns=7734, objective=0.950863
  Tested: params=(28, 25, 20, 27, 5, 1, 5, 3)
  validation: F_1/7=0.950903, precision=0.949978, recall=0.998583, good=167729, bad=8832, missed=238, trie_nodes=8900, patterns=6530, objective=0.950896
  Best so far: params=(28, 25, 20, 27, 5, 1, 5, 3), score=0.950896, elapsed=180.5s

============================================================
Round 4/30
  Tested: params=(25, 27, 10, 4, 2, 3, 5, 5)
  validation: F_1/7=0.948434, precision=0.947460, recall=0.998774, good=167761, bad=9303, missed=206, trie_nodes=9622, patterns=7244, objective=0.948426
  Tested: params=(1, 16, 13, 7, 1, 2, 5, 2)
  validation: F_1/7=0.920029, precision=0.918562, recall=0.998148, good=167656, bad=14864, missed=311, trie_nodes=10968, patterns=7884, objective=0.920020
  Tested: params=(16, 22, 11, 30, 5, 2, 3, 2)
  validation: F_1/7=0.935722, precision=0.934512, recall=0.999101, good=167816, bad=11760, missed=151, trie_nodes=9557, patterns=6953, objective=0.935714
  Tested: params=(9, 2, 19, 16, 1, 2, 5, 2)
  validation: F_1/7=0.928351, precision=0.927027, recall=0.998196, good=167664, bad=13198, missed=303, trie_nodes=8789, patterns=7046, objective=0.928344
  Tested: params=(5, 15, 30, 8, 4, 4, 2, 4)
  validation: F_1/7=0.921293, precision=0.919834, recall=0.998922, good=167786, bad=14623, missed=181, trie_nodes=9695, patterns=6738, objective=0.921285
  Best so far: params=(28, 25, 20, 27, 5, 1, 5, 3), score=0.950896, elapsed=240.6s

============================================================
Round 5/30
  Tested: params=(12, 19, 20, 17, 1, 5, 2, 1)
  validation: F_1/7=0.931235, precision=0.929944, recall=0.999172, good=167828, bad=12643, missed=139, trie_nodes=9575, patterns=7100, objective=0.931227
  Tested: params=(2, 18, 21, 1, 3, 2, 4, 1)
  validation: F_1/7=0.919924, precision=0.918483, recall=0.996493, good=167378, bad=14855, missed=589, trie_nodes=10658, patterns=7670, objective=0.919915
  Tested: params=(21, 12, 29, 5, 2, 1, 5, 5)
  validation: F_1/7=0.939235, precision=0.938092, recall=0.998851, good=167774, bad=11072, missed=193, trie_nodes=8836, patterns=6747, objective=0.939227
  Tested: params=(8, 20, 25, 17, 3, 2, 1, 5)
  validation: F_1/7=0.924175, precision=0.922766, recall=0.998958, good=167792, bad=14044, missed=175, trie_nodes=10871, patterns=7862, objective=0.924166
  Tested: params=(28, 19, 11, 11, 4, 5, 5, 4)
  validation: F_1/7=0.950576, precision=0.949643, recall=0.998672, good=167744, bad=8895, missed=223, trie_nodes=7930, patterns=5846, objective=0.950570
  Best so far: params=(28, 25, 20, 27, 5, 1, 5, 3), score=0.950896, elapsed=309.1s

============================================================
Round 6/30
  Tested: params=(20, 3, 5, 27, 4, 1, 1, 4)
  validation: F_1/7=0.936688, precision=0.935498, recall=0.998952, good=167791, bad=11569, missed=176, trie_nodes=9109, patterns=7228, objective=0.936681
  Tested: params=(1, 5, 17, 21, 4, 2, 4, 2)
  validation: F_1/7=0.922010, precision=0.920574, recall=0.998279, good=167678, bad=14467, missed=289, trie_nodes=8875, patterns=6599, objective=0.922002
  Tested: params=(10, 23, 20, 26, 4, 3, 1, 2)
  validation: F_1/7=0.924692, precision=0.923292, recall=0.998934, good=167788, bad=13940, missed=179, trie_nodes=11200, patterns=7976, objective=0.924683
  Tested: params=(8, 8, 30, 12, 5, 4, 4, 3)
  validation: F_1/7=0.924826, precision=0.923435, recall=0.998518, good=167718, bad=13906, missed=249, trie_nodes=8444, patterns=6093, objective=0.924819
  Tested: params=(18, 15, 6, 22, 2, 1, 4, 1)
  validation: F_1/7=0.936346, precision=0.935151, recall=0.998899, good=167782, bad=11635, missed=185, trie_nodes=8643, patterns=6508, objective=0.936339
  Best so far: params=(28, 25, 20, 27, 5, 1, 5, 3), score=0.950896, elapsed=366.8s

============================================================
Round 7/30
  Tested: params=(29, 29, 28, 12, 1, 5, 3, 5)
  validation: F_1/7=0.955612, precision=0.954764, recall=0.999107, good=167817, bad=7951, missed=150, trie_nodes=9887, patterns=7220, objective=0.955604
  Tested: params=(29, 26, 9, 12, 5, 2, 1, 3)
  validation: F_1/7=0.956092, precision=0.955254, recall=0.999006, good=167800, bad=7860, missed=167, trie_nodes=10406, patterns=7651, objective=0.956083
  Tested: params=(29, 21, 18, 3, 4, 5, 1, 3)
  validation: F_1/7=0.956163, precision=0.955328, recall=0.998946, good=167790, bad=7846, missed=177, trie_nodes=10069, patterns=7445, objective=0.956155
  Tested: params=(27, 23, 21, 22, 2, 2, 5, 5)
  validation: F_1/7=0.950686, precision=0.949752, recall=0.998815, good=167768, bad=8876, missed=199, trie_nodes=9666, patterns=7247, objective=0.950678
  Tested: params=(27, 28, 16, 16, 4, 4, 4, 4)
  validation: F_1/7=0.950439, precision=0.949503, recall=0.998666, good=167743, bad=8921, missed=224, trie_nodes=8024, patterns=5863, objective=0.950432
  Best so far: params=(29, 21, 18, 3, 4, 5, 1, 3), score=0.956155, elapsed=429.3s

============================================================
Round 8/30
  Tested: params=(27, 11, 12, 3, 3, 1, 3, 3)
  validation: F_1/7=0.950848, precision=0.949915, recall=0.998952, good=167791, bad=8847, missed=176, trie_nodes=10091, patterns=7657, objective=0.950840
  Tested: params=(9, 18, 1, 2, 5, 2, 1, 3)
  validation: F_1/7=0.924351, precision=0.923010, recall=0.995190, good=167159, bad=13943, missed=808, trie_nodes=10506, patterns=8350, objective=0.924342
  Tested: params=(24, 7, 19, 3, 1, 3, 3, 4)
  validation: F_1/7=0.948413, precision=0.947434, recall=0.999012, good=167801, bad=9310, missed=166, trie_nodes=9700, patterns=7451, objective=0.948405
  Tested: params=(22, 30, 16, 10, 4, 2, 3, 1)
  validation: F_1/7=0.946639, precision=0.945626, recall=0.999053, good=167808, bad=9649, missed=159, trie_nodes=10053, patterns=7357, objective=0.946630
  Tested: params=(1, 29, 26, 21, 3, 1, 1, 2)
  validation: F_1/7=0.919340, precision=0.917853, recall=0.998613, good=167734, bad=15012, missed=233, trie_nodes=13882, patterns=9739, objective=0.919329
  Best so far: params=(29, 21, 18, 3, 4, 5, 1, 3), score=0.956155, elapsed=488.2s

============================================================
Round 9/30
  Tested: params=(17, 22, 20, 9, 5, 4, 3, 4)
  validation: F_1/7=0.935899, precision=0.934691, recall=0.999208, good=167834, bad=11727, missed=133, trie_nodes=8643, patterns=6211, objective=0.935892
  Tested: params=(13, 8, 11, 23, 1, 1, 1, 1)
  validation: F_1/7=0.935342, precision=0.934126, recall=0.999071, good=167811, bad=11834, missed=156, trie_nodes=9272, patterns=7060, objective=0.935334
  Tested: params=(26, 22, 15, 3, 3, 3, 1, 3)
  validation: F_1/7=0.950712, precision=0.949776, recall=0.998976, good=167795, bad=8873, missed=172, trie_nodes=10281, patterns=7656, objective=0.950704
  Tested: params=(12, 19, 20, 2, 2, 4, 3, 5)
  validation: F_1/7=0.931007, precision=0.929715, recall=0.999047, good=167807, bad=12686, missed=160, trie_nodes=8652, patterns=6405, objective=0.931000
  Tested: params=(20, 5, 3, 20, 1, 3, 5, 3)
  validation: F_1/7=0.936789, precision=0.935604, recall=0.998791, good=167764, bad=11547, missed=203, trie_nodes=8805, patterns=6892, objective=0.936782
  Best so far: params=(29, 21, 18, 3, 4, 5, 1, 3), score=0.956155, elapsed=547.3s

============================================================
Round 10/30
  Tested: params=(12, 20, 14, 17, 5, 2, 5, 5)
  validation: F_1/7=0.931294, precision=0.930013, recall=0.998720, good=167752, bad=12624, missed=215, trie_nodes=8251, patterns=6149, objective=0.931287
  Tested: params=(6, 3, 4, 1, 1, 4, 1, 2)
  validation: F_1/7=0.923568, precision=0.922288, recall=0.990957, good=166448, bad=14025, missed=1519, trie_nodes=9078, patterns=7490, objective=0.923560
  Tested: params=(26, 1, 25, 9, 1, 4, 4, 5)
  validation: F_1/7=0.951110, precision=0.950195, recall=0.998178, good=167661, bad=8788, missed=306, trie_nodes=9492, patterns=7819, objective=0.951102
  Tested: params=(23, 25, 9, 6, 4, 5, 5, 3)
  validation: F_1/7=0.948252, precision=0.947276, recall=0.998637, good=167738, bad=9336, missed=229, trie_nodes=8459, patterns=6252, objective=0.948245
  Tested: params=(12, 24, 11, 28, 5, 3, 4, 4)
  validation: F_1/7=0.931216, precision=0.929934, recall=0.998696, good=167748, bad=12639, missed=219, trie_nodes=8657, patterns=6374, objective=0.931209
  Best so far: params=(29, 21, 18, 3, 4, 5, 1, 3), score=0.956155, elapsed=606.7s

============================================================
Round 11/30
  Tested: params=(4, 28, 16, 25, 2, 5, 2, 1)
  validation: F_1/7=0.920711, precision=0.919243, recall=0.998839, good=167772, bad=14739, missed=195, trie_nodes=12643, patterns=8662, objective=0.920700
  Tested: params=(28, 3, 10, 29, 5, 3, 4, 3)
  validation: F_1/7=0.951432, precision=0.950521, recall=0.998339, good=167688, bad=8729, missed=279, trie_nodes=8309, patterns=6577, objective=0.951425
  Tested: params=(9, 10, 21, 23, 4, 4, 1, 3)
  validation: F_1/7=0.924855, precision=0.923456, recall=0.999024, good=167803, bad=13909, missed=164, trie_nodes=9819, patterns=7127, objective=0.924847
  Tested: params=(2, 17, 14, 27, 2, 1, 1, 4)
  validation: F_1/7=0.919635, precision=0.918150, recall=0.998815, good=167768, bad=14956, missed=199, trie_nodes=11753, patterns=8362, objective=0.919626
  Tested: params=(19, 4, 3, 22, 1, 5, 4, 1)
  validation: F_1/7=0.936818, precision=0.935635, recall=0.998708, good=167750, bad=11540, missed=217, trie_nodes=8687, patterns=6820, objective=0.936811
  Best so far: params=(29, 21, 18, 3, 4, 5, 1, 3), score=0.956155, elapsed=665.6s

============================================================
Round 12/30
  Tested: params=(3, 30, 12, 12, 5, 5, 5, 4)
  validation: F_1/7=0.918548, precision=0.917049, recall=0.998529, good=167720, bad=15171, missed=247, trie_nodes=9527, patterns=6441, objective=0.918540
  Tested: params=(12, 3, 24, 17, 3, 5, 1, 3)
  validation: F_1/7=0.932134, precision=0.930863, recall=0.998946, good=167790, bad=12462, missed=177, trie_nodes=9344, patterns=7400, objective=0.932126
  Tested: params=(1, 15, 2, 4, 1, 4, 4, 3)
  validation: F_1/7=0.919409, precision=0.917942, recall=0.997523, good=167551, bad=14978, missed=416, trie_nodes=10630, patterns=7970, objective=0.919400
  Tested: params=(29, 12, 9, 27, 2, 5, 1, 5)
  validation: F_1/7=0.955777, precision=0.954932, recall=0.999095, good=167815, bad=7920, missed=152, trie_nodes=9636, patterns=7203, objective=0.955769
  Tested: params=(2, 27, 16, 30, 1, 3, 5, 3)
  validation: F_1/7=0.919480, precision=0.918002, recall=0.998250, good=167673, bad=14977, missed=294, trie_nodes=12838, patterns=8807, objective=0.919469
  Best so far: params=(29, 21, 18, 3, 4, 5, 1, 3), score=0.956155, elapsed=727.6s

============================================================
Round 13/30
  Tested: params=(19, 21, 14, 19, 3, 5, 1, 2)
  validation: F_1/7=0.936226, precision=0.935023, recall=0.999196, good=167832, bad=11663, missed=135, trie_nodes=9543, patterns=7000, objective=0.936218
  Tested: params=(29, 27, 14, 19, 2, 1, 3, 2)
  validation: F_1/7=0.956013, precision=0.955174, recall=0.999024, good=167803, bad=7875, missed=164, trie_nodes=10696, patterns=7912, objective=0.956004
  Tested: params=(18, 3, 30, 30, 4, 3, 2, 5)
  validation: F_1/7=0.936827, precision=0.935641, recall=0.998887, good=167780, bad=11541, missed=187, trie_nodes=9337, patterns=7240, objective=0.936819
  Tested: params=(21, 5, 28, 25, 5, 4, 4, 3)
  validation: F_1/7=0.939665, precision=0.938534, recall=0.998601, good=167732, bad=10985, missed=235, trie_nodes=7770, patterns=5943, objective=0.939658
  Tested: params=(28, 26, 2, 1, 2, 5, 5, 1)
  validation: F_1/7=0.951092, precision=0.950213, recall=0.996279, good=167342, bad=8768, missed=625, trie_nodes=9520, patterns=7417, objective=0.951085
  Best so far: params=(29, 21, 18, 3, 4, 5, 1, 3), score=0.956155, elapsed=786.4s

============================================================
Round 14/30
  Tested: params=(18, 12, 30, 26, 5, 3, 3, 2)
  validation: F_1/7=0.936339, precision=0.935139, recall=0.999131, good=167821, bad=11640, missed=146, trie_nodes=9060, patterns=6689, objective=0.936331
  Tested: params=(2, 26, 25, 30, 5, 3, 4, 5)
  validation: F_1/7=0.919402, precision=0.917923, recall=0.998208, good=167666, bad=14992, missed=301, trie_nodes=11780, patterns=8102, objective=0.919392
  Tested: params=(26, 8, 14, 4, 5, 4, 2, 4)
  validation: F_1/7=0.950514, precision=0.949572, recall=0.999089, good=167814, bad=8912, missed=153, trie_nodes=9108, patterns=6801, objective=0.950506
  Tested: params=(19, 11, 4, 21, 3, 4, 3, 5)
  validation: F_1/7=0.935923, precision=0.934714, recall=0.999244, good=167840, bad=11723, missed=127, trie_nodes=8651, patterns=6434, objective=0.935915
  Tested: params=(17, 17, 27, 13, 1, 1, 4, 4)
  validation: F_1/7=0.936280, precision=0.935083, recall=0.998899, good=167782, bad=11648, missed=185, trie_nodes=8606, patterns=6482, objective=0.936273
  Best so far: params=(29, 21, 18, 3, 4, 5, 1, 3), score=0.956155, elapsed=846.2s

============================================================
Round 15/30
  Tested: params=(22, 7, 5, 1, 2, 3, 2, 3)
  validation: F_1/7=0.946753, precision=0.945754, recall=0.998434, good=167704, bad=9619, missed=263, trie_nodes=9679, patterns=7555, objective=0.946745
  Tested: params=(28, 11, 16, 24, 2, 4, 5, 5)
  validation: F_1/7=0.950563, precision=0.949626, recall=0.998875, good=167778, bad=8900, missed=189, trie_nodes=8787, patterns=6619, objective=0.950556
  Tested: params=(5, 28, 15, 8, 3, 5, 3, 2)
  validation: F_1/7=0.921493, precision=0.920040, recall=0.998774, good=167761, bad=14580, missed=206, trie_nodes=12070, patterns=8402, objective=0.921483
  Tested: params=(20, 8, 3, 4, 1, 1, 1, 4)
  validation: F_1/7=0.936112, precision=0.934911, recall=0.998976, good=167795, bad=11682, missed=172, trie_nodes=9276, patterns=7182, objective=0.936104
  Tested: params=(6, 11, 27, 15, 4, 1, 1, 1)
  validation: F_1/7=0.922430, precision=0.920993, recall=0.998821, good=167769, bad=14392, missed=198, trie_nodes=10995, patterns=7830, objective=0.922421
  Best so far: params=(29, 21, 18, 3, 4, 5, 1, 3), score=0.956155, elapsed=907.1s

============================================================
Round 16/30
  Tested: params=(6, 9, 6, 3, 1, 3, 2, 2)
  validation: F_1/7=0.922653, precision=0.921228, recall=0.998363, good=167692, bad=14339, missed=275, trie_nodes=10324, patterns=7693, objective=0.922645
  Tested: params=(16, 21, 2, 24, 4, 1, 5, 5)
  validation: F_1/7=0.935487, precision=0.934280, recall=0.998708, good=167750, bad=11800, missed=217, trie_nodes=8526, patterns=6300, objective=0.935480
  Tested: params=(2, 9, 25, 23, 1, 2, 2, 3)
  validation: F_1/7=0.920397, precision=0.918926, recall=0.998768, good=167760, bad=14801, missed=207, trie_nodes=11245, patterns=8154, objective=0.920388
  Tested: params=(19, 12, 14, 23, 1, 2, 4, 5)
  validation: F_1/7=0.936341, precision=0.935146, recall=0.998899, good=167782, bad=11636, missed=185, trie_nodes=8391, patterns=6348, objective=0.936334
  Tested: params=(16, 16, 4, 14, 3, 2, 2, 2)
  validation: F_1/7=0.935692, precision=0.934482, recall=0.999113, good=167818, bad=11766, missed=149, trie_nodes=9549, patterns=7181, objective=0.935685
  Best so far: params=(29, 21, 18, 3, 4, 5, 1, 3), score=0.956155, elapsed=966.0s

============================================================
Round 17/30
  Tested: params=(1, 10, 7, 10, 1, 5, 3, 4)
  validation: F_1/7=0.919192, precision=0.917696, recall=0.998994, good=167798, bad=15049, missed=169, trie_nodes=9357, patterns=6815, objective=0.919185
  Tested: params=(24, 15, 3, 17, 3, 4, 3, 1)
  validation: F_1/7=0.948227, precision=0.947242, recall=0.999131, good=167821, bad=9347, missed=146, trie_nodes=10214, patterns=7735, objective=0.948219
  Tested: params=(9, 11, 20, 18, 2, 5, 4, 2)
  validation: F_1/7=0.924788, precision=0.923394, recall=0.998654, good=167741, bad=13916, missed=226, trie_nodes=9096, patterns=6629, objective=0.924780
  Tested: params=(4, 5, 8, 5, 1, 2, 1, 5)
  validation: F_1/7=0.922984, precision=0.921561, recall=0.998559, good=167725, bad=14276, missed=242, trie_nodes=9618, patterns=7314, objective=0.922976
  Tested: params=(3, 16, 13, 30, 1, 2, 5, 5)
  validation: F_1/7=0.920270, precision=0.918803, recall=0.998398, good=167698, bad=14820, missed=269, trie_nodes=10160, patterns=7248, objective=0.920261
  Best so far: params=(29, 21, 18, 3, 4, 5, 1, 3), score=0.956155, elapsed=1027.6s

============================================================
Round 18/30
  Tested: params=(25, 8, 6, 21, 5, 3, 3, 2)
  validation: F_1/7=0.948507, precision=0.947528, recall=0.999071, good=167811, bad=9293, missed=156, trie_nodes=9715, patterns=7413, objective=0.948499
  Tested: params=(24, 6, 10, 13, 3, 2, 1, 4)
  validation: F_1/7=0.948380, precision=0.947399, recall=0.999059, good=167809, bad=9317, missed=158, trie_nodes=9678, patterns=7482, objective=0.948372
  Tested: params=(9, 18, 5, 15, 3, 1, 2, 1)
  validation: F_1/7=0.924571, precision=0.923168, recall=0.998976, good=167795, bad=13965, missed=172, trie_nodes=10878, patterns=7937, objective=0.924562
  Tested: params=(2, 30, 10, 25, 2, 4, 4, 3)
  validation: F_1/7=0.919070, precision=0.917583, recall=0.998363, good=167692, bad=15062, missed=275, trie_nodes=12456, patterns=8445, objective=0.919060
  Tested: params=(15, 13, 11, 28, 5, 5, 1, 4)
  validation: F_1/7=0.935493, precision=0.934276, recall=0.999238, good=167839, bad=11807, missed=128, trie_nodes=8243, patterns=6035, objective=0.935486
  Best so far: params=(29, 21, 18, 3, 4, 5, 1, 3), score=0.956155, elapsed=1086.6s

============================================================
Round 19/30
  Tested: params=(29, 6, 2, 23, 3, 5, 1, 4)
  validation: F_1/7=0.955041, precision=0.954183, recall=0.999095, good=167815, bad=8058, missed=152, trie_nodes=10016, patterns=7776, objective=0.955033
  Tested: params=(7, 5, 5, 25, 4, 3, 2, 5)
  validation: F_1/7=0.924120, precision=0.922710, recall=0.998893, good=167781, bad=14054, missed=186, trie_nodes=9634, patterns=7269, objective=0.924112
  Tested: params=(12, 25, 14, 12, 3, 2, 4, 3)
  validation: F_1/7=0.931198, precision=0.929912, recall=0.998839, good=167772, bad=12645, missed=195, trie_nodes=9486, patterns=7022, objective=0.931190
  Tested: params=(7, 27, 12, 17, 5, 4, 1, 5)
  validation: F_1/7=0.922066, precision=0.920619, recall=0.999024, good=167803, bad=14469, missed=164, trie_nodes=10230, patterns=6966, objective=0.922058
  Tested: params=(19, 11, 5, 24, 4, 3, 5, 4)
  validation: F_1/7=0.936348, precision=0.935156, recall=0.998720, good=167752, bad=11632, missed=215, trie_nodes=7664, patterns=5767, objective=0.936341
  Best so far: params=(29, 21, 18, 3, 4, 5, 1, 3), score=0.956155, elapsed=1145.0s

============================================================
Round 20/30
  Tested: params=(5, 10, 8, 23, 1, 3, 4, 5)
  validation: F_1/7=0.922322, precision=0.920889, recall=0.998500, good=167715, bad=14408, missed=252, trie_nodes=9223, patterns=6742, objective=0.922315
  Tested: params=(11, 25, 4, 26, 1, 2, 4, 1)
  validation: F_1/7=0.928669, precision=0.927341, recall=0.998744, good=167756, bad=13144, missed=211, trie_nodes=10066, patterns=7286, objective=0.928661
  Tested: params=(7, 22, 22, 20, 4, 3, 2, 2)
  validation: F_1/7=0.923035, precision=0.921607, recall=0.998851, good=167774, bad=14271, missed=193, trie_nodes=12012, patterns=8356, objective=0.923025
  Tested: params=(6, 28, 18, 13, 3, 5, 1, 3)
  validation: F_1/7=0.921565, precision=0.920112, recall=0.998857, good=167775, bad=14567, missed=192, trie_nodes=12218, patterns=8447, objective=0.921555
  Tested: params=(16, 19, 1, 27, 5, 3, 4, 5)
  validation: F_1/7=0.935203, precision=0.933991, recall=0.998666, good=167743, bad=11855, missed=224, trie_nodes=8945, patterns=6720, objective=0.935195
  Best so far: params=(29, 21, 18, 3, 4, 5, 1, 3), score=0.956155, elapsed=1208.2s

============================================================
Round 21/30
  Tested: params=(22, 5, 18, 19, 3, 4, 5, 5)
  validation: F_1/7=0.946850, precision=0.945845, recall=0.998851, good=167774, bad=9606, missed=193, trie_nodes=8227, patterns=6350, objective=0.946843
  Tested: params=(14, 4, 30, 26, 1, 5, 5, 3)
  validation: F_1/7=0.936185, precision=0.934993, recall=0.998607, good=167733, bad=11662, missed=234, trie_nodes=8251, patterns=6377, objective=0.936179
  Tested: params=(18, 12, 2, 11, 5, 1, 2, 2)
  validation: F_1/7=0.936088, precision=0.934886, recall=0.999000, good=167799, bad=11687, missed=168, trie_nodes=9913, patterns=7457, objective=0.936080
  Tested: params=(17, 28, 11, 11, 4, 3, 2, 3)
  validation: F_1/7=0.936197, precision=0.934996, recall=0.999089, good=167814, bad=11667, missed=153, trie_nodes=9757, patterns=7045, objective=0.936189
  Tested: params=(5, 6, 15, 13, 5, 2, 3, 4)
  validation: F_1/7=0.923227, precision=0.921803, recall=0.998833, good=167771, bad=14232, missed=196, trie_nodes=10009, patterns=7344, objective=0.923219
  Best so far: params=(29, 21, 18, 3, 4, 5, 1, 3), score=0.956155, elapsed=1265.4s

============================================================
Round 22/30
  Tested: params=(1, 20, 6, 29, 1, 3, 1, 5)
  validation: F_1/7=0.919196, precision=0.917703, recall=0.998815, good=167768, bad=15045, missed=199, trie_nodes=12358, patterns=8949, objective=0.919186
  Tested: params=(16, 18, 3, 23, 2, 5, 2, 1)
  validation: F_1/7=0.935645, precision=0.934433, recall=0.999161, good=167826, bad=11776, missed=141, trie_nodes=9765, patterns=7282, objective=0.935637
  Tested: params=(2, 15, 17, 2, 4, 3, 3, 3)
  validation: F_1/7=0.920246, precision=0.918782, recall=0.998190, good=167663, bad=14821, missed=304, trie_nodes=11524, patterns=8288, objective=0.920237
  Tested: params=(13, 17, 5, 6, 5, 5, 2, 2)
  validation: F_1/7=0.935211, precision=0.933992, recall=0.999101, good=167816, bad=11860, missed=151, trie_nodes=9240, patterns=6855, objective=0.935204
  Tested: params=(20, 13, 1, 5, 4, 4, 1, 2)
  validation: F_1/7=0.935861, precision=0.934675, recall=0.997922, good=167618, bad=11715, missed=349, trie_nodes=10059, patterns=7897, objective=0.935853
  Best so far: params=(29, 21, 18, 3, 4, 5, 1, 3), score=0.956155, elapsed=1327.4s

============================================================
Round 23/30
  Tested: params=(7, 21, 1, 4, 4, 1, 4, 2)
  validation: F_1/7=0.922996, precision=0.921605, recall=0.996720, good=167416, bad=14241, missed=551, trie_nodes=10785, patterns=8141, objective=0.922987
  Tested: params=(3, 8, 22, 26, 5, 2, 4, 2)
  validation: F_1/7=0.921270, precision=0.919821, recall=0.998339, good=167688, bad=14617, missed=279, trie_nodes=9200, patterns=6606, objective=0.921263
  Tested: params=(9, 27, 1, 3, 2, 1, 1, 3)
  validation: F_1/7=0.924277, precision=0.922907, recall=0.996743, good=167420, bad=13985, missed=547, trie_nodes=11646, patterns=8976, objective=0.924267
  Tested: params=(13, 27, 25, 11, 2, 2, 3, 2)
  validation: F_1/7=0.935118, precision=0.933898, recall=0.999083, good=167813, bad=11878, missed=154, trie_nodes=10124, patterns=7407, objective=0.935110
  Tested: params=(19, 13, 17, 14, 2, 5, 4, 1)
  validation: F_1/7=0.936361, precision=0.935165, recall=0.998952, good=167791, bad=11633, missed=176, trie_nodes=8413, patterns=6298, objective=0.936354
  Best so far: params=(29, 21, 18, 3, 4, 5, 1, 3), score=0.956155, elapsed=1385.8s

============================================================
Round 24/30
  Tested: params=(27, 15, 27, 24, 3, 1, 2, 3)
  validation: F_1/7=0.950764, precision=0.949827, recall=0.999036, good=167805, bad=8864, missed=162, trie_nodes=10249, patterns=7661, objective=0.950755
  Tested: params=(20, 8, 5, 26, 5, 3, 1, 2)
  validation: F_1/7=0.936299, precision=0.935100, recall=0.999083, good=167813, bad=11647, missed=154, trie_nodes=9295, patterns=6990, objective=0.936291
  Tested: params=(1, 28, 4, 18, 2, 3, 4, 5)
  validation: F_1/7=0.919108, precision=0.917622, recall=0.998339, good=167688, bad=15054, missed=279, trie_nodes=12351, patterns=8773, objective=0.919098
  Tested: params=(7, 1, 5, 28, 5, 3, 4, 4)
  validation: F_1/7=0.929112, precision=0.927810, recall=0.997702, good=167581, bad=13039, missed=386, trie_nodes=8351, patterns=6974, objective=0.929105
  Tested: params=(6, 28, 13, 12, 3, 1, 1, 4)
  validation: F_1/7=0.921847, precision=0.920400, recall=0.998791, good=167764, bad=14509, missed=203, trie_nodes=12061, patterns=8533, objective=0.921837
  Best so far: params=(29, 21, 18, 3, 4, 5, 1, 3), score=0.956155, elapsed=1445.0s

============================================================
Round 25/30
  Tested: params=(3, 19, 8, 12, 2, 2, 4, 2)
  validation: F_1/7=0.920003, precision=0.918531, recall=0.998404, good=167699, bad=14874, missed=268, trie_nodes=11021, patterns=7792, objective=0.919994
  Tested: params=(17, 15, 20, 29, 4, 2, 1, 2)
  validation: F_1/7=0.936313, precision=0.935113, recall=0.999137, good=167822, bad=11645, missed=145, trie_nodes=9051, patterns=6679, objective=0.936306
  Tested: params=(18, 2, 15, 18, 2, 4, 1, 1)
  validation: F_1/7=0.936914, precision=0.935729, recall=0.998881, good=167779, bad=11524, missed=188, trie_nodes=9707, patterns=7770, objective=0.936906
  Tested: params=(22, 15, 21, 14, 2, 5, 4, 4)
  validation: F_1/7=0.946450, precision=0.945435, recall=0.998970, good=167794, bad=9684, missed=173, trie_nodes=8417, patterns=6341, objective=0.946443
  Tested: params=(9, 18, 11, 3, 5, 1, 5, 3)
  validation: F_1/7=0.924802, precision=0.923415, recall=0.998297, good=167681, bad=13907, missed=286, trie_nodes=9259, patterns=6703, objective=0.924794
  Best so far: params=(29, 21, 18, 3, 4, 5, 1, 3), score=0.956155, elapsed=1505.5s

============================================================
Round 26/30
  Tested: params=(6, 17, 27, 22, 5, 4, 4, 5)
  validation: F_1/7=0.921104, precision=0.919649, recall=0.998529, good=167720, bad=14654, missed=247, trie_nodes=8443, patterns=5831, objective=0.921097
  Tested: params=(8, 15, 7, 30, 5, 1, 4, 5)
  validation: F_1/7=0.924468, precision=0.923072, recall=0.998482, good=167712, bad=13977, missed=255, trie_nodes=8885, patterns=6449, objective=0.924461
  Tested: params=(6, 18, 28, 2, 4, 2, 5, 5)
  validation: F_1/7=0.922291, precision=0.920866, recall=0.997982, good=167628, bad=14405, missed=339, trie_nodes=9785, patterns=6964, objective=0.922283
  Tested: params=(29, 15, 26, 26, 2, 5, 1, 3)
  validation: F_1/7=0.956090, precision=0.955251, recall=0.999059, good=167809, bad=7861, missed=158, trie_nodes=10281, patterns=7685, objective=0.956081
  Tested: params=(7, 4, 3, 21, 2, 4, 1, 2)
  validation: F_1/7=0.923871, precision=0.922461, recall=0.998672, good=167744, bad=14100, missed=223, trie_nodes=10675, patterns=8246, objective=0.923862
  Best so far: params=(29, 21, 18, 3, 4, 5, 1, 3), score=0.956155, elapsed=1565.7s

============================================================
Round 27/30
  Tested: params=(17, 24, 10, 19, 5, 4, 2, 1)
  validation: F_1/7=0.936217, precision=0.935015, recall=0.999149, good=167824, bad=11664, missed=143, trie_nodes=9514, patterns=6861, objective=0.936209
  Tested: params=(27, 1, 27, 16, 5, 4, 5, 2)
  validation: F_1/7=0.951474, precision=0.950573, recall=0.997845, good=167605, bad=8715, missed=362, trie_nodes=9132, patterns=7480, objective=0.951467
  Tested: params=(24, 13, 15, 19, 5, 5, 4, 3)
  validation: F_1/7=0.948523, precision=0.947552, recall=0.998684, good=167746, bad=9285, missed=221, trie_nodes=8231, patterns=6149, objective=0.948516
  Tested: params=(13, 23, 8, 4, 2, 2, 2, 2)
  validation: F_1/7=0.935187, precision=0.933969, recall=0.998982, good=167796, bad=11863, missed=171, trie_nodes=9857, patterns=7327, objective=0.935178
  Tested: params=(2, 1, 30, 13, 2, 4, 2, 5)
  validation: F_1/7=0.936025, precision=0.934829, recall=0.998654, good=167741, bad=11694, missed=226, trie_nodes=10298, patterns=8152, objective=0.936017
  Best so far: params=(29, 21, 18, 3, 4, 5, 1, 3), score=0.956155, elapsed=1626.7s

============================================================
Round 28/30
  Tested: params=(24, 3, 13, 27, 5, 3, 4, 1)
  validation: F_1/7=0.948990, precision=0.948033, recall=0.998357, good=167691, bad=9192, missed=276, trie_nodes=8055, patterns=6400, objective=0.948984
  Tested: params=(30, 7, 29, 20, 4, 3, 2, 1)
  validation: F_1/7=0.958169, precision=0.957372, recall=0.998940, good=167789, bad=7471, missed=178, trie_nodes=10090, patterns=7583, objective=0.958161
  Tested: params=(7, 6, 24, 11, 1, 5, 5, 5)
  validation: F_1/7=0.923289, precision=0.921871, recall=0.998571, good=167727, bad=14215, missed=240, trie_nodes=7859, patterns=5695, objective=0.923283
  Tested: params=(30, 6, 12, 23, 4, 1, 5, 2)
  validation: F_1/7=0.958359, precision=0.957573, recall=0.998518, good=167718, bad=7431, missed=249, trie_nodes=8448, patterns=6456, objective=0.958352
  Tested: params=(7, 17, 18, 18, 1, 5, 2, 1)
  validation: F_1/7=0.922996, precision=0.921566, recall=0.998916, good=167785, bad=14280, missed=182, trie_nodes=11311, patterns=7920, objective=0.922987
  Best so far: params=(30, 6, 12, 23, 4, 1, 5, 2), score=0.958352, elapsed=1684.8s

============================================================
Round 29/30
  Tested: params=(27, 29, 26, 25, 4, 3, 1, 3)
  validation: F_1/7=0.950683, precision=0.949745, recall=0.999006, good=167800, bad=8879, missed=167, trie_nodes=10373, patterns=7561, objective=0.950674
  Tested: params=(12, 8, 22, 15, 1, 2, 4, 1)
  validation: F_1/7=0.931455, precision=0.930175, recall=0.998762, good=167759, bad=12593, missed=208, trie_nodes=8398, patterns=6386, objective=0.931448
  Tested: params=(26, 15, 15, 18, 5, 2, 4, 3)
  validation: F_1/7=0.950857, precision=0.949930, recall=0.998607, good=167733, bad=8841, missed=234, trie_nodes=8503, patterns=6352, objective=0.950850
  Tested: params=(9, 27, 24, 20, 5, 5, 4, 5)
  validation: F_1/7=0.924002, precision=0.922594, recall=0.998684, good=167746, bad=14074, missed=221, trie_nodes=8562, patterns=5950, objective=0.923995
  Tested: params=(21, 21, 19, 23, 1, 5, 5, 1)
  validation: F_1/7=0.939129, precision=0.937983, recall=0.998958, good=167792, bad=11094, missed=175, trie_nodes=9147, patterns=6848, objective=0.939122
  Best so far: params=(30, 6, 12, 23, 4, 1, 5, 2), score=0.958352, elapsed=1745.0s

============================================================
Round 30/30
  Tested: params=(25, 4, 11, 23, 1, 5, 5, 3)
  validation: F_1/7=0.948932, precision=0.947969, recall=0.998672, good=167744, bad=9207, missed=223, trie_nodes=8960, patterns=7018, objective=0.948925
  Tested: params=(1, 9, 19, 30, 4, 2, 4, 3)
  validation: F_1/7=0.920391, precision=0.918928, recall=0.998256, good=167674, bad=14793, missed=293, trie_nodes=9777, patterns=7052, objective=0.920383
  Tested: params=(24, 4, 23, 17, 5, 2, 4, 5)
  validation: F_1/7=0.948899, precision=0.947940, recall=0.998416, good=167701, bad=9210, missed=266, trie_nodes=7991, patterns=6221, objective=0.948893
  Tested: params=(4, 29, 21, 3, 2, 4, 1, 3)
  validation: F_1/7=0.920953, precision=0.919498, recall=0.998339, good=167688, bad=14681, missed=279, trie_nodes=11835, patterns=8305, objective=0.920943
  Tested: params=(11, 19, 2, 27, 5, 5, 4, 1)
  validation: F_1/7=0.928640, precision=0.927314, recall=0.998643, good=167739, bad=13148, missed=228, trie_nodes=9638, patterns=6937, objective=0.928632
  Best so far: params=(30, 6, 12, 23, 4, 1, 5, 2), score=0.958352, elapsed=1805.2s

============================================================
Final phase: 3 evaluations
  Tested: params=(23, 1, 1, 10, 3, 4, 4, 3)
  validation: F_1/7=0.947168, precision=0.946193, recall=0.997517, good=167550, bad=9528, missed=417, trie_nodes=10577, patterns=9164, objective=0.947159
  Tested: params=(9, 30, 13, 14, 1, 4, 4, 2)
  validation: F_1/7=0.924470, precision=0.923071, recall=0.998678, good=167745, bad=13980, missed=222, trie_nodes=10657, patterns=7508, objective=0.924462
  Tested: params=(3, 21, 20, 9, 5, 1, 3, 5)
  validation: F_1/7=0.919788, precision=0.918305, recall=0.998809, good=167767, bad=14925, missed=200, trie_nodes=11884, patterns=8399, objective=0.919778

============================================================
Threshold ablation run complete
Best parameters (b1..b4 thr1..thr4): (30, 6, 12, 23, 4, 1, 5, 2)
Thresholds: {'mode': 'perlayer', 'shared': None, 'per_level': [4, 1, 5, 2]}
  validation-selected: F_1/7=0.958359, precision=0.957573, recall=0.998518, good=167718, bad=7431, missed=249, trie_nodes=8448, patterns=6456, objective=0.958352
  held-out test: F_1/7=0.959252, precision=0.958482, recall=0.998591, good=168019, bad=7278, missed=237, trie_nodes=8448, patterns=6456
Summary: results/threshold_ablation/cs/cshyphen_cstenten/perlayer_random/summary.json
History: results/threshold_ablation/cs/cshyphen_cstenten/perlayer_random/history.csv
Wall time: 1861.6s
