Proportional trie_normalizer for cs/wiktionary: |D| = 53962
Objective: F17+Trie(w=0.0005)
Dataset: /home/dev/hyph-bench/data/cs/wiktionary/cs_wiktionary.wlh_dis.wlh
Translate: /home/dev/hyph-bench/data/cs/wiktionary/cs_wiktionary.wlh_dis.wlh.tra
Method: random | Threshold mode: perlayer
Search space (8-D): [(1, 30), (1, 30), (1, 30), (1, 30), (1, 5), (1, 5), (1, 5), (1, 5)]
Split counts: train=43170, validation=5396, test=5396
Pattern ranges: [(1, 4), (2, 5), (2, 6), (2, 7)]
Budget: 30 rounds x 5 + 3 final = 153 patgen evaluations; 3 parallel workers

============================================================
Round 1/30
  Tested: params=(12, 29, 22, 18, 1, 1, 1, 5)
  validation: F_1/7=0.893103, precision=0.891606, recall=0.973136, good=11302, bad=1374, missed=312, trie_nodes=7604, patterns=5175, objective=0.893032
  Tested: params=(19, 22, 1, 30, 5, 2, 1, 1)
  validation: F_1/7=0.928321, precision=0.927435, recall=0.973911, good=11311, bad=885, missed=303, trie_nodes=9421, patterns=6897, objective=0.928234
  Tested: params=(10, 16, 13, 9, 4, 1, 2, 2)
  validation: F_1/7=0.884034, precision=0.882390, recall=0.972878, good=11299, bad=1506, missed=315, trie_nodes=7875, patterns=5013, objective=0.883961
  Tested: params=(14, 24, 6, 16, 3, 1, 4, 1)
  validation: F_1/7=0.906974, precision=0.905797, recall=0.968659, good=11250, bad=1170, missed=364, trie_nodes=7615, patterns=5212, objective=0.906904
  Tested: params=(2, 29, 29, 25, 2, 1, 4, 3)
  validation: F_1/7=0.858522, precision=0.856471, recall=0.972619, good=11296, bad=1893, missed=318, trie_nodes=7810, patterns=4686, objective=0.858449
  Best so far: params=(19, 22, 1, 30, 5, 2, 1, 1), score=0.928234, elapsed=5.5s

============================================================
Round 2/30
  Tested: params=(4, 15, 2, 28, 2, 4, 2, 3)
  validation: F_1/7=0.860013, precision=0.857932, recall=0.975977, good=11335, bad=1877, missed=279, trie_nodes=7663, patterns=4710, objective=0.859942
  Tested: params=(17, 6, 30, 24, 5, 5, 3, 5)
  validation: F_1/7=0.918025, precision=0.916944, recall=0.974341, good=11316, bad=1025, missed=298, trie_nodes=6357, patterns=4202, objective=0.917966
  Tested: params=(3, 6, 2, 10, 2, 2, 5, 2)
  validation: F_1/7=0.863881, precision=0.861950, recall=0.970381, good=11270, bad=1805, missed=344, trie_nodes=6429, patterns=4193, objective=0.863821
  Tested: params=(9, 17, 5, 25, 1, 5, 4, 1)
  validation: F_1/7=0.878958, precision=0.877232, recall=0.972705, good=11297, bad=1581, missed=317, trie_nodes=7092, patterns=4433, objective=0.878892
  Tested: params=(1, 25, 22, 22, 4, 1, 2, 1)
  validation: F_1/7=0.856452, precision=0.854330, recall=0.975116, good=11325, bad=1931, missed=289, trie_nodes=8470, patterns=5203, objective=0.856373
  Best so far: params=(19, 22, 1, 30, 5, 2, 1, 1), score=0.928234, elapsed=11.0s

============================================================
Round 3/30
  Tested: params=(26, 19, 10, 2, 2, 2, 4, 4)
  validation: F_1/7=0.950733, precision=0.950454, recall=0.964612, good=11203, bad=584, missed=411, trie_nodes=7422, patterns=5521, objective=0.950664
  Tested: params=(27, 15, 4, 22, 4, 3, 4, 3)
  validation: F_1/7=0.956070, precision=0.955920, recall=0.963492, good=11190, bad=516, missed=424, trie_nodes=6840, patterns=4550, objective=0.956007
  Tested: params=(16, 13, 1, 4, 1, 4, 2, 3)
  validation: F_1/7=0.919578, precision=0.918550, recall=0.972964, good=11300, bad=1002, missed=314, trie_nodes=8681, patterns=6123, objective=0.919498
  Tested: params=(28, 8, 13, 23, 2, 1, 2, 1)
  validation: F_1/7=0.949698, precision=0.949378, recall=0.965645, good=11215, bad=598, missed=399, trie_nodes=9251, patterns=6446, objective=0.949612
  Tested: params=(28, 25, 20, 27, 5, 1, 5, 3)
  validation: F_1/7=0.958160, precision=0.958240, recall=0.954279, good=11083, bad=483, missed=531, trie_nodes=6434, patterns=4184, objective=0.958101
  Best so far: params=(28, 25, 20, 27, 5, 1, 5, 3), score=0.958101, elapsed=16.4s

============================================================
Round 4/30
  Tested: params=(25, 27, 10, 4, 2, 3, 5, 5)
  validation: F_1/7=0.947472, precision=0.947115, recall=0.965300, good=11211, bad=626, missed=403, trie_nodes=7410, patterns=5519, objective=0.947403
  Tested: params=(1, 16, 13, 7, 1, 2, 5, 2)
  validation: F_1/7=0.858845, precision=0.856807, recall=0.972189, good=11291, bad=1887, missed=323, trie_nodes=7334, patterns=4485, objective=0.858777
  Tested: params=(16, 22, 11, 30, 5, 2, 3, 2)
  validation: F_1/7=0.921132, precision=0.920203, recall=0.969089, good=11255, bad=976, missed=359, trie_nodes=8337, patterns=5572, objective=0.921055
  Tested: params=(9, 2, 19, 16, 1, 2, 5, 2)
  validation: F_1/7=0.884569, precision=0.883145, recall=0.960479, good=11155, bad=1476, missed=459, trie_nodes=6116, patterns=4195, objective=0.884512
  Tested: params=(5, 15, 30, 8, 4, 4, 2, 4)
  validation: F_1/7=0.858071, precision=0.855857, recall=0.982607, good=11412, bad=1922, missed=202, trie_nodes=4740, patterns=2825, objective=0.858027
  Best so far: params=(28, 25, 20, 27, 5, 1, 5, 3), score=0.958101, elapsed=21.4s

============================================================
Round 5/30
  Tested: params=(12, 19, 20, 17, 1, 5, 2, 1)
  validation: F_1/7=0.893043, precision=0.891534, recall=0.973825, good=11310, bad=1376, missed=304, trie_nodes=7979, patterns=5128, objective=0.892969
  Tested: params=(2, 18, 21, 1, 3, 2, 4, 1)
  validation: F_1/7=0.859931, precision=0.858006, recall=0.966162, good=11221, bad=1857, missed=393, trie_nodes=6874, patterns=4396, objective=0.859867
  Tested: params=(21, 12, 29, 5, 2, 1, 5, 5)
  validation: F_1/7=0.938221, precision=0.937704, recall=0.964267, good=11199, bad=744, missed=415, trie_nodes=7175, patterns=5339, objective=0.938155
  Tested: params=(8, 20, 25, 17, 3, 2, 1, 5)
  validation: F_1/7=0.871466, precision=0.869592, recall=0.974341, good=11316, bad=1697, missed=298, trie_nodes=7269, patterns=4776, objective=0.871398
  Tested: params=(28, 19, 11, 11, 4, 5, 5, 4)
  validation: F_1/7=0.955214, precision=0.955090, recall=0.961340, good=11165, bad=525, missed=449, trie_nodes=4698, patterns=3208, objective=0.955170
  Best so far: params=(28, 25, 20, 27, 5, 1, 5, 3), score=0.958101, elapsed=26.2s

============================================================
Round 6/30
  Tested: params=(20, 3, 5, 27, 4, 1, 1, 4)
  validation: F_1/7=0.936570, precision=0.935902, recall=0.970553, good=11272, bad=772, missed=342, trie_nodes=7293, patterns=5339, objective=0.936503
  Tested: params=(1, 5, 17, 21, 4, 2, 4, 2)
  validation: F_1/7=0.865077, precision=0.863248, recall=0.965300, good=11211, bad=1776, missed=403, trie_nodes=6062, patterns=3667, objective=0.865021
  Tested: params=(10, 23, 20, 26, 4, 3, 1, 2)
  validation: F_1/7=0.883247, precision=0.881595, recall=0.972533, good=11295, bad=1517, missed=319, trie_nodes=8081, patterns=5112, objective=0.883172
  Tested: params=(8, 8, 30, 12, 5, 4, 4, 3)
  validation: F_1/7=0.874623, precision=0.872895, recall=0.968572, good=11249, bad=1638, missed=365, trie_nodes=5994, patterns=3517, objective=0.874568
  Tested: params=(18, 15, 6, 22, 2, 1, 4, 1)
  validation: F_1/7=0.926854, precision=0.926079, recall=0.966506, good=11225, bad=896, missed=389, trie_nodes=7695, patterns=5466, objective=0.926783
  Best so far: params=(28, 25, 20, 27, 5, 1, 5, 3), score=0.958101, elapsed=31.4s

============================================================
Round 7/30
  Tested: params=(29, 29, 28, 12, 1, 5, 3, 5)
  validation: F_1/7=0.945403, precision=0.944929, recall=0.969175, good=11256, bad=656, missed=358, trie_nodes=8427, patterns=5613, objective=0.945324
  Tested: params=(29, 26, 9, 12, 5, 2, 1, 3)
  validation: F_1/7=0.950833, precision=0.950503, recall=0.967281, good=11234, bad=585, missed=380, trie_nodes=8788, patterns=5951, objective=0.950752
  Tested: params=(29, 21, 18, 3, 4, 5, 1, 3)
  validation: F_1/7=0.949990, precision=0.949682, recall=0.965300, good=11211, bad=594, missed=403, trie_nodes=8857, patterns=5935, objective=0.949908
  Tested: params=(27, 23, 21, 22, 2, 2, 5, 5)
  validation: F_1/7=0.950565, precision=0.950332, recall=0.962115, good=11174, bad=584, missed=440, trie_nodes=7580, patterns=5592, objective=0.950494
  Tested: params=(27, 28, 16, 16, 4, 4, 4, 4)
  validation: F_1/7=0.954163, precision=0.954021, recall=0.961168, good=11163, bad=538, missed=451, trie_nodes=4698, patterns=3184, objective=0.954119
  Best so far: params=(28, 25, 20, 27, 5, 1, 5, 3), score=0.958101, elapsed=36.9s

============================================================
Round 8/30
  Tested: params=(27, 11, 12, 3, 3, 1, 3, 3)
  validation: F_1/7=0.949019, precision=0.948677, recall=0.966075, good=11220, bad=607, missed=394, trie_nodes=9178, patterns=6392, objective=0.948934
  Tested: params=(9, 18, 1, 2, 5, 2, 1, 3)
  validation: F_1/7=0.878677, precision=0.876984, recall=0.970467, good=11271, bad=1581, missed=343, trie_nodes=7818, patterns=5405, objective=0.878605
  Tested: params=(24, 7, 19, 3, 1, 3, 3, 4)
  validation: F_1/7=0.938075, precision=0.937516, recall=0.966334, good=11223, bad=748, missed=391, trie_nodes=8829, patterns=6242, objective=0.937993
  Tested: params=(22, 30, 16, 10, 4, 2, 3, 1)
  validation: F_1/7=0.938052, precision=0.937479, recall=0.967023, good=11231, bad=749, missed=383, trie_nodes=8720, patterns=5898, objective=0.937972
  Tested: params=(1, 29, 26, 21, 3, 1, 1, 2)
  validation: F_1/7=0.856235, precision=0.854105, recall=0.975375, good=11328, bad=1935, missed=286, trie_nodes=8542, patterns=5257, objective=0.856155
  Best so far: params=(28, 25, 20, 27, 5, 1, 5, 3), score=0.958101, elapsed=42.5s

============================================================
Round 9/30
  Tested: params=(17, 22, 20, 9, 5, 4, 3, 4)
  validation: F_1/7=0.916989, precision=0.915878, recall=0.974944, good=11323, bad=1040, missed=291, trie_nodes=6333, patterns=4133, objective=0.916930
  Tested: params=(13, 8, 11, 23, 1, 1, 1, 1)
  validation: F_1/7=0.904737, precision=0.903476, recall=0.971156, good=11279, bad=1205, missed=335, trie_nodes=8056, patterns=5499, objective=0.904663
  Tested: params=(26, 22, 15, 3, 3, 3, 1, 3)
  validation: F_1/7=0.948910, precision=0.948575, recall=0.965645, good=11215, bad=608, missed=399, trie_nodes=9293, patterns=6421, objective=0.948824
  Tested: params=(12, 19, 20, 2, 2, 4, 3, 5)
  validation: F_1/7=0.889890, precision=0.888246, recall=0.978646, good=11366, bad=1430, missed=248, trie_nodes=5634, patterns=3626, objective=0.889838
  Tested: params=(20, 5, 3, 20, 1, 3, 5, 3)
  validation: F_1/7=0.937888, precision=0.937333, recall=0.965903, good=11218, bad=750, missed=396, trie_nodes=7563, patterns=5509, objective=0.937818
  Best so far: params=(28, 25, 20, 27, 5, 1, 5, 3), score=0.958101, elapsed=47.4s

============================================================
Round 10/30
  Tested: params=(12, 20, 14, 17, 5, 2, 5, 5)
  validation: F_1/7=0.898652, precision=0.897342, recall=0.967884, good=11241, bad=1286, missed=373, trie_nodes=5890, patterns=3866, objective=0.898597
  Tested: params=(6, 3, 4, 1, 1, 4, 1, 2)
  validation: F_1/7=0.871997, precision=0.870442, recall=0.955657, good=11099, bad=1652, missed=515, trie_nodes=6315, patterns=4624, objective=0.871938
  Tested: params=(26, 1, 25, 9, 1, 4, 4, 5)
  validation: F_1/7=0.948986, precision=0.948766, recall=0.959876, good=11148, bad=602, missed=466, trie_nodes=6637, patterns=4937, objective=0.948924
  Tested: params=(23, 25, 9, 6, 4, 5, 5, 3)
  validation: F_1/7=0.945486, precision=0.945183, recall=0.960565, good=11156, bad=647, missed=458, trie_nodes=6328, patterns=4078, objective=0.945428
  Tested: params=(12, 24, 11, 28, 5, 3, 4, 4)
  validation: F_1/7=0.898169, precision=0.896849, recall=0.967970, good=11242, bad=1293, missed=372, trie_nodes=5938, patterns=3896, objective=0.898114
  Best so far: params=(28, 25, 20, 27, 5, 1, 5, 3), score=0.958101, elapsed=51.9s

============================================================
Round 11/30
  Tested: params=(4, 28, 16, 25, 2, 5, 2, 1)
  validation: F_1/7=0.859437, precision=0.857348, recall=0.975977, good=11335, bad=1886, missed=279, trie_nodes=8031, patterns=4793, objective=0.859363
  Tested: params=(28, 3, 10, 29, 5, 3, 4, 3)
  validation: F_1/7=0.959111, precision=0.959191, recall=0.955226, good=11094, bad=472, missed=520, trie_nodes=6204, patterns=4123, objective=0.959054
  Tested: params=(9, 10, 21, 23, 4, 4, 1, 3)
  validation: F_1/7=0.877938, precision=0.876171, recall=0.974169, good=11314, bad=1599, missed=300, trie_nodes=7400, patterns=4640, objective=0.877869
  Tested: params=(2, 17, 14, 27, 2, 1, 1, 4)
  validation: F_1/7=0.858238, precision=0.856129, recall=0.976063, good=11336, bad=1905, missed=278, trie_nodes=7207, patterns=4654, objective=0.858171
  Tested: params=(19, 4, 3, 22, 1, 5, 4, 1)
  validation: F_1/7=0.936999, precision=0.936401, recall=0.967281, good=11234, bad=763, missed=380, trie_nodes=7415, patterns=5317, objective=0.936930
  Best so far: params=(28, 3, 10, 29, 5, 3, 4, 3), score=0.959054, elapsed=56.6s

============================================================
Round 12/30
  Tested: params=(3, 30, 12, 12, 5, 5, 5, 4)
  validation: F_1/7=0.854360, precision=0.852104, recall=0.981746, good=11402, bad=1979, missed=212, trie_nodes=3659, patterns=2187, objective=0.854326
  Tested: params=(12, 3, 24, 17, 3, 5, 1, 3)
  validation: F_1/7=0.896439, precision=0.895021, recall=0.971930, good=11288, bad=1324, missed=326, trie_nodes=7863, patterns=5306, objective=0.896366
  Tested: params=(1, 15, 2, 4, 1, 4, 4, 3)
  validation: F_1/7=0.857490, precision=0.855403, recall=0.973911, good=11311, bad=1912, missed=303, trie_nodes=6886, patterns=4133, objective=0.857426
  Tested: params=(29, 12, 9, 27, 2, 5, 1, 5)
  validation: F_1/7=0.945718, precision=0.945208, recall=0.971414, good=11282, bad=654, missed=332, trie_nodes=8031, patterns=5446, objective=0.945644
  Tested: params=(2, 27, 16, 30, 1, 3, 5, 3)
  validation: F_1/7=0.858035, precision=0.855974, recall=0.972791, good=11298, bad=1901, missed=316, trie_nodes=7888, patterns=4750, objective=0.857962
  Best so far: params=(28, 3, 10, 29, 5, 3, 4, 3), score=0.959054, elapsed=61.7s

============================================================
Round 13/30
  Tested: params=(19, 21, 14, 19, 3, 5, 1, 2)
  validation: F_1/7=0.933865, precision=0.933173, recall=0.969089, good=11255, bad=806, missed=359, trie_nodes=8725, patterns=5945, objective=0.933784
  Tested: params=(29, 27, 14, 19, 2, 1, 3, 2)
  validation: F_1/7=0.949377, precision=0.949052, recall=0.965559, good=11214, bad=602, missed=400, trie_nodes=9458, patterns=6542, objective=0.949289
  Tested: params=(18, 3, 30, 30, 4, 3, 2, 5)
  validation: F_1/7=0.927530, precision=0.926767, recall=0.966506, good=11225, bad=887, missed=389, trie_nodes=8003, patterns=5671, objective=0.927455
  Tested: params=(21, 5, 28, 25, 5, 4, 4, 3)
  validation: F_1/7=0.944758, precision=0.944511, recall=0.957035, good=11115, bad=653, missed=499, trie_nodes=5909, patterns=3876, objective=0.944703
  Tested: params=(28, 26, 2, 1, 2, 5, 5, 1)
  validation: F_1/7=0.952576, precision=0.952745, recall=0.944377, good=10968, bad=544, missed=646, trie_nodes=7395, patterns=5738, objective=0.952508
  Best so far: params=(28, 3, 10, 29, 5, 3, 4, 3), score=0.959054, elapsed=67.0s

============================================================
Round 14/30
  Tested: params=(18, 12, 30, 26, 5, 3, 3, 2)
  validation: F_1/7=0.926577, precision=0.925792, recall=0.966764, good=11228, bad=900, missed=386, trie_nodes=8420, patterns=5688, objective=0.926499
  Tested: params=(2, 26, 25, 30, 5, 3, 4, 5)
  validation: F_1/7=0.859450, precision=0.857403, recall=0.973308, good=11304, bad=1880, missed=310, trie_nodes=6640, patterns=4167, objective=0.859388
  Tested: params=(26, 8, 14, 4, 5, 4, 2, 4)
  validation: F_1/7=0.947232, precision=0.946763, recall=0.970811, good=11275, bad=634, missed=339, trie_nodes=7607, patterns=4995, objective=0.947162
  Tested: params=(19, 11, 4, 21, 3, 4, 3, 5)
  validation: F_1/7=0.929589, precision=0.928694, recall=0.975633, good=11331, bad=870, missed=283, trie_nodes=6897, patterns=4736, objective=0.929525
  Tested: params=(17, 17, 27, 13, 1, 1, 4, 4)
  validation: F_1/7=0.923139, precision=0.922275, recall=0.967539, good=11237, bad=947, missed=377, trie_nodes=6910, patterns=5088, objective=0.923075
  Best so far: params=(28, 3, 10, 29, 5, 3, 4, 3), score=0.959054, elapsed=72.0s

============================================================
Round 15/30
  Tested: params=(22, 7, 5, 1, 2, 3, 2, 3)
  validation: F_1/7=0.937479, precision=0.936885, recall=0.967539, good=11237, bad=757, missed=377, trie_nodes=8732, patterns=6225, objective=0.937398
  Tested: params=(28, 11, 16, 24, 2, 4, 5, 5)
  validation: F_1/7=0.948111, precision=0.947742, recall=0.966592, good=11226, bad=619, missed=388, trie_nodes=6590, patterns=4745, objective=0.948050
  Tested: params=(5, 28, 15, 8, 3, 5, 3, 2)
  validation: F_1/7=0.862011, precision=0.859961, recall=0.976063, good=11336, bad=1846, missed=278, trie_nodes=7943, patterns=4781, objective=0.861938
  Tested: params=(20, 8, 3, 4, 1, 1, 1, 4)
  validation: F_1/7=0.934751, precision=0.934029, recall=0.971586, good=11284, bad=797, missed=330, trie_nodes=7766, patterns=5758, objective=0.934679
  Tested: params=(6, 11, 27, 15, 4, 1, 1, 1)
  validation: F_1/7=0.867077, precision=0.865142, recall=0.973825, good=11310, bad=1763, missed=304, trie_nodes=7704, patterns=4829, objective=0.867006
  Best so far: params=(28, 3, 10, 29, 5, 3, 4, 3), score=0.959054, elapsed=77.3s

============================================================
Round 16/30
  Tested: params=(6, 9, 6, 3, 1, 3, 2, 2)
  validation: F_1/7=0.867614, precision=0.865677, recall=0.974427, good=11317, bad=1756, missed=297, trie_nodes=7543, patterns=4882, objective=0.867544
  Tested: params=(16, 21, 2, 24, 4, 1, 5, 5)
  validation: F_1/7=0.924281, precision=0.923418, recall=0.968659, good=11250, bad=933, missed=364, trie_nodes=5805, patterns=4074, objective=0.924227
  Tested: params=(2, 9, 25, 23, 1, 2, 2, 3)
  validation: F_1/7=0.858376, precision=0.856289, recall=0.974772, good=11321, bad=1900, missed=293, trie_nodes=7739, patterns=4865, objective=0.858304
  Tested: params=(19, 12, 14, 23, 1, 2, 4, 5)
  validation: F_1/7=0.936513, precision=0.935931, recall=0.965989, good=11219, bad=768, missed=395, trie_nodes=6951, patterns=5179, objective=0.936449
  Tested: params=(16, 16, 4, 14, 3, 2, 2, 2)
  validation: F_1/7=0.920104, precision=0.919126, recall=0.970725, good=11274, bad=992, missed=340, trie_nodes=8506, patterns=5920, objective=0.920025
  Best so far: params=(28, 3, 10, 29, 5, 3, 4, 3), score=0.959054, elapsed=82.3s

============================================================
Round 17/30
  Tested: params=(1, 10, 7, 10, 1, 5, 3, 4)
  validation: F_1/7=0.851332, precision=0.849001, recall=0.983727, good=11425, bad=2032, missed=189, trie_nodes=4591, patterns=2826, objective=0.851290
  Tested: params=(24, 15, 3, 17, 3, 4, 3, 1)
  validation: F_1/7=0.936528, precision=0.935851, recall=0.970983, good=11277, bad=773, missed=337, trie_nodes=9004, patterns=6309, objective=0.936445
  Tested: params=(9, 11, 20, 18, 2, 5, 4, 2)
  validation: F_1/7=0.879790, precision=0.878092, recall=0.971844, good=11287, bad=1567, missed=327, trie_nodes=6709, patterns=4223, objective=0.879728
  Tested: params=(4, 5, 8, 5, 1, 2, 1, 5)
  validation: F_1/7=0.863826, precision=0.861817, recall=0.975202, good=11326, bad=1816, missed=288, trie_nodes=6700, patterns=4527, objective=0.863764
  Tested: params=(3, 16, 13, 30, 1, 2, 5, 5)
  validation: F_1/7=0.860978, precision=0.858956, recall=0.973222, good=11303, bad=1856, missed=311, trie_nodes=6244, patterns=4016, objective=0.860920
  Best so far: params=(28, 3, 10, 29, 5, 3, 4, 3), score=0.959054, elapsed=87.8s

============================================================
Round 18/30
  Tested: params=(25, 8, 6, 21, 5, 3, 3, 2)
  validation: F_1/7=0.947701, precision=0.947284, recall=0.968572, good=11249, bad=626, missed=365, trie_nodes=8506, patterns=5817, objective=0.947622
  Tested: params=(24, 6, 10, 13, 3, 2, 1, 4)
  validation: F_1/7=0.938237, precision=0.937641, recall=0.968400, good=11247, bad=748, missed=367, trie_nodes=8514, patterns=6122, objective=0.938158
  Tested: params=(9, 18, 5, 15, 3, 1, 2, 1)
  validation: F_1/7=0.878030, precision=0.876279, recall=0.973308, good=11304, bad=1596, missed=310, trie_nodes=8038, patterns=5165, objective=0.877955
  Tested: params=(2, 30, 10, 25, 2, 4, 4, 3)
  validation: F_1/7=0.858173, precision=0.856084, recall=0.974686, good=11320, bad=1903, missed=294, trie_nodes=7377, patterns=4284, objective=0.858104
  Tested: params=(15, 13, 11, 28, 5, 5, 1, 4)
  validation: F_1/7=0.909798, precision=0.908516, recall=0.977355, good=11351, bad=1143, missed=263, trie_nodes=5926, patterns=3860, objective=0.909743
  Best so far: params=(28, 3, 10, 29, 5, 3, 4, 3), score=0.959054, elapsed=92.9s

============================================================
Round 19/30
  Tested: params=(29, 6, 2, 23, 3, 5, 1, 4)
  validation: F_1/7=0.941143, precision=0.940412, recall=0.978388, good=11363, bad=720, missed=251, trie_nodes=7366, patterns=5446, objective=0.941075
  Tested: params=(7, 5, 5, 25, 4, 3, 2, 5)
  validation: F_1/7=0.872907, precision=0.871032, recall=0.975805, good=11333, bad=1678, missed=281, trie_nodes=6646, patterns=4448, objective=0.872845
  Tested: params=(12, 25, 14, 12, 3, 2, 4, 3)
  validation: F_1/7=0.894791, precision=0.893372, recall=0.970294, good=11269, bad=1345, missed=345, trie_nodes=7515, patterns=4940, objective=0.894722
  Tested: params=(7, 27, 12, 17, 5, 4, 1, 5)
  validation: F_1/7=0.864849, precision=0.862736, recall=0.982779, good=11414, bad=1816, missed=200, trie_nodes=4887, patterns=2892, objective=0.864804
  Tested: params=(19, 11, 5, 24, 4, 3, 5, 4)
  validation: F_1/7=0.941415, precision=0.940974, recall=0.963578, good=11191, bad=702, missed=423, trie_nodes=5528, patterns=3873, objective=0.941364
  Best so far: params=(28, 3, 10, 29, 5, 3, 4, 3), score=0.959054, elapsed=98.1s

============================================================
Round 20/30
  Tested: params=(5, 10, 8, 23, 1, 3, 4, 5)
  validation: F_1/7=0.866655, precision=0.864732, recall=0.972619, good=11296, bad=1767, missed=318, trie_nodes=5949, patterns=3942, objective=0.866600
  Tested: params=(11, 25, 4, 26, 1, 2, 4, 1)
  validation: F_1/7=0.885174, precision=0.883579, recall=0.971069, good=11278, bad=1486, missed=336, trie_nodes=7595, patterns=4928, objective=0.885103
  Tested: params=(7, 22, 22, 20, 4, 3, 2, 2)
  validation: F_1/7=0.870775, precision=0.868894, recall=0.974083, good=11313, bad=1707, missed=301, trie_nodes=8150, patterns=5013, objective=0.870699
  Tested: params=(6, 28, 18, 13, 3, 5, 1, 3)
  validation: F_1/7=0.864694, precision=0.862688, recall=0.975891, good=11334, bad=1804, missed=280, trie_nodes=7978, patterns=4840, objective=0.864621
  Tested: params=(16, 19, 1, 27, 5, 3, 4, 5)
  validation: F_1/7=0.921089, precision=0.920094, recall=0.972619, good=11296, bad=981, missed=318, trie_nodes=6024, patterns=4310, objective=0.921034
  Best so far: params=(28, 3, 10, 29, 5, 3, 4, 3), score=0.959054, elapsed=103.3s

============================================================
Round 21/30
  Tested: params=(22, 5, 18, 19, 3, 4, 5, 5)
  validation: F_1/7=0.936623, precision=0.936016, recall=0.967367, good=11235, bad=768, missed=379, trie_nodes=6114, patterns=4448, objective=0.936566
  Tested: params=(14, 4, 30, 26, 1, 5, 5, 3)
  validation: F_1/7=0.908953, precision=0.907842, recall=0.966936, good=11230, bad=1140, missed=384, trie_nodes=6832, patterns=4685, objective=0.908889
  Tested: params=(18, 12, 2, 11, 5, 1, 2, 2)
  validation: F_1/7=0.925540, precision=0.924640, recall=0.971930, good=11288, bad=920, missed=326, trie_nodes=8279, patterns=5803, objective=0.925464
  Tested: params=(17, 28, 11, 11, 4, 3, 2, 3)
  validation: F_1/7=0.920723, precision=0.919794, recall=0.968659, good=11250, bad=981, missed=364, trie_nodes=8346, patterns=5581, objective=0.920646
  Tested: params=(5, 6, 15, 13, 5, 2, 3, 4)
  validation: F_1/7=0.865876, precision=0.863918, recall=0.974083, good=11313, bad=1782, missed=301, trie_nodes=6854, patterns=4560, objective=0.865813
  Best so far: params=(28, 3, 10, 29, 5, 3, 4, 3), score=0.959054, elapsed=108.6s

============================================================
Round 22/30
  Tested: params=(1, 20, 6, 29, 1, 3, 1, 5)
  validation: F_1/7=0.855934, precision=0.853778, recall=0.976838, good=11345, bad=1943, missed=269, trie_nodes=7444, patterns=4887, objective=0.855865
  Tested: params=(16, 18, 3, 23, 2, 5, 2, 1)
  validation: F_1/7=0.920208, precision=0.919212, recall=0.971844, good=11287, bad=992, missed=327, trie_nodes=8412, patterns=5733, objective=0.920130
  Tested: params=(2, 15, 17, 2, 4, 3, 3, 3)
  validation: F_1/7=0.858654, precision=0.856591, recall=0.973566, good=11307, bad=1893, missed=307, trie_nodes=7819, patterns=4831, objective=0.858582
  Tested: params=(13, 17, 5, 6, 5, 5, 2, 2)
  validation: F_1/7=0.903110, precision=0.901796, recall=0.972533, good=11295, bad=1230, missed=319, trie_nodes=7784, patterns=5041, objective=0.903038
  Tested: params=(20, 13, 1, 5, 4, 4, 1, 2)
  validation: F_1/7=0.927217, precision=0.926339, recall=0.972361, good=11293, bad=898, missed=321, trie_nodes=8627, patterns=6251, objective=0.927137
  Best so far: params=(28, 3, 10, 29, 5, 3, 4, 3), score=0.959054, elapsed=113.9s

============================================================
Round 23/30
  Tested: params=(7, 21, 1, 4, 4, 1, 4, 2)
  validation: F_1/7=0.872975, precision=0.871185, recall=0.970725, good=11274, bad=1667, missed=340, trie_nodes=7251, patterns=4496, objective=0.872908
  Tested: params=(3, 8, 22, 26, 5, 2, 4, 2)
  validation: F_1/7=0.862890, precision=0.860969, recall=0.968831, good=11252, bad=1817, missed=362, trie_nodes=6418, patterns=3796, objective=0.862831
  Tested: params=(9, 27, 1, 3, 2, 1, 1, 3)
  validation: F_1/7=0.877487, precision=0.875747, recall=0.972189, good=11291, bad=1602, missed=323, trie_nodes=8311, patterns=5615, objective=0.877410
  Tested: params=(13, 27, 25, 11, 2, 2, 3, 2)
  validation: F_1/7=0.901435, precision=0.900112, recall=0.971414, good=11282, bad=1252, missed=332, trie_nodes=8391, patterns=5624, objective=0.901357
  Tested: params=(19, 13, 17, 14, 2, 5, 4, 1)
  validation: F_1/7=0.935880, precision=0.935290, recall=0.965731, good=11216, bad=776, missed=398, trie_nodes=7453, patterns=5241, objective=0.935811
  Best so far: params=(28, 3, 10, 29, 5, 3, 4, 3), score=0.959054, elapsed=119.0s

============================================================
Round 24/30
  Tested: params=(27, 15, 27, 24, 3, 1, 2, 3)
  validation: F_1/7=0.948385, precision=0.948054, recall=0.964870, good=11206, bad=614, missed=408, trie_nodes=9339, patterns=6466, objective=0.948298
  Tested: params=(20, 8, 5, 26, 5, 3, 1, 2)
  validation: F_1/7=0.937246, precision=0.936611, recall=0.969433, good=11259, bad=762, missed=355, trie_nodes=8261, patterns=5695, objective=0.937169
  Tested: params=(1, 28, 4, 18, 2, 3, 4, 5)
  validation: F_1/7=0.857011, precision=0.854900, recall=0.975030, good=11324, bad=1922, missed=290, trie_nodes=7007, patterns=4560, objective=0.856946
  Tested: params=(7, 1, 5, 28, 5, 3, 4, 4)
  validation: F_1/7=0.883705, precision=0.882073, recall=0.971844, good=11287, bad=1509, missed=327, trie_nodes=4150, patterns=3215, objective=0.883667
  Tested: params=(6, 28, 13, 12, 3, 1, 1, 4)
  validation: F_1/7=0.865219, precision=0.863228, recall=0.975461, good=11329, bad=1795, missed=285, trie_nodes=7512, patterns=4920, objective=0.865149
  Best so far: params=(28, 3, 10, 29, 5, 3, 4, 3), score=0.959054, elapsed=124.4s

============================================================
Round 25/30
  Tested: params=(3, 19, 8, 12, 2, 2, 4, 2)
  validation: F_1/7=0.860532, precision=0.858511, recall=0.972791, good=11298, bad=1862, missed=316, trie_nodes=7385, patterns=4433, objective=0.860464
  Tested: params=(17, 15, 20, 29, 4, 2, 1, 2)
  validation: F_1/7=0.921290, precision=0.920376, recall=0.968400, good=11247, bad=973, missed=367, trie_nodes=8223, patterns=5529, objective=0.921214
  Tested: params=(18, 2, 15, 18, 2, 4, 1, 1)
  validation: F_1/7=0.925579, precision=0.924796, recall=0.965645, good=11215, bad=912, missed=399, trie_nodes=8570, patterns=6186, objective=0.925500
  Tested: params=(22, 15, 21, 14, 2, 5, 4, 4)
  validation: F_1/7=0.935027, precision=0.934351, recall=0.969347, good=11258, bad=791, missed=356, trie_nodes=6174, patterns=4445, objective=0.934969
  Tested: params=(9, 18, 11, 3, 5, 1, 5, 3)
  validation: F_1/7=0.881250, precision=0.879634, recall=0.968400, good=11247, bad=1539, missed=367, trie_nodes=6662, patterns=4083, objective=0.881188
  Best so far: params=(28, 3, 10, 29, 5, 3, 4, 3), score=0.959054, elapsed=129.5s

============================================================
Round 26/30
  Tested: params=(6, 17, 27, 22, 5, 4, 4, 5)
  validation: F_1/7=0.863930, precision=0.861865, recall=0.978819, good=11368, bad=1822, missed=246, trie_nodes=3384, patterns=2112, objective=0.863898
  Tested: params=(8, 15, 7, 30, 5, 1, 4, 5)
  validation: F_1/7=0.874911, precision=0.873160, recall=0.970294, good=11269, bad=1637, missed=345, trie_nodes=5728, patterns=3659, objective=0.874858
  Tested: params=(6, 18, 28, 2, 4, 2, 5, 5)
  validation: F_1/7=0.869569, precision=0.867713, recall=0.971414, good=11282, bad=1720, missed=332, trie_nodes=6129, patterns=3940, objective=0.869512
  Tested: params=(29, 15, 26, 26, 2, 5, 1, 3)
  validation: F_1/7=0.949020, precision=0.948701, recall=0.964956, good=11207, bad=606, missed=407, trie_nodes=9410, patterns=6451, objective=0.948933
  Tested: params=(7, 4, 3, 21, 2, 4, 1, 2)
  validation: F_1/7=0.872717, precision=0.870863, recall=0.974341, good=11316, bad=1678, missed=298, trie_nodes=7337, patterns=4900, objective=0.872649
  Best so far: params=(28, 3, 10, 29, 5, 3, 4, 3), score=0.959054, elapsed=135.0s

============================================================
Round 27/30
  Tested: params=(17, 24, 10, 19, 5, 4, 2, 1)
  validation: F_1/7=0.920811, precision=0.919866, recall=0.969606, good=11261, bad=981, missed=353, trie_nodes=8169, patterns=5373, objective=0.920735
  Tested: params=(27, 1, 27, 16, 5, 4, 5, 2)
  validation: F_1/7=0.958326, precision=0.958518, recall=0.949027, good=11022, bad=477, missed=592, trie_nodes=6024, patterns=4088, objective=0.958271
  Tested: params=(24, 13, 15, 19, 5, 5, 4, 3)
  validation: F_1/7=0.945765, precision=0.945521, recall=0.957896, good=11125, bad=641, missed=489, trie_nodes=6215, patterns=4014, objective=0.945708
  Tested: params=(13, 23, 8, 4, 2, 2, 2, 2)
  validation: F_1/7=0.901708, precision=0.900391, recall=0.971328, good=11281, bad=1248, missed=333, trie_nodes=8270, patterns=5589, objective=0.901632
  Tested: params=(2, 1, 30, 13, 2, 4, 2, 5)
  validation: F_1/7=0.887105, precision=0.885568, recall=0.969520, good=11260, bad=1455, missed=354, trie_nodes=8114, patterns=5605, objective=0.887029
  Best so far: params=(28, 3, 10, 29, 5, 3, 4, 3), score=0.959054, elapsed=140.0s

============================================================
Round 28/30
  Tested: params=(24, 3, 13, 27, 5, 3, 4, 1)
  validation: F_1/7=0.947313, precision=0.947153, recall=0.955226, good=11094, bad=619, missed=520, trie_nodes=6040, patterns=4044, objective=0.947257
  Tested: params=(30, 7, 29, 20, 4, 3, 2, 1)
  validation: F_1/7=0.950326, precision=0.950042, recall=0.964439, good=11201, bad=589, missed=413, trie_nodes=9079, patterns=6130, objective=0.950242
  Tested: params=(7, 6, 24, 11, 1, 5, 5, 5)
  validation: F_1/7=0.869207, precision=0.867253, recall=0.977097, good=11348, bad=1737, missed=266, trie_nodes=3601, patterns=2395, objective=0.869174
  Tested: params=(30, 6, 12, 23, 4, 1, 5, 2)
  validation: F_1/7=0.958815, precision=0.958906, recall=0.954365, good=11084, bad=475, missed=530, trie_nodes=6259, patterns=4104, objective=0.958757
  Tested: params=(7, 17, 18, 18, 1, 5, 2, 1)
  validation: F_1/7=0.870464, precision=0.868552, recall=0.975719, good=11332, bad=1715, missed=282, trie_nodes=7756, patterns=4716, objective=0.870392
  Best so far: params=(28, 3, 10, 29, 5, 3, 4, 3), score=0.959054, elapsed=145.5s

============================================================
Round 29/30
  Tested: params=(27, 29, 26, 25, 4, 3, 1, 3)
  validation: F_1/7=0.949408, precision=0.949098, recall=0.964870, good=11206, bad=601, missed=408, trie_nodes=9063, patterns=6089, objective=0.949324
  Tested: params=(12, 8, 22, 15, 1, 2, 4, 1)
  validation: F_1/7=0.896919, precision=0.895553, recall=0.969347, good=11258, bad=1313, missed=356, trie_nodes=6992, patterns=4630, objective=0.896854
  Tested: params=(26, 15, 15, 18, 5, 2, 4, 3)
  validation: F_1/7=0.958459, precision=0.958499, recall=0.956518, good=11109, bad=481, missed=505, trie_nodes=6329, patterns=4130, objective=0.958400
  Tested: params=(9, 27, 24, 20, 5, 5, 4, 5)
  validation: F_1/7=0.875284, precision=0.873423, recall=0.977355, good=11351, bad=1645, missed=263, trie_nodes=3560, patterns=2277, objective=0.875251
  Tested: params=(21, 21, 19, 23, 1, 5, 5, 1)
  validation: F_1/7=0.937038, precision=0.936487, recall=0.964870, good=11206, bad=760, missed=408, trie_nodes=7710, patterns=5430, objective=0.936967
  Best so far: params=(28, 3, 10, 29, 5, 3, 4, 3), score=0.959054, elapsed=150.8s

============================================================
Round 30/30
  Tested: params=(25, 4, 11, 23, 1, 5, 5, 3)
  validation: F_1/7=0.948835, precision=0.948542, recall=0.963406, good=11189, bad=607, missed=425, trie_nodes=7577, patterns=5390, objective=0.948764
  Tested: params=(1, 9, 19, 30, 4, 2, 4, 3)
  validation: F_1/7=0.862402, precision=0.860462, recall=0.969520, good=11260, bad=1826, missed=354, trie_nodes=6506, patterns=3903, objective=0.862341
  Tested: params=(24, 4, 23, 17, 5, 2, 4, 5)
  validation: F_1/7=0.946910, precision=0.946766, recall=0.954021, good=11080, bad=623, missed=534, trie_nodes=5672, patterns=3907, objective=0.946857
  Tested: params=(4, 29, 21, 3, 2, 4, 1, 3)
  validation: F_1/7=0.860395, precision=0.858357, recall=0.973652, good=11308, bad=1866, missed=306, trie_nodes=7522, patterns=4579, objective=0.860325
  Tested: params=(11, 19, 2, 27, 5, 5, 4, 1)
  validation: F_1/7=0.886534, precision=0.884972, recall=0.970467, good=11271, bad=1465, missed=343, trie_nodes=6819, patterns=4148, objective=0.886471
  Best so far: params=(28, 3, 10, 29, 5, 3, 4, 3), score=0.959054, elapsed=156.8s

============================================================
Final phase: 3 evaluations
  Tested: params=(23, 1, 1, 10, 3, 4, 4, 3)
  validation: F_1/7=0.933339, precision=0.932653, recall=0.968228, good=11245, bad=812, missed=369, trie_nodes=8929, patterns=6861, objective=0.933256
  Tested: params=(9, 30, 13, 14, 1, 4, 4, 2)
  validation: F_1/7=0.877977, precision=0.876241, recall=0.972361, good=11293, bad=1595, missed=321, trie_nodes=7292, patterns=4545, objective=0.877910
  Tested: params=(3, 21, 20, 9, 5, 1, 3, 5)
  validation: F_1/7=0.858748, precision=0.856646, recall=0.976063, good=11336, bad=1897, missed=278, trie_nodes=7326, patterns=4679, objective=0.858680

============================================================
Threshold ablation run complete
Best parameters (b1..b4 thr1..thr4): (28, 3, 10, 29, 5, 3, 4, 3)
Thresholds: {'mode': 'perlayer', 'shared': None, 'per_level': [5, 3, 4, 3]}
  validation-selected: F_1/7=0.959111, precision=0.959191, recall=0.955226, good=11094, bad=472, missed=520, trie_nodes=6204, patterns=4123, objective=0.959054
  held-out test: F_1/7=0.959710, precision=0.959810, recall=0.954858, good=11105, bad=465, missed=525, trie_nodes=6204, patterns=4123
Summary: results/threshold_ablation/cs/wiktionary/perlayer_random/summary.json
History: results/threshold_ablation/cs/wiktionary/perlayer_random/history.csv
Wall time: 161.9s
