Proportional trie_normalizer for cs/wiktionary: |D| = 53962
Objective: F17+Trie(w=0.0005)
Dataset: /home/dev/hyph-bench/data/cs/wiktionary/cs_wiktionary.wlh_dis.wlh
Translate: /home/dev/hyph-bench/data/cs/wiktionary/cs_wiktionary.wlh_dis.wlh.tra
Method: random | Threshold mode: shared
Search space (5-D): [(1, 30), (1, 30), (1, 30), (1, 30), (1, 5)]
Split counts: train=43170, validation=5396, test=5396
Pattern ranges: [(1, 4), (2, 5), (2, 6), (2, 7)]
Budget: 30 rounds x 5 + 3 final = 153 patgen evaluations; 3 parallel workers

============================================================
Round 1/30
  Tested: params=(12, 29, 22, 18, 1)
  validation: F_1/7=0.893063, precision=0.891582, recall=0.972189, good=11291, bad=1373, missed=323, trie_nodes=8344, patterns=5428, objective=0.892986
  Tested: params=(5, 2, 26, 19, 4)
  validation: F_1/7=0.878052, precision=0.876404, recall=0.967109, good=11232, bad=1584, missed=382, trie_nodes=3580, patterns=2518, objective=0.878018
  Tested: params=(1, 30, 25, 7, 1)
  validation: F_1/7=0.855805, precision=0.853675, recall=0.975030, good=11324, bad=1941, missed=290, trie_nodes=8581, patterns=5357, objective=0.855726
  Tested: params=(6, 10, 16, 13, 2)
  validation: F_1/7=0.867614, precision=0.865677, recall=0.974427, good=11317, bad=1756, missed=297, trie_nodes=7692, patterns=4927, objective=0.867543
  Tested: params=(19, 5, 9, 11, 3)
  validation: F_1/7=0.935442, precision=0.934802, recall=0.967884, good=11241, bad=784, missed=373, trie_nodes=8600, patterns=6089, objective=0.935362
  Best so far: params=(19, 5, 9, 11, 3), score=0.935362, elapsed=5.0s

============================================================
Round 2/30
  Tested: params=(24, 6, 16, 18, 1)
  validation: F_1/7=0.938460, precision=0.937907, recall=0.966334, good=11223, bad=743, missed=391, trie_nodes=9119, patterns=6382, objective=0.938375
  Tested: params=(19, 6, 2, 29, 5)
  validation: F_1/7=0.934897, precision=0.934143, recall=0.973394, good=11305, bad=797, missed=309, trie_nodes=4122, patterns=3033, objective=0.934859
  Tested: params=(25, 10, 3, 21, 3)
  validation: F_1/7=0.945200, precision=0.944715, recall=0.969606, good=11261, bad=659, missed=353, trie_nodes=9103, patterns=6507, objective=0.945116
  Tested: params=(4, 15, 2, 28, 2)
  validation: F_1/7=0.861127, precision=0.859083, recall=0.974772, good=11321, bad=1857, missed=293, trie_nodes=7982, patterns=5073, objective=0.861053
  Tested: params=(20, 10, 16, 17, 1)
  validation: F_1/7=0.935456, precision=0.934831, recall=0.967109, good=11232, bad=783, missed=382, trie_nodes=8773, patterns=6106, objective=0.935375
  Best so far: params=(25, 10, 3, 21, 3), score=0.945116, elapsed=10.0s

============================================================
Round 3/30
  Tested: params=(30, 24, 29, 27, 3)
  validation: F_1/7=0.948991, precision=0.948679, recall=0.964526, good=11202, bad=606, missed=412, trie_nodes=9536, patterns=6586, objective=0.948902
  Tested: params=(28, 3, 6, 2, 2)
  validation: F_1/7=0.950261, precision=0.949949, recall=0.965817, good=11217, bad=591, missed=397, trie_nodes=9082, patterns=6533, objective=0.950177
  Tested: params=(12, 9, 25, 11, 2)
  validation: F_1/7=0.894400, precision=0.892939, recall=0.972361, good=11293, bad=1354, missed=321, trie_nodes=7977, patterns=5279, objective=0.894326
  Tested: params=(17, 5, 25, 3, 5)
  validation: F_1/7=0.924646, precision=0.923837, recall=0.966075, good=11220, bad=925, missed=394, trie_nodes=3853, patterns=2711, objective=0.924610
  Tested: params=(24, 6, 1, 25, 4)
  validation: F_1/7=0.928989, precision=0.928052, recall=0.977355, good=11351, bad=880, missed=263, trie_nodes=4747, patterns=3565, objective=0.928945
  Best so far: params=(28, 3, 6, 2, 2), score=0.950177, elapsed=15.0s

============================================================
Round 4/30
  Tested: params=(22, 24, 3, 11, 1)
  validation: F_1/7=0.936079, precision=0.935409, recall=0.970122, good=11267, bad=778, missed=347, trie_nodes=8977, patterns=6377, objective=0.935996
  Tested: params=(26, 19, 10, 2, 2)
  validation: F_1/7=0.949194, precision=0.948850, recall=0.966334, good=11223, bad=605, missed=391, trie_nodes=9129, patterns=6345, objective=0.949109
  Tested: params=(10, 22, 20, 27, 3)
  validation: F_1/7=0.883205, precision=0.881558, recall=0.972189, good=11291, bad=1517, missed=323, trie_nodes=8219, patterns=5315, objective=0.883129
  Tested: params=(4, 22, 23, 17, 4)
  validation: F_1/7=0.857271, precision=0.855092, recall=0.979594, good=11377, bad=1928, missed=237, trie_nodes=3471, patterns=2111, objective=0.857239
  Tested: params=(15, 16, 13, 1, 1)
  validation: F_1/7=0.913531, precision=0.912513, recall=0.966334, good=11223, bad=1076, missed=391, trie_nodes=8182, patterns=5711, objective=0.913455
  Best so far: params=(28, 3, 6, 2, 2), score=0.950177, elapsed=20.6s

============================================================
Round 5/30
  Tested: params=(1, 20, 10, 16, 5)
  validation: F_1/7=0.853245, precision=0.850970, recall=0.981832, good=11403, bad=1997, missed=211, trie_nodes=3502, patterns=2126, objective=0.853212
  Tested: params=(8, 13, 23, 7, 1)
  validation: F_1/7=0.872144, precision=0.870295, recall=0.973480, good=11306, bad=1685, missed=308, trie_nodes=7776, patterns=4938, objective=0.872072
  Tested: params=(9, 5, 28, 25, 4)
  validation: F_1/7=0.879949, precision=0.878260, recall=0.971500, good=11283, bad=1564, missed=331, trie_nodes=3243, patterns=2203, objective=0.879919
  Tested: params=(27, 25, 6, 27, 3)
  validation: F_1/7=0.948515, precision=0.948128, recall=0.967884, good=11241, bad=615, missed=373, trie_nodes=9220, patterns=6438, objective=0.948429
  Tested: params=(25, 27, 10, 4, 2)
  validation: F_1/7=0.945759, precision=0.945323, recall=0.967625, good=11238, bad=650, missed=376, trie_nodes=9094, patterns=6330, objective=0.945675
  Best so far: params=(28, 3, 6, 2, 2), score=0.950177, elapsed=26.0s

============================================================
Round 6/30
  Tested: params=(13, 25, 26, 1, 3)
  validation: F_1/7=0.901734, precision=0.900448, recall=0.969606, good=11261, bad=1245, missed=353, trie_nodes=8273, patterns=5604, objective=0.901657
  Tested: params=(13, 7, 4, 11, 5)
  validation: F_1/7=0.903485, precision=0.902163, recall=0.973394, good=11305, bad=1226, missed=309, trie_nodes=3492, patterns=2483, objective=0.903453
  Tested: params=(10, 16, 22, 11, 5)
  validation: F_1/7=0.882638, precision=0.880930, recall=0.975288, good=11327, bad=1531, missed=287, trie_nodes=3437, patterns=2259, objective=0.882606
  Tested: params=(29, 8, 15, 10, 2)
  validation: F_1/7=0.949578, precision=0.949267, recall=0.965042, good=11208, bad=599, missed=406, trie_nodes=9388, patterns=6516, objective=0.949491
  Tested: params=(2, 19, 16, 2, 2)
  validation: F_1/7=0.857845, precision=0.855760, recall=0.974169, good=11314, bad=1907, missed=300, trie_nodes=7955, patterns=4950, objective=0.857771
  Best so far: params=(28, 3, 6, 2, 2), score=0.950177, elapsed=31.1s

============================================================
Round 7/30
  Tested: params=(28, 8, 5, 15, 5)
  validation: F_1/7=0.953710, precision=0.953453, recall=0.966506, good=11225, bad=548, missed=389, trie_nodes=4541, patterns=3198, objective=0.953668
  Tested: params=(8, 21, 23, 8, 4)
  validation: F_1/7=0.869281, precision=0.867303, recall=0.978646, good=11366, bad=1739, missed=248, trie_nodes=3404, patterns=2128, objective=0.869249
  Tested: params=(12, 19, 20, 17, 1)
  validation: F_1/7=0.893855, precision=0.892383, recall=0.972447, good=11294, bad=1362, missed=320, trie_nodes=8163, patterns=5347, objective=0.893779
  Tested: params=(26, 10, 6, 2, 3)
  validation: F_1/7=0.949367, precision=0.948999, recall=0.967711, good=11239, bad=604, missed=375, trie_nodes=9022, patterns=6352, objective=0.949283
  Tested: params=(21, 1, 16, 7, 4)
  validation: F_1/7=0.941562, precision=0.941246, recall=0.957293, good=11118, bad=694, missed=496, trie_nodes=4522, patterns=3372, objective=0.941520
  Best so far: params=(28, 8, 5, 15, 5), score=0.953668, elapsed=35.9s

============================================================
Round 8/30
  Tested: params=(6, 21, 12, 29, 1)
  validation: F_1/7=0.866022, precision=0.864056, recall=0.974686, good=11320, bad=1781, missed=294, trie_nodes=8199, patterns=5126, objective=0.865946
  Tested: params=(11, 4, 28, 27, 2)
  validation: F_1/7=0.886298, precision=0.884736, recall=0.970208, good=11268, bad=1468, missed=346, trie_nodes=7983, patterns=5441, objective=0.886224
  Tested: params=(20, 25, 17, 16, 2)
  validation: F_1/7=0.934450, precision=0.933810, recall=0.966936, good=11230, bad=796, missed=384, trie_nodes=8920, patterns=6164, objective=0.934368
  Tested: params=(3, 27, 28, 19, 2)
  validation: F_1/7=0.857535, precision=0.855437, recall=0.974686, good=11320, bad=1913, missed=294, trie_nodes=8423, patterns=5115, objective=0.857457
  Tested: params=(11, 22, 27, 27, 4)
  validation: F_1/7=0.882752, precision=0.881049, recall=0.975116, good=11325, bad=1529, missed=289, trie_nodes=3552, patterns=2325, objective=0.882719
  Best so far: params=(28, 8, 5, 15, 5), score=0.953668, elapsed=41.0s

============================================================
Round 9/30
  Tested: params=(20, 3, 5, 27, 4)
  validation: F_1/7=0.939259, precision=0.938695, recall=0.967711, good=11239, bad=734, missed=375, trie_nodes=4094, patterns=2995, objective=0.939221
  Tested: params=(1, 4, 20, 1, 1)
  validation: F_1/7=0.864938, precision=0.863084, recall=0.966678, good=11227, bad=1781, missed=387, trie_nodes=7727, patterns=5284, objective=0.864866
  Tested: params=(17, 21, 20, 7, 4)
  validation: F_1/7=0.923002, precision=0.922118, recall=0.968486, good=11248, bad=950, missed=366, trie_nodes=3992, patterns=2758, objective=0.922965
  Tested: params=(8, 10, 23, 20, 5)
  validation: F_1/7=0.871081, precision=0.869159, recall=0.976924, good=11346, bad=1708, missed=268, trie_nodes=3140, patterns=2018, objective=0.871052
  Tested: params=(20, 18, 3, 12, 2)
  validation: F_1/7=0.934536, precision=0.933842, recall=0.969864, good=11264, bad=798, missed=350, trie_nodes=8792, patterns=6225, objective=0.934455
  Best so far: params=(28, 8, 5, 15, 5), score=0.953668, elapsed=46.3s

============================================================
Round 10/30
  Tested: params=(8, 30, 12, 27, 4)
  validation: F_1/7=0.868392, precision=0.866397, recall=0.978819, good=11368, bad=1753, missed=246, trie_nodes=3529, patterns=2187, objective=0.868359
  Tested: params=(24, 16, 18, 15, 1)
  validation: F_1/7=0.937474, precision=0.936900, recall=0.966506, good=11225, bad=756, missed=389, trie_nodes=9191, patterns=6363, objective=0.937389
  Tested: params=(22, 9, 1, 20, 1)
  validation: F_1/7=0.928688, precision=0.927827, recall=0.972964, good=11300, bad=879, missed=314, trie_nodes=9864, patterns=7355, objective=0.928597
  Tested: params=(29, 29, 28, 12, 1)
  validation: F_1/7=0.948985, precision=0.948675, recall=0.964439, good=11201, bad=606, missed=413, trie_nodes=9494, patterns=6572, objective=0.948897
  Tested: params=(28, 13, 29, 29, 5)
  validation: F_1/7=0.955011, precision=0.954947, recall=0.958154, good=11128, bad=525, missed=486, trie_nodes=4794, patterns=3241, objective=0.954967
  Best so far: params=(28, 13, 29, 29, 5), score=0.954967, elapsed=51.7s

============================================================
Round 11/30
  Tested: params=(9, 12, 26, 10, 1)
  validation: F_1/7=0.878578, precision=0.876843, recall=0.972878, good=11299, bad=1587, missed=315, trie_nodes=7832, patterns=5056, objective=0.878505
  Tested: params=(17, 29, 21, 18, 1)
  validation: F_1/7=0.920460, precision=0.919520, recall=0.969003, good=11254, bad=985, missed=360, trie_nodes=8736, patterns=5947, objective=0.920379
  Tested: params=(19, 30, 5, 16, 5)
  validation: F_1/7=0.936370, precision=0.935709, recall=0.969950, good=11265, bad=774, missed=349, trie_nodes=4184, patterns=2942, objective=0.936331
  Tested: params=(23, 21, 22, 11, 2)
  validation: F_1/7=0.936604, precision=0.936019, recall=0.966162, good=11221, bad=767, missed=393, trie_nodes=9139, patterns=6327, objective=0.936519
  Tested: params=(25, 25, 27, 28, 3)
  validation: F_1/7=0.945339, precision=0.944946, recall=0.965042, good=11208, bad=653, missed=406, trie_nodes=9359, patterns=6460, objective=0.945253
  Best so far: params=(28, 13, 29, 29, 5), score=0.954967, elapsed=56.9s

============================================================
Round 12/30
  Tested: params=(16, 24, 20, 22, 4)
  validation: F_1/7=0.922577, precision=0.921667, recall=0.969520, good=11260, bad=957, missed=354, trie_nodes=3965, patterns=2743, objective=0.922541
  Tested: params=(27, 11, 12, 3, 3)
  validation: F_1/7=0.949030, precision=0.948685, recall=0.966248, good=11222, bad=607, missed=392, trie_nodes=9180, patterns=6389, objective=0.948945
  Tested: params=(2, 14, 17, 9, 3)
  validation: F_1/7=0.858073, precision=0.855987, recall=0.974427, good=11317, bad=1904, missed=297, trie_nodes=7937, patterns=4884, objective=0.857999
  Tested: params=(1, 2, 25, 11, 1)
  validation: F_1/7=0.876677, precision=0.875029, recall=0.965817, good=11217, bad=1602, missed=397, trie_nodes=8767, patterns=6262, objective=0.876596
  Tested: params=(16, 24, 7, 19, 1)
  validation: F_1/7=0.920556, precision=0.919598, recall=0.970036, good=11266, bad=985, missed=348, trie_nodes=8590, patterns=5887, objective=0.920476
  Best so far: params=(28, 13, 29, 29, 5), score=0.954967, elapsed=61.6s

============================================================
Round 13/30
  Tested: params=(2, 16, 17, 20, 4)
  validation: F_1/7=0.854453, precision=0.852215, recall=0.980627, good=11389, bad=1975, missed=225, trie_nodes=3276, patterns=1989, objective=0.854422
  Tested: params=(30, 16, 10, 24, 2)
  validation: F_1/7=0.949672, precision=0.949336, recall=0.966420, good=11224, bad=599, missed=390, trie_nodes=9311, patterns=6478, objective=0.949586
  Tested: params=(14, 3, 1, 29, 5)
  validation: F_1/7=0.905742, precision=0.904401, recall=0.976666, good=11343, bad=1199, missed=271, trie_nodes=3928, patterns=3015, objective=0.905705
  Tested: params=(21, 13, 6, 5, 2)
  validation: F_1/7=0.935802, precision=0.935157, recall=0.968572, good=11249, bad=780, missed=365, trie_nodes=8826, patterns=6198, objective=0.935721
  Tested: params=(17, 22, 20, 9, 5)
  validation: F_1/7=0.922889, precision=0.922011, recall=0.968056, good=11243, bad=951, missed=371, trie_nodes=4000, patterns=2760, objective=0.922852
  Best so far: params=(28, 13, 29, 29, 5), score=0.954967, elapsed=66.1s

============================================================
Round 14/30
  Tested: params=(23, 17, 19, 13, 2)
  validation: F_1/7=0.936931, precision=0.936348, recall=0.966420, good=11224, bad=763, missed=390, trie_nodes=9113, patterns=6305, objective=0.936846
  Tested: params=(11, 23, 1, 4, 1)
  validation: F_1/7=0.884086, precision=0.882454, recall=0.972189, good=11291, bad=1504, missed=323, trie_nodes=8390, patterns=5803, objective=0.884008
  Tested: params=(2, 26, 22, 15, 1)
  validation: F_1/7=0.856479, precision=0.854362, recall=0.974858, good=11322, bad=1930, missed=292, trie_nodes=8416, patterns=5169, objective=0.856401
  Tested: params=(15, 15, 6, 14, 2)
  validation: F_1/7=0.912957, precision=0.911848, recall=0.970811, good=11275, bad=1090, missed=339, trie_nodes=8344, patterns=5695, objective=0.912880
  Tested: params=(19, 20, 2, 12, 4)
  validation: F_1/7=0.933593, precision=0.932784, recall=0.975030, good=11324, bad=816, missed=290, trie_nodes=4307, patterns=3128, objective=0.933553
  Best so far: params=(28, 13, 29, 29, 5), score=0.954967, elapsed=71.1s

============================================================
Round 15/30
  Tested: params=(16, 26, 20, 5, 1)
  validation: F_1/7=0.920697, precision=0.919758, recall=0.969175, good=11256, bad=982, missed=358, trie_nodes=8564, patterns=5872, objective=0.920618
  Tested: params=(20, 1, 18, 29, 3)
  validation: F_1/7=0.935324, precision=0.934764, recall=0.963578, good=11191, bad=781, missed=423, trie_nodes=9056, patterns=6814, objective=0.935240
  Tested: params=(12, 20, 14, 17, 5)
  validation: F_1/7=0.893635, precision=0.892120, recall=0.974772, good=11321, bad=1369, missed=293, trie_nodes=3598, patterns=2375, objective=0.893602
  Tested: params=(12, 29, 28, 6, 1)
  validation: F_1/7=0.893251, precision=0.891777, recall=0.972017, good=11289, bad=1370, missed=325, trie_nodes=8286, patterns=5416, objective=0.893175
  Tested: params=(4, 1, 3, 21, 1)
  validation: F_1/7=0.867715, precision=0.865823, recall=0.971758, good=11286, bad=1749, missed=328, trie_nodes=7995, patterns=6214, objective=0.867641
  Best so far: params=(28, 13, 29, 29, 5), score=0.954967, elapsed=76.5s

============================================================
Round 16/30
  Tested: params=(10, 26, 1, 25, 2)
  validation: F_1/7=0.882048, precision=0.880365, recall=0.973222, good=11303, bad=1536, missed=311, trie_nodes=8789, patterns=5783, objective=0.881966
  Tested: params=(4, 21, 19, 27, 4)
  validation: F_1/7=0.857247, precision=0.855070, recall=0.979421, good=11375, bad=1928, missed=239, trie_nodes=3447, patterns=2101, objective=0.857215
  Tested: params=(25, 9, 6, 23, 5)
  validation: F_1/7=0.950252, precision=0.949920, recall=0.966850, good=11229, bad=592, missed=385, trie_nodes=4412, patterns=3099, objective=0.950212
  Tested: params=(30, 13, 12, 24, 2)
  validation: F_1/7=0.949975, precision=0.949649, recall=0.966248, good=11222, bad=595, missed=392, trie_nodes=9316, patterns=6487, objective=0.949889
  Tested: params=(28, 26, 13, 23, 4)
  validation: F_1/7=0.954568, precision=0.954433, recall=0.961254, good=11164, bad=533, missed=450, trie_nodes=4735, patterns=3216, objective=0.954524
  Best so far: params=(28, 13, 29, 29, 5), score=0.954967, elapsed=81.5s

============================================================
Round 17/30
  Tested: params=(4, 28, 16, 25, 2)
  validation: F_1/7=0.860246, precision=0.858194, recall=0.974427, good=11317, bad=1870, missed=297, trie_nodes=8464, patterns=5201, objective=0.860168
  Tested: params=(27, 12, 1, 28, 1)
  validation: F_1/7=0.939246, precision=0.938591, recall=0.972533, good=11295, bad=739, missed=319, trie_nodes=10242, patterns=7558, objective=0.939151
  Tested: params=(10, 29, 29, 18, 4)
  validation: F_1/7=0.881458, precision=0.879727, recall=0.975547, good=11330, bad=1549, missed=284, trie_nodes=3590, patterns=2333, objective=0.881425
  Tested: params=(14, 9, 10, 21, 4)
  validation: F_1/7=0.907976, precision=0.906767, recall=0.971414, good=11282, bad=1160, missed=332, trie_nodes=3644, patterns=2534, objective=0.907942
  Tested: params=(24, 24, 3, 15, 1)
  validation: F_1/7=0.936564, precision=0.935896, recall=0.970467, good=11271, bad=772, missed=343, trie_nodes=9142, patterns=6491, objective=0.936479
  Best so far: params=(28, 13, 29, 29, 5), score=0.954967, elapsed=87.0s

============================================================
Round 18/30
  Tested: params=(17, 14, 27, 11, 1)
  validation: F_1/7=0.921214, precision=0.920285, recall=0.969175, good=11256, bad=975, missed=358, trie_nodes=8497, patterns=5875, objective=0.921135
  Tested: params=(5, 23, 19, 4, 1)
  validation: F_1/7=0.863439, precision=0.861439, recall=0.974255, good=11315, bad=1820, missed=299, trie_nodes=8165, patterns=5142, objective=0.863363
  Tested: params=(22, 3, 25, 22, 1)
  validation: F_1/7=0.937890, precision=0.937354, recall=0.964956, good=11207, bad=749, missed=407, trie_nodes=9004, patterns=6393, objective=0.937807
  Tested: params=(3, 30, 12, 12, 5)
  validation: F_1/7=0.854360, precision=0.852104, recall=0.981746, good=11402, bad=1979, missed=212, trie_nodes=3659, patterns=2187, objective=0.854326
  Tested: params=(29, 30, 23, 12, 1)
  validation: F_1/7=0.948985, precision=0.948675, recall=0.964439, good=11201, bad=606, missed=413, trie_nodes=9495, patterns=6573, objective=0.948897
  Best so far: params=(28, 13, 29, 29, 5), score=0.954967, elapsed=92.1s

============================================================
Round 19/30
  Tested: params=(24, 17, 13, 28, 1)
  validation: F_1/7=0.937966, precision=0.937375, recall=0.967884, good=11241, bad=751, missed=373, trie_nodes=9111, patterns=6337, objective=0.937882
  Tested: params=(15, 1, 15, 2, 1)
  validation: F_1/7=0.914844, precision=0.913933, recall=0.961856, good=11171, bad=1052, missed=443, trie_nodes=9111, patterns=7223, objective=0.914760
  Tested: params=(4, 20, 23, 18, 5)
  validation: F_1/7=0.857401, precision=0.855231, recall=0.979163, good=11372, bad=1925, missed=242, trie_nodes=3436, patterns=2095, objective=0.857369
  Tested: params=(12, 9, 27, 7, 5)
  validation: F_1/7=0.895250, precision=0.893780, recall=0.973739, good=11309, bad=1344, missed=305, trie_nodes=3450, patterns=2324, objective=0.895218
  Tested: params=(1, 30, 2, 27, 3)
  validation: F_1/7=0.856056, precision=0.853923, recall=0.975461, good=11329, bad=1938, missed=285, trie_nodes=8572, patterns=5311, objective=0.855977
  Best so far: params=(28, 13, 29, 29, 5), score=0.954967, elapsed=97.7s

============================================================
Round 20/30
  Tested: params=(30, 3, 17, 30, 3)
  validation: F_1/7=0.950200, precision=0.949928, recall=0.963751, good=11193, bad=590, missed=421, trie_nodes=9409, patterns=6629, objective=0.950113
  Tested: params=(19, 21, 14, 19, 3)
  validation: F_1/7=0.934126, precision=0.933466, recall=0.967625, good=11238, bad=801, missed=376, trie_nodes=8855, patterns=6113, objective=0.934044
  Tested: params=(28, 2, 9, 29, 5)
  validation: F_1/7=0.954983, precision=0.954876, recall=0.960220, good=11152, bad=527, missed=462, trie_nodes=4624, patterns=3261, objective=0.954940
  Tested: params=(14, 19, 9, 6, 3)
  validation: F_1/7=0.905582, precision=0.904349, recall=0.970381, good=11270, bad=1192, missed=344, trie_nodes=8374, patterns=5664, objective=0.905504
  Tested: params=(11, 18, 3, 30, 5)
  validation: F_1/7=0.882558, precision=0.880823, recall=0.976838, good=11345, bad=1535, missed=269, trie_nodes=3540, patterns=2343, objective=0.882525
  Best so far: params=(28, 13, 29, 29, 5), score=0.954967, elapsed=102.7s

============================================================
Round 21/30
  Tested: params=(21, 17, 10, 25, 4)
  validation: F_1/7=0.940373, precision=0.939861, recall=0.966162, good=11221, bad=718, missed=393, trie_nodes=4309, patterns=2984, objective=0.940333
  Tested: params=(5, 28, 25, 29, 4)
  validation: F_1/7=0.859345, precision=0.857186, recall=0.980369, good=11386, bad=1897, missed=228, trie_nodes=3619, patterns=2213, objective=0.859312
  Tested: params=(19, 13, 28, 26, 1)
  validation: F_1/7=0.934416, precision=0.933765, recall=0.967453, good=11236, bad=797, missed=378, trie_nodes=8718, patterns=6049, objective=0.934335
  Tested: params=(1, 12, 25, 30, 1)
  validation: F_1/7=0.857284, precision=0.855189, recall=0.974255, good=11315, bad=1916, missed=299, trie_nodes=7978, patterns=5019, objective=0.857210
  Tested: params=(18, 12, 30, 26, 5)
  validation: F_1/7=0.928847, precision=0.928134, recall=0.965214, good=11210, bad=868, missed=404, trie_nodes=4146, patterns=2867, objective=0.928809
  Best so far: params=(28, 13, 29, 29, 5), score=0.954967, elapsed=108.0s

============================================================
Round 22/30
  Tested: params=(15, 13, 9, 2, 5)
  validation: F_1/7=0.915764, precision=0.914724, recall=0.969778, good=11263, bad=1050, missed=351, trie_nodes=3752, patterns=2605, objective=0.915729
  Tested: params=(25, 30, 30, 17, 4)
  validation: F_1/7=0.950442, precision=0.950243, recall=0.960307, good=11153, bad=584, missed=461, trie_nodes=4658, patterns=3148, objective=0.950399
  Tested: params=(29, 26, 8, 14, 1)
  validation: F_1/7=0.949483, precision=0.949130, recall=0.967109, good=11232, bad=602, missed=382, trie_nodes=9272, patterns=6480, objective=0.949397
  Tested: params=(29, 19, 7, 21, 4)
  validation: F_1/7=0.953780, precision=0.953552, recall=0.965128, good=11209, bad=546, missed=405, trie_nodes=4615, patterns=3222, objective=0.953738
  Tested: params=(11, 4, 21, 16, 4)
  validation: F_1/7=0.886869, precision=0.885304, recall=0.970983, good=11277, bad=1461, missed=337, trie_nodes=3346, patterns=2309, objective=0.886838
  Best so far: params=(28, 13, 29, 29, 5), score=0.954967, elapsed=113.0s

============================================================
Round 23/30
  Tested: params=(16, 26, 17, 17, 5)
  validation: F_1/7=0.922308, precision=0.921402, recall=0.969003, good=11254, bad=960, missed=360, trie_nodes=4013, patterns=2766, objective=0.922271
  Tested: params=(13, 5, 1, 23, 4)
  validation: F_1/7=0.901564, precision=0.900143, recall=0.977183, good=11349, bad=1259, missed=265, trie_nodes=3803, patterns=2881, objective=0.901529
  Tested: params=(22, 7, 5, 1, 2)
  validation: F_1/7=0.937748, precision=0.937187, recall=0.966075, good=11220, bad=752, missed=394, trie_nodes=8678, patterns=6258, objective=0.937667
  Tested: params=(18, 12, 14, 28, 2)
  validation: F_1/7=0.925464, precision=0.924640, recall=0.967711, good=11239, bad=916, missed=375, trie_nodes=8656, patterns=6023, objective=0.925384
  Tested: params=(16, 24, 12, 19, 5)
  validation: F_1/7=0.922569, precision=0.921660, recall=0.969433, good=11259, bad=957, missed=355, trie_nodes=3995, patterns=2757, objective=0.922532
  Best so far: params=(28, 13, 29, 29, 5), score=0.954967, elapsed=118.0s

============================================================
Round 24/30
  Tested: params=(29, 5, 28, 15, 2)
  validation: F_1/7=0.949799, precision=0.949521, recall=0.963665, good=11192, bad=595, missed=422, trie_nodes=9418, patterns=6574, objective=0.949712
  Tested: params=(14, 30, 15, 10, 4)
  validation: F_1/7=0.907073, precision=0.905844, recall=0.971672, good=11285, bad=1173, missed=329, trie_nodes=3834, patterns=2624, objective=0.907037
  Tested: params=(8, 3, 4, 4, 1)
  validation: F_1/7=0.874059, precision=0.872275, recall=0.971414, good=11282, bad=1652, missed=332, trie_nodes=7403, patterns=5321, objective=0.873990
  Tested: params=(5, 20, 6, 11, 5)
  validation: F_1/7=0.860049, precision=0.857907, recall=0.979938, good=11381, bad=1885, missed=233, trie_nodes=3433, patterns=2119, objective=0.860018
  Tested: params=(15, 21, 6, 6, 1)
  validation: F_1/7=0.912825, precision=0.911724, recall=0.970208, good=11268, bad=1091, missed=346, trie_nodes=8446, patterns=5734, objective=0.912746
  Best so far: params=(28, 13, 29, 29, 5), score=0.954967, elapsed=123.4s

============================================================
Round 25/30
  Tested: params=(6, 9, 6, 3, 1)
  validation: F_1/7=0.867614, precision=0.865677, recall=0.974427, good=11317, bad=1756, missed=297, trie_nodes=7543, patterns=4882, objective=0.867544
  Tested: params=(14, 7, 11, 16, 4)
  validation: F_1/7=0.908578, precision=0.907400, recall=0.970294, good=11269, bad=1150, missed=345, trie_nodes=3604, patterns=2521, objective=0.908544
  Tested: params=(2, 24, 19, 3, 5)
  validation: F_1/7=0.854982, precision=0.852756, recall=0.980369, good=11386, bad=1966, missed=228, trie_nodes=3544, patterns=2137, objective=0.854949
  Tested: params=(28, 2, 9, 25, 4)
  validation: F_1/7=0.954869, precision=0.954771, recall=0.959704, good=11146, bad=528, missed=468, trie_nodes=4638, patterns=3280, objective=0.954826
  Tested: params=(6, 7, 12, 15, 4)
  validation: F_1/7=0.865705, precision=0.863702, recall=0.976666, good=11343, bad=1790, missed=271, trie_nodes=3041, patterns=1988, objective=0.865677
  Best so far: params=(28, 13, 29, 29, 5), score=0.954967, elapsed=128.4s

============================================================
Round 26/30
  Tested: params=(12, 14, 23, 2, 2)
  validation: F_1/7=0.894212, precision=0.892755, recall=0.971930, good=11288, bad=1356, missed=326, trie_nodes=7987, patterns=5282, objective=0.894138
  Tested: params=(22, 27, 16, 16, 1)
  validation: F_1/7=0.936825, precision=0.936229, recall=0.967023, good=11231, bad=765, missed=383, trie_nodes=9096, patterns=6295, objective=0.936741
  Tested: params=(14, 16, 8, 9, 2)
  validation: F_1/7=0.905493, precision=0.904250, recall=0.970897, good=11276, bad=1194, missed=338, trie_nodes=8305, patterns=5630, objective=0.905416
  Tested: params=(1, 10, 7, 10, 1)
  validation: F_1/7=0.857975, precision=0.855869, recall=0.975547, good=11330, bad=1908, missed=284, trie_nodes=7769, patterns=4959, objective=0.857903
  Tested: params=(27, 18, 21, 24, 3)
  validation: F_1/7=0.948536, precision=0.948210, recall=0.964784, good=11205, bad=612, missed=409, trie_nodes=9389, patterns=6477, objective=0.948449
  Best so far: params=(28, 13, 29, 29, 5), score=0.954967, elapsed=134.0s

============================================================
Round 27/30
  Tested: params=(3, 17, 18, 23, 3)
  validation: F_1/7=0.858543, precision=0.856462, recall=0.974600, good=11319, bad=1897, missed=295, trie_nodes=8133, patterns=4976, objective=0.858468
  Tested: params=(4, 9, 11, 20, 3)
  validation: F_1/7=0.863034, precision=0.861022, recall=0.974600, good=11319, bad=1827, missed=295, trie_nodes=7667, patterns=4857, objective=0.862963
  Tested: params=(11, 30, 19, 8, 1)
  validation: F_1/7=0.883195, precision=0.881549, recall=0.972103, good=11290, bad=1517, missed=324, trie_nodes=8252, patterns=5359, objective=0.883118
  Tested: params=(5, 8, 5, 6, 2)
  validation: F_1/7=0.865144, precision=0.863168, recall=0.974427, good=11317, bad=1794, missed=297, trie_nodes=7626, patterns=4916, objective=0.865073
  Tested: params=(6, 27, 3, 16, 3)
  validation: F_1/7=0.865315, precision=0.863345, recall=0.974255, good=11315, bad=1791, missed=299, trie_nodes=8398, patterns=5253, objective=0.865237
  Best so far: params=(28, 13, 29, 29, 5), score=0.954967, elapsed=139.0s

============================================================
Round 28/30
  Tested: params=(30, 4, 12, 30, 5)
  validation: F_1/7=0.956330, precision=0.956283, recall=0.958671, good=11134, bad=509, missed=480, trie_nodes=4684, patterns=3227, objective=0.956287
  Tested: params=(25, 8, 6, 21, 5)
  validation: F_1/7=0.950247, precision=0.949915, recall=0.966764, good=11228, bad=592, missed=386, trie_nodes=4405, patterns=3097, objective=0.950206
  Tested: params=(17, 18, 9, 24, 1)
  validation: F_1/7=0.920958, precision=0.920016, recall=0.969606, good=11261, bad=979, missed=353, trie_nodes=8564, patterns=5887, objective=0.920879
  Tested: params=(10, 13, 16, 8, 1)
  validation: F_1/7=0.884086, precision=0.882454, recall=0.972189, good=11291, bad=1504, missed=323, trie_nodes=7890, patterns=5181, objective=0.884013
  Tested: params=(19, 9, 18, 5, 3)
  validation: F_1/7=0.934610, precision=0.933971, recall=0.967023, good=11231, bad=794, missed=383, trie_nodes=8733, patterns=6068, objective=0.934529
  Best so far: params=(30, 4, 12, 30, 5), score=0.956287, elapsed=144.4s

============================================================
Round 29/30
  Tested: params=(16, 2, 11, 5, 1)
  validation: F_1/7=0.921541, precision=0.920700, recall=0.964698, good=11204, bad=965, missed=410, trie_nodes=8708, patterns=6564, objective=0.921460
  Tested: params=(30, 10, 25, 8, 4)
  validation: F_1/7=0.955444, precision=0.955405, recall=0.957379, good=11119, bad=519, missed=495, trie_nodes=4822, patterns=3255, objective=0.955399
  Tested: params=(23, 18, 15, 13, 2)
  validation: F_1/7=0.937188, precision=0.936603, recall=0.966764, good=11228, bad=760, missed=386, trie_nodes=9098, patterns=6299, objective=0.937104
  Tested: params=(28, 25, 29, 4, 4)
  validation: F_1/7=0.955028, precision=0.954959, recall=0.958412, good=11131, bad=525, missed=483, trie_nodes=4814, patterns=3248, objective=0.954983
  Tested: params=(29, 6, 2, 23, 3)
  validation: F_1/7=0.948548, precision=0.948108, recall=0.970639, good=11273, bad=617, missed=341, trie_nodes=9331, patterns=6769, objective=0.948462
  Best so far: params=(30, 4, 12, 30, 5), score=0.956287, elapsed=149.6s

============================================================
Round 30/30
  Tested: params=(26, 5, 24, 7, 1)
  validation: F_1/7=0.949440, precision=0.949144, recall=0.964181, good=11198, bad=600, missed=416, trie_nodes=9240, patterns=6480, objective=0.949354
  Tested: params=(5, 25, 20, 16, 2)
  validation: F_1/7=0.862829, precision=0.860815, recall=0.974514, good=11318, bad=1830, missed=296, trie_nodes=8346, patterns=5177, objective=0.862751
  Tested: params=(27, 12, 25, 14, 2)
  validation: F_1/7=0.948548, precision=0.948219, recall=0.964956, good=11207, bad=612, missed=407, trie_nodes=9345, patterns=6469, objective=0.948461
  Tested: params=(14, 10, 23, 16, 2)
  validation: F_1/7=0.905849, precision=0.904624, recall=0.970208, good=11268, bad=1188, missed=346, trie_nodes=8211, patterns=5594, objective=0.905773
  Tested: params=(27, 12, 17, 28, 4)
  validation: F_1/7=0.954557, precision=0.954425, recall=0.961081, good=11162, bad=533, missed=452, trie_nodes=4661, patterns=3163, objective=0.954514
  Best so far: params=(30, 4, 12, 30, 5), score=0.956287, elapsed=154.9s

============================================================
Final phase: 3 evaluations
  Tested: params=(4, 29, 19, 11, 1)
  validation: F_1/7=0.860310, precision=0.858259, recall=0.974427, good=11317, bad=1869, missed=297, trie_nodes=8439, patterns=5201, objective=0.860232
  Tested: params=(24, 19, 17, 27, 4)
  validation: F_1/7=0.942147, precision=0.941731, recall=0.962976, good=11184, bad=692, missed=430, trie_nodes=4562, patterns=3101, objective=0.942105
  Tested: params=(5, 10, 8, 23, 1)
  validation: F_1/7=0.865137, precision=0.863155, recall=0.974858, good=11322, bad=1795, missed=292, trie_nodes=7717, patterns=4930, objective=0.865066

============================================================
Threshold ablation run complete
Best parameters (b1 b2 b3 b4 thr): (30, 4, 12, 30, 5)
Thresholds: {'mode': 'shared', 'shared': 5, 'per_level': [5, 5, 5, 5]}
  validation-selected: F_1/7=0.956330, precision=0.956283, recall=0.958671, good=11134, bad=509, missed=480, trie_nodes=4684, patterns=3227, objective=0.956287
  held-out test: F_1/7=0.957711, precision=0.957707, recall=0.957954, good=11141, bad=492, missed=489, trie_nodes=4684, patterns=3227
Summary: results/threshold_ablation/cs/wiktionary/shared_random/summary.json
History: results/threshold_ablation/cs/wiktionary/shared_random/history.csv
Wall time: 159.8s
