Proportional trie_normalizer for cssk/cshyphen: |D| = 1141804
Objective: F17+Trie(w=0.0005)
Dataset: /home/dev/hyph-bench/data/cssk/cshyphen/cssk-all-weighted.wlhw_expanded.wlh
Translate: /home/dev/hyph-bench/data/cssk/cshyphen/cssk-all-weighted.wlhw_expanded.wlh.tra
Method: tpe | Threshold mode: perlayer
Search space (8-D): [(1, 30), (1, 30), (1, 30), (1, 30), (1, 5), (1, 5), (1, 5), (1, 5)]
Split counts: train=913444, validation=114180, test=114180
Pattern ranges: [(1, 4), (2, 5), (2, 6), (2, 7)]
Budget: 30 rounds x 5 + 3 final = 153 patgen evaluations; 3 parallel workers

============================================================
Round 1/30
  Tested: params=(12, 29, 22, 18, 1, 1, 1, 5)
  validation: F_1/7=0.927513, precision=0.926164, recall=0.998745, good=276248, bad=22023, missed=347, trie_nodes=13621, patterns=9952, objective=0.927507
  Tested: params=(19, 22, 1, 30, 5, 2, 1, 1)
  validation: F_1/7=0.933206, precision=0.931961, recall=0.998601, good=276208, bad=20165, missed=387, trie_nodes=15554, patterns=11886, objective=0.933199
  Tested: params=(10, 16, 13, 9, 4, 1, 2, 2)
  validation: F_1/7=0.923175, precision=0.921752, recall=0.998673, good=276228, bad=23449, missed=367, trie_nodes=13857, patterns=9930, objective=0.923168
  Tested: params=(14, 24, 6, 16, 3, 1, 4, 1)
  validation: F_1/7=0.928579, precision=0.927251, recall=0.998677, good=276229, bad=21672, missed=366, trie_nodes=12448, patterns=9126, objective=0.928574
  Tested: params=(2, 29, 29, 25, 2, 1, 4, 3)
  validation: F_1/7=0.902523, precision=0.900766, recall=0.997914, good=276018, bad=30408, missed=577, trie_nodes=19360, patterns=13820, objective=0.902514
  Best so far: params=(19, 22, 1, 30, 5, 2, 1, 1), score=0.933199, elapsed=104.3s

============================================================
Round 2/30
Proportional trie_normalizer for cssk/cshyphen: |D| = 1141804
Resumed from 5 observations in results/threshold_ablation/cssk/cshyphen/perlayer_tpe/state.pkl
Objective: F17+Trie(w=0.0005)
Dataset: /home/dev/hyph-bench/data/cssk/cshyphen/cssk-all-weighted.wlhw_expanded.wlh
Translate: /home/dev/hyph-bench/data/cssk/cshyphen/cssk-all-weighted.wlhw_expanded.wlh.tra
Method: tpe | Threshold mode: perlayer
Search space (8-D): [(1, 30), (1, 30), (1, 30), (1, 30), (1, 5), (1, 5), (1, 5), (1, 5)]
Split counts: train=913444, validation=114180, test=114180
Pattern ranges: [(1, 4), (2, 5), (2, 6), (2, 7)]
Budget: 30 rounds x 5 + 3 final = 153 patgen evaluations; 3 parallel workers

============================================================
Round 2/30
  Tested: params=(4, 15, 2, 28, 2, 4, 2, 3)
  validation: F_1/7=0.906868, precision=0.905173, recall=0.998532, good=276189, bad=28934, missed=406, trie_nodes=16499, patterns=12137, objective=0.906861
  Tested: params=(17, 6, 30, 24, 5, 5, 3, 5)
  validation: F_1/7=0.931616, precision=0.930339, recall=0.998811, good=276266, bad=20686, missed=329, trie_nodes=10818, patterns=8141, objective=0.931611
  Tested: params=(3, 6, 2, 10, 2, 2, 5, 2)
  validation: F_1/7=0.908834, precision=0.907185, recall=0.997683, good=275954, bad=28233, missed=641, trie_nodes=13955, patterns=11197, objective=0.908828
  Tested: params=(9, 17, 5, 25, 1, 5, 4, 1)
  validation: F_1/7=0.918285, precision=0.916782, recall=0.998489, good=276177, bad=25069, missed=418, trie_nodes=13332, patterns=9565, objective=0.918279
  Tested: params=(1, 25, 22, 22, 4, 1, 2, 1)
  validation: F_1/7=0.900602, precision=0.898806, recall=0.998330, good=276133, bad=31089, missed=462, trie_nodes=20570, patterns=15019, objective=0.900593
  Best so far: params=(19, 22, 1, 30, 5, 2, 1, 1), score=0.933199, elapsed=102.3s

============================================================
Round 3/30
  Tested: params=(27, 1, 12, 1, 5, 3, 1, 4)
  validation: F_1/7=0.962398, precision=0.961703, recall=0.997755, good=275974, bad=10990, missed=621, trie_nodes=15496, patterns=13232, objective=0.962391
  Tested: params=(27, 1, 13, 1, 5, 3, 1, 4)
  validation: F_1/7=0.962390, precision=0.961693, recall=0.997780, good=275981, bad=10993, missed=614, trie_nodes=15573, patterns=13288, objective=0.962383
  Tested: params=(26, 1, 12, 1, 5, 3, 1, 4)
  validation: F_1/7=0.960835, precision=0.960110, recall=0.997758, good=275975, bad=11466, missed=620, trie_nodes=15495, patterns=13241, objective=0.960828
  Tested: params=(26, 12, 11, 1, 5, 3, 1, 4)
  validation: F_1/7=0.960655, precision=0.959915, recall=0.998333, good=276134, bad=11531, missed=461, trie_nodes=13935, patterns=10685, objective=0.960648
  Tested: params=(26, 21, 12, 4, 5, 3, 1, 4)
  validation: F_1/7=0.960547, precision=0.959802, recall=0.998518, good=276185, bad=11567, missed=410, trie_nodes=14583, patterns=11042, objective=0.960541
  Best so far: params=(27, 1, 12, 1, 5, 3, 1, 4), score=0.962391, elapsed=199.1s

============================================================
Round 4/30
  Tested: params=(30, 1, 18, 7, 4, 4, 2, 4)
  validation: F_1/7=0.964658, precision=0.963995, recall=0.998286, good=276121, bad=10313, missed=474, trie_nodes=15972, patterns=13399, objective=0.964651
  Tested: params=(22, 1, 18, 8, 4, 4, 2, 4)
  validation: F_1/7=0.958052, precision=0.957263, recall=0.998341, good=276136, bad=12328, missed=459, trie_nodes=15494, patterns=13025, objective=0.958045
  Tested: params=(30, 1, 19, 8, 4, 4, 2, 4)
  validation: F_1/7=0.964678, precision=0.964015, recall=0.998286, good=276121, bad=10307, missed=474, trie_nodes=15974, patterns=13394, objective=0.964671
  Tested: params=(30, 1, 17, 8, 4, 4, 2, 4)
  validation: F_1/7=0.964645, precision=0.963982, recall=0.998294, good=276123, bad=10317, missed=472, trie_nodes=15946, patterns=13385, objective=0.964638
  Tested: params=(30, 1, 18, 7, 4, 4, 2, 4)
  validation: F_1/7=0.964658, precision=0.963995, recall=0.998286, good=276121, bad=10313, missed=474, trie_nodes=15972, patterns=13399, objective=0.964651
  Best so far: params=(30, 1, 19, 8, 4, 4, 2, 4), score=0.964671, elapsed=300.5s

============================================================
Round 5/30
  Tested: params=(20, 6, 24, 12, 3, 5, 3, 5)
  validation: F_1/7=0.946532, precision=0.945523, recall=0.998785, good=276259, bad=15917, missed=336, trie_nodes=12005, patterns=9245, objective=0.946527
  Tested: params=(21, 6, 23, 12, 3, 5, 3, 5)
  validation: F_1/7=0.951823, precision=0.950911, recall=0.998753, good=276250, bad=14261, missed=345, trie_nodes=12465, patterns=9678, objective=0.951817
  Tested: params=(21, 6, 23, 12, 3, 5, 3, 5)
  validation: F_1/7=0.951823, precision=0.950911, recall=0.998753, good=276250, bad=14261, missed=345, trie_nodes=12465, patterns=9678, objective=0.951817
  Tested: params=(22, 7, 22, 11, 3, 5, 3, 5)
  validation: F_1/7=0.957201, precision=0.956390, recall=0.998695, good=276234, bad=12596, missed=361, trie_nodes=13089, patterns=10125, objective=0.957195
  Tested: params=(21, 6, 23, 12, 3, 5, 3, 5)
  validation: F_1/7=0.951823, precision=0.950911, recall=0.998753, good=276250, bad=14261, missed=345, trie_nodes=12465, patterns=9678, objective=0.951817
  Best so far: params=(30, 1, 19, 8, 4, 4, 2, 4), score=0.964671, elapsed=397.1s

============================================================
Round 6/30
  Tested: params=(30, 9, 19, 5, 4, 4, 2, 3)
  validation: F_1/7=0.964904, precision=0.964242, recall=0.998507, good=276182, bad=10242, missed=413, trie_nodes=14552, patterns=11160, objective=0.964898
  Tested: params=(30, 9, 19, 5, 4, 4, 2, 3)
  validation: F_1/7=0.964904, precision=0.964242, recall=0.998507, good=276182, bad=10242, missed=413, trie_nodes=14552, patterns=11160, objective=0.964898
  Tested: params=(30, 10, 18, 5, 4, 4, 2, 3)
  validation: F_1/7=0.964911, precision=0.964249, recall=0.998510, good=276183, bad=10240, missed=412, trie_nodes=14572, patterns=11171, objective=0.964904
  Tested: params=(30, 9, 19, 5, 4, 4, 2, 3)
  validation: F_1/7=0.964904, precision=0.964242, recall=0.998507, good=276182, bad=10242, missed=413, trie_nodes=14552, patterns=11160, objective=0.964898
  Tested: params=(29, 11, 17, 6, 4, 4, 2, 3)
  validation: F_1/7=0.962099, precision=0.961383, recall=0.998543, good=276192, bad=11094, missed=403, trie_nodes=14387, patterns=10887, objective=0.962093
  Best so far: params=(30, 10, 18, 5, 4, 4, 2, 3), score=0.964904, elapsed=495.6s

============================================================
Round 7/30
  Tested: params=(23, 13, 27, 4, 4, 2, 3, 2)
  validation: F_1/7=0.957768, precision=0.956970, recall=0.998557, good=276196, bad=12419, missed=399, trie_nodes=14061, patterns=10609, objective=0.957762
  Tested: params=(24, 13, 27, 3, 4, 2, 3, 2)
  validation: F_1/7=0.958870, precision=0.958094, recall=0.998510, good=276183, bad=12080, missed=412, trie_nodes=14228, patterns=10718, objective=0.958864
  Tested: params=(23, 12, 26, 4, 4, 2, 3, 2)
  validation: F_1/7=0.957775, precision=0.956977, recall=0.998565, good=276198, bad=12417, missed=397, trie_nodes=14027, patterns=10597, objective=0.957769
  Tested: params=(24, 12, 15, 4, 4, 4, 3, 2)
  validation: F_1/7=0.958812, precision=0.958034, recall=0.998583, good=276203, bad=12099, missed=392, trie_nodes=13822, patterns=10411, objective=0.958806
  Tested: params=(24, 13, 26, 4, 4, 2, 3, 2)
  validation: F_1/7=0.958867, precision=0.958091, recall=0.998518, good=276185, bad=12081, missed=410, trie_nodes=14236, patterns=10719, objective=0.958861
  Best so far: params=(30, 10, 18, 5, 4, 4, 2, 3), score=0.964904, elapsed=591.9s

============================================================
Round 8/30
  Tested: params=(28, 9, 20, 15, 3, 4, 2, 3)
  validation: F_1/7=0.962077, precision=0.961359, recall=0.998608, good=276210, bad=11102, missed=385, trie_nodes=14688, patterns=11289, objective=0.962070
  Tested: params=(28, 9, 15, 16, 3, 4, 2, 3)
  validation: F_1/7=0.962067, precision=0.961349, recall=0.998612, good=276211, bad=11105, missed=384, trie_nodes=14662, patterns=11290, objective=0.962061
  Tested: params=(28, 9, 20, 15, 3, 4, 2, 3)
  validation: F_1/7=0.962077, precision=0.961359, recall=0.998608, good=276210, bad=11102, missed=385, trie_nodes=14688, patterns=11289, objective=0.962070
  Tested: params=(28, 9, 20, 18, 3, 4, 2, 3)
  validation: F_1/7=0.962077, precision=0.961359, recall=0.998608, good=276210, bad=11102, missed=385, trie_nodes=14688, patterns=11289, objective=0.962070
  Tested: params=(28, 9, 20, 14, 3, 4, 2, 3)
  validation: F_1/7=0.962077, precision=0.961359, recall=0.998608, good=276210, bad=11102, missed=385, trie_nodes=14688, patterns=11289, objective=0.962070
  Best so far: params=(30, 10, 18, 5, 4, 4, 2, 3), score=0.964904, elapsed=693.1s

============================================================
Round 9/30
  Tested: params=(15, 4, 8, 6, 1, 3, 5, 3)
  validation: F_1/7=0.929648, precision=0.928344, recall=0.998384, good=276148, bad=21315, missed=447, trie_nodes=10732, patterns=8363, objective=0.929644
  Tested: params=(17, 4, 10, 6, 1, 3, 5, 3)
  validation: F_1/7=0.932051, precision=0.930789, recall=0.998402, good=276153, bad=20534, missed=442, trie_nodes=10750, patterns=8391, objective=0.932047
  Tested: params=(17, 16, 9, 6, 1, 3, 5, 3)
  validation: F_1/7=0.931789, precision=0.930519, recall=0.998586, good=276204, bad=20624, missed=391, trie_nodes=11596, patterns=8667, objective=0.931784
  Tested: params=(12, 17, 10, 6, 1, 3, 5, 3)
  validation: F_1/7=0.927760, precision=0.926419, recall=0.998561, good=276197, bad=21937, missed=398, trie_nodes=11654, patterns=8651, objective=0.927754
  Tested: params=(17, 4, 16, 6, 1, 3, 5, 3)
  validation: F_1/7=0.932041, precision=0.930779, recall=0.998391, good=276150, bad=20537, missed=445, trie_nodes=10722, patterns=8341, objective=0.932037
  Best so far: params=(30, 10, 18, 5, 4, 4, 2, 3), score=0.964904, elapsed=790.2s

============================================================
Round 10/30
  Tested: params=(30, 15, 14, 3, 4, 4, 1, 3)
  validation: F_1/7=0.964857, precision=0.964195, recall=0.998427, good=276160, bad=10255, missed=435, trie_nodes=14818, patterns=11298, objective=0.964850
  Tested: params=(30, 10, 21, 10, 4, 4, 1, 3)
  validation: F_1/7=0.964908, precision=0.964246, recall=0.998518, good=276185, bad=10241, missed=410, trie_nodes=14629, patterns=11199, objective=0.964902
  Tested: params=(7, 20, 14, 9, 4, 4, 1, 3)
  validation: F_1/7=0.914195, precision=0.912622, recall=0.998514, good=276184, bad=26443, missed=411, trie_nodes=15671, patterns=11007, objective=0.914188
  Tested: params=(6, 15, 14, 9, 4, 4, 1, 3)
  validation: F_1/7=0.909636, precision=0.907986, recall=0.998514, good=276184, bad=27988, missed=411, trie_nodes=15351, patterns=10822, objective=0.909629
  Tested: params=(8, 20, 14, 9, 4, 4, 1, 3)
  validation: F_1/7=0.917685, precision=0.916170, recall=0.998590, good=276205, bad=25273, missed=390, trie_nodes=14695, patterns=10393, objective=0.917678
  Best so far: params=(30, 10, 18, 5, 4, 4, 2, 3), score=0.964904, elapsed=890.7s

============================================================
Round 11/30
  Tested: params=(26, 30, 21, 2, 5, 5, 1, 2)
  validation: F_1/7=0.960533, precision=0.959789, recall=0.998438, good=276163, bad=11570, missed=432, trie_nodes=14783, patterns=11024, objective=0.960526
  Tested: params=(26, 11, 21, 2, 5, 5, 4, 2)
  validation: F_1/7=0.960915, precision=0.960189, recall=0.997889, good=276011, bad=11444, missed=584, trie_nodes=11925, patterns=9087, objective=0.960909
  Tested: params=(26, 30, 21, 2, 5, 5, 1, 2)
  validation: F_1/7=0.960533, precision=0.959789, recall=0.998438, good=276163, bad=11570, missed=432, trie_nodes=14783, patterns=11024, objective=0.960526
  Tested: params=(26, 11, 21, 2, 5, 5, 1, 2)
  validation: F_1/7=0.960672, precision=0.959929, recall=0.998521, good=276186, bad=11529, missed=409, trie_nodes=14059, patterns=10639, objective=0.960666
  Tested: params=(25, 11, 21, 2, 5, 5, 4, 2)
  validation: F_1/7=0.959191, precision=0.958432, recall=0.997903, good=276015, bad=11971, missed=580, trie_nodes=11924, patterns=9064, objective=0.959186
  Best so far: params=(30, 10, 18, 5, 4, 4, 2, 3), score=0.964904, elapsed=989.8s

============================================================
Round 12/30
  Tested: params=(29, 8, 17, 5, 4, 4, 1, 3)
  validation: F_1/7=0.962109, precision=0.961393, recall=0.998536, good=276190, bad=11091, missed=405, trie_nodes=14251, patterns=10853, objective=0.962103
  Tested: params=(29, 8, 17, 5, 4, 4, 1, 3)
  validation: F_1/7=0.962109, precision=0.961393, recall=0.998536, good=276190, bad=11091, missed=405, trie_nodes=14251, patterns=10853, objective=0.962103
  Tested: params=(29, 8, 17, 3, 4, 4, 1, 3)
  validation: F_1/7=0.962107, precision=0.961392, recall=0.998507, good=276182, bad=11091, missed=413, trie_nodes=14218, patterns=10842, objective=0.962101
  Tested: params=(29, 8, 17, 18, 4, 4, 1, 3)
  validation: F_1/7=0.962104, precision=0.961387, recall=0.998557, good=276196, bad=11093, missed=399, trie_nodes=14270, patterns=10860, objective=0.962097
  Tested: params=(29, 8, 17, 5, 4, 4, 1, 3)
  validation: F_1/7=0.962109, precision=0.961393, recall=0.998536, good=276190, bad=11091, missed=405, trie_nodes=14251, patterns=10853, objective=0.962103
  Best so far: params=(30, 10, 18, 5, 4, 4, 2, 3), score=0.964904, elapsed=1088.6s

============================================================
Round 13/30
  Tested: params=(30, 27, 19, 10, 2, 3, 2, 4)
  validation: F_1/7=0.964664, precision=0.963997, recall=0.998532, good=276189, bad=10315, missed=406, trie_nodes=16089, patterns=12327, objective=0.964657
  Tested: params=(30, 26, 19, 7, 2, 3, 2, 4)
  validation: F_1/7=0.964664, precision=0.963997, recall=0.998529, good=276188, bad=10315, missed=407, trie_nodes=16084, patterns=12328, objective=0.964657
  Tested: params=(30, 14, 19, 28, 2, 3, 2, 4)
  validation: F_1/7=0.964747, precision=0.964081, recall=0.998536, good=276190, bad=10290, missed=405, trie_nodes=15510, patterns=12005, objective=0.964740
  Tested: params=(30, 14, 19, 29, 4, 3, 2, 4)
  validation: F_1/7=0.964881, precision=0.964218, recall=0.998507, good=276182, bad=10249, missed=413, trie_nodes=14874, patterns=11363, objective=0.964874
  Tested: params=(30, 27, 25, 10, 2, 3, 2, 4)
  validation: F_1/7=0.964679, precision=0.964013, recall=0.998500, good=276180, bad=10310, missed=415, trie_nodes=16229, patterns=12393, objective=0.964672
  Best so far: params=(30, 10, 18, 5, 4, 4, 2, 3), score=0.964904, elapsed=1185.8s

============================================================
Round 14/30
  Tested: params=(27, 10, 18, 25, 4, 4, 2, 3)
  validation: F_1/7=0.962210, precision=0.961496, recall=0.998590, good=276205, bad=11061, missed=390, trie_nodes=13984, patterns=10595, objective=0.962204
  Tested: params=(27, 17, 16, 30, 4, 4, 2, 3)
  validation: F_1/7=0.962120, precision=0.961404, recall=0.998561, good=276197, bad=11088, missed=398, trie_nodes=14486, patterns=10829, objective=0.962114
  Tested: params=(27, 18, 16, 28, 4, 4, 2, 3)
  validation: F_1/7=0.962101, precision=0.961384, recall=0.998568, good=276199, bad=11094, missed=396, trie_nodes=14549, patterns=10869, objective=0.962095
  Tested: params=(27, 18, 16, 30, 4, 4, 2, 3)
  validation: F_1/7=0.962101, precision=0.961384, recall=0.998568, good=276199, bad=11094, missed=396, trie_nodes=14549, patterns=10869, objective=0.962095
  Tested: params=(27, 17, 18, 29, 4, 4, 2, 3)
  validation: F_1/7=0.962127, precision=0.961411, recall=0.998557, good=276196, bad=11086, missed=399, trie_nodes=14470, patterns=10815, objective=0.962120
  Best so far: params=(30, 10, 18, 5, 4, 4, 2, 3), score=0.964904, elapsed=1277.5s

============================================================
Round 15/30
  Tested: params=(25, 10, 22, 3, 4, 1, 2, 4)
  validation: F_1/7=0.959007, precision=0.958232, recall=0.998557, good=276196, bad=12039, missed=399, trie_nodes=14037, patterns=10705, objective=0.959000
  Tested: params=(28, 14, 22, 20, 4, 4, 2, 4)
  validation: F_1/7=0.961870, precision=0.961148, recall=0.998608, good=276210, bad=11165, missed=385, trie_nodes=13736, patterns=10264, objective=0.961864
  Tested: params=(25, 10, 22, 24, 4, 1, 2, 4)
  validation: F_1/7=0.959001, precision=0.958226, recall=0.998579, good=276202, bad=12041, missed=393, trie_nodes=14046, patterns=10708, objective=0.958995
  Tested: params=(28, 14, 22, 21, 4, 4, 2, 4)
  validation: F_1/7=0.961870, precision=0.961148, recall=0.998608, good=276210, bad=11165, missed=385, trie_nodes=13736, patterns=10264, objective=0.961864
  Tested: params=(28, 10, 22, 20, 4, 4, 2, 4)
  validation: F_1/7=0.961955, precision=0.961235, recall=0.998608, good=276210, bad=11139, missed=385, trie_nodes=13610, patterns=10248, objective=0.961949
  Best so far: params=(30, 10, 18, 5, 4, 4, 2, 3), score=0.964904, elapsed=1378.8s

============================================================
Round 16/30
  Tested: params=(30, 14, 19, 26, 3, 3, 2, 1)
  validation: F_1/7=0.964780, precision=0.964115, recall=0.998532, good=276189, bad=10280, missed=406, trie_nodes=15633, patterns=12085, objective=0.964773
  Tested: params=(30, 14, 19, 26, 3, 3, 2, 3)
  validation: F_1/7=0.964780, precision=0.964115, recall=0.998532, good=276189, bad=10280, missed=406, trie_nodes=15633, patterns=12085, objective=0.964773
  Tested: params=(30, 14, 19, 8, 3, 3, 2, 3)
  validation: F_1/7=0.964786, precision=0.964122, recall=0.998532, good=276189, bad=10278, missed=406, trie_nodes=15637, patterns=12088, objective=0.964780
  Tested: params=(30, 15, 24, 26, 3, 3, 2, 3)
  validation: F_1/7=0.964781, precision=0.964117, recall=0.998492, good=276178, bad=10279, missed=417, trie_nodes=15851, patterns=12188, objective=0.964774
  Tested: params=(30, 15, 19, 27, 3, 3, 2, 3)
  validation: F_1/7=0.964773, precision=0.964108, recall=0.998525, good=276187, bad=10282, missed=408, trie_nodes=15743, patterns=12144, objective=0.964766
  Best so far: params=(30, 10, 18, 5, 4, 4, 2, 3), score=0.964904, elapsed=1486.1s

============================================================
Round 17/30
  Tested: params=(29, 12, 13, 8, 3, 4, 3, 3)
  validation: F_1/7=0.961980, precision=0.961261, recall=0.998586, good=276204, bad=11131, missed=391, trie_nodes=14988, patterns=11471, objective=0.961974
  Tested: params=(29, 5, 13, 8, 3, 4, 3, 3)
  validation: F_1/7=0.962051, precision=0.961334, recall=0.998565, good=276198, bad=11109, missed=397, trie_nodes=14738, patterns=11583, objective=0.962045
  Tested: params=(29, 5, 15, 7, 3, 4, 3, 3)
  validation: F_1/7=0.962055, precision=0.961338, recall=0.998568, good=276199, bad=11108, missed=396, trie_nodes=14749, patterns=11579, objective=0.962048
  Tested: params=(29, 12, 15, 8, 3, 4, 3, 3)
  validation: F_1/7=0.961980, precision=0.961261, recall=0.998586, good=276204, bad=11131, missed=391, trie_nodes=14996, patterns=11466, objective=0.961974
  Tested: params=(29, 5, 13, 8, 3, 4, 3, 3)
  validation: F_1/7=0.962051, precision=0.961334, recall=0.998565, good=276198, bad=11109, missed=397, trie_nodes=14738, patterns=11583, objective=0.962045
  Best so far: params=(30, 10, 18, 5, 4, 4, 2, 3), score=0.964904, elapsed=1607.2s

============================================================
Round 18/30
  Tested: params=(30, 16, 23, 5, 4, 2, 1, 3)
  validation: F_1/7=0.964920, precision=0.964260, recall=0.998442, good=276164, bad=10236, missed=431, trie_nodes=15281, patterns=11597, objective=0.964914
  Tested: params=(30, 16, 24, 5, 4, 2, 1, 3)
  validation: F_1/7=0.964923, precision=0.964263, recall=0.998424, good=276159, bad=10235, missed=436, trie_nodes=15324, patterns=11616, objective=0.964916
  Tested: params=(11, 16, 24, 5, 4, 2, 1, 3)
  validation: F_1/7=0.923610, precision=0.922197, recall=0.998568, good=276199, bad=23302, missed=396, trie_nodes=13468, patterns=9672, objective=0.923604
  Tested: params=(11, 16, 23, 5, 4, 2, 1, 3)
  validation: F_1/7=0.923607, precision=0.922194, recall=0.998572, good=276200, bad=23303, missed=395, trie_nodes=13461, patterns=9670, objective=0.923601
  Tested: params=(30, 16, 23, 5, 4, 2, 1, 3)
  validation: F_1/7=0.964920, precision=0.964260, recall=0.998442, good=276164, bad=10236, missed=431, trie_nodes=15281, patterns=11597, objective=0.964914
  Best so far: params=(30, 16, 24, 5, 4, 2, 1, 3), score=0.964916, elapsed=1721.2s

============================================================
Round 19/30
  Tested: params=(28, 7, 25, 4, 4, 2, 1, 3)
  validation: F_1/7=0.962268, precision=0.961556, recall=0.998503, good=276181, bad=11042, missed=414, trie_nodes=14329, patterns=10975, objective=0.962262
  Tested: params=(28, 7, 25, 4, 4, 2, 1, 3)
  validation: F_1/7=0.962268, precision=0.961556, recall=0.998503, good=276181, bad=11042, missed=414, trie_nodes=14329, patterns=10975, objective=0.962262
  Tested: params=(28, 18, 25, 4, 4, 2, 1, 3)
  validation: F_1/7=0.962184, precision=0.961471, recall=0.998471, good=276172, bad=11067, missed=423, trie_nodes=14950, patterns=11207, objective=0.962178
  Tested: params=(28, 7, 25, 1, 4, 2, 1, 3)
  validation: F_1/7=0.962275, precision=0.961564, recall=0.998456, good=276168, bad=11039, missed=427, trie_nodes=14319, patterns=10974, objective=0.962269
  Tested: params=(28, 19, 25, 4, 4, 2, 1, 3)
  validation: F_1/7=0.962191, precision=0.961478, recall=0.998482, good=276175, bad=11065, missed=420, trie_nodes=14914, patterns=11185, objective=0.962185
  Best so far: params=(30, 16, 24, 5, 4, 2, 1, 3), score=0.964916, elapsed=1907.6s

============================================================
Round 20/30
  Tested: params=(30, 22, 20, 3, 4, 1, 1, 5)
  validation: F_1/7=0.964836, precision=0.964173, recall=0.998471, good=276172, bad=10262, missed=423, trie_nodes=15266, patterns=11603, objective=0.964829
  Tested: params=(30, 23, 28, 3, 4, 1, 1, 5)
  validation: F_1/7=0.964841, precision=0.964179, recall=0.998431, good=276161, bad=10260, missed=434, trie_nodes=15550, patterns=11751, objective=0.964834
  Tested: params=(30, 13, 23, 3, 4, 1, 1, 5)
  validation: F_1/7=0.964912, precision=0.964250, recall=0.998463, good=276170, bad=10239, missed=425, trie_nodes=14902, patterns=11377, objective=0.964905
  Tested: params=(30, 13, 28, 3, 4, 1, 1, 2)
  validation: F_1/7=0.964946, precision=0.964286, recall=0.998431, good=276161, bad=10228, missed=434, trie_nodes=15042, patterns=11454, objective=0.964940
  Tested: params=(30, 13, 20, 3, 4, 1, 1, 5)
  validation: F_1/7=0.964913, precision=0.964251, recall=0.998482, good=276175, bad=10239, missed=420, trie_nodes=14789, patterns=11323, objective=0.964906
  Best so far: params=(30, 13, 28, 3, 4, 1, 1, 2), score=0.964940, elapsed=2083.4s

============================================================
Round 21/30
  Tested: params=(29, 13, 29, 1, 5, 1, 1, 5)
  validation: F_1/7=0.962153, precision=0.961440, recall=0.998438, good=276163, bad=11076, missed=432, trie_nodes=14636, patterns=11059, objective=0.962146
  Tested: params=(29, 13, 30, 1, 5, 1, 1, 1)
  validation: F_1/7=0.962175, precision=0.961464, recall=0.998362, good=276142, bad=11068, missed=453, trie_nodes=14694, patterns=11101, objective=0.962169
  Tested: params=(4, 13, 30, 1, 5, 1, 1, 1)
  validation: F_1/7=0.907328, precision=0.905657, recall=0.997466, good=275894, bad=28740, missed=701, trie_nodes=15381, patterns=11277, objective=0.907321
  Tested: params=(29, 13, 29, 1, 4, 1, 1, 1)
  validation: F_1/7=0.962166, precision=0.961454, recall=0.998373, good=276145, bad=11071, missed=450, trie_nodes=14671, patterns=11095, objective=0.962159
  Tested: params=(29, 11, 30, 1, 5, 1, 1, 5)
  validation: F_1/7=0.962189, precision=0.961477, recall=0.998445, good=276165, bad=11065, missed=430, trie_nodes=14580, patterns=11060, objective=0.962183
  Best so far: params=(30, 13, 28, 3, 4, 1, 1, 2), score=0.964940, elapsed=2243.5s

============================================================
Round 22/30
  Tested: params=(27, 11, 20, 7, 4, 1, 1, 2)
  validation: F_1/7=0.962291, precision=0.961578, recall=0.998554, good=276195, bad=11036, missed=400, trie_nodes=14234, patterns=10821, objective=0.962284
  Tested: params=(27, 11, 23, 7, 4, 1, 1, 2)
  validation: F_1/7=0.962289, precision=0.961577, recall=0.998529, good=276188, bad=11036, missed=407, trie_nodes=14351, patterns=10874, objective=0.962283
  Tested: params=(18, 11, 23, 7, 4, 1, 1, 2)
  validation: F_1/7=0.931830, precision=0.930557, recall=0.998792, good=276261, bad=20616, missed=334, trie_nodes=11533, patterns=8610, objective=0.931825
  Tested: params=(27, 11, 23, 6, 4, 1, 1, 2)
  validation: F_1/7=0.962289, precision=0.961577, recall=0.998529, good=276188, bad=11036, missed=407, trie_nodes=14350, patterns=10874, objective=0.962283
  Tested: params=(19, 11, 23, 7, 4, 1, 1, 2)
  validation: F_1/7=0.934269, precision=0.933039, recall=0.998782, good=276258, bad=19826, missed=337, trie_nodes=11707, patterns=8735, objective=0.934264
  Best so far: params=(30, 13, 28, 3, 4, 1, 1, 2), score=0.964940, elapsed=2353.3s

============================================================
Round 23/30
  Tested: params=(30, 12, 27, 5, 4, 2, 1, 5)
  validation: F_1/7=0.964932, precision=0.964271, recall=0.998467, good=276171, bad=10233, missed=424, trie_nodes=14939, patterns=11391, objective=0.964925
  Tested: params=(30, 9, 27, 5, 4, 2, 1, 3)
  validation: F_1/7=0.964977, precision=0.964317, recall=0.998445, good=276165, bad=10219, missed=430, trie_nodes=14876, patterns=11408, objective=0.964970
  Tested: params=(14, 9, 21, 5, 4, 2, 1, 5)
  validation: F_1/7=0.928742, precision=0.927414, recall=0.998836, good=276273, bad=21623, missed=322, trie_nodes=11338, patterns=8493, objective=0.928737
  Tested: params=(14, 9, 21, 5, 4, 2, 1, 5)
  validation: F_1/7=0.928742, precision=0.927414, recall=0.998836, good=276273, bad=21623, missed=322, trie_nodes=11338, patterns=8493, objective=0.928737
  Tested: params=(30, 9, 27, 6, 4, 2, 1, 5)
  validation: F_1/7=0.964951, precision=0.964291, recall=0.998463, good=276170, bad=10227, missed=425, trie_nodes=14801, patterns=11358, objective=0.964945
  Best so far: params=(30, 9, 27, 5, 4, 2, 1, 3), score=0.964970, elapsed=2449.9s

============================================================
Round 24/30
  Tested: params=(30, 12, 27, 6, 4, 2, 1, 5)
  validation: F_1/7=0.964932, precision=0.964271, recall=0.998471, good=276172, bad=10233, missed=423, trie_nodes=14942, patterns=11392, objective=0.964925
  Tested: params=(30, 16, 26, 6, 4, 2, 1, 5)
  validation: F_1/7=0.964878, precision=0.964216, recall=0.998445, good=276165, bad=10249, missed=430, trie_nodes=15259, patterns=11565, objective=0.964871
  Tested: params=(30, 12, 27, 6, 4, 2, 1, 5)
  validation: F_1/7=0.964932, precision=0.964271, recall=0.998471, good=276172, bad=10233, missed=423, trie_nodes=14942, patterns=11392, objective=0.964925
  Tested: params=(30, 12, 28, 6, 4, 2, 1, 5)
  validation: F_1/7=0.964932, precision=0.964271, recall=0.998474, good=276173, bad=10233, missed=422, trie_nodes=14933, patterns=11387, objective=0.964926
  Tested: params=(30, 12, 27, 6, 4, 2, 1, 5)
  validation: F_1/7=0.964932, precision=0.964271, recall=0.998471, good=276172, bad=10233, missed=423, trie_nodes=14942, patterns=11392, objective=0.964925
  Best so far: params=(30, 9, 27, 5, 4, 2, 1, 3), score=0.964970, elapsed=2545.2s

============================================================
Round 25/30
  Tested: params=(29, 12, 27, 6, 4, 2, 1, 5)
  validation: F_1/7=0.962144, precision=0.961429, recall=0.998514, good=276184, bad=11080, missed=411, trie_nodes=14611, patterns=11043, objective=0.962137
  Tested: params=(29, 12, 27, 6, 4, 2, 1, 5)
  validation: F_1/7=0.962144, precision=0.961429, recall=0.998514, good=276184, bad=11080, missed=411, trie_nodes=14611, patterns=11043, objective=0.962137
  Tested: params=(29, 12, 27, 6, 4, 2, 1, 5)
  validation: F_1/7=0.962144, precision=0.961429, recall=0.998514, good=276184, bad=11080, missed=411, trie_nodes=14611, patterns=11043, objective=0.962137
  Tested: params=(29, 15, 27, 6, 4, 2, 1, 5)
  validation: F_1/7=0.962107, precision=0.961392, recall=0.998492, good=276178, bad=11091, missed=417, trie_nodes=14854, patterns=11167, objective=0.962100
  Tested: params=(29, 12, 27, 6, 4, 2, 1, 5)
  validation: F_1/7=0.962144, precision=0.961429, recall=0.998514, good=276184, bad=11080, missed=411, trie_nodes=14611, patterns=11043, objective=0.962137
  Best so far: params=(30, 9, 27, 5, 4, 2, 1, 3), score=0.964970, elapsed=2640.9s

============================================================
Round 26/30
  Tested: params=(30, 13, 28, 3, 4, 2, 1, 5)
  validation: F_1/7=0.964924, precision=0.964263, recall=0.998445, good=276165, bad=10235, missed=430, trie_nodes=14996, patterns=11420, objective=0.964917
  Tested: params=(30, 13, 28, 4, 4, 2, 1, 5)
  validation: F_1/7=0.964918, precision=0.964257, recall=0.998453, good=276167, bad=10237, missed=428, trie_nodes=15000, patterns=11419, objective=0.964911
  Tested: params=(30, 13, 29, 3, 4, 2, 1, 5)
  validation: F_1/7=0.964924, precision=0.964263, recall=0.998445, good=276165, bad=10235, missed=430, trie_nodes=14996, patterns=11420, objective=0.964917
  Tested: params=(30, 13, 28, 4, 4, 2, 1, 5)
  validation: F_1/7=0.964918, precision=0.964257, recall=0.998453, good=276167, bad=10237, missed=428, trie_nodes=15000, patterns=11419, objective=0.964911
  Tested: params=(30, 13, 28, 3, 4, 2, 1, 5)
  validation: F_1/7=0.964924, precision=0.964263, recall=0.998445, good=276165, bad=10235, missed=430, trie_nodes=14996, patterns=11420, objective=0.964917
  Best so far: params=(30, 9, 27, 5, 4, 2, 1, 3), score=0.964970, elapsed=2736.0s

============================================================
Round 27/30
  Tested: params=(28, 10, 29, 2, 4, 2, 1, 5)
  validation: F_1/7=0.962248, precision=0.961536, recall=0.998500, good=276180, bad=11048, missed=415, trie_nodes=14326, patterns=10890, objective=0.962242
  Tested: params=(28, 10, 29, 2, 4, 2, 1, 5)
  validation: F_1/7=0.962248, precision=0.961536, recall=0.998500, good=276180, bad=11048, missed=415, trie_nodes=14326, patterns=10890, objective=0.962242
  Tested: params=(28, 10, 29, 2, 4, 2, 1, 5)
  validation: F_1/7=0.962248, precision=0.961536, recall=0.998500, good=276180, bad=11048, missed=415, trie_nodes=14326, patterns=10890, objective=0.962242
  Tested: params=(28, 15, 29, 2, 4, 2, 1, 5)
  validation: F_1/7=0.962197, precision=0.961484, recall=0.998463, good=276170, bad=11063, missed=425, trie_nodes=14673, patterns=11040, objective=0.962191
  Tested: params=(28, 10, 29, 2, 4, 2, 1, 5)
  validation: F_1/7=0.962248, precision=0.961536, recall=0.998500, good=276180, bad=11048, missed=415, trie_nodes=14326, patterns=10890, objective=0.962242
  Best so far: params=(30, 9, 27, 5, 4, 2, 1, 3), score=0.964970, elapsed=2827.5s

============================================================
Round 28/30
  Tested: params=(30, 17, 26, 5, 4, 2, 1, 5)
  validation: F_1/7=0.964864, precision=0.964203, recall=0.998442, good=276164, bad=10253, missed=431, trie_nodes=15378, patterns=11633, objective=0.964858
  Tested: params=(30, 17, 26, 5, 4, 2, 1, 5)
  validation: F_1/7=0.964864, precision=0.964203, recall=0.998442, good=276164, bad=10253, missed=431, trie_nodes=15378, patterns=11633, objective=0.964858
  Tested: params=(30, 14, 26, 5, 4, 2, 1, 5)
  validation: F_1/7=0.964895, precision=0.964234, recall=0.998463, good=276170, bad=10244, missed=425, trie_nodes=15053, patterns=11453, objective=0.964889
  Tested: params=(30, 17, 26, 5, 4, 2, 1, 5)
  validation: F_1/7=0.964864, precision=0.964203, recall=0.998442, good=276164, bad=10253, missed=431, trie_nodes=15378, patterns=11633, objective=0.964858
  Tested: params=(30, 17, 26, 5, 4, 2, 1, 5)
  validation: F_1/7=0.964864, precision=0.964203, recall=0.998442, good=276164, bad=10253, missed=431, trie_nodes=15378, patterns=11633, objective=0.964858
  Best so far: params=(30, 9, 27, 5, 4, 2, 1, 3), score=0.964970, elapsed=2923.4s

============================================================
Round 29/30
  Tested: params=(29, 16, 28, 4, 4, 2, 1, 5)
  validation: F_1/7=0.962102, precision=0.961387, recall=0.998471, good=276172, bad=11092, missed=423, trie_nodes=14887, patterns=11188, objective=0.962096
  Tested: params=(29, 12, 28, 4, 4, 2, 1, 5)
  validation: F_1/7=0.962149, precision=0.961435, recall=0.998496, good=276179, bad=11078, missed=416, trie_nodes=14605, patterns=11040, objective=0.962143
  Tested: params=(29, 16, 28, 4, 4, 2, 1, 5)
  validation: F_1/7=0.962102, precision=0.961387, recall=0.998471, good=276172, bad=11092, missed=423, trie_nodes=14887, patterns=11188, objective=0.962096
  Tested: params=(29, 16, 28, 4, 4, 2, 1, 5)
  validation: F_1/7=0.962102, precision=0.961387, recall=0.998471, good=276172, bad=11092, missed=423, trie_nodes=14887, patterns=11188, objective=0.962096
  Tested: params=(29, 16, 28, 4, 4, 2, 1, 5)
  validation: F_1/7=0.962102, precision=0.961387, recall=0.998471, good=276172, bad=11092, missed=423, trie_nodes=14887, patterns=11188, objective=0.962096
  Best so far: params=(30, 9, 27, 5, 4, 2, 1, 3), score=0.964970, elapsed=3016.7s

============================================================
Round 30/30
  Tested: params=(30, 14, 27, 3, 4, 2, 1, 5)
  validation: F_1/7=0.964914, precision=0.964253, recall=0.998438, good=276163, bad=10238, missed=432, trie_nodes=15058, patterns=11458, objective=0.964907
  Tested: params=(30, 14, 27, 3, 4, 2, 1, 5)
  validation: F_1/7=0.964914, precision=0.964253, recall=0.998438, good=276163, bad=10238, missed=432, trie_nodes=15058, patterns=11458, objective=0.964907
  Tested: params=(30, 14, 27, 3, 4, 2, 1, 5)
  validation: F_1/7=0.964914, precision=0.964253, recall=0.998438, good=276163, bad=10238, missed=432, trie_nodes=15058, patterns=11458, objective=0.964907
  Tested: params=(30, 14, 27, 3, 4, 2, 1, 5)
  validation: F_1/7=0.964914, precision=0.964253, recall=0.998438, good=276163, bad=10238, missed=432, trie_nodes=15058, patterns=11458, objective=0.964907
  Tested: params=(30, 14, 4, 3, 4, 2, 1, 5)
  validation: F_1/7=0.964605, precision=0.963940, recall=0.998351, good=276139, bad=10330, missed=456, trie_nodes=14408, patterns=11329, objective=0.964599
  Best so far: params=(30, 9, 27, 5, 4, 2, 1, 3), score=0.964970, elapsed=3118.2s

============================================================
Final phase: 3 evaluations
  Tested: params=(1, 12, 30, 7, 4, 2, 1, 5)
  validation: F_1/7=0.901198, precision=0.899411, recall=0.998384, good=276148, bad=30884, missed=447, trie_nodes=17220, patterns=12781, objective=0.901190
  Tested: params=(29, 12, 30, 7, 4, 2, 1, 5)
  validation: F_1/7=0.962151, precision=0.961436, recall=0.998518, good=276185, bad=11078, missed=410, trie_nodes=14614, patterns=11043, objective=0.962144
  Tested: params=(29, 12, 30, 7, 4, 2, 1, 5)
  validation: F_1/7=0.962151, precision=0.961436, recall=0.998518, good=276185, bad=11078, missed=410, trie_nodes=14614, patterns=11043, objective=0.962144

============================================================
Threshold ablation run complete
Best parameters (b1..b4 thr1..thr4): (30, 9, 27, 5, 4, 2, 1, 3)
Thresholds: {'mode': 'perlayer', 'shared': None, 'per_level': [4, 2, 1, 3]}
  validation-selected: F_1/7=0.964977, precision=0.964317, recall=0.998445, good=276165, bad=10219, missed=430, trie_nodes=14876, patterns=11408, objective=0.964970
  held-out test: F_1/7=0.964945, precision=0.964284, recall=0.998448, good=276009, bad=10223, missed=429, trie_nodes=14876, patterns=11408
Summary: results/threshold_ablation/cssk/cshyphen/perlayer_tpe/summary.json
History: results/threshold_ablation/cssk/cshyphen/perlayer_tpe/history.csv
Wall time: 3212.8s
