Proportional trie_normalizer for cssk/cshyphen: |D| = 1141804
Objective: F17+Trie(w=0.0005)
Dataset: /home/dev/hyph-bench/data/cssk/cshyphen/cssk-all-weighted.wlhw_expanded.wlh
Translate: /home/dev/hyph-bench/data/cssk/cshyphen/cssk-all-weighted.wlhw_expanded.wlh.tra
Method: random | Threshold mode: perlayer
Search space (8-D): [(1, 30), (1, 30), (1, 30), (1, 30), (1, 5), (1, 5), (1, 5), (1, 5)]
Split counts: train=913444, validation=114180, test=114180
Pattern ranges: [(1, 4), (2, 5), (2, 6), (2, 7)]
Budget: 30 rounds x 5 + 3 final = 153 patgen evaluations; 3 parallel workers

============================================================
Round 1/30
  Tested: params=(12, 29, 22, 18, 1, 1, 1, 5)
  validation: F_1/7=0.927513, precision=0.926164, recall=0.998745, good=276248, bad=22023, missed=347, trie_nodes=13621, patterns=9952, objective=0.927507
  Tested: params=(19, 22, 1, 30, 5, 2, 1, 1)
  validation: F_1/7=0.933206, precision=0.931961, recall=0.998601, good=276208, bad=20165, missed=387, trie_nodes=15554, patterns=11886, objective=0.933199
  Tested: params=(10, 16, 13, 9, 4, 1, 2, 2)
  validation: F_1/7=0.923175, precision=0.921752, recall=0.998673, good=276228, bad=23449, missed=367, trie_nodes=13857, patterns=9930, objective=0.923168
  Tested: params=(14, 24, 6, 16, 3, 1, 4, 1)
  validation: F_1/7=0.928579, precision=0.927251, recall=0.998677, good=276229, bad=21672, missed=366, trie_nodes=12448, patterns=9126, objective=0.928574
  Tested: params=(2, 29, 29, 25, 2, 1, 4, 3)
  validation: F_1/7=0.902523, precision=0.900766, recall=0.997914, good=276018, bad=30408, missed=577, trie_nodes=19360, patterns=13820, objective=0.902514
  Best so far: params=(19, 22, 1, 30, 5, 2, 1, 1), score=0.933199, elapsed=101.7s

============================================================
Round 2/30
  Tested: params=(4, 15, 2, 28, 2, 4, 2, 3)
  validation: F_1/7=0.906868, precision=0.905173, recall=0.998532, good=276189, bad=28934, missed=406, trie_nodes=16499, patterns=12137, objective=0.906861
  Tested: params=(17, 6, 30, 24, 5, 5, 3, 5)
  validation: F_1/7=0.931616, precision=0.930339, recall=0.998811, good=276266, bad=20686, missed=329, trie_nodes=10818, patterns=8141, objective=0.931611
  Tested: params=(3, 6, 2, 10, 2, 2, 5, 2)
  validation: F_1/7=0.908834, precision=0.907185, recall=0.997683, good=275954, bad=28233, missed=641, trie_nodes=13955, patterns=11197, objective=0.908828
  Tested: params=(9, 17, 5, 25, 1, 5, 4, 1)
  validation: F_1/7=0.918285, precision=0.916782, recall=0.998489, good=276177, bad=25069, missed=418, trie_nodes=13332, patterns=9565, objective=0.918279
  Tested: params=(1, 25, 22, 22, 4, 1, 2, 1)
  validation: F_1/7=0.900602, precision=0.898806, recall=0.998330, good=276133, bad=31089, missed=462, trie_nodes=20570, patterns=15019, objective=0.900593
  Best so far: params=(19, 22, 1, 30, 5, 2, 1, 1), score=0.933199, elapsed=201.4s

============================================================
Round 3/30
  Tested: params=(26, 19, 10, 2, 2, 2, 4, 4)
  validation: F_1/7=0.960458, precision=0.959716, recall=0.998275, good=276118, bad=11590, missed=477, trie_nodes=14112, patterns=10932, objective=0.960452
  Tested: params=(27, 15, 4, 22, 4, 3, 4, 3)
  validation: F_1/7=0.962372, precision=0.961670, recall=0.998051, good=276056, bad=11003, missed=539, trie_nodes=12809, patterns=9887, objective=0.962366
  Tested: params=(16, 13, 1, 4, 1, 4, 2, 3)
  validation: F_1/7=0.929406, precision=0.928120, recall=0.997090, good=275790, bad=21359, missed=805, trie_nodes=13126, patterns=10406, objective=0.929400
  Tested: params=(28, 8, 13, 23, 2, 1, 2, 1)
  validation: F_1/7=0.962155, precision=0.961439, recall=0.998601, good=276208, bad=11078, missed=387, trie_nodes=14703, patterns=11470, objective=0.962149
  Tested: params=(28, 25, 20, 27, 5, 1, 5, 3)
  validation: F_1/7=0.962337, precision=0.961638, recall=0.997903, good=276015, bad=11011, missed=580, trie_nodes=13087, patterns=9831, objective=0.962331
  Best so far: params=(27, 15, 4, 22, 4, 3, 4, 3), score=0.962366, elapsed=301.5s

============================================================
Round 4/30
  Tested: params=(25, 27, 10, 4, 2, 3, 5, 5)
  validation: F_1/7=0.958808, precision=0.958034, recall=0.998341, good=276136, bad=12096, missed=459, trie_nodes=14631, patterns=11197, objective=0.958802
  Tested: params=(1, 16, 13, 7, 1, 2, 5, 2)
  validation: F_1/7=0.901297, precision=0.899521, recall=0.997816, good=275991, bad=30829, missed=604, trie_nodes=16788, patterns=12429, objective=0.901289
  Tested: params=(16, 22, 11, 30, 5, 2, 3, 2)
  validation: F_1/7=0.930219, precision=0.928918, recall=0.998792, good=276261, bad=21140, missed=334, trie_nodes=12570, patterns=9155, objective=0.930214
  Tested: params=(9, 2, 19, 16, 1, 2, 5, 2)
  validation: F_1/7=0.920437, precision=0.918982, recall=0.997834, good=275996, bad=24332, missed=599, trie_nodes=12522, patterns=9940, objective=0.920431
  Tested: params=(5, 15, 30, 8, 4, 4, 2, 4)
  validation: F_1/7=0.908683, precision=0.907016, recall=0.998637, good=276218, bad=28317, missed=377, trie_nodes=13512, patterns=9533, objective=0.908677
  Best so far: params=(27, 15, 4, 22, 4, 3, 4, 3), score=0.962366, elapsed=401.8s

============================================================
Round 5/30
  Tested: params=(12, 19, 20, 17, 1, 5, 2, 1)
  validation: F_1/7=0.927571, precision=0.926223, recall=0.998829, good=276271, bad=22006, missed=324, trie_nodes=12500, patterns=9114, objective=0.927566
  Tested: params=(2, 18, 21, 1, 3, 2, 4, 1)
  validation: F_1/7=0.903256, precision=0.901538, recall=0.996305, good=275573, bad=30097, missed=1022, trie_nodes=15668, patterns=11526, objective=0.903249
  Tested: params=(21, 12, 29, 5, 2, 1, 5, 5)
  validation: F_1/7=0.952096, precision=0.951194, recall=0.998449, good=276166, bad=14170, missed=429, trie_nodes=12520, patterns=9639, objective=0.952090
  Tested: params=(8, 20, 25, 17, 3, 2, 1, 5)
  validation: F_1/7=0.917602, precision=0.916085, recall=0.998630, good=276216, bad=25302, missed=379, trie_nodes=15203, patterns=10924, objective=0.917595
  Tested: params=(28, 19, 11, 11, 4, 5, 5, 4)
  validation: F_1/7=0.962006, precision=0.961298, recall=0.998033, good=276051, bad=11114, missed=544, trie_nodes=11727, patterns=8803, objective=0.962001
  Best so far: params=(27, 15, 4, 22, 4, 3, 4, 3), score=0.962366, elapsed=498.1s

============================================================
Round 6/30
  Tested: params=(20, 3, 5, 27, 4, 1, 1, 4)
  validation: F_1/7=0.946643, precision=0.945637, recall=0.998691, good=276233, bad=15880, missed=362, trie_nodes=12590, patterns=10074, objective=0.946638
  Tested: params=(1, 5, 17, 21, 4, 2, 4, 2)
  validation: F_1/7=0.907076, precision=0.905393, recall=0.997957, good=276030, bad=28843, missed=565, trie_nodes=12993, patterns=9914, objective=0.907070
  Tested: params=(10, 23, 20, 26, 4, 3, 1, 2)
  validation: F_1/7=0.923075, precision=0.921650, recall=0.998706, good=276237, bad=23483, missed=358, trie_nodes=15118, patterns=10622, objective=0.923068
  Tested: params=(8, 8, 30, 12, 5, 4, 4, 3)
  validation: F_1/7=0.918218, precision=0.916721, recall=0.998084, good=276065, bad=25079, missed=530, trie_nodes=11745, patterns=8487, objective=0.918213
  Tested: params=(18, 15, 6, 22, 2, 1, 4, 1)
  validation: F_1/7=0.931753, precision=0.930481, recall=0.998637, good=276218, bad=20637, missed=377, trie_nodes=11535, patterns=8645, objective=0.931748
  Best so far: params=(27, 15, 4, 22, 4, 3, 4, 3), score=0.962366, elapsed=600.1s

============================================================
Round 7/30
  Tested: params=(29, 29, 28, 12, 1, 5, 3, 5)
  validation: F_1/7=0.961529, precision=0.960801, recall=0.998608, good=276210, bad=11269, missed=385, trie_nodes=14978, patterns=11147, objective=0.961522
  Tested: params=(29, 26, 9, 12, 5, 2, 1, 3)
  validation: F_1/7=0.962026, precision=0.961309, recall=0.998518, good=276185, bad=11116, missed=410, trie_nodes=15225, patterns=11470, objective=0.962019
  Tested: params=(29, 21, 18, 3, 4, 5, 1, 3)
  validation: F_1/7=0.961985, precision=0.961268, recall=0.998485, good=276176, bad=11128, missed=419, trie_nodes=14775, patterns=11079, objective=0.961978
  Tested: params=(27, 23, 21, 22, 2, 2, 5, 5)
  validation: F_1/7=0.962071, precision=0.961359, recall=0.998330, good=276133, bad=11099, missed=462, trie_nodes=14547, patterns=11116, objective=0.962065
  Tested: params=(27, 28, 16, 16, 4, 4, 4, 4)
  validation: F_1/7=0.961956, precision=0.961247, recall=0.998030, good=276050, bad=11129, missed=545, trie_nodes=11911, patterns=8831, objective=0.961951
  Best so far: params=(27, 15, 4, 22, 4, 3, 4, 3), score=0.962366, elapsed=698.0s

============================================================
Round 8/30
  Tested: params=(27, 11, 12, 3, 3, 1, 3, 3)
  validation: F_1/7=0.962173, precision=0.961459, recall=0.998514, good=276184, bad=11071, missed=411, trie_nodes=14678, patterns=11392, objective=0.962167
  Tested: params=(9, 18, 1, 2, 5, 2, 1, 3)
  validation: F_1/7=0.918059, precision=0.916620, recall=0.994544, good=275086, bad=25023, missed=1509, trie_nodes=14111, patterns=11180, objective=0.918053
  Tested: params=(24, 7, 19, 3, 1, 3, 3, 4)
  validation: F_1/7=0.958650, precision=0.957868, recall=0.998601, good=276208, bad=12149, missed=387, trie_nodes=14285, patterns=11132, objective=0.958644
  Tested: params=(22, 30, 16, 10, 4, 2, 3, 1)
  validation: F_1/7=0.957359, precision=0.956552, recall=0.998619, good=276213, bad=12546, missed=382, trie_nodes=14763, patterns=10934, objective=0.957352
  Tested: params=(1, 29, 26, 21, 3, 1, 1, 2)
  validation: F_1/7=0.900321, precision=0.898521, recall=0.998315, good=276129, bad=31186, missed=466, trie_nodes=21381, patterns=15658, objective=0.900312
  Best so far: params=(27, 15, 4, 22, 4, 3, 4, 3), score=0.962366, elapsed=797.9s

============================================================
Round 9/30
  Tested: params=(17, 22, 20, 9, 5, 4, 3, 4)
  validation: F_1/7=0.931339, precision=0.930056, recall=0.998850, good=276277, bad=20777, missed=318, trie_nodes=11316, patterns=8158, objective=0.931334
  Tested: params=(13, 8, 11, 23, 1, 1, 1, 1)
  validation: F_1/7=0.928176, precision=0.926837, recall=0.998858, good=276279, bad=21809, missed=316, trie_nodes=11749, patterns=8904, objective=0.928170
  Tested: params=(26, 22, 15, 3, 3, 3, 1, 3)
  validation: F_1/7=0.960341, precision=0.959594, recall=0.998471, good=276172, bad=11629, missed=423, trie_nodes=15379, patterns=11732, objective=0.960335
  Tested: params=(12, 19, 20, 2, 2, 4, 3, 5)
  validation: F_1/7=0.927312, precision=0.925959, recall=0.998789, good=276260, bad=22090, missed=335, trie_nodes=11378, patterns=8342, objective=0.927307
  Tested: params=(20, 5, 3, 20, 1, 3, 5, 3)
  validation: F_1/7=0.946557, precision=0.945554, recall=0.998456, good=276168, bad=15902, missed=427, trie_nodes=12452, patterns=9902, objective=0.946552
  Best so far: params=(27, 15, 4, 22, 4, 3, 4, 3), score=0.962366, elapsed=898.7s

============================================================
Round 10/30
  Tested: params=(12, 20, 14, 17, 5, 2, 5, 5)
  validation: F_1/7=0.927817, precision=0.926479, recall=0.998442, good=276164, bad=21915, missed=431, trie_nodes=10913, patterns=8018, objective=0.927812
  Tested: params=(6, 3, 4, 1, 1, 4, 1, 2)
  validation: F_1/7=0.914180, precision=0.912783, recall=0.988283, good=273354, bad=26119, missed=3241, trie_nodes=12244, patterns=10308, objective=0.914175
  Tested: params=(26, 1, 25, 9, 1, 4, 4, 5)
  validation: F_1/7=0.960576, precision=0.959848, recall=0.997643, good=275943, bad=11543, missed=652, trie_nodes=14740, patterns=12388, objective=0.960570
  Tested: params=(23, 25, 9, 6, 4, 5, 5, 3)
  validation: F_1/7=0.957806, precision=0.957019, recall=0.998044, good=276054, bad=12398, missed=541, trie_nodes=12605, patterns=9444, objective=0.957801
  Tested: params=(12, 24, 11, 28, 5, 3, 4, 4)
  validation: F_1/7=0.927782, precision=0.926444, recall=0.998467, good=276171, bad=21927, missed=424, trie_nodes=11319, patterns=8262, objective=0.927777
  Best so far: params=(27, 15, 4, 22, 4, 3, 4, 3), score=0.962366, elapsed=995.1s

============================================================
Round 11/30
  Tested: params=(4, 28, 16, 25, 2, 5, 2, 1)
  validation: F_1/7=0.906841, precision=0.905145, recall=0.998518, good=276185, bad=28943, missed=410, trie_nodes=17898, patterns=12527, objective=0.906833
  Tested: params=(28, 3, 10, 29, 5, 3, 4, 3)
  validation: F_1/7=0.962647, precision=0.961954, recall=0.997860, good=276003, bad=10916, missed=592, trie_nodes=12072, patterns=9629, objective=0.962642
  Tested: params=(9, 10, 21, 23, 4, 4, 1, 3)
  validation: F_1/7=0.918323, precision=0.916818, recall=0.998677, good=276229, bad=25062, missed=366, trie_nodes=13364, patterns=9598, objective=0.918318
  Tested: params=(2, 17, 14, 27, 2, 1, 1, 4)
  validation: F_1/7=0.902910, precision=0.901150, recall=0.998463, good=276170, bad=30294, missed=425, trie_nodes=17209, patterns=12516, objective=0.902902
  Tested: params=(19, 4, 3, 22, 1, 5, 4, 1)
  validation: F_1/7=0.934143, precision=0.932918, recall=0.998398, good=276152, bad=19857, missed=443, trie_nodes=11659, patterns=9165, objective=0.934138
  Best so far: params=(28, 3, 10, 29, 5, 3, 4, 3), score=0.962642, elapsed=1091.6s

============================================================
Round 12/30
  Tested: params=(3, 30, 12, 12, 5, 5, 5, 4)
  validation: F_1/7=0.901966, precision=0.900196, recall=0.998116, good=276074, bad=30608, missed=521, trie_nodes=14096, patterns=9783, objective=0.901960
  Tested: params=(12, 3, 24, 17, 3, 5, 1, 3)
  validation: F_1/7=0.927756, precision=0.926413, recall=0.998706, good=276237, bad=21942, missed=358, trie_nodes=12378, patterns=9674, objective=0.927751
  Tested: params=(1, 15, 2, 4, 1, 4, 4, 3)
  validation: F_1/7=0.900857, precision=0.899083, recall=0.997256, good=275836, bad=30961, missed=759, trie_nodes=15872, patterns=12250, objective=0.900850
  Tested: params=(29, 12, 9, 27, 2, 5, 1, 5)
  validation: F_1/7=0.961674, precision=0.960947, recall=0.998684, good=276231, bad=11226, missed=364, trie_nodes=14230, patterns=10889, objective=0.961668
  Tested: params=(2, 27, 16, 30, 1, 3, 5, 3)
  validation: F_1/7=0.902578, precision=0.900821, recall=0.997943, good=276026, bad=30390, missed=569, trie_nodes=19128, patterns=13673, objective=0.902570
  Best so far: params=(28, 3, 10, 29, 5, 3, 4, 3), score=0.962642, elapsed=1193.3s

============================================================
Round 13/30
  Tested: params=(19, 21, 14, 19, 3, 5, 1, 2)
  validation: F_1/7=0.933986, precision=0.932751, recall=0.998800, good=276263, bad=19918, missed=332, trie_nodes=12801, patterns=9366, objective=0.933980
  Tested: params=(29, 27, 14, 19, 2, 1, 3, 2)
  validation: F_1/7=0.961903, precision=0.961183, recall=0.998550, good=276194, bad=11154, missed=401, trie_nodes=15901, patterns=12051, objective=0.961896
  Tested: params=(18, 3, 30, 30, 4, 3, 2, 5)
  validation: F_1/7=0.931817, precision=0.930546, recall=0.998670, good=276227, bad=20617, missed=368, trie_nodes=12088, patterns=9405, objective=0.931812
  Tested: params=(21, 5, 28, 25, 5, 4, 4, 3)
  validation: F_1/7=0.952351, precision=0.951462, recall=0.998069, good=276061, bad=14083, missed=534, trie_nodes=10486, patterns=8180, objective=0.952347
  Tested: params=(28, 26, 2, 1, 2, 5, 5, 1)
  validation: F_1/7=0.961957, precision=0.961304, recall=0.995076, good=275233, bad=11079, missed=1362, trie_nodes=14038, patterns=11231, objective=0.961951
  Best so far: params=(28, 3, 10, 29, 5, 3, 4, 3), score=0.962642, elapsed=1302.4s

============================================================
Round 14/30
  Tested: params=(18, 12, 30, 26, 5, 3, 3, 2)
  validation: F_1/7=0.931813, precision=0.930539, recall=0.998803, good=276264, bad=20622, missed=331, trie_nodes=11644, patterns=8637, objective=0.931808
  Tested: params=(2, 26, 25, 30, 5, 3, 4, 5)
  validation: F_1/7=0.902453, precision=0.900695, recall=0.997878, good=276008, bad=30431, missed=587, trie_nodes=17836, patterns=12728, objective=0.902445
  Tested: params=(26, 8, 14, 4, 5, 4, 2, 4)
  validation: F_1/7=0.960434, precision=0.959685, recall=0.998601, good=276208, bad=11603, missed=387, trie_nodes=13310, patterns=10140, objective=0.960428
  Tested: params=(19, 11, 4, 21, 3, 4, 3, 5)
  validation: F_1/7=0.933668, precision=0.932426, recall=0.998890, good=276288, bad=20023, missed=307, trie_nodes=11493, patterns=8627, objective=0.933663
  Tested: params=(17, 17, 27, 13, 1, 1, 4, 4)
  validation: F_1/7=0.931730, precision=0.930458, recall=0.998576, good=276201, bad=20643, missed=394, trie_nodes=11453, patterns=8558, objective=0.931725
  Best so far: params=(28, 3, 10, 29, 5, 3, 4, 3), score=0.962642, elapsed=1397.4s

============================================================
Round 15/30
  Tested: params=(22, 7, 5, 1, 2, 3, 2, 3)
  validation: F_1/7=0.957331, precision=0.956538, recall=0.997881, good=276009, bad=12541, missed=586, trie_nodes=13827, patterns=10973, objective=0.957325
  Tested: params=(28, 11, 16, 24, 2, 4, 5, 5)
  validation: F_1/7=0.961927, precision=0.961209, recall=0.998449, good=276166, bad=11145, missed=429, trie_nodes=13247, patterns=10152, objective=0.961921
  Tested: params=(5, 28, 15, 8, 3, 5, 3, 2)
  validation: F_1/7=0.909211, precision=0.907557, recall=0.998341, good=276136, bad=28127, missed=459, trie_nodes=17384, patterns=12220, objective=0.909203
  Tested: params=(20, 8, 3, 4, 1, 1, 1, 4)
  validation: F_1/7=0.946277, precision=0.945266, recall=0.998633, good=276217, bad=15994, missed=378, trie_nodes=12784, patterns=10096, objective=0.946271
  Tested: params=(6, 11, 27, 15, 4, 1, 1, 1)
  validation: F_1/7=0.909960, precision=0.908316, recall=0.998496, good=276179, bad=27877, missed=416, trie_nodes=15369, patterns=11017, objective=0.909953
  Best so far: params=(28, 3, 10, 29, 5, 3, 4, 3), score=0.962642, elapsed=1499.1s

============================================================
Round 16/30
  Tested: params=(6, 9, 6, 3, 1, 3, 2, 2)
  validation: F_1/7=0.914476, precision=0.912915, recall=0.998109, good=276072, bad=26335, missed=523, trie_nodes=14459, patterns=10917, objective=0.914470
  Tested: params=(16, 21, 2, 24, 4, 1, 5, 5)
  validation: F_1/7=0.930058, precision=0.928759, recall=0.998471, good=276172, bad=21184, missed=423, trie_nodes=11385, patterns=8475, objective=0.930053
  Tested: params=(2, 9, 25, 23, 1, 2, 2, 3)
  validation: F_1/7=0.908130, precision=0.906456, recall=0.998463, good=276170, bad=28500, missed=425, trie_nodes=16604, patterns=12235, objective=0.908123
  Tested: params=(19, 12, 14, 23, 1, 2, 4, 5)
  validation: F_1/7=0.934235, precision=0.933007, recall=0.998626, good=276215, bad=19833, missed=380, trie_nodes=11165, patterns=8424, objective=0.934230
  Tested: params=(16, 16, 4, 14, 3, 2, 2, 2)
  validation: F_1/7=0.930121, precision=0.928817, recall=0.998789, good=276260, bad=21172, missed=335, trie_nodes=12938, patterns=9692, objective=0.930115
  Best so far: params=(28, 3, 10, 29, 5, 3, 4, 3), score=0.962642, elapsed=1597.1s

============================================================
Round 17/30
  Tested: params=(1, 10, 7, 10, 1, 5, 3, 4)
  validation: F_1/7=0.905399, precision=0.903677, recall=0.998633, good=276217, bad=29442, missed=378, trie_nodes=13694, patterns=10271, objective=0.905393
  Tested: params=(24, 15, 3, 17, 3, 4, 3, 1)
  validation: F_1/7=0.958324, precision=0.957535, recall=0.998659, good=276224, bad=12250, missed=371, trie_nodes=15130, patterns=11675, objective=0.958318
  Tested: params=(9, 11, 20, 18, 2, 5, 4, 2)
  validation: F_1/7=0.918450, precision=0.916951, recall=0.998391, good=276150, bad=25011, missed=445, trie_nodes=12306, patterns=8838, objective=0.918444
  Tested: params=(4, 5, 8, 5, 1, 2, 1, 5)
  validation: F_1/7=0.911986, precision=0.910378, recall=0.998341, good=276136, bad=27184, missed=459, trie_nodes=13412, patterns=10381, objective=0.911980
  Tested: params=(3, 16, 13, 30, 1, 2, 5, 5)
  validation: F_1/7=0.903623, precision=0.901880, recall=0.998134, good=276079, bad=30036, missed=516, trie_nodes=15315, patterns=11040, objective=0.903616
  Best so far: params=(28, 3, 10, 29, 5, 3, 4, 3), score=0.962642, elapsed=1695.4s

============================================================
Round 18/30
  Tested: params=(25, 8, 6, 21, 5, 3, 3, 2)
  validation: F_1/7=0.958972, precision=0.958195, recall=0.998630, good=276216, bad=12051, missed=379, trie_nodes=14120, patterns=10914, objective=0.958965
  Tested: params=(24, 6, 10, 13, 3, 2, 1, 4)
  validation: F_1/7=0.958623, precision=0.957840, recall=0.998644, good=276220, bad=12158, missed=375, trie_nodes=14152, patterns=11160, objective=0.958617
  Tested: params=(9, 18, 5, 15, 3, 1, 2, 1)
  validation: F_1/7=0.918321, precision=0.916815, recall=0.998684, good=276231, bad=25063, missed=364, trie_nodes=14713, patterns=10669, objective=0.918315
  Tested: params=(2, 30, 10, 25, 2, 4, 4, 3)
  validation: F_1/7=0.902292, precision=0.900529, recall=0.997997, good=276041, bad=30491, missed=554, trie_nodes=18694, patterns=13142, objective=0.902283
  Tested: params=(15, 13, 11, 28, 5, 5, 1, 4)
  validation: F_1/7=0.929130, precision=0.927808, recall=0.998897, good=276290, bad=21498, missed=305, trie_nodes=10704, patterns=7822, objective=0.929126
  Best so far: params=(28, 3, 10, 29, 5, 3, 4, 3), score=0.962642, elapsed=1795.2s

============================================================
Round 19/30
  Tested: params=(29, 6, 2, 23, 3, 5, 1, 4)
  validation: F_1/7=0.960818, precision=0.960075, recall=0.998680, good=276230, bad=11487, missed=365, trie_nodes=14634, patterns=11645, objective=0.960812
  Tested: params=(7, 5, 5, 25, 4, 3, 2, 5)
  validation: F_1/7=0.914577, precision=0.913007, recall=0.998695, good=276234, bad=26320, missed=361, trie_nodes=13193, patterns=10047, objective=0.914571
  Tested: params=(12, 25, 14, 12, 3, 2, 4, 3)
  validation: F_1/7=0.927650, precision=0.926307, recall=0.998597, good=276207, bad=21974, missed=388, trie_nodes=12558, patterns=9171, objective=0.927644
  Tested: params=(7, 27, 12, 17, 5, 4, 1, 5)
  validation: F_1/7=0.913401, precision=0.911812, recall=0.998673, good=276228, bad=26716, missed=367, trie_nodes=14381, patterns=9895, objective=0.913395
  Tested: params=(19, 11, 5, 24, 4, 3, 5, 4)
  validation: F_1/7=0.934251, precision=0.933026, recall=0.998471, good=276172, bad=19824, missed=423, trie_nodes=10061, patterns=7618, objective=0.934246
  Best so far: params=(28, 3, 10, 29, 5, 3, 4, 3), score=0.962642, elapsed=1893.5s

============================================================
Round 20/30
  Tested: params=(5, 10, 8, 23, 1, 3, 4, 5)
  validation: F_1/7=0.913903, precision=0.912330, recall=0.998257, good=276113, bad=26533, missed=482, trie_nodes=13186, patterns=9701, objective=0.913897
  Tested: params=(11, 25, 4, 26, 1, 2, 4, 1)
  validation: F_1/7=0.923434, precision=0.922020, recall=0.998496, good=276179, bad=23358, missed=416, trie_nodes=14606, patterns=10436, objective=0.923428
  Tested: params=(7, 22, 22, 20, 4, 3, 2, 2)
  validation: F_1/7=0.914247, precision=0.912675, recall=0.998539, good=276191, bad=26426, missed=404, trie_nodes=16910, patterns=11891, objective=0.914240
  Tested: params=(6, 28, 18, 13, 3, 5, 1, 3)
  validation: F_1/7=0.909536, precision=0.907886, recall=0.998489, good=276177, bad=28021, missed=418, trie_nodes=17469, patterns=12156, objective=0.909529
  Tested: params=(16, 19, 1, 27, 5, 3, 4, 5)
  validation: F_1/7=0.929398, precision=0.928088, recall=0.998467, good=276171, bad=21399, missed=424, trie_nodes=12083, patterns=9171, objective=0.929392
  Best so far: params=(28, 3, 10, 29, 5, 3, 4, 3), score=0.962642, elapsed=1993.4s

============================================================
Round 21/30
  Tested: params=(22, 5, 18, 19, 3, 4, 5, 5)
  validation: F_1/7=0.957347, precision=0.956544, recall=0.998431, good=276161, bad=12546, missed=434, trie_nodes=12073, patterns=9458, objective=0.957342
  Tested: params=(14, 4, 30, 26, 1, 5, 5, 3)
  validation: F_1/7=0.928897, precision=0.927580, recall=0.998380, good=276147, bad=21560, missed=448, trie_nodes=10481, patterns=8068, objective=0.928893
  Tested: params=(18, 12, 2, 11, 5, 1, 2, 2)
  validation: F_1/7=0.931565, precision=0.930289, recall=0.998673, good=276228, bad=20699, missed=367, trie_nodes=12732, patterns=9619, objective=0.931559
  Tested: params=(17, 28, 11, 11, 4, 3, 2, 3)
  validation: F_1/7=0.931630, precision=0.930354, recall=0.998753, good=276250, bad=20680, missed=345, trie_nodes=13165, patterns=9511, objective=0.931624
  Tested: params=(5, 6, 15, 13, 5, 2, 3, 4)
  validation: F_1/7=0.914267, precision=0.912694, recall=0.998586, good=276204, bad=26421, missed=391, trie_nodes=14116, patterns=10500, objective=0.914261
  Best so far: params=(28, 3, 10, 29, 5, 3, 4, 3), score=0.962642, elapsed=2091.8s

============================================================
Round 22/30
  Tested: params=(1, 20, 6, 29, 1, 3, 1, 5)
  validation: F_1/7=0.900618, precision=0.898819, recall=0.998568, good=276199, bad=31092, missed=396, trie_nodes=18652, patterns=13966, objective=0.900610
  Tested: params=(16, 18, 3, 23, 2, 5, 2, 1)
  validation: F_1/7=0.929960, precision=0.928654, recall=0.998814, good=276267, bad=21225, missed=328, trie_nodes=13186, patterns=9733, objective=0.929954
  Tested: params=(2, 15, 17, 2, 4, 3, 3, 3)
  validation: F_1/7=0.903033, precision=0.901285, recall=0.997871, good=276006, bad=30230, missed=589, trie_nodes=16999, patterns=12438, objective=0.903026
  Tested: params=(13, 17, 5, 6, 5, 5, 2, 2)
  validation: F_1/7=0.928028, precision=0.926689, recall=0.998778, good=276257, bad=21855, missed=338, trie_nodes=11995, patterns=8780, objective=0.928023
  Tested: params=(20, 13, 1, 5, 4, 4, 1, 2)
  validation: F_1/7=0.945979, precision=0.944986, recall=0.997303, good=275849, bad=16059, missed=746, trie_nodes=13720, patterns=10974, objective=0.945973
  Best so far: params=(28, 3, 10, 29, 5, 3, 4, 3), score=0.962642, elapsed=2191.4s

============================================================
Round 23/30
  Tested: params=(7, 21, 1, 4, 4, 1, 4, 2)
  validation: F_1/7=0.913817, precision=0.912268, recall=0.996739, good=275693, bad=26513, missed=902, trie_nodes=15423, patterns=11692, objective=0.913811
  Tested: params=(3, 8, 22, 26, 5, 2, 4, 2)
  validation: F_1/7=0.908993, precision=0.907343, recall=0.997925, good=276021, bad=28187, missed=574, trie_nodes=13485, patterns=9830, objective=0.908987
  Tested: params=(9, 27, 1, 3, 2, 1, 1, 3)
  validation: F_1/7=0.917977, precision=0.916504, recall=0.996410, good=275602, bad=25108, missed=993, trie_nodes=16007, patterns=12277, objective=0.917970
  Tested: params=(13, 27, 25, 11, 2, 2, 3, 2)
  validation: F_1/7=0.927968, precision=0.926628, recall=0.998756, good=276251, bad=21874, missed=344, trie_nodes=13464, patterns=9802, objective=0.927963
  Tested: params=(19, 13, 17, 14, 2, 5, 4, 1)
  validation: F_1/7=0.934168, precision=0.932940, recall=0.998604, good=276209, bad=19854, missed=386, trie_nodes=11127, patterns=8304, objective=0.934164
  Best so far: params=(28, 3, 10, 29, 5, 3, 4, 3), score=0.962642, elapsed=2291.3s

============================================================
Round 24/30
  Tested: params=(27, 15, 27, 24, 3, 1, 2, 3)
  validation: F_1/7=0.962116, precision=0.961400, recall=0.998547, good=276193, bad=11089, missed=402, trie_nodes=15179, patterns=11546, objective=0.962109
  Tested: params=(20, 8, 5, 26, 5, 3, 1, 2)
  validation: F_1/7=0.946704, precision=0.945698, recall=0.998789, good=276260, bad=15863, missed=335, trie_nodes=12689, patterns=9780, objective=0.946698
  Tested: params=(1, 28, 4, 18, 2, 3, 4, 5)
  validation: F_1/7=0.900151, precision=0.898352, recall=0.998127, good=276077, bad=31238, missed=518, trie_nodes=19335, patterns=14336, objective=0.900143
  Tested: params=(7, 1, 5, 28, 5, 3, 4, 4)
  validation: F_1/7=0.920426, precision=0.918988, recall=0.996847, good=275723, bad=24306, missed=872, trie_nodes=11607, patterns=9778, objective=0.920421
  Tested: params=(6, 28, 13, 12, 3, 1, 1, 4)
  validation: F_1/7=0.909656, precision=0.908007, recall=0.998478, good=276174, bad=27980, missed=421, trie_nodes=17651, patterns=12555, objective=0.909648
  Best so far: params=(28, 3, 10, 29, 5, 3, 4, 3), score=0.962642, elapsed=2391.3s

============================================================
Round 25/30
  Tested: params=(3, 19, 8, 12, 2, 2, 4, 2)
  validation: F_1/7=0.903639, precision=0.901896, recall=0.998120, good=276075, bad=30030, missed=520, trie_nodes=16493, patterns=11881, objective=0.903631
  Tested: params=(17, 15, 20, 29, 4, 2, 1, 2)
  validation: F_1/7=0.931763, precision=0.930488, recall=0.998792, good=276261, bad=20638, missed=334, trie_nodes=11856, patterns=8724, objective=0.931757
  Tested: params=(18, 2, 15, 18, 2, 4, 1, 1)
  validation: F_1/7=0.931748, precision=0.930478, recall=0.998543, good=276192, bad=20636, missed=403, trie_nodes=13352, patterns=10698, objective=0.931743
  Tested: params=(22, 15, 21, 14, 2, 5, 4, 4)
  validation: F_1/7=0.957087, precision=0.956278, recall=0.998485, good=276176, bad=12627, missed=419, trie_nodes=12522, patterns=9452, objective=0.957082
  Tested: params=(9, 18, 11, 3, 5, 1, 5, 3)
  validation: F_1/7=0.918567, precision=0.917077, recall=0.998040, good=276053, bad=24961, missed=542, trie_nodes=12470, patterns=8977, objective=0.918562
  Best so far: params=(28, 3, 10, 29, 5, 3, 4, 3), score=0.962642, elapsed=2487.6s

============================================================
Round 26/30
  Tested: params=(6, 17, 27, 22, 5, 4, 4, 5)
  validation: F_1/7=0.909191, precision=0.907538, recall=0.998257, good=276113, bad=28131, missed=482, trie_nodes=11823, patterns=8248, objective=0.909185
  Tested: params=(8, 15, 7, 30, 5, 1, 4, 5)
  validation: F_1/7=0.917982, precision=0.916477, recall=0.998315, good=276129, bad=25165, missed=466, trie_nodes=12556, patterns=9073, objective=0.917976
  Tested: params=(6, 18, 28, 2, 4, 2, 5, 5)
  validation: F_1/7=0.910039, precision=0.908413, recall=0.997574, good=275924, bad=27819, missed=671, trie_nodes=13952, patterns=10017, objective=0.910033
  Tested: params=(29, 15, 26, 26, 2, 5, 1, 3)
  validation: F_1/7=0.961935, precision=0.961216, recall=0.998543, good=276192, bad=11144, missed=403, trie_nodes=15357, patterns=11630, objective=0.961929
  Tested: params=(7, 4, 3, 21, 2, 4, 1, 2)
  validation: F_1/7=0.914812, precision=0.913252, recall=0.998391, good=276150, bad=26231, missed=445, trie_nodes=14568, patterns=11379, objective=0.914806
  Best so far: params=(28, 3, 10, 29, 5, 3, 4, 3), score=0.962642, elapsed=2588.3s

============================================================
Round 27/30
  Tested: params=(17, 24, 10, 19, 5, 4, 2, 1)
  validation: F_1/7=0.931588, precision=0.930310, recall=0.998800, good=276263, bad=20695, missed=332, trie_nodes=12510, patterns=9004, objective=0.931582
  Tested: params=(27, 1, 27, 16, 5, 4, 5, 2)
  validation: F_1/7=0.962721, precision=0.962042, recall=0.997227, good=275828, bad=10883, missed=767, trie_nodes=13555, patterns=11367, objective=0.962715
  Tested: params=(24, 13, 15, 19, 5, 5, 4, 3)
  validation: F_1/7=0.959020, precision=0.958255, recall=0.998048, good=276055, bad=12026, missed=540, trie_nodes=11932, patterns=8994, objective=0.959014
  Tested: params=(13, 23, 8, 4, 2, 2, 2, 2)
  validation: F_1/7=0.928016, precision=0.926676, recall=0.998774, good=276256, bad=21859, missed=339, trie_nodes=13017, patterns=9552, objective=0.928010
  Tested: params=(2, 1, 30, 13, 2, 4, 2, 5)
  validation: F_1/7=0.927817, precision=0.926485, recall=0.998156, good=276085, bad=21907, missed=510, trie_nodes=16081, patterns=12859, objective=0.927810
  Best so far: params=(27, 1, 27, 16, 5, 4, 5, 2), score=0.962715, elapsed=2687.6s

============================================================
Round 28/30
  Tested: params=(24, 3, 13, 27, 5, 3, 4, 1)
  validation: F_1/7=0.959227, precision=0.958470, recall=0.997849, good=276000, bad=11959, missed=595, trie_nodes=11708, patterns=9372, objective=0.959222
  Tested: params=(30, 7, 29, 20, 4, 3, 2, 1)
  validation: F_1/7=0.964975, precision=0.964315, recall=0.998467, good=276171, bad=10220, missed=424, trie_nodes=14790, patterns=11366, objective=0.964968
  Tested: params=(7, 6, 24, 11, 1, 5, 5, 5)
  validation: F_1/7=0.914458, precision=0.912897, recall=0.998106, good=276071, bad=26341, missed=524, trie_nodes=11208, patterns=8138, objective=0.914453
  Tested: params=(30, 6, 12, 23, 4, 1, 5, 2)
  validation: F_1/7=0.965258, precision=0.964614, recall=0.997881, good=276009, bad=10125, missed=586, trie_nodes=12317, patterns=9664, objective=0.965253
  Tested: params=(7, 17, 18, 18, 1, 5, 2, 1)
  validation: F_1/7=0.914268, precision=0.912695, recall=0.998565, good=276198, bad=26420, missed=397, trie_nodes=15449, patterns=10901, objective=0.914261
  Best so far: params=(30, 6, 12, 23, 4, 1, 5, 2), score=0.965253, elapsed=2785.6s

============================================================
Round 29/30
  Tested: params=(27, 29, 26, 25, 4, 3, 1, 3)
  validation: F_1/7=0.962117, precision=0.961402, recall=0.998510, good=276183, bad=11088, missed=412, trie_nodes=15245, patterns=11326, objective=0.962111
  Tested: params=(12, 8, 22, 15, 1, 2, 4, 1)
  validation: F_1/7=0.927842, precision=0.926503, recall=0.998557, good=276196, bad=21910, missed=399, trie_nodes=10763, patterns=8138, objective=0.927837
  Tested: params=(26, 15, 15, 18, 5, 2, 4, 3)
  validation: F_1/7=0.960906, precision=0.960178, recall=0.997965, good=276032, bad=11448, missed=563, trie_nodes=12426, patterns=9429, objective=0.960900
  Tested: params=(9, 27, 24, 20, 5, 5, 4, 5)
  validation: F_1/7=0.917754, precision=0.916243, recall=0.998402, good=276153, bad=25244, missed=442, trie_nodes=11680, patterns=8105, objective=0.917749
  Tested: params=(21, 21, 19, 23, 1, 5, 5, 1)
  validation: F_1/7=0.951883, precision=0.950977, recall=0.998496, good=276179, bad=14237, missed=416, trie_nodes=13257, patterns=9954, objective=0.951877
  Best so far: params=(30, 6, 12, 23, 4, 1, 5, 2), score=0.965253, elapsed=2880.9s

============================================================
Round 30/30
  Tested: params=(25, 4, 11, 23, 1, 5, 5, 3)
  validation: F_1/7=0.959074, precision=0.958305, recall=0.998315, good=276129, bad=12014, missed=466, trie_nodes=13279, patterns=10536, objective=0.959068
  Tested: params=(1, 9, 19, 30, 4, 2, 4, 3)
  validation: F_1/7=0.906569, precision=0.904879, recall=0.997881, good=276009, bad=29014, missed=586, trie_nodes=14356, patterns=10656, objective=0.906563
  Tested: params=(24, 4, 23, 17, 5, 2, 4, 5)
  validation: F_1/7=0.959255, precision=0.958499, recall=0.997831, good=275995, bad=11950, missed=600, trie_nodes=11542, patterns=9099, objective=0.959250
  Tested: params=(4, 29, 21, 3, 2, 4, 1, 3)
  validation: F_1/7=0.906869, precision=0.905185, recall=0.997842, good=275998, bad=28910, missed=597, trie_nodes=16865, patterns=12104, objective=0.906861
  Tested: params=(11, 19, 2, 27, 5, 5, 4, 1)
  validation: F_1/7=0.923431, precision=0.922019, recall=0.998395, good=276151, bad=23356, missed=444, trie_nodes=13088, patterns=9376, objective=0.923426
  Best so far: params=(30, 6, 12, 23, 4, 1, 5, 2), score=0.965253, elapsed=2982.3s

============================================================
Final phase: 3 evaluations
  Tested: params=(23, 1, 1, 10, 3, 4, 4, 3)
  validation: F_1/7=0.956120, precision=0.955342, recall=0.995850, good=275447, bad=12876, missed=1148, trie_nodes=15458, patterns=13686, objective=0.956113
  Tested: params=(9, 30, 13, 14, 1, 4, 4, 2)
  validation: F_1/7=0.918182, precision=0.916679, recall=0.998406, good=276154, bad=25101, missed=441, trie_nodes=14660, patterns=10264, objective=0.918175
  Tested: params=(3, 21, 20, 9, 5, 1, 3, 5)
  validation: F_1/7=0.903265, precision=0.901510, recall=0.998482, good=276175, bad=30172, missed=420, trie_nodes=17439, patterns=12570, objective=0.903257

============================================================
Threshold ablation run complete
Best parameters (b1..b4 thr1..thr4): (30, 6, 12, 23, 4, 1, 5, 2)
Thresholds: {'mode': 'perlayer', 'shared': None, 'per_level': [4, 1, 5, 2]}
  validation-selected: F_1/7=0.965258, precision=0.964614, recall=0.997881, good=276009, bad=10125, missed=586, trie_nodes=12317, patterns=9664, objective=0.965253
  held-out test: F_1/7=0.965184, precision=0.964538, recall=0.997902, good=275858, bad=10142, missed=580, trie_nodes=12317, patterns=9664
Summary: results/threshold_ablation/cssk/cshyphen/perlayer_random/summary.json
History: results/threshold_ablation/cssk/cshyphen/perlayer_random/history.csv
Wall time: 3078.1s
