Proportional trie_normalizer for cssk/cshyphen: |D| = 1141804
Objective: F17+Trie(w=0.0005)
Dataset: /home/dev/hyph-bench/data/cssk/cshyphen/cssk-all-weighted.wlhw_expanded.wlh
Translate: /home/dev/hyph-bench/data/cssk/cshyphen/cssk-all-weighted.wlhw_expanded.wlh.tra
Method: random | Threshold mode: shared
Search space (5-D): [(1, 30), (1, 30), (1, 30), (1, 30), (1, 5)]
Split counts: train=913444, validation=114180, test=114180
Pattern ranges: [(1, 4), (2, 5), (2, 6), (2, 7)]
Budget: 30 rounds x 5 + 3 final = 153 patgen evaluations; 3 parallel workers

============================================================
Round 1/30
  Tested: params=(12, 29, 22, 18, 1)
  validation: F_1/7=0.927542, precision=0.926195, recall=0.998738, good=276246, bad=22013, missed=349, trie_nodes=13808, patterns=10038, objective=0.927536
  Tested: params=(5, 2, 26, 19, 4)
  validation: F_1/7=0.916165, precision=0.914642, recall=0.997596, good=275930, bad=25751, missed=665, trie_nodes=11987, patterns=9408, objective=0.916160
  Tested: params=(1, 30, 25, 7, 1)
  validation: F_1/7=0.900309, precision=0.898514, recall=0.998015, good=276046, bad=31179, missed=549, trie_nodes=21161, patterns=15708, objective=0.900300
  Tested: params=(6, 10, 16, 13, 2)
  validation: F_1/7=0.914210, precision=0.912637, recall=0.998518, good=276185, bad=26438, missed=410, trie_nodes=15191, patterns=11087, objective=0.914203
  Tested: params=(19, 5, 9, 11, 3)
  validation: F_1/7=0.934233, precision=0.933003, recall=0.998753, good=276250, bad=19837, missed=345, trie_nodes=12051, patterns=9385, objective=0.934228
  Best so far: params=(19, 5, 9, 11, 3), score=0.934228, elapsed=97.9s

============================================================
Round 2/30
  Tested: params=(24, 6, 16, 18, 1)
  validation: F_1/7=0.958693, precision=0.957911, recall=0.998601, good=276208, bad=12136, missed=387, trie_nodes=14382, patterns=11268, objective=0.958686
  Tested: params=(19, 6, 2, 29, 5)
  validation: F_1/7=0.933737, precision=0.932504, recall=0.998391, good=276150, bad=19988, missed=445, trie_nodes=9835, patterns=7573, objective=0.933733
  Tested: params=(25, 10, 3, 21, 3)
  validation: F_1/7=0.958535, precision=0.957750, recall=0.998641, good=276219, bad=12185, missed=376, trie_nodes=15280, patterns=12003, objective=0.958529
  Tested: params=(4, 15, 2, 28, 2)
  validation: F_1/7=0.907087, precision=0.905395, recall=0.998532, good=276189, bad=28859, missed=406, trie_nodes=16977, patterns=12668, objective=0.907080
  Tested: params=(20, 10, 16, 17, 1)
  validation: F_1/7=0.946737, precision=0.945732, recall=0.998764, good=276253, bad=15852, missed=342, trie_nodes=12816, patterns=9832, objective=0.946732
  Best so far: params=(24, 6, 16, 18, 1), score=0.958686, elapsed=196.4s

============================================================
Round 3/30
  Tested: params=(30, 24, 29, 27, 3)
  validation: F_1/7=0.964708, precision=0.964043, recall=0.998492, good=276178, bad=10301, missed=417, trie_nodes=16247, patterns=12406, objective=0.964701
  Tested: params=(28, 3, 6, 2, 2)
  validation: F_1/7=0.962230, precision=0.961521, recall=0.998294, good=276123, bad=11050, missed=472, trie_nodes=14850, patterns=12195, objective=0.962224
  Tested: params=(12, 9, 25, 11, 2)
  validation: F_1/7=0.927772, precision=0.926427, recall=0.998821, good=276269, bad=21940, missed=326, trie_nodes=11868, patterns=8942, objective=0.927767
  Tested: params=(17, 5, 25, 3, 5)
  validation: F_1/7=0.931844, precision=0.930581, recall=0.998283, good=276120, bad=20598, missed=475, trie_nodes=8910, patterns=6850, objective=0.931841
  Tested: params=(24, 6, 1, 25, 4)
  validation: F_1/7=0.957534, precision=0.956740, recall=0.998116, good=276074, bad=12483, missed=521, trie_nodes=12270, patterns=9801, objective=0.957528
  Best so far: params=(30, 24, 29, 27, 3), score=0.964701, elapsed=293.9s

============================================================
Round 4/30
  Tested: params=(22, 24, 3, 11, 1)
  validation: F_1/7=0.957112, precision=0.956301, recall=0.998630, good=276216, bad=12622, missed=379, trie_nodes=15513, patterns=11823, objective=0.957105
  Tested: params=(26, 19, 10, 2, 2)
  validation: F_1/7=0.960405, precision=0.959659, recall=0.998438, good=276163, bad=11609, missed=432, trie_nodes=15095, patterns=11612, objective=0.960398
  Tested: params=(10, 22, 20, 27, 3)
  validation: F_1/7=0.923042, precision=0.921617, recall=0.998713, good=276239, bad=23494, missed=356, trie_nodes=15106, patterns=10718, objective=0.923035
  Tested: params=(4, 22, 23, 17, 4)
  validation: F_1/7=0.906401, precision=0.904702, recall=0.998297, good=276124, bad=29086, missed=471, trie_nodes=12574, patterns=8760, objective=0.906396
  Tested: params=(15, 16, 13, 1, 1)
  validation: F_1/7=0.929340, precision=0.928027, recall=0.998586, good=276204, bad=21421, missed=391, trie_nodes=12303, patterns=9185, objective=0.929335
  Best so far: params=(30, 24, 29, 27, 3), score=0.964701, elapsed=391.4s

============================================================
Round 5/30
  Tested: params=(1, 20, 10, 16, 5)
  validation: F_1/7=0.899784, precision=0.897977, recall=0.998181, good=276092, bad=31368, missed=503, trie_nodes=13844, patterns=9885, objective=0.899777
  Tested: params=(8, 13, 23, 7, 1)
  validation: F_1/7=0.917741, precision=0.916228, recall=0.998525, good=276187, bad=25252, missed=408, trie_nodes=14549, patterns=10614, objective=0.917735
  Tested: params=(9, 5, 28, 25, 4)
  validation: F_1/7=0.918506, precision=0.917013, recall=0.998156, good=276085, bad=24985, missed=510, trie_nodes=9925, patterns=7379, objective=0.918502
  Tested: params=(27, 25, 6, 27, 3)
  validation: F_1/7=0.961960, precision=0.961240, recall=0.998637, good=276218, bad=11138, missed=377, trie_nodes=15659, patterns=11994, objective=0.961953
  Tested: params=(25, 27, 10, 4, 2)
  validation: F_1/7=0.958743, precision=0.957965, recall=0.998521, good=276186, bad=12119, missed=409, trie_nodes=15633, patterns=11868, objective=0.958737
  Best so far: params=(30, 24, 29, 27, 3), score=0.964701, elapsed=488.3s

============================================================
Round 6/30
  Tested: params=(13, 25, 26, 1, 3)
  validation: F_1/7=0.928028, precision=0.926693, recall=0.998525, good=276187, bad=21848, missed=408, trie_nodes=13092, patterns=9606, objective=0.928023
  Tested: params=(13, 7, 4, 11, 5)
  validation: F_1/7=0.927945, precision=0.926609, recall=0.998482, good=276175, bad=21874, missed=420, trie_nodes=9062, patterns=6908, objective=0.927941
  Tested: params=(10, 16, 22, 11, 5)
  validation: F_1/7=0.922835, precision=0.921411, recall=0.998420, good=276158, bad=23554, missed=437, trie_nodes=10405, patterns=7416, objective=0.922830
  Tested: params=(29, 8, 15, 10, 2)
  validation: F_1/7=0.962064, precision=0.961347, recall=0.998561, good=276197, bad=11105, missed=398, trie_nodes=14943, patterns=11596, objective=0.962058
  Tested: params=(2, 19, 16, 2, 2)
  validation: F_1/7=0.903055, precision=0.901311, recall=0.997693, good=275957, bad=30216, missed=638, trie_nodes=17725, patterns=12982, objective=0.903048
  Best so far: params=(30, 24, 29, 27, 3), score=0.964701, elapsed=585.0s

============================================================
Round 7/30
  Tested: params=(28, 8, 5, 15, 5)
  validation: F_1/7=0.962054, precision=0.961345, recall=0.998138, good=276080, bad=11101, missed=515, trie_nodes=11327, patterns=8772, objective=0.962049
  Tested: params=(8, 21, 23, 8, 4)
  validation: F_1/7=0.917319, precision=0.915803, recall=0.998290, good=276122, bad=25386, missed=473, trie_nodes=11391, patterns=8044, objective=0.917314
  Tested: params=(12, 19, 20, 17, 1)
  validation: F_1/7=0.927679, precision=0.926333, recall=0.998803, good=276264, bad=21970, missed=331, trie_nodes=12721, patterns=9368, objective=0.927674
  Tested: params=(26, 10, 6, 2, 3)
  validation: F_1/7=0.960440, precision=0.959694, recall=0.998471, good=276172, bad=11599, missed=423, trie_nodes=14640, patterns=11492, objective=0.960433
  Tested: params=(21, 1, 16, 7, 4)
  validation: F_1/7=0.952963, precision=0.952097, recall=0.997397, good=275875, bad=13880, missed=720, trie_nodes=12118, patterns=10216, objective=0.952958
  Best so far: params=(30, 24, 29, 27, 3), score=0.964701, elapsed=681.6s

============================================================
Round 8/30
  Tested: params=(6, 21, 12, 29, 1)
  validation: F_1/7=0.909826, precision=0.908180, recall=0.998543, good=276192, bad=27924, missed=403, trie_nodes=17191, patterns=12221, objective=0.909819
  Tested: params=(11, 4, 28, 27, 2)
  validation: F_1/7=0.923837, precision=0.922427, recall=0.998633, good=276217, bad=23229, missed=378, trie_nodes=13206, patterns=10042, objective=0.923831
  Tested: params=(20, 25, 17, 16, 2)
  validation: F_1/7=0.946581, precision=0.945574, recall=0.998713, good=276239, bad=15900, missed=356, trie_nodes=14198, patterns=10547, objective=0.946575
  Tested: params=(3, 27, 28, 19, 2)
  validation: F_1/7=0.903092, precision=0.901336, recall=0.998409, good=276155, bad=30229, missed=440, trie_nodes=19508, patterns=13910, objective=0.903084
  Tested: params=(11, 22, 27, 27, 4)
  validation: F_1/7=0.923125, precision=0.921706, recall=0.998453, good=276167, bad=23459, missed=428, trie_nodes=10850, patterns=7620, objective=0.923120
  Best so far: params=(30, 24, 29, 27, 3), score=0.964701, elapsed=777.7s

============================================================
Round 9/30
  Tested: params=(20, 3, 5, 27, 4)
  validation: F_1/7=0.946694, precision=0.945699, recall=0.998181, good=276092, bad=15853, missed=503, trie_nodes=10105, patterns=8090, objective=0.946690
  Tested: params=(1, 4, 20, 1, 1)
  validation: F_1/7=0.909261, precision=0.907636, recall=0.996724, good=275689, bad=28055, missed=906, trie_nodes=14971, patterns=11868, objective=0.909255
  Tested: params=(17, 21, 20, 7, 4)
  validation: F_1/7=0.931515, precision=0.930242, recall=0.998471, good=276172, bad=20710, missed=423, trie_nodes=9737, patterns=7093, objective=0.931510
  Tested: params=(8, 10, 23, 20, 5)
  validation: F_1/7=0.917727, precision=0.916219, recall=0.998239, good=276108, bad=25248, missed=487, trie_nodes=10471, patterns=7565, objective=0.917722
  Tested: params=(20, 18, 3, 12, 2)
  validation: F_1/7=0.946410, precision=0.945400, recall=0.998724, good=276242, bad=15954, missed=353, trie_nodes=14321, patterns=10883, objective=0.946404
  Best so far: params=(30, 24, 29, 27, 3), score=0.964701, elapsed=874.4s

============================================================
Round 10/30
  Tested: params=(8, 30, 12, 27, 4)
  validation: F_1/7=0.917056, precision=0.915534, recall=0.998384, good=276148, bad=25477, missed=447, trie_nodes=12368, patterns=8557, objective=0.917051
  Tested: params=(24, 16, 18, 15, 1)
  validation: F_1/7=0.958572, precision=0.957788, recall=0.998601, good=276208, bad=12173, missed=387, trie_nodes=14951, patterns=11359, objective=0.958565
  Tested: params=(22, 9, 1, 20, 1)
  validation: F_1/7=0.956466, precision=0.955647, recall=0.998359, good=276141, bad=12816, missed=454, trie_nodes=16762, patterns=13438, objective=0.956458
  Tested: params=(29, 29, 28, 12, 1)
  validation: F_1/7=0.961918, precision=0.961199, recall=0.998521, good=276186, bad=11149, missed=409, trie_nodes=16047, patterns=12102, objective=0.961911
  Tested: params=(28, 13, 29, 29, 5)
  validation: F_1/7=0.962135, precision=0.961431, recall=0.997939, good=276025, bad=11073, missed=570, trie_nodes=11609, patterns=8715, objective=0.962130
  Best so far: params=(30, 24, 29, 27, 3), score=0.964701, elapsed=968.3s

============================================================
Round 11/30
  Tested: params=(9, 12, 26, 10, 1)
  validation: F_1/7=0.918348, precision=0.916844, recall=0.998655, good=276223, bad=25053, missed=372, trie_nodes=14042, patterns=10175, objective=0.918342
  Tested: params=(17, 29, 21, 18, 1)
  validation: F_1/7=0.931571, precision=0.930294, recall=0.998749, good=276249, bad=20699, missed=346, trie_nodes=13605, patterns=9918, objective=0.931565
  Tested: params=(19, 30, 5, 16, 5)
  validation: F_1/7=0.933688, precision=0.932452, recall=0.998510, good=276183, bad=20007, missed=412, trie_nodes=10523, patterns=7634, objective=0.933683
  Tested: params=(23, 21, 22, 11, 2)
  validation: F_1/7=0.957546, precision=0.956743, recall=0.998590, good=276205, bad=12488, missed=390, trie_nodes=15201, patterns=11473, objective=0.957539
  Tested: params=(25, 25, 27, 28, 3)
  validation: F_1/7=0.958755, precision=0.957975, recall=0.998543, good=276192, bad=12116, missed=403, trie_nodes=15728, patterns=11834, objective=0.958748
  Best so far: params=(30, 24, 29, 27, 3), score=0.964701, elapsed=1065.9s

============================================================
Round 12/30
  Tested: params=(16, 24, 20, 22, 4)
  validation: F_1/7=0.929967, precision=0.928667, recall=0.998453, good=276167, bad=21213, missed=428, trie_nodes=10002, patterns=7232, objective=0.929963
  Tested: params=(27, 11, 12, 3, 3)
  validation: F_1/7=0.962164, precision=0.961449, recall=0.998514, good=276184, bad=11074, missed=411, trie_nodes=14705, patterns=11389, objective=0.962157
  Tested: params=(2, 14, 17, 9, 3)
  validation: F_1/7=0.903091, precision=0.901335, recall=0.998424, good=276159, bad=30230, missed=436, trie_nodes=17300, patterns=12542, objective=0.903083
  Tested: params=(1, 2, 25, 11, 1)
  validation: F_1/7=0.916603, precision=0.915074, recall=0.998322, good=276131, bad=25627, missed=464, trie_nodes=16522, patterns=13384, objective=0.916596
  Tested: params=(16, 24, 7, 19, 1)
  validation: F_1/7=0.930097, precision=0.928792, recall=0.998836, good=276273, bad=21181, missed=322, trie_nodes=13337, patterns=9798, objective=0.930091
  Best so far: params=(30, 24, 29, 27, 3), score=0.964701, elapsed=1163.4s

============================================================
Round 13/30
  Tested: params=(2, 16, 17, 20, 4)
  validation: F_1/7=0.902255, precision=0.900490, recall=0.998116, good=276074, bad=30508, missed=521, trie_nodes=12787, patterns=9012, objective=0.902249
  Tested: params=(30, 16, 10, 24, 2)
  validation: F_1/7=0.964744, precision=0.964078, recall=0.998550, good=276194, bad=10291, missed=401, trie_nodes=15780, patterns=12226, objective=0.964738
  Tested: params=(14, 3, 1, 29, 5)
  validation: F_1/7=0.927407, precision=0.926068, recall=0.998153, good=276084, bad=22041, missed=511, trie_nodes=10995, patterns=8912, objective=0.927403
  Tested: params=(21, 13, 6, 5, 2)
  validation: F_1/7=0.951984, precision=0.951076, recall=0.998713, good=276239, bad=14210, missed=356, trie_nodes=13740, patterns=10592, objective=0.951978
  Tested: params=(17, 22, 20, 9, 5)
  validation: F_1/7=0.931507, precision=0.930234, recall=0.998456, good=276168, bad=20712, missed=427, trie_nodes=9780, patterns=7108, objective=0.931503
  Best so far: params=(30, 16, 10, 24, 2), score=0.964738, elapsed=1261.8s

============================================================
Round 14/30
  Tested: params=(23, 17, 19, 13, 2)
  validation: F_1/7=0.957598, precision=0.956797, recall=0.998604, good=276209, bad=12472, missed=386, trie_nodes=14986, patterns=11344, objective=0.957592
  Tested: params=(11, 23, 1, 4, 1)
  validation: F_1/7=0.922942, precision=0.921544, recall=0.997028, good=275773, bad=23478, missed=822, trie_nodes=15322, patterns=11849, objective=0.922935
  Tested: params=(2, 26, 22, 15, 1)
  validation: F_1/7=0.902568, precision=0.900805, recall=0.998286, good=276121, bad=30406, missed=474, trie_nodes=19975, patterns=14402, objective=0.902559
  Tested: params=(15, 15, 6, 14, 2)
  validation: F_1/7=0.929276, precision=0.927957, recall=0.998850, good=276277, bad=21449, missed=318, trie_nodes=12425, patterns=9264, objective=0.929271
  Tested: params=(19, 20, 2, 12, 4)
  validation: F_1/7=0.933552, precision=0.932315, recall=0.998482, good=276175, bad=20050, missed=420, trie_nodes=10447, patterns=7734, objective=0.933548
  Best so far: params=(30, 16, 10, 24, 2), score=0.964738, elapsed=1358.8s

============================================================
Round 15/30
  Tested: params=(16, 26, 20, 5, 1)
  validation: F_1/7=0.930149, precision=0.928847, recall=0.998764, good=276253, bad=21162, missed=342, trie_nodes=13312, patterns=9779, objective=0.930143
  Tested: params=(20, 1, 18, 29, 3)
  validation: F_1/7=0.947633, precision=0.946651, recall=0.998359, good=276141, bad=15562, missed=454, trie_nodes=15980, patterns=13588, objective=0.947626
  Tested: params=(12, 20, 14, 17, 5)
  validation: F_1/7=0.927461, precision=0.926116, recall=0.998532, good=276189, bad=22034, missed=406, trie_nodes=9668, patterns=7030, objective=0.927457
  Tested: params=(12, 29, 28, 6, 1)
  validation: F_1/7=0.927564, precision=0.926217, recall=0.998698, good=276235, bad=22005, missed=360, trie_nodes=13715, patterns=10007, objective=0.927558
  Tested: params=(4, 1, 3, 21, 1)
  validation: F_1/7=0.912564, precision=0.911025, recall=0.994938, good=275195, bad=26877, missed=1400, trie_nodes=16348, patterns=13836, objective=0.912557
  Best so far: params=(30, 16, 10, 24, 2), score=0.964738, elapsed=1457.8s

============================================================
Round 16/30
  Tested: params=(10, 26, 1, 25, 2)
  validation: F_1/7=0.922423, precision=0.920990, recall=0.998543, good=276192, bad=23694, missed=403, trie_nodes=17587, patterns=13026, objective=0.922415
  Tested: params=(4, 21, 19, 27, 4)
  validation: F_1/7=0.906391, precision=0.904690, recall=0.998337, good=276135, bad=29091, missed=460, trie_nodes=12547, patterns=8735, objective=0.906385
  Tested: params=(25, 9, 6, 23, 5)
  validation: F_1/7=0.958887, precision=0.958119, recall=0.998134, good=276079, bad=12068, missed=516, trie_nodes=11146, patterns=8565, objective=0.958883
  Tested: params=(30, 13, 12, 24, 2)
  validation: F_1/7=0.964811, precision=0.964146, recall=0.998568, good=276199, bad=10271, missed=396, trie_nodes=15465, patterns=12033, objective=0.964805
  Tested: params=(28, 26, 13, 23, 4)
  validation: F_1/7=0.961938, precision=0.961228, recall=0.998048, good=276055, bad=11135, missed=540, trie_nodes=11934, patterns=8897, objective=0.961932
  Best so far: params=(30, 13, 12, 24, 2), score=0.964805, elapsed=1560.8s

============================================================
Round 17/30
  Tested: params=(4, 28, 16, 25, 2)
  validation: F_1/7=0.907079, precision=0.905387, recall=0.998503, good=276181, bad=28861, missed=414, trie_nodes=18691, patterns=13260, objective=0.907070
  Tested: params=(27, 12, 1, 28, 1)
  validation: F_1/7=0.961217, precision=0.960487, recall=0.998435, good=276162, bad=11361, missed=433, trie_nodes=17388, patterns=13858, objective=0.961210
  Tested: params=(10, 29, 29, 18, 4)
  validation: F_1/7=0.922507, precision=0.921078, recall=0.998406, good=276154, bad=23662, missed=441, trie_nodes=11601, patterns=8067, objective=0.922502
  Tested: params=(14, 9, 10, 21, 4)
  validation: F_1/7=0.928642, precision=0.927318, recall=0.998510, good=276183, bad=21647, missed=412, trie_nodes=8969, patterns=6719, objective=0.928638
  Tested: params=(24, 24, 3, 15, 1)
  validation: F_1/7=0.958305, precision=0.957517, recall=0.998612, good=276211, bad=12255, missed=384, trie_nodes=15834, patterns=12185, objective=0.958298
  Best so far: params=(30, 13, 12, 24, 2), score=0.964805, elapsed=1660.0s

============================================================
Round 18/30
  Tested: params=(17, 14, 27, 11, 1)
  validation: F_1/7=0.931746, precision=0.930471, recall=0.998811, good=276266, bad=20644, missed=329, trie_nodes=12086, patterns=9027, objective=0.931740
  Tested: params=(5, 23, 19, 4, 1)
  validation: F_1/7=0.909506, precision=0.907861, recall=0.998124, good=276076, bad=28019, missed=519, trie_nodes=17353, patterns=12501, objective=0.909498
  Tested: params=(22, 3, 25, 22, 1)
  validation: F_1/7=0.957587, precision=0.956786, recall=0.998583, good=276203, bad=12475, missed=392, trie_nodes=14105, patterns=11404, objective=0.957581
  Tested: params=(3, 30, 12, 12, 5)
  validation: F_1/7=0.901966, precision=0.900196, recall=0.998116, good=276074, bad=30608, missed=521, trie_nodes=14096, patterns=9783, objective=0.901960
  Tested: params=(29, 30, 23, 12, 1)
  validation: F_1/7=0.961915, precision=0.961196, recall=0.998539, good=276191, bad=11150, missed=404, trie_nodes=16087, patterns=12134, objective=0.961908
  Best so far: params=(30, 13, 12, 24, 2), score=0.964805, elapsed=1758.3s

============================================================
Round 19/30
  Tested: params=(24, 17, 13, 28, 1)
  validation: F_1/7=0.958566, precision=0.957782, recall=0.998608, good=276210, bad=12175, missed=385, trie_nodes=14960, patterns=11392, objective=0.958559
  Tested: params=(15, 1, 15, 2, 1)
  validation: F_1/7=0.931525, precision=0.930268, recall=0.997617, good=275936, bad=20684, missed=659, trie_nodes=15170, patterns=13136, objective=0.931519
  Tested: params=(4, 20, 23, 18, 5)
  validation: F_1/7=0.906296, precision=0.904594, recall=0.998322, good=276131, bad=29123, missed=464, trie_nodes=12389, patterns=8633, objective=0.906291
  Tested: params=(12, 9, 27, 7, 5)
  validation: F_1/7=0.927716, precision=0.926376, recall=0.998478, good=276174, bad=21949, missed=421, trie_nodes=8947, patterns=6699, objective=0.927712
  Tested: params=(1, 30, 2, 27, 3)
  validation: F_1/7=0.900315, precision=0.898514, recall=0.998395, good=276151, bad=31191, missed=444, trie_nodes=21793, patterns=16328, objective=0.900306
  Best so far: params=(30, 13, 12, 24, 2), score=0.964805, elapsed=1858.6s

============================================================
Round 20/30
  Tested: params=(30, 3, 17, 30, 3)
  validation: F_1/7=0.964893, precision=0.964231, recall=0.998485, good=276176, bad=10245, missed=419, trie_nodes=15390, patterns=12452, objective=0.964886
  Tested: params=(19, 21, 14, 19, 3)
  validation: F_1/7=0.934062, precision=0.932829, recall=0.998789, good=276260, bad=19893, missed=335, trie_nodes=13102, patterns=9648, objective=0.934057
  Tested: params=(28, 2, 9, 29, 5)
  validation: F_1/7=0.962338, precision=0.961640, recall=0.997791, good=275984, bad=11009, missed=611, trie_nodes=11715, patterns=9434, objective=0.962332
  Tested: params=(14, 19, 9, 6, 3)
  validation: F_1/7=0.928630, precision=0.927300, recall=0.998807, good=276265, bad=21659, missed=330, trie_nodes=12712, patterns=9364, objective=0.928624
  Tested: params=(11, 18, 3, 30, 5)
  validation: F_1/7=0.923077, precision=0.921656, recall=0.998525, good=276187, bad=23477, missed=408, trie_nodes=10613, patterns=7600, objective=0.923072
  Best so far: params=(30, 3, 17, 30, 3), score=0.964886, elapsed=1957.2s

============================================================
Round 21/30
  Tested: params=(21, 17, 10, 25, 4)
  validation: F_1/7=0.951906, precision=0.951005, recall=0.998243, good=276109, bad=14225, missed=486, trie_nodes=10707, patterns=7985, objective=0.951901
  Tested: params=(5, 28, 25, 29, 4)
  validation: F_1/7=0.908403, precision=0.906737, recall=0.998297, good=276124, bad=28401, missed=471, trie_nodes=13612, patterns=9332, objective=0.908397
  Tested: params=(19, 13, 28, 26, 1)
  validation: F_1/7=0.934181, precision=0.932949, recall=0.998796, good=276262, bad=19855, missed=333, trie_nodes=12236, patterns=9157, objective=0.934175
  Tested: params=(1, 12, 25, 30, 1)
  validation: F_1/7=0.901282, precision=0.899496, recall=0.998420, good=276158, bad=30856, missed=437, trie_nodes=17875, patterns=13301, objective=0.901275
  Tested: params=(18, 12, 30, 26, 5)
  validation: F_1/7=0.931715, precision=0.930446, recall=0.998431, good=276161, bad=20644, missed=434, trie_nodes=9175, patterns=6795, objective=0.931711
  Best so far: params=(30, 3, 17, 30, 3), score=0.964886, elapsed=2055.4s

============================================================
Round 22/30
  Tested: params=(15, 13, 9, 2, 5)
  validation: F_1/7=0.929341, precision=0.928031, recall=0.998409, good=276155, bad=21416, missed=440, trie_nodes=9123, patterns=6770, objective=0.929337
  Tested: params=(25, 30, 30, 17, 4)
  validation: F_1/7=0.958658, precision=0.957887, recall=0.998004, good=276043, bad=12136, missed=552, trie_nodes=12039, patterns=8872, objective=0.958653
  Tested: params=(29, 26, 8, 14, 1)
  validation: F_1/7=0.961871, precision=0.961150, recall=0.998565, good=276198, bad=11164, missed=397, trie_nodes=15922, patterns=12160, objective=0.961864
  Tested: params=(29, 19, 7, 21, 4)
  validation: F_1/7=0.961868, precision=0.961156, recall=0.998098, good=276069, bad=11157, missed=526, trie_nodes=11841, patterns=8940, objective=0.961863
  Tested: params=(11, 4, 21, 16, 4)
  validation: F_1/7=0.923834, precision=0.922432, recall=0.998189, good=276094, bad=23217, missed=501, trie_nodes=9597, patterns=7244, objective=0.923830
  Best so far: params=(30, 3, 17, 30, 3), score=0.964886, elapsed=2155.0s

============================================================
Round 23/30
  Tested: params=(16, 26, 17, 17, 5)
  validation: F_1/7=0.929950, precision=0.928649, recall=0.998467, good=276171, bad=21219, missed=424, trie_nodes=10113, patterns=7294, objective=0.929945
  Tested: params=(13, 5, 1, 23, 4)
  validation: F_1/7=0.927032, precision=0.925685, recall=0.998185, good=276093, bad=22165, missed=502, trie_nodes=10583, patterns=8431, objective=0.927027
  Tested: params=(22, 7, 5, 1, 2)
  validation: F_1/7=0.957341, precision=0.956549, recall=0.997820, good=275992, bad=12537, missed=603, trie_nodes=13842, patterns=11027, objective=0.957334
  Tested: params=(18, 12, 14, 28, 2)
  validation: F_1/7=0.931756, precision=0.930481, recall=0.998829, good=276271, bad=20641, missed=324, trie_nodes=12017, patterns=9004, objective=0.931751
  Tested: params=(16, 24, 12, 19, 5)
  validation: F_1/7=0.929975, precision=0.928675, recall=0.998474, good=276173, bad=21211, missed=422, trie_nodes=9984, patterns=7220, objective=0.929971
  Best so far: params=(30, 3, 17, 30, 3), score=0.964886, elapsed=2250.5s

============================================================
Round 24/30
  Tested: params=(29, 5, 28, 15, 2)
  validation: F_1/7=0.962131, precision=0.961416, recall=0.998514, good=276184, bad=11084, missed=411, trie_nodes=15050, patterns=11801, objective=0.962124
  Tested: params=(14, 30, 15, 10, 4)
  validation: F_1/7=0.928304, precision=0.926974, recall=0.998536, good=276190, bad=21758, missed=405, trie_nodes=10251, patterns=7346, objective=0.928300
  Tested: params=(8, 3, 4, 4, 1)
  validation: F_1/7=0.918122, precision=0.916635, recall=0.997397, good=275875, bad=25090, missed=720, trie_nodes=13459, patterns=11184, objective=0.918116
  Tested: params=(5, 20, 6, 11, 5)
  validation: F_1/7=0.908620, precision=0.906956, recall=0.998355, good=276140, bad=28329, missed=455, trie_nodes=12282, patterns=8628, objective=0.908614
  Tested: params=(15, 21, 6, 6, 1)
  validation: F_1/7=0.929225, precision=0.927905, recall=0.998818, good=276268, bad=21465, missed=327, trie_nodes=12966, patterns=9572, objective=0.929219
  Best so far: params=(30, 3, 17, 30, 3), score=0.964886, elapsed=2347.0s

============================================================
Round 25/30
  Tested: params=(6, 9, 6, 3, 1)
  validation: F_1/7=0.914476, precision=0.912915, recall=0.998109, good=276072, bad=26335, missed=523, trie_nodes=14459, patterns=10917, objective=0.914470
  Tested: params=(14, 7, 11, 16, 4)
  validation: F_1/7=0.928691, precision=0.927368, recall=0.998471, good=276172, bad=21630, missed=423, trie_nodes=8887, patterns=6712, objective=0.928687
  Tested: params=(2, 24, 19, 3, 5)
  validation: F_1/7=0.901750, precision=0.899988, recall=0.997433, good=275885, bad=30658, missed=710, trie_nodes=13603, patterns=9626, objective=0.901744
  Tested: params=(28, 2, 9, 25, 4)
  validation: F_1/7=0.962344, precision=0.961647, recall=0.997798, good=275986, bad=11007, missed=609, trie_nodes=11727, patterns=9467, objective=0.962339
  Tested: params=(6, 7, 12, 15, 4)
  validation: F_1/7=0.914186, precision=0.912619, recall=0.998171, good=276089, bad=26435, missed=506, trie_nodes=10518, patterns=7685, objective=0.914181
  Best so far: params=(30, 3, 17, 30, 3), score=0.964886, elapsed=2446.0s

============================================================
Round 26/30
  Tested: params=(12, 14, 23, 2, 2)
  validation: F_1/7=0.927736, precision=0.926392, recall=0.998753, good=276250, bad=21950, missed=345, trie_nodes=12098, patterns=9033, objective=0.927731
  Tested: params=(22, 27, 16, 16, 1)
  validation: F_1/7=0.957252, precision=0.956443, recall=0.998633, good=276217, bad=12579, missed=378, trie_nodes=15185, patterns=11371, objective=0.957245
  Tested: params=(14, 16, 8, 9, 2)
  validation: F_1/7=0.928626, precision=0.927296, recall=0.998832, good=276272, bad=21661, missed=323, trie_nodes=12488, patterns=9234, objective=0.928620
  Tested: params=(1, 10, 7, 10, 1)
  validation: F_1/7=0.906303, precision=0.904599, recall=0.998482, good=276175, bad=29126, missed=420, trie_nodes=16530, patterns=12707, objective=0.906296
  Tested: params=(27, 18, 21, 24, 3)
  validation: F_1/7=0.962083, precision=0.961367, recall=0.998550, good=276194, bad=11099, missed=401, trie_nodes=15349, patterns=11648, objective=0.962077
  Best so far: params=(30, 3, 17, 30, 3), score=0.964886, elapsed=2544.8s

============================================================
Round 27/30
  Tested: params=(3, 17, 18, 23, 3)
  validation: F_1/7=0.903662, precision=0.901913, recall=0.998510, good=276183, bad=30036, missed=412, trie_nodes=17518, patterns=12622, objective=0.903654
  Tested: params=(4, 9, 11, 20, 3)
  validation: F_1/7=0.912022, precision=0.910412, recall=0.998565, good=276198, bad=27179, missed=397, trie_nodes=15071, patterns=11110, objective=0.912015
  Tested: params=(11, 30, 19, 8, 1)
  validation: F_1/7=0.923403, precision=0.921988, recall=0.998521, good=276186, bad=23369, missed=409, trie_nodes=15392, patterns=10951, objective=0.923396
  Tested: params=(5, 8, 5, 6, 2)
  validation: F_1/7=0.914244, precision=0.912674, recall=0.998380, good=276147, bad=26422, missed=448, trie_nodes=14764, patterns=11191, objective=0.914238
  Tested: params=(6, 27, 3, 16, 3)
  validation: F_1/7=0.909657, precision=0.908007, recall=0.998518, good=276185, bad=27981, missed=410, trie_nodes=18581, patterns=13278, objective=0.909648
  Best so far: params=(30, 3, 17, 30, 3), score=0.964886, elapsed=2647.5s

============================================================
Round 28/30
  Tested: params=(30, 4, 12, 30, 5)
  validation: F_1/7=0.965014, precision=0.964366, recall=0.997903, good=276015, bad=10199, missed=580, trie_nodes=11633, patterns=9172, objective=0.965009
  Tested: params=(25, 8, 6, 21, 5)
  validation: F_1/7=0.958894, precision=0.958125, recall=0.998138, good=276080, bad=12066, missed=515, trie_nodes=11101, patterns=8542, objective=0.958889
  Tested: params=(17, 18, 9, 24, 1)
  validation: F_1/7=0.931682, precision=0.930405, recall=0.998821, good=276269, bad=20665, missed=326, trie_nodes=12634, patterns=9361, objective=0.931676
  Tested: params=(10, 13, 16, 8, 1)
  validation: F_1/7=0.923105, precision=0.921682, recall=0.998641, good=276219, bad=23471, missed=376, trie_nodes=13803, patterns=10033, objective=0.923099
  Tested: params=(19, 9, 18, 5, 3)
  validation: F_1/7=0.934204, precision=0.932973, recall=0.998785, good=276259, bad=19847, missed=336, trie_nodes=11997, patterns=9122, objective=0.934199
  Best so far: params=(30, 4, 12, 30, 5), score=0.965009, elapsed=2746.5s

============================================================
Round 29/30
  Tested: params=(16, 2, 11, 5, 1)
  validation: F_1/7=0.930464, precision=0.929172, recall=0.998485, good=276176, bad=21052, missed=419, trie_nodes=13508, patterns=11055, objective=0.930458
  Tested: params=(30, 10, 25, 8, 4)
  validation: F_1/7=0.964932, precision=0.964283, recall=0.997845, good=275999, bad=10223, missed=596, trie_nodes=11870, patterns=9070, objective=0.964927
  Tested: params=(23, 18, 15, 13, 2)
  validation: F_1/7=0.957595, precision=0.956793, recall=0.998608, good=276210, bad=12473, missed=385, trie_nodes=15076, patterns=11393, objective=0.957589
  Tested: params=(28, 25, 29, 4, 4)
  validation: F_1/7=0.962014, precision=0.961307, recall=0.997939, good=276025, bad=11110, missed=570, trie_nodes=12047, patterns=8938, objective=0.962008
  Tested: params=(29, 6, 2, 23, 3)
  validation: F_1/7=0.961662, precision=0.960938, recall=0.998532, good=276189, bad=11227, missed=406, trie_nodes=15923, patterns=12740, objective=0.961655
  Best so far: params=(30, 4, 12, 30, 5), score=0.965009, elapsed=2844.8s

============================================================
Round 30/30
  Tested: params=(26, 5, 24, 7, 1)
  validation: F_1/7=0.960540, precision=0.959794, recall=0.998561, good=276197, bad=11570, missed=398, trie_nodes=14649, patterns=11573, objective=0.960533
  Tested: params=(5, 25, 20, 16, 2)
  validation: F_1/7=0.909421, precision=0.907769, recall=0.998453, good=276167, bad=28059, missed=428, trie_nodes=18311, patterns=12997, objective=0.909413
  Tested: params=(27, 12, 25, 14, 2)
  validation: F_1/7=0.962166, precision=0.961451, recall=0.998565, good=276198, bad=11074, missed=397, trie_nodes=14935, patterns=11429, objective=0.962160
  Tested: params=(14, 10, 23, 16, 2)
  validation: F_1/7=0.928725, precision=0.927396, recall=0.998843, good=276275, bad=21629, missed=320, trie_nodes=11827, patterns=8883, objective=0.928720
  Tested: params=(27, 12, 17, 28, 4)
  validation: F_1/7=0.962169, precision=0.961465, recall=0.998022, good=276048, bad=11064, missed=547, trie_nodes=11383, patterns=8583, objective=0.962164
  Best so far: params=(30, 4, 12, 30, 5), score=0.965009, elapsed=2942.2s

============================================================
Final phase: 3 evaluations
  Tested: params=(4, 29, 19, 11, 1)
  validation: F_1/7=0.906986, precision=0.905295, recall=0.998398, good=276152, bad=28889, missed=443, trie_nodes=18577, patterns=13275, objective=0.906978
  Tested: params=(24, 19, 17, 27, 4)
  validation: F_1/7=0.958637, precision=0.957865, recall=0.998033, good=276051, bad=12143, missed=544, trie_nodes=11492, patterns=8556, objective=0.958632
  Tested: params=(5, 10, 8, 23, 1)
  validation: F_1/7=0.914077, precision=0.912501, recall=0.998554, good=276195, bad=26484, missed=400, trie_nodes=15318, patterns=11361, objective=0.914070

============================================================
Threshold ablation run complete
Best parameters (b1 b2 b3 b4 thr): (30, 4, 12, 30, 5)
Thresholds: {'mode': 'shared', 'shared': 5, 'per_level': [5, 5, 5, 5]}
  validation-selected: F_1/7=0.965014, precision=0.964366, recall=0.997903, good=276015, bad=10199, missed=580, trie_nodes=11633, patterns=9172, objective=0.965009
  held-out test: F_1/7=0.964962, precision=0.964312, recall=0.997895, good=275856, bad=10209, missed=582, trie_nodes=11633, patterns=9172
Summary: results/threshold_ablation/cssk/cshyphen/shared_random/summary.json
History: results/threshold_ablation/cssk/cshyphen/shared_random/history.csv
Wall time: 3037.9s
