Proportional trie_normalizer for de/wortliste: |D| = 604970
Objective: F17+Trie(w=0.0005)
Dataset: /home/dev/hyph-bench/data/de/wortliste/wortliste.wlh
Translate: /home/dev/hyph-bench/data/de/wortliste/wortliste.wlh.tra
Method: tpe | Threshold mode: perlayer
Search space (8-D): [(1, 30), (1, 30), (1, 30), (1, 30), (1, 5), (1, 5), (1, 5), (1, 5)]
Split counts: train=483976, validation=60497, test=60497
Pattern ranges: [(1, 4), (2, 5), (2, 6), (2, 7)]
Budget: 30 rounds x 5 + 3 final = 153 patgen evaluations; 3 parallel workers

============================================================
Round 1/30
  Tested: params=(12, 29, 22, 18, 1, 1, 1, 5)
  validation: F_1/7=0.966613, precision=0.966157, recall=0.989499, good=178942, bad=6268, missed=1899, trie_nodes=46042, patterns=38074, objective=0.966575
  Tested: params=(19, 22, 1, 30, 5, 2, 1, 1)
  validation: F_1/7=0.976345, precision=0.976071, recall=0.989969, good=179027, bad=4389, missed=1814, trie_nodes=52544, patterns=47941, objective=0.976302
  Tested: params=(10, 16, 13, 9, 4, 1, 2, 2)
  validation: F_1/7=0.963517, precision=0.963015, recall=0.988741, good=178805, bad=6867, missed=2036, trie_nodes=46496, patterns=39247, objective=0.963478
  Tested: params=(14, 24, 6, 16, 3, 1, 4, 1)
  validation: F_1/7=0.976015, precision=0.975764, recall=0.988471, good=178756, bad=4440, missed=2085, trie_nodes=44493, patterns=36248, objective=0.975978
  Tested: params=(2, 29, 29, 25, 2, 1, 4, 3)
  validation: F_1/7=0.880845, precision=0.878893, recall=0.988443, good=178751, bad=24631, missed=2090, trie_nodes=48007, patterns=37391, objective=0.880806
  Best so far: params=(19, 22, 1, 30, 5, 2, 1, 1), score=0.976302, elapsed=106.2s

============================================================
Round 2/30
  Tested: params=(4, 15, 2, 28, 2, 4, 2, 3)
  validation: F_1/7=0.889328, precision=0.887469, recall=0.991036, good=179220, bad=22725, missed=1621, trie_nodes=47234, patterns=39860, objective=0.889289
  Tested: params=(17, 6, 30, 24, 5, 5, 3, 5)
  validation: F_1/7=0.975334, precision=0.975049, recall=0.989499, good=178942, bad=4579, missed=1899, trie_nodes=46902, patterns=34723, objective=0.975295
  Tested: params=(3, 6, 2, 10, 2, 2, 5, 2)
  validation: F_1/7=0.898890, precision=0.897239, recall=0.987984, good=178668, bad=20463, missed=2173, trie_nodes=41126, patterns=37842, objective=0.898856
  Tested: params=(9, 17, 5, 25, 1, 5, 4, 1)
  validation: F_1/7=0.963256, precision=0.962739, recall=0.989278, good=178902, bad=6924, missed=1939, trie_nodes=43107, patterns=34201, objective=0.963221
  Tested: params=(1, 25, 22, 22, 4, 1, 2, 1)
  validation: F_1/7=0.846738, precision=0.844249, recall=0.989764, good=178990, bad=33021, missed=1851, trie_nodes=50360, patterns=41323, objective=0.846697
  Best so far: params=(19, 22, 1, 30, 5, 2, 1, 1), score=0.976302, elapsed=205.9s

============================================================
Round 3/30
  Tested: params=(27, 1, 12, 1, 5, 3, 1, 4)
  validation: F_1/7=0.978155, precision=0.978013, recall=0.985131, good=178152, bad=4005, missed=2689, trie_nodes=49331, patterns=40970, objective=0.978114
  Tested: params=(27, 1, 13, 1, 5, 3, 1, 4)
  validation: F_1/7=0.978241, precision=0.978098, recall=0.985308, good=178184, bad=3990, missed=2657, trie_nodes=49697, patterns=41163, objective=0.978200
  Tested: params=(26, 1, 12, 1, 5, 3, 1, 4)
  validation: F_1/7=0.978018, precision=0.977874, recall=0.985125, good=178151, bad=4031, missed=2690, trie_nodes=49314, patterns=41020, objective=0.977977
  Tested: params=(26, 12, 11, 1, 5, 3, 1, 4)
  validation: F_1/7=0.976845, precision=0.976765, recall=0.980757, good=177361, bad=4219, missed=3480, trie_nodes=44752, patterns=36695, objective=0.976808
  Tested: params=(26, 21, 12, 4, 5, 3, 1, 4)
  validation: F_1/7=0.976005, precision=0.975763, recall=0.988001, good=178671, bad=4438, missed=2170, trie_nodes=46231, patterns=37127, objective=0.975967
  Best so far: params=(27, 1, 13, 1, 5, 3, 1, 4), score=0.978200, elapsed=307.6s

============================================================
Round 4/30
  Tested: params=(30, 1, 18, 7, 4, 4, 2, 4)
  validation: F_1/7=0.977096, precision=0.976862, recall=0.988703, good=178798, bad=4235, missed=2043, trie_nodes=51885, patterns=40545, objective=0.977053
  Tested: params=(22, 1, 18, 8, 4, 4, 2, 4)
  validation: F_1/7=0.976923, precision=0.976683, recall=0.988813, good=178818, bad=4269, missed=2023, trie_nodes=51239, patterns=40274, objective=0.976881
  Tested: params=(30, 1, 19, 8, 4, 4, 2, 4)
  validation: F_1/7=0.976906, precision=0.976669, recall=0.988659, good=178790, bad=4271, missed=2051, trie_nodes=52172, patterns=40719, objective=0.976863
  Tested: params=(30, 1, 17, 8, 4, 4, 2, 4)
  validation: F_1/7=0.977255, precision=0.977023, recall=0.988741, good=178805, bad=4205, missed=2036, trie_nodes=51524, patterns=40386, objective=0.977212
  Tested: params=(30, 1, 18, 7, 4, 4, 2, 4)
  validation: F_1/7=0.977096, precision=0.976862, recall=0.988703, good=178798, bad=4235, missed=2043, trie_nodes=51885, patterns=40545, objective=0.977053
  Best so far: params=(27, 1, 13, 1, 5, 3, 1, 4), score=0.978200, elapsed=416.5s

============================================================
Round 5/30
  Tested: params=(23, 6, 8, 13, 3, 2, 3, 5)
  validation: F_1/7=0.975471, precision=0.975176, recall=0.990129, good=179056, bad=4558, missed=1785, trie_nodes=45558, patterns=37732, objective=0.975433
  Tested: params=(22, 6, 8, 12, 3, 2, 3, 5)
  validation: F_1/7=0.977291, precision=0.977033, recall=0.990102, good=179051, bad=4209, missed=1790, trie_nodes=45329, patterns=37583, objective=0.977253
  Tested: params=(21, 6, 8, 13, 3, 2, 3, 5)
  validation: F_1/7=0.977125, precision=0.976863, recall=0.990135, good=179057, bad=4241, missed=1784, trie_nodes=45208, patterns=37574, objective=0.977087
  Tested: params=(22, 7, 8, 13, 3, 2, 3, 5)
  validation: F_1/7=0.977197, precision=0.976937, recall=0.990113, good=179053, bad=4227, missed=1788, trie_nodes=45310, patterns=37538, objective=0.977160
  Tested: params=(22, 6, 8, 14, 3, 2, 3, 5)
  validation: F_1/7=0.977232, precision=0.976971, recall=0.990196, good=179068, bad=4221, missed=1773, trie_nodes=45375, patterns=37615, objective=0.977194
  Best so far: params=(27, 1, 13, 1, 5, 3, 1, 4), score=0.978200, elapsed=518.3s

============================================================
Round 6/30
  Tested: params=(27, 9, 14, 1, 5, 3, 1, 3)
  validation: F_1/7=0.979420, precision=0.979384, recall=0.981177, good=177437, bad=3735, missed=3404, trie_nodes=48003, patterns=39441, objective=0.979380
  Tested: params=(26, 9, 14, 1, 5, 3, 1, 3)
  validation: F_1/7=0.979482, precision=0.979448, recall=0.981133, good=177429, bad=3723, missed=3412, trie_nodes=47871, patterns=39409, objective=0.979442
  Tested: params=(26, 10, 11, 1, 5, 3, 1, 3)
  validation: F_1/7=0.979600, precision=0.979592, recall=0.979971, good=177219, bad=3692, missed=3622, trie_nodes=46543, patterns=39004, objective=0.979561
  Tested: params=(26, 9, 15, 1, 5, 3, 1, 3)
  validation: F_1/7=0.979260, precision=0.979216, recall=0.981409, good=177479, bad=3767, missed=3362, trie_nodes=48369, patterns=39536, objective=0.979220
  Tested: params=(27, 11, 14, 1, 5, 3, 1, 3)
  validation: F_1/7=0.979463, precision=0.979438, recall=0.980652, good=177342, bad=3723, missed=3499, trie_nodes=47811, patterns=39318, objective=0.979423
  Best so far: params=(26, 10, 11, 1, 5, 3, 1, 3), score=0.979561, elapsed=628.9s

============================================================
Round 7/30
  Tested: params=(18, 13, 22, 4, 4, 3, 1, 2)
  validation: F_1/7=0.977580, precision=0.977390, recall=0.986989, good=178488, bad=4129, missed=2353, trie_nodes=48956, patterns=40004, objective=0.977540
  Tested: params=(18, 13, 21, 4, 4, 3, 1, 2)
  validation: F_1/7=0.977570, precision=0.977379, recall=0.987000, good=178490, bad=4131, missed=2351, trie_nodes=48934, patterns=39994, objective=0.977530
  Tested: params=(19, 13, 21, 4, 4, 3, 1, 2)
  validation: F_1/7=0.978496, precision=0.978323, recall=0.987049, good=178499, bad=3955, missed=2342, trie_nodes=49161, patterns=40016, objective=0.978456
  Tested: params=(19, 13, 22, 4, 4, 3, 1, 2)
  validation: F_1/7=0.978506, precision=0.978334, recall=0.987038, good=178497, bad=3953, missed=2344, trie_nodes=49182, patterns=40025, objective=0.978466
  Tested: params=(19, 13, 21, 4, 4, 3, 1, 2)
  validation: F_1/7=0.978496, precision=0.978323, recall=0.987049, good=178499, bad=3955, missed=2342, trie_nodes=49161, patterns=40016, objective=0.978456
  Best so far: params=(26, 10, 11, 1, 5, 3, 1, 3), score=0.979561, elapsed=730.7s

============================================================
Round 8/30
  Tested: params=(24, 10, 15, 6, 5, 4, 2, 3)
  validation: F_1/7=0.977086, precision=0.976862, recall=0.988222, good=178711, bad=4233, missed=2130, trie_nodes=49136, patterns=39115, objective=0.977046
  Tested: params=(28, 10, 15, 6, 5, 4, 2, 3)
  validation: F_1/7=0.977137, precision=0.976912, recall=0.988305, good=178726, bad=4224, missed=2115, trie_nodes=49794, patterns=39494, objective=0.977096
  Tested: params=(24, 10, 15, 18, 5, 4, 2, 3)
  validation: F_1/7=0.976706, precision=0.976461, recall=0.988880, good=178830, bad=4311, missed=2011, trie_nodes=49860, patterns=39601, objective=0.976665
  Tested: params=(24, 10, 15, 19, 5, 4, 2, 3)
  validation: F_1/7=0.976674, precision=0.976429, recall=0.988874, good=178829, bad=4317, missed=2012, trie_nodes=49886, patterns=39618, objective=0.976633
  Tested: params=(24, 9, 15, 3, 5, 4, 2, 3)
  validation: F_1/7=0.977481, precision=0.977291, recall=0.986878, good=178468, bad=4147, missed=2373, trie_nodes=48453, patterns=38619, objective=0.977441
  Best so far: params=(26, 10, 11, 1, 5, 3, 1, 3), score=0.979561, elapsed=822.3s

============================================================
Round 9/30
  Tested: params=(13, 4, 25, 10, 1, 2, 5, 3)
  validation: F_1/7=0.976334, precision=0.976131, recall=0.986402, good=178382, bad=4362, missed=2459, trie_nodes=41825, patterns=33301, objective=0.976299
  Tested: params=(15, 18, 10, 2, 1, 2, 5, 3)
  validation: F_1/7=0.977275, precision=0.977160, recall=0.982968, good=177761, bad=4155, missed=3080, trie_nodes=40674, patterns=33582, objective=0.977242
  Tested: params=(14, 18, 25, 10, 1, 2, 5, 3)
  validation: F_1/7=0.976258, precision=0.976047, recall=0.986707, good=178437, bad=4379, missed=2404, trie_nodes=43452, patterns=34362, objective=0.976222
  Tested: params=(14, 17, 10, 10, 1, 2, 5, 3)
  validation: F_1/7=0.976345, precision=0.976117, recall=0.987652, good=178608, bad=4370, missed=2233, trie_nodes=43062, patterns=34790, objective=0.976310
  Tested: params=(15, 17, 10, 10, 1, 2, 5, 3)
  validation: F_1/7=0.976337, precision=0.976110, recall=0.987575, good=178594, bad=4371, missed=2247, trie_nodes=43272, patterns=34997, objective=0.976301
  Best so far: params=(26, 10, 11, 1, 5, 3, 1, 3), score=0.979561, elapsed=912.1s

============================================================
Round 10/30
  Tested: params=(28, 8, 13, 2, 5, 3, 1, 3)
  validation: F_1/7=0.977741, precision=0.977578, recall=0.985811, good=178275, bad=4089, missed=2566, trie_nodes=48494, patterns=39797, objective=0.977701
  Tested: params=(28, 8, 13, 2, 5, 3, 1, 3)
  validation: F_1/7=0.977741, precision=0.977578, recall=0.985811, good=178275, bad=4089, missed=2566, trie_nodes=48494, patterns=39797, objective=0.977701
  Tested: params=(28, 4, 13, 2, 5, 3, 1, 3)
  validation: F_1/7=0.977675, precision=0.977499, recall=0.986375, good=178377, bad=4106, missed=2464, trie_nodes=49194, patterns=40472, objective=0.977635
  Tested: params=(28, 4, 14, 2, 5, 3, 1, 3)
  validation: F_1/7=0.977588, precision=0.977407, recall=0.986546, good=178408, bad=4124, missed=2433, trie_nodes=49643, patterns=40619, objective=0.977547
  Tested: params=(8, 8, 13, 2, 5, 3, 1, 3)
  validation: F_1/7=0.962022, precision=0.961547, recall=0.985888, good=178289, bad=7130, missed=2552, trie_nodes=44153, patterns=37985, objective=0.961985
  Best so far: params=(26, 10, 11, 1, 5, 3, 1, 3), score=0.979561, elapsed=1015.2s

============================================================
Round 11/30
  Tested: params=(26, 15, 17, 6, 5, 5, 1, 2)
  validation: F_1/7=0.977173, precision=0.976956, recall=0.987923, good=178657, bad=4214, missed=2184, trie_nodes=49750, patterns=39399, objective=0.977132
  Tested: params=(26, 15, 17, 6, 5, 5, 1, 2)
  validation: F_1/7=0.977173, precision=0.976956, recall=0.987923, good=178657, bad=4214, missed=2184, trie_nodes=49750, patterns=39399, objective=0.977132
  Tested: params=(26, 11, 5, 6, 5, 3, 1, 2)
  validation: F_1/7=0.977386, precision=0.977167, recall=0.988255, good=178717, bad=4176, missed=2124, trie_nodes=46352, patterns=40636, objective=0.977348
  Tested: params=(26, 11, 5, 6, 5, 3, 1, 2)
  validation: F_1/7=0.977386, precision=0.977167, recall=0.988255, good=178717, bad=4176, missed=2124, trie_nodes=46352, patterns=40636, objective=0.977348
  Tested: params=(26, 11, 5, 6, 5, 5, 1, 2)
  validation: F_1/7=0.977567, precision=0.977350, recall=0.988310, good=178727, bad=4142, missed=2114, trie_nodes=45678, patterns=39127, objective=0.977529
  Best so far: params=(26, 10, 11, 1, 5, 3, 1, 3), score=0.979561, elapsed=1121.9s

============================================================
Round 12/30
  Tested: params=(6, 12, 11, 1, 4, 3, 4, 1)
  validation: F_1/7=0.944766, precision=0.944172, recall=0.974845, good=176292, bad=10424, missed=4549, trie_nodes=36719, patterns=30542, objective=0.944736
  Tested: params=(29, 12, 11, 1, 4, 3, 1, 1)
  validation: F_1/7=0.979894, precision=0.979952, recall=0.977096, good=176699, bad=3615, missed=4142, trie_nodes=46754, patterns=39395, objective=0.979856
  Tested: params=(11, 30, 11, 1, 4, 3, 4, 1)
  validation: F_1/7=0.967273, precision=0.967194, recall=0.971157, good=175625, bad=5957, missed=5216, trie_nodes=38102, patterns=31167, objective=0.967241
  Tested: params=(11, 14, 11, 1, 4, 3, 4, 1)
  validation: F_1/7=0.966995, precision=0.966858, recall=0.973728, good=176090, bad=6036, missed=4751, trie_nodes=37281, patterns=30590, objective=0.966964
  Tested: params=(20, 12, 11, 1, 4, 3, 1, 1)
  validation: F_1/7=0.979682, precision=0.979729, recall=0.977378, good=176750, bad=3657, missed=4091, trie_nodes=45428, patterns=38794, objective=0.979644
  Best so far: params=(29, 12, 11, 1, 4, 3, 1, 1), score=0.979856, elapsed=1212.4s

============================================================
Round 13/30
  Tested: params=(21, 27, 12, 3, 3, 3, 1, 1)
  validation: F_1/7=0.978978, precision=0.978834, recall=0.986076, good=178323, bad=3856, missed=2518, trie_nodes=48451, patterns=40495, objective=0.978938
  Tested: params=(29, 26, 9, 3, 3, 3, 1, 1)
  validation: F_1/7=0.977649, precision=0.977485, recall=0.985755, good=178265, bad=4106, missed=2576, trie_nodes=48595, patterns=40911, objective=0.977609
  Tested: params=(29, 12, 9, 28, 2, 3, 1, 1)
  validation: F_1/7=0.976716, precision=0.976462, recall=0.989372, good=178919, bad=4313, missed=1922, trie_nodes=50639, patterns=42294, objective=0.976675
  Tested: params=(29, 12, 9, 29, 3, 3, 1, 1)
  validation: F_1/7=0.976665, precision=0.976409, recall=0.989383, good=178921, bad=4323, missed=1920, trie_nodes=50672, patterns=42304, objective=0.976623
  Tested: params=(29, 27, 9, 3, 2, 3, 1, 1)
  validation: F_1/7=0.977665, precision=0.977502, recall=0.985755, good=178265, bad=4103, missed=2576, trie_nodes=48568, patterns=40904, objective=0.977625
  Best so far: params=(29, 12, 11, 1, 4, 3, 1, 1), score=0.979856, elapsed=1303.1s

============================================================
Round 14/30
  Tested: params=(25, 7, 16, 5, 5, 3, 1, 4)
  validation: F_1/7=0.976006, precision=0.975749, recall=0.988747, good=178806, bad=4444, missed=2035, trie_nodes=47956, patterns=38106, objective=0.975966
  Tested: params=(25, 9, 16, 5, 5, 3, 1, 4)
  validation: F_1/7=0.975987, precision=0.975731, recall=0.988675, good=178793, bad=4447, missed=2048, trie_nodes=47841, patterns=38055, objective=0.975947
  Tested: params=(25, 8, 16, 5, 5, 3, 1, 4)
  validation: F_1/7=0.975987, precision=0.975732, recall=0.988686, good=178795, bad=4447, missed=2046, trie_nodes=47881, patterns=38047, objective=0.975948
  Tested: params=(25, 9, 14, 5, 5, 3, 1, 4)
  validation: F_1/7=0.976075, precision=0.975822, recall=0.988670, good=178792, bad=4430, missed=2049, trie_nodes=46946, patterns=37594, objective=0.976037
  Tested: params=(25, 9, 16, 5, 5, 3, 1, 4)
  validation: F_1/7=0.975987, precision=0.975731, recall=0.988675, good=178793, bad=4447, missed=2048, trie_nodes=47841, patterns=38055, objective=0.975947
  Best so far: params=(29, 12, 11, 1, 4, 3, 1, 1), score=0.979856, elapsed=1394.4s

============================================================
Round 15/30
  Tested: params=(27, 5, 14, 1, 4, 4, 2, 3)
  validation: F_1/7=0.979481, precision=0.979431, recall=0.981896, good=177567, bad=3729, missed=3274, trie_nodes=48055, patterns=38445, objective=0.979441
  Tested: params=(27, 14, 14, 1, 4, 4, 2, 3)
  validation: F_1/7=0.979574, precision=0.979576, recall=0.979452, good=177125, bad=3693, missed=3716, trie_nodes=46928, patterns=37343, objective=0.979535
  Tested: params=(27, 5, 7, 1, 4, 4, 2, 3)
  validation: F_1/7=0.980147, precision=0.980247, recall=0.975271, good=176369, bad=3554, missed=4472, trie_nodes=43538, patterns=36870, objective=0.980111
  Tested: params=(27, 7, 7, 1, 4, 4, 2, 3)
  validation: F_1/7=0.980368, precision=0.980485, recall=0.974635, good=176254, bad=3508, missed=4587, trie_nodes=43134, patterns=36299, objective=0.980332
  Tested: params=(27, 5, 7, 1, 4, 4, 2, 3)
  validation: F_1/7=0.980147, precision=0.980247, recall=0.975271, good=176369, bad=3554, missed=4472, trie_nodes=43538, patterns=36870, objective=0.980111
  Best so far: params=(27, 7, 7, 1, 4, 4, 2, 3), score=0.980332, elapsed=1485.6s

============================================================
Round 16/30
  Tested: params=(30, 3, 1, 3, 4, 4, 2, 3)
  validation: F_1/7=0.975343, precision=0.976039, recall=0.942430, good=170430, bad=4184, missed=10411, trie_nodes=35788, patterns=34440, objective=0.975313
  Tested: params=(23, 3, 3, 3, 4, 4, 2, 3)
  validation: F_1/7=0.978586, precision=0.978498, recall=0.982913, good=177751, bad=3906, missed=3090, trie_nodes=42056, patterns=38667, objective=0.978551
  Tested: params=(23, 3, 3, 3, 4, 4, 2, 3)
  validation: F_1/7=0.978586, precision=0.978498, recall=0.982913, good=177751, bad=3906, missed=3090, trie_nodes=42056, patterns=38667, objective=0.978551
  Tested: params=(23, 3, 3, 3, 4, 4, 2, 3)
  validation: F_1/7=0.978586, precision=0.978498, recall=0.982913, good=177751, bad=3906, missed=3090, trie_nodes=42056, patterns=38667, objective=0.978551
  Tested: params=(23, 3, 3, 3, 4, 4, 2, 3)
  validation: F_1/7=0.978586, precision=0.978498, recall=0.982913, good=177751, bad=3906, missed=3090, trie_nodes=42056, patterns=38667, objective=0.978551
  Best so far: params=(27, 7, 7, 1, 4, 4, 2, 3), score=0.980332, elapsed=1580.3s

============================================================
Round 17/30
  Tested: params=(27, 7, 7, 16, 4, 4, 3, 3)
  validation: F_1/7=0.977350, precision=0.977102, recall=0.989643, good=178968, bad=4194, missed=1873, trie_nodes=47525, patterns=39350, objective=0.977311
  Tested: params=(21, 7, 7, 21, 4, 4, 3, 3)
  validation: F_1/7=0.978608, precision=0.978385, recall=0.989659, good=178971, bad=3954, missed=1870, trie_nodes=46911, patterns=39003, objective=0.978569
  Tested: params=(21, 7, 7, 2, 4, 4, 3, 3)
  validation: F_1/7=0.979610, precision=0.979514, recall=0.984351, good=178011, bad=3723, missed=2830, trie_nodes=44098, patterns=37077, objective=0.979574
  Tested: params=(27, 7, 7, 2, 4, 4, 3, 3)
  validation: F_1/7=0.978255, precision=0.978139, recall=0.983986, good=177945, bad=3977, missed=2896, trie_nodes=44687, patterns=37363, objective=0.978218
  Tested: params=(21, 7, 7, 2, 4, 4, 3, 3)
  validation: F_1/7=0.979610, precision=0.979514, recall=0.984351, good=178011, bad=3723, missed=2830, trie_nodes=44098, patterns=37077, objective=0.979574
  Best so far: params=(27, 7, 7, 1, 4, 4, 2, 3), score=0.980332, elapsed=1670.3s

============================================================
Round 18/30
  Tested: params=(20, 5, 6, 2, 4, 4, 3, 3)
  validation: F_1/7=0.979705, precision=0.979611, recall=0.984329, good=178007, bad=3705, missed=2834, trie_nodes=43449, patterns=37301, objective=0.979669
  Tested: params=(20, 5, 6, 2, 4, 4, 3, 3)
  validation: F_1/7=0.979705, precision=0.979611, recall=0.984329, good=178007, bad=3705, missed=2834, trie_nodes=43449, patterns=37301, objective=0.979669
  Tested: params=(20, 5, 6, 2, 4, 4, 3, 3)
  validation: F_1/7=0.979705, precision=0.979611, recall=0.984329, good=178007, bad=3705, missed=2834, trie_nodes=43449, patterns=37301, objective=0.979669
  Tested: params=(20, 5, 6, 2, 4, 4, 3, 3)
  validation: F_1/7=0.979705, precision=0.979611, recall=0.984329, good=178007, bad=3705, missed=2834, trie_nodes=43449, patterns=37301, objective=0.979669
  Tested: params=(20, 5, 6, 2, 4, 4, 3, 3)
  validation: F_1/7=0.979705, precision=0.979611, recall=0.984329, good=178007, bad=3705, missed=2834, trie_nodes=43449, patterns=37301, objective=0.979669
  Best so far: params=(27, 7, 7, 1, 4, 4, 2, 3), score=0.980332, elapsed=1761.1s

============================================================
Round 19/30
  Tested: params=(17, 5, 6, 4, 4, 5, 3, 3)
  validation: F_1/7=0.978782, precision=0.978591, recall=0.988271, good=178720, bad=3910, missed=2121, trie_nodes=44496, patterns=37997, objective=0.978746
  Tested: params=(17, 5, 6, 4, 4, 5, 3, 3)
  validation: F_1/7=0.978782, precision=0.978591, recall=0.988271, good=178720, bad=3910, missed=2121, trie_nodes=44496, patterns=37997, objective=0.978746
  Tested: params=(18, 5, 6, 4, 4, 5, 3, 3)
  validation: F_1/7=0.978520, precision=0.978323, recall=0.988271, good=178720, bad=3960, missed=2121, trie_nodes=44604, patterns=38147, objective=0.978483
  Tested: params=(18, 5, 6, 4, 4, 5, 3, 3)
  validation: F_1/7=0.978520, precision=0.978323, recall=0.988271, good=178720, bad=3960, missed=2121, trie_nodes=44604, patterns=38147, objective=0.978483
  Tested: params=(17, 5, 6, 4, 4, 5, 3, 3)
  validation: F_1/7=0.978782, precision=0.978591, recall=0.988271, good=178720, bad=3910, missed=2121, trie_nodes=44496, patterns=37997, objective=0.978746
  Best so far: params=(27, 7, 7, 1, 4, 4, 2, 3), score=0.980332, elapsed=1854.9s

============================================================
Round 20/30
  Tested: params=(20, 2, 4, 2, 4, 4, 3, 2)
  validation: F_1/7=0.980098, precision=0.980096, recall=0.980220, good=177264, bad=3600, missed=3577, trie_nodes=42774, patterns=38793, objective=0.980063
  Tested: params=(20, 4, 4, 2, 4, 4, 3, 2)
  validation: F_1/7=0.979844, precision=0.979836, recall=0.980242, good=177268, bad=3648, missed=3573, trie_nodes=41801, patterns=37088, objective=0.979810
  Tested: params=(20, 2, 4, 2, 4, 4, 3, 2)
  validation: F_1/7=0.980098, precision=0.980096, recall=0.980220, good=177264, bad=3600, missed=3577, trie_nodes=42774, patterns=38793, objective=0.980063
  Tested: params=(20, 2, 4, 2, 4, 4, 3, 2)
  validation: F_1/7=0.980098, precision=0.980096, recall=0.980220, good=177264, bad=3600, missed=3577, trie_nodes=42774, patterns=38793, objective=0.980063
  Tested: params=(19, 4, 4, 2, 4, 4, 3, 2)
  validation: F_1/7=0.979720, precision=0.979691, recall=0.981127, good=177428, bad=3678, missed=3413, trie_nodes=41887, patterns=37248, objective=0.979686
  Best so far: params=(27, 7, 7, 1, 4, 4, 2, 3), score=0.980332, elapsed=1947.0s

============================================================
Round 21/30
  Tested: params=(16, 2, 4, 1, 3, 4, 4, 2)
  validation: F_1/7=0.979658, precision=0.979946, recall=0.965754, good=174648, bad=3574, missed=6193, trie_nodes=35357, patterns=32633, objective=0.979629
  Tested: params=(22, 2, 4, 1, 3, 4, 4, 2)
  validation: F_1/7=0.981359, precision=0.981788, recall=0.960778, good=173748, bad=3223, missed=7093, trie_nodes=35741, patterns=32609, objective=0.981329
  Tested: params=(22, 2, 4, 1, 3, 4, 3, 2)
  validation: F_1/7=0.980699, precision=0.981078, recall=0.962481, good=174056, bad=3357, missed=6785, trie_nodes=42080, patterns=38617, objective=0.980664
  Tested: params=(22, 2, 4, 7, 3, 4, 4, 2)
  validation: F_1/7=0.980581, precision=0.980453, recall=0.986884, good=178469, bad=3558, missed=2372, trie_nodes=40859, patterns=35940, objective=0.980547
  Tested: params=(22, 2, 4, 1, 3, 4, 4, 2)
  validation: F_1/7=0.981359, precision=0.981788, recall=0.960778, good=173748, bad=3223, missed=7093, trie_nodes=35741, patterns=32609, objective=0.981329
  Best so far: params=(22, 2, 4, 1, 3, 4, 4, 2), score=0.981329, elapsed=2042.5s

============================================================
Round 22/30
  Tested: params=(22, 2, 2, 1, 3, 4, 4, 2)
  validation: F_1/7=0.981706, precision=0.983576, recall=0.898076, good=162409, bad=2712, missed=18432, trie_nodes=30888, patterns=29538, objective=0.981681
  Tested: params=(22, 2, 2, 1, 3, 4, 4, 2)
  validation: F_1/7=0.981706, precision=0.983576, recall=0.898076, good=162409, bad=2712, missed=18432, trie_nodes=30888, patterns=29538, objective=0.981681
  Tested: params=(22, 2, 1, 1, 3, 4, 4, 2)
  validation: F_1/7=0.981009, precision=0.984522, recall=0.835015, good=151005, bad=2374, missed=29836, trie_nodes=27376, patterns=27051, objective=0.980986
  Tested: params=(22, 2, 2, 1, 3, 4, 4, 2)
  validation: F_1/7=0.981706, precision=0.983576, recall=0.898076, good=162409, bad=2712, missed=18432, trie_nodes=30888, patterns=29538, objective=0.981681
  Tested: params=(22, 2, 2, 1, 3, 4, 4, 2)
  validation: F_1/7=0.981706, precision=0.983576, recall=0.898076, good=162409, bad=2712, missed=18432, trie_nodes=30888, patterns=29538, objective=0.981681
  Best so far: params=(22, 2, 2, 1, 3, 4, 4, 2), score=0.981681, elapsed=2134.0s

============================================================
Round 23/30
  Tested: params=(22, 1, 1, 1, 3, 4, 4, 2)
  validation: F_1/7=0.976938, precision=0.981532, recall=0.794682, good=143711, bad=2704, missed=37130, trie_nodes=25670, patterns=26308, objective=0.976917
  Tested: params=(22, 1, 1, 1, 3, 4, 4, 2)
  validation: F_1/7=0.976938, precision=0.981532, recall=0.794682, good=143711, bad=2704, missed=37130, trie_nodes=25670, patterns=26308, objective=0.976917
  Tested: params=(22, 1, 1, 7, 3, 4, 4, 2)
  validation: F_1/7=0.977666, precision=0.977754, recall=0.973380, good=176027, bad=4005, missed=4814, trie_nodes=42292, patterns=40772, objective=0.977631
  Tested: params=(22, 1, 1, 7, 3, 4, 4, 2)
  validation: F_1/7=0.977666, precision=0.977754, recall=0.973380, good=176027, bad=4005, missed=4814, trie_nodes=42292, patterns=40772, objective=0.977631
  Tested: params=(22, 1, 1, 7, 3, 4, 4, 2)
  validation: F_1/7=0.977666, precision=0.977754, recall=0.973380, good=176027, bad=4005, missed=4814, trie_nodes=42292, patterns=40772, objective=0.977631
  Best so far: params=(22, 2, 2, 1, 3, 4, 4, 2), score=0.981681, elapsed=2227.5s

============================================================
Round 24/30
  Tested: params=(24, 2, 2, 1, 3, 4, 4, 2)
  validation: F_1/7=0.981717, precision=0.983502, recall=0.901565, good=163040, bad=2735, missed=17801, trie_nodes=31302, patterns=29870, objective=0.981691
  Tested: params=(24, 2, 2, 1, 3, 4, 4, 2)
  validation: F_1/7=0.981717, precision=0.983502, recall=0.901565, good=163040, bad=2735, missed=17801, trie_nodes=31302, patterns=29870, objective=0.981691
  Tested: params=(24, 2, 2, 1, 3, 4, 4, 2)
  validation: F_1/7=0.981717, precision=0.983502, recall=0.901565, good=163040, bad=2735, missed=17801, trie_nodes=31302, patterns=29870, objective=0.981691
  Tested: params=(24, 2, 2, 1, 3, 4, 4, 2)
  validation: F_1/7=0.981717, precision=0.983502, recall=0.901565, good=163040, bad=2735, missed=17801, trie_nodes=31302, patterns=29870, objective=0.981691
  Tested: params=(24, 2, 2, 1, 3, 4, 4, 2)
  validation: F_1/7=0.981717, precision=0.983502, recall=0.901565, good=163040, bad=2735, missed=17801, trie_nodes=31302, patterns=29870, objective=0.981691
  Best so far: params=(24, 2, 2, 1, 3, 4, 4, 2), score=0.981691, elapsed=2319.4s

============================================================
Round 25/30
  Tested: params=(24, 3, 2, 3, 3, 1, 4, 2)
  validation: F_1/7=0.978684, precision=0.978763, recall=0.974823, good=176288, bad=3825, missed=4553, trie_nodes=39050, patterns=37720, objective=0.978652
  Tested: params=(24, 3, 2, 3, 3, 4, 4, 2)
  validation: F_1/7=0.978763, precision=0.978841, recall=0.974917, good=176305, bad=3811, missed=4536, trie_nodes=38443, patterns=35638, objective=0.978731
  Tested: params=(24, 3, 2, 3, 3, 4, 4, 2)
  validation: F_1/7=0.978763, precision=0.978841, recall=0.974917, good=176305, bad=3811, missed=4536, trie_nodes=38443, patterns=35638, objective=0.978731
  Tested: params=(24, 3, 2, 3, 3, 4, 4, 2)
  validation: F_1/7=0.978763, precision=0.978841, recall=0.974917, good=176305, bad=3811, missed=4536, trie_nodes=38443, patterns=35638, objective=0.978731
  Tested: params=(24, 3, 2, 3, 3, 1, 4, 2)
  validation: F_1/7=0.978684, precision=0.978763, recall=0.974823, good=176288, bad=3825, missed=4553, trie_nodes=39050, patterns=37720, objective=0.978652
  Best so far: params=(24, 2, 2, 1, 3, 4, 4, 2), score=0.981691, elapsed=2415.5s

============================================================
Round 26/30
  Tested: params=(23, 2, 3, 1, 3, 4, 4, 2)
  validation: F_1/7=0.981741, precision=0.982494, recall=0.946223, good=171116, bad=3049, missed=9725, trie_nodes=34216, patterns=31609, objective=0.981713
  Tested: params=(23, 2, 3, 1, 3, 4, 4, 2)
  validation: F_1/7=0.981741, precision=0.982494, recall=0.946223, good=171116, bad=3049, missed=9725, trie_nodes=34216, patterns=31609, objective=0.981713
  Tested: params=(23, 2, 3, 1, 3, 4, 4, 2)
  validation: F_1/7=0.981741, precision=0.982494, recall=0.946223, good=171116, bad=3049, missed=9725, trie_nodes=34216, patterns=31609, objective=0.981713
  Tested: params=(23, 2, 3, 1, 3, 4, 4, 2)
  validation: F_1/7=0.981741, precision=0.982494, recall=0.946223, good=171116, bad=3049, missed=9725, trie_nodes=34216, patterns=31609, objective=0.981713
  Tested: params=(23, 2, 3, 1, 3, 4, 4, 2)
  validation: F_1/7=0.981741, precision=0.982494, recall=0.946223, good=171116, bad=3049, missed=9725, trie_nodes=34216, patterns=31609, objective=0.981713
  Best so far: params=(23, 2, 3, 1, 3, 4, 4, 2), score=0.981713, elapsed=2508.0s

============================================================
Round 27/30
  Tested: params=(23, 4, 3, 1, 2, 4, 4, 2)
  validation: F_1/7=0.981503, precision=0.982177, recall=0.949558, good=171719, bad=3116, missed=9122, trie_nodes=34136, patterns=30600, objective=0.981475
  Tested: params=(23, 23, 3, 1, 2, 4, 4, 2)
  validation: F_1/7=0.981948, precision=0.982772, recall=0.943188, good=170567, bad=2990, missed=10274, trie_nodes=34124, patterns=29975, objective=0.981920
  Tested: params=(23, 4, 3, 1, 2, 4, 4, 2)
  validation: F_1/7=0.981503, precision=0.982177, recall=0.949558, good=171719, bad=3116, missed=9122, trie_nodes=34136, patterns=30600, objective=0.981475
  Tested: params=(23, 21, 3, 1, 2, 4, 4, 2)
  validation: F_1/7=0.982079, precision=0.982832, recall=0.946528, good=171171, bad=2990, missed=9670, trie_nodes=34145, patterns=30020, objective=0.982050
  Tested: params=(23, 4, 3, 1, 2, 4, 4, 2)
  validation: F_1/7=0.981503, precision=0.982177, recall=0.949558, good=171719, bad=3116, missed=9122, trie_nodes=34136, patterns=30600, objective=0.981475
  Best so far: params=(23, 21, 3, 1, 2, 4, 4, 2), score=0.982050, elapsed=2599.8s

============================================================
Round 28/30
  Tested: params=(25, 22, 3, 2, 2, 4, 4, 2)
  validation: F_1/7=0.979885, precision=0.980024, recall=0.973126, good=175981, bad=3587, missed=4860, trie_nodes=37651, patterns=32696, objective=0.979854
  Tested: params=(25, 22, 5, 23, 2, 4, 4, 2)
  validation: F_1/7=0.977487, precision=0.977254, recall=0.989040, good=178859, bad=4163, missed=1982, trie_nodes=44930, patterns=36467, objective=0.977450
  Tested: params=(25, 1, 5, 2, 2, 4, 4, 2)
  validation: F_1/7=0.978960, precision=0.978949, recall=0.979496, good=177133, bad=3809, missed=3708, trie_nodes=39233, patterns=35720, objective=0.978928
  Tested: params=(25, 20, 3, 2, 2, 4, 4, 2)
  validation: F_1/7=0.979894, precision=0.980029, recall=0.973336, good=176019, bad=3587, missed=4822, trie_nodes=37665, patterns=32719, objective=0.979863
  Tested: params=(25, 22, 5, 26, 2, 4, 4, 2)
  validation: F_1/7=0.977447, precision=0.977212, recall=0.989084, good=178867, bad=4171, missed=1974, trie_nodes=45001, patterns=36527, objective=0.977410
  Best so far: params=(23, 21, 3, 1, 2, 4, 4, 2), score=0.982050, elapsed=2692.7s

============================================================
Round 29/30
  Tested: params=(24, 24, 2, 3, 3, 4, 5, 2)
  validation: F_1/7=0.979474, precision=0.979558, recall=0.975371, good=176387, bad=3681, missed=4454, trie_nodes=38998, patterns=34366, objective=0.979441
  Tested: params=(24, 24, 2, 3, 3, 4, 5, 2)
  validation: F_1/7=0.979474, precision=0.979558, recall=0.975371, good=176387, bad=3681, missed=4454, trie_nodes=38998, patterns=34366, objective=0.979441
  Tested: params=(24, 24, 2, 3, 3, 4, 5, 2)
  validation: F_1/7=0.979474, precision=0.979558, recall=0.975371, good=176387, bad=3681, missed=4454, trie_nodes=38998, patterns=34366, objective=0.979441
  Tested: params=(24, 24, 2, 3, 3, 4, 5, 2)
  validation: F_1/7=0.979474, precision=0.979558, recall=0.975371, good=176387, bad=3681, missed=4454, trie_nodes=38998, patterns=34366, objective=0.979441
  Tested: params=(24, 21, 2, 3, 3, 4, 4, 2)
  validation: F_1/7=0.979289, precision=0.979371, recall=0.975282, good=176371, bad=3715, missed=4470, trie_nodes=39188, patterns=34908, objective=0.979256
  Best so far: params=(23, 21, 3, 1, 2, 4, 4, 2), score=0.982050, elapsed=2785.1s

============================================================
Round 30/30
  Tested: params=(23, 1, 3, 1, 3, 4, 4, 2)
  validation: F_1/7=0.981874, precision=0.983086, recall=0.925957, good=167451, bad=2881, missed=13390, trie_nodes=32531, patterns=31589, objective=0.981848
  Tested: params=(23, 1, 3, 1, 3, 4, 4, 2)
  validation: F_1/7=0.981874, precision=0.983086, recall=0.925957, good=167451, bad=2881, missed=13390, trie_nodes=32531, patterns=31589, objective=0.981848
  Tested: params=(23, 1, 3, 1, 3, 4, 4, 2)
  validation: F_1/7=0.981874, precision=0.983086, recall=0.925957, good=167451, bad=2881, missed=13390, trie_nodes=32531, patterns=31589, objective=0.981848
  Tested: params=(23, 1, 3, 12, 3, 4, 4, 2)
  validation: F_1/7=0.980695, precision=0.980563, recall=0.987237, good=178533, bad=3539, missed=2308, trie_nodes=43981, patterns=39962, objective=0.980659
  Tested: params=(23, 1, 3, 1, 3, 4, 4, 2)
  validation: F_1/7=0.981874, precision=0.983086, recall=0.925957, good=167451, bad=2881, missed=13390, trie_nodes=32531, patterns=31589, objective=0.981848
  Best so far: params=(23, 21, 3, 1, 2, 4, 4, 2), score=0.982050, elapsed=2878.4s

============================================================
Final phase: 3 evaluations
  Tested: params=(21, 1, 3, 2, 3, 4, 4, 2)
  validation: F_1/7=0.981912, precision=0.982261, recall=0.965124, good=174534, bad=3152, missed=6307, trie_nodes=36079, patterns=34629, objective=0.981882
  Tested: params=(21, 1, 3, 2, 3, 4, 4, 2)
  validation: F_1/7=0.981912, precision=0.982261, recall=0.965124, good=174534, bad=3152, missed=6307, trie_nodes=36079, patterns=34629, objective=0.981882
  Tested: params=(21, 1, 3, 2, 3, 4, 4, 2)
  validation: F_1/7=0.981912, precision=0.982261, recall=0.965124, good=174534, bad=3152, missed=6307, trie_nodes=36079, patterns=34629, objective=0.981882

============================================================
Threshold ablation run complete
Best parameters (b1..b4 thr1..thr4): (23, 21, 3, 1, 2, 4, 4, 2)
Thresholds: {'mode': 'perlayer', 'shared': None, 'per_level': [2, 4, 4, 2]}
  validation-selected: F_1/7=0.982079, precision=0.982832, recall=0.946528, good=171171, bad=2990, missed=9670, trie_nodes=34145, patterns=30020, objective=0.982050
  held-out test: F_1/7=0.981866, precision=0.982609, recall=0.946761, good=171429, bad=3034, missed=9640, trie_nodes=34145, patterns=30020
Summary: results/threshold_ablation/de/wortliste/perlayer_tpe/summary.json
History: results/threshold_ablation/de/wortliste/perlayer_tpe/history.csv
Wall time: 2967.3s
