Proportional trie_normalizer for de/wortliste: |D| = 604970
Objective: F17+Trie(w=0.0005)
Dataset: /home/dev/hyph-bench/data/de/wortliste/wortliste.wlh
Translate: /home/dev/hyph-bench/data/de/wortliste/wortliste.wlh.tra
Method: random | Threshold mode: shared
Search space (5-D): [(1, 30), (1, 30), (1, 30), (1, 30), (1, 5)]
Split counts: train=483976, validation=60497, test=60497
Pattern ranges: [(1, 4), (2, 5), (2, 6), (2, 7)]
Budget: 30 rounds x 5 + 3 final = 153 patgen evaluations; 3 parallel workers

============================================================
Round 1/30
  Tested: params=(12, 29, 22, 18, 1)
  validation: F_1/7=0.967690, precision=0.967269, recall=0.988813, good=178818, bad=6051, missed=2023, trie_nodes=49206, patterns=41028, objective=0.967650
  Tested: params=(5, 2, 26, 19, 4)
  validation: F_1/7=0.948497, precision=0.947745, recall=0.986878, good=178468, bad=9840, missed=2373, trie_nodes=34146, patterns=27065, objective=0.948469
  Tested: params=(1, 30, 25, 7, 1)
  validation: F_1/7=0.846745, precision=0.844276, recall=0.988410, good=178745, bad=32969, missed=2096, trie_nodes=48758, patterns=40736, objective=0.846705
  Tested: params=(6, 10, 16, 13, 2)
  validation: F_1/7=0.941860, precision=0.940939, recall=0.989256, good=178898, bad=11229, missed=1943, trie_nodes=46083, patterns=39684, objective=0.941821
  Tested: params=(19, 5, 9, 11, 3)
  validation: F_1/7=0.978674, precision=0.978461, recall=0.989217, good=178891, bad=3938, missed=1950, trie_nodes=48562, patterns=41517, objective=0.978633
  Best so far: params=(19, 5, 9, 11, 3), score=0.978633, elapsed=93.3s

============================================================
Round 2/30
  Tested: params=(24, 6, 16, 18, 1)
  validation: F_1/7=0.976611, precision=0.976367, recall=0.988725, good=178802, bad=4328, missed=2039, trie_nodes=51474, patterns=42047, objective=0.976568
  Tested: params=(19, 6, 2, 29, 5)
  validation: F_1/7=0.977342, precision=0.977073, recall=0.990716, good=179162, bad=4204, missed=1679, trie_nodes=33259, patterns=27541, objective=0.977315
  Tested: params=(25, 10, 3, 21, 3)
  validation: F_1/7=0.977408, precision=0.977154, recall=0.990035, good=179039, bad=4186, missed=1802, trie_nodes=49089, patterns=43684, objective=0.977368
  Tested: params=(4, 15, 2, 28, 2)
  validation: F_1/7=0.889341, precision=0.887486, recall=0.990810, good=179179, bad=22716, missed=1662, trie_nodes=48772, patterns=42787, objective=0.889301
  Tested: params=(20, 10, 16, 17, 1)
  validation: F_1/7=0.978199, precision=0.977983, recall=0.988902, good=178834, bad=4026, missed=2007, trie_nodes=50268, patterns=41407, objective=0.978158
  Best so far: params=(19, 5, 9, 11, 3), score=0.978633, elapsed=187.5s

============================================================
Round 3/30
  Tested: params=(30, 24, 29, 27, 3)
  validation: F_1/7=0.976082, precision=0.975835, recall=0.988332, good=178731, bad=4426, missed=2110, trie_nodes=54847, patterns=43522, objective=0.976036
  Tested: params=(28, 3, 6, 2, 2)
  validation: F_1/7=0.977693, precision=0.977570, recall=0.983759, good=177904, bad=4082, missed=2937, trie_nodes=46768, patterns=41619, objective=0.977654
  Tested: params=(12, 9, 25, 11, 2)
  validation: F_1/7=0.967927, precision=0.967512, recall=0.988719, good=178801, bad=6004, missed=2040, trie_nodes=48475, patterns=40604, objective=0.967887
  Tested: params=(17, 5, 25, 3, 5)
  validation: F_1/7=0.978655, precision=0.978506, recall=0.986043, good=178317, bad=3917, missed=2524, trie_nodes=34098, patterns=25097, objective=0.978627
  Tested: params=(24, 6, 1, 25, 4)
  validation: F_1/7=0.974300, precision=0.973982, recall=0.990113, good=179053, bad=4783, missed=1788, trie_nodes=35902, patterns=31060, objective=0.974270
  Best so far: params=(19, 5, 9, 11, 3), score=0.978633, elapsed=279.0s

============================================================
Round 4/30
  Tested: params=(22, 24, 3, 11, 1)
  validation: F_1/7=0.979664, precision=0.979477, recall=0.988891, good=178832, bad=3747, missed=2009, trie_nodes=47910, patterns=42527, objective=0.979624
  Tested: params=(26, 19, 10, 2, 2)
  validation: F_1/7=0.977726, precision=0.977603, recall=0.983798, good=177911, bad=4076, missed=2930, trie_nodes=47724, patterns=40274, objective=0.977686
  Tested: params=(10, 22, 20, 27, 3)
  validation: F_1/7=0.962967, precision=0.962451, recall=0.988907, good=178835, bad=6977, missed=2006, trie_nodes=48797, patterns=40826, objective=0.962926
  Tested: params=(4, 22, 23, 17, 4)
  validation: F_1/7=0.886869, precision=0.884997, recall=0.989416, good=178927, bad=23251, missed=1914, trie_nodes=32614, patterns=24541, objective=0.886842
  Tested: params=(15, 16, 13, 1, 1)
  validation: F_1/7=0.976316, precision=0.976311, recall=0.976560, good=176602, bad=4285, missed=4239, trie_nodes=45609, patterns=39268, objective=0.976278
  Best so far: params=(22, 24, 3, 11, 1), score=0.979624, elapsed=377.2s

============================================================
Round 5/30
  Tested: params=(1, 20, 10, 16, 5)
  validation: F_1/7=0.843846, precision=0.841300, recall=0.990732, good=179165, bad=33797, missed=1676, trie_nodes=33368, patterns=25166, objective=0.843818
  Tested: params=(8, 13, 23, 7, 1)
  validation: F_1/7=0.961152, precision=0.960615, recall=0.988211, good=178709, bad=7327, missed=2132, trie_nodes=46582, patterns=39629, objective=0.961113
  Tested: params=(9, 5, 28, 25, 4)
  validation: F_1/7=0.963059, precision=0.962569, recall=0.987718, good=178620, bad=6946, missed=2221, trie_nodes=32747, patterns=24699, objective=0.963032
  Tested: params=(27, 25, 6, 27, 3)
  validation: F_1/7=0.976460, precision=0.976190, recall=0.989847, good=179005, bad=4366, missed=1836, trie_nodes=50305, patterns=42573, objective=0.976418
  Tested: params=(25, 27, 10, 4, 2)
  validation: F_1/7=0.977434, precision=0.977246, recall=0.986767, good=178448, bad=4155, missed=2393, trie_nodes=48718, patterns=40915, objective=0.977394
  Best so far: params=(22, 24, 3, 11, 1), score=0.979624, elapsed=468.0s

============================================================
Round 6/30
  Tested: params=(13, 25, 26, 1, 3)
  validation: F_1/7=0.975615, precision=0.975609, recall=0.975874, good=176478, bad=4412, missed=4363, trie_nodes=45922, patterns=38661, objective=0.975577
  Tested: params=(13, 7, 4, 11, 5)
  validation: F_1/7=0.974328, precision=0.974017, recall=0.989809, good=178998, bad=4775, missed=1843, trie_nodes=31025, patterns=24885, objective=0.974302
  Tested: params=(10, 16, 22, 11, 5)
  validation: F_1/7=0.963134, precision=0.962633, recall=0.988349, good=178734, bad=6938, missed=2107, trie_nodes=32332, patterns=24201, objective=0.963108
  Tested: params=(29, 8, 15, 10, 2)
  validation: F_1/7=0.976853, precision=0.976615, recall=0.988642, good=178787, bad=4281, missed=2054, trie_nodes=51690, patterns=42149, objective=0.976810
  Tested: params=(2, 19, 16, 2, 2)
  validation: F_1/7=0.885951, precision=0.884165, recall=0.983284, good=177818, bad=23296, missed=3023, trie_nodes=44392, patterns=38206, objective=0.885915
  Best so far: params=(22, 24, 3, 11, 1), score=0.979624, elapsed=560.7s

============================================================
Round 7/30
  Tested: params=(28, 8, 5, 15, 5)
  validation: F_1/7=0.976617, precision=0.976355, recall=0.989621, good=178964, bad=4334, missed=1877, trie_nodes=33087, patterns=25832, objective=0.976590
  Tested: params=(8, 21, 23, 8, 4)
  validation: F_1/7=0.961076, precision=0.960543, recall=0.987951, good=178662, bad=7339, missed=2179, trie_nodes=31869, patterns=24094, objective=0.961050
  Tested: params=(12, 19, 20, 17, 1)
  validation: F_1/7=0.967686, precision=0.967264, recall=0.988819, good=178819, bad=6052, missed=2022, trie_nodes=48763, patterns=40857, objective=0.967645
  Tested: params=(26, 10, 6, 2, 3)
  validation: F_1/7=0.978165, precision=0.978058, recall=0.983466, good=177851, bad=3990, missed=2990, trie_nodes=45553, patterns=39743, objective=0.978128
  Tested: params=(21, 1, 16, 7, 4)
  validation: F_1/7=0.979552, precision=0.979412, recall=0.986474, good=178395, bad=3750, missed=2446, trie_nodes=36582, patterns=28432, objective=0.979522
  Best so far: params=(22, 24, 3, 11, 1), score=0.979624, elapsed=650.3s

============================================================
Round 8/30
  Tested: params=(6, 21, 12, 29, 1)
  validation: F_1/7=0.941487, precision=0.940556, recall=0.989471, good=178937, bad=11309, missed=1904, trie_nodes=47992, patterns=40503, objective=0.941447
  Tested: params=(11, 4, 28, 27, 2)
  validation: F_1/7=0.963732, precision=0.963234, recall=0.988764, good=178809, bad=6825, missed=2032, trie_nodes=50085, patterns=42035, objective=0.963690
  Tested: params=(20, 25, 17, 16, 2)
  validation: F_1/7=0.978229, precision=0.978020, recall=0.988609, good=178781, bad=4018, missed=2060, trie_nodes=50768, patterns=41675, objective=0.978187
  Tested: params=(3, 27, 28, 19, 2)
  validation: F_1/7=0.885127, precision=0.883229, recall=0.989261, good=178899, bad=23652, missed=1942, trie_nodes=49412, patterns=40861, objective=0.885086
  Tested: params=(11, 22, 27, 27, 4)
  validation: F_1/7=0.962868, precision=0.962358, recall=0.988493, good=178760, bad=6992, missed=2081, trie_nodes=33347, patterns=24834, objective=0.962840
  Best so far: params=(22, 24, 3, 11, 1), score=0.979624, elapsed=740.8s

============================================================
Round 9/30
  Tested: params=(20, 3, 5, 27, 4)
  validation: F_1/7=0.977364, precision=0.977115, recall=0.989737, good=178985, bad=4192, missed=1856, trie_nodes=32508, patterns=26276, objective=0.977337
  Tested: params=(1, 4, 20, 1, 1)
  validation: F_1/7=0.901785, precision=0.900473, recall=0.971135, good=175621, bad=19411, missed=5220, trie_nodes=46529, patterns=40592, objective=0.901747
  Tested: params=(17, 21, 20, 7, 4)
  validation: F_1/7=0.978188, precision=0.978003, recall=0.987342, good=178552, bad=4016, missed=2289, trie_nodes=33748, patterns=24966, objective=0.978160
  Tested: params=(8, 10, 23, 20, 5)
  validation: F_1/7=0.960839, precision=0.960291, recall=0.988498, good=178761, bad=7392, missed=2080, trie_nodes=31833, patterns=24047, objective=0.960813
  Tested: params=(20, 18, 3, 12, 2)
  validation: F_1/7=0.979332, precision=0.979129, recall=0.989411, good=178926, bad=3814, missed=1915, trie_nodes=48054, patterns=42532, objective=0.979293
  Best so far: params=(22, 24, 3, 11, 1), score=0.979624, elapsed=831.0s

============================================================
Round 10/30
  Tested: params=(8, 30, 12, 27, 4)
  validation: F_1/7=0.959840, precision=0.959248, recall=0.989759, good=178989, bad=7604, missed=1852, trie_nodes=33189, patterns=24732, objective=0.959813
  Tested: params=(24, 16, 18, 15, 1)
  validation: F_1/7=0.976327, precision=0.976080, recall=0.988576, good=178775, bad=4381, missed=2066, trie_nodes=51776, patterns=42041, objective=0.976285
  Tested: params=(22, 9, 1, 20, 1)
  validation: F_1/7=0.977545, precision=0.977321, recall=0.988681, good=178794, bad=4149, missed=2047, trie_nodes=51253, patterns=48517, objective=0.977503
  Tested: params=(29, 29, 28, 12, 1)
  validation: F_1/7=0.976442, precision=0.976207, recall=0.988078, good=178685, bad=4355, missed=2156, trie_nodes=53945, patterns=43053, objective=0.976397
  Tested: params=(28, 13, 29, 29, 5)
  validation: F_1/7=0.977472, precision=0.977276, recall=0.987171, good=178521, bad=4151, missed=2320, trie_nodes=37387, patterns=26593, objective=0.977441
  Best so far: params=(22, 24, 3, 11, 1), score=0.979624, elapsed=921.6s

============================================================
Round 11/30
  Tested: params=(9, 12, 26, 10, 1)
  validation: F_1/7=0.962368, precision=0.961848, recall=0.988553, good=178771, bad=7091, missed=2070, trie_nodes=47406, patterns=40117, objective=0.962329
  Tested: params=(17, 29, 21, 18, 1)
  validation: F_1/7=0.976974, precision=0.976741, recall=0.988526, good=178766, bad=4257, missed=2075, trie_nodes=50636, patterns=41803, objective=0.976932
  Tested: params=(19, 30, 5, 16, 5)
  validation: F_1/7=0.977724, precision=0.977478, recall=0.989969, good=179027, bad=4125, missed=1814, trie_nodes=33365, patterns=25644, objective=0.977697
  Tested: params=(23, 21, 22, 11, 2)
  validation: F_1/7=0.976324, precision=0.976083, recall=0.988244, good=178715, bad=4379, missed=2126, trie_nodes=51843, patterns=41939, objective=0.976281
  Tested: params=(25, 25, 27, 28, 3)
  validation: F_1/7=0.976220, precision=0.975977, recall=0.988266, good=178719, bad=4399, missed=2122, trie_nodes=53610, patterns=42920, objective=0.976176
  Best so far: params=(22, 24, 3, 11, 1), score=0.979624, elapsed=1011.8s

============================================================
Round 12/30
  Tested: params=(16, 24, 20, 22, 4)
  validation: F_1/7=0.977407, precision=0.977188, recall=0.988249, good=178716, bad=4172, missed=2125, trie_nodes=34572, patterns=25461, objective=0.977378
  Tested: params=(27, 11, 12, 3, 3)
  validation: F_1/7=0.977381, precision=0.977194, recall=0.986629, good=178423, bad=4164, missed=2418, trie_nodes=49376, patterns=40976, objective=0.977341
  Tested: params=(2, 14, 17, 9, 3)
  validation: F_1/7=0.880953, precision=0.878990, recall=0.989184, good=178885, bad=24627, missed=1956, trie_nodes=46543, patterns=39312, objective=0.880914
  Tested: params=(1, 2, 25, 11, 1)
  validation: F_1/7=0.928252, precision=0.927111, recall=0.987790, good=178633, bad=14044, missed=2208, trie_nodes=53674, patterns=45594, objective=0.928207
  Tested: params=(16, 24, 7, 19, 1)
  validation: F_1/7=0.977687, precision=0.977448, recall=0.989571, good=178955, bad=4129, missed=1886, trie_nodes=48999, patterns=41616, objective=0.977647
  Best so far: params=(22, 24, 3, 11, 1), score=0.979624, elapsed=1102.8s

============================================================
Round 13/30
  Tested: params=(2, 16, 17, 20, 4)
  validation: F_1/7=0.878165, precision=0.876144, recall=0.990080, good=179047, bad=25311, missed=1794, trie_nodes=32271, patterns=24354, objective=0.878138
  Tested: params=(30, 16, 10, 24, 2)
  validation: F_1/7=0.976549, precision=0.976291, recall=0.989355, good=178916, bad=4345, missed=1925, trie_nodes=51271, patterns=42494, objective=0.976506
  Tested: params=(14, 3, 1, 29, 5)
  validation: F_1/7=0.972879, precision=0.972518, recall=0.990931, good=179201, bad=5064, missed=1640, trie_nodes=35513, patterns=31938, objective=0.972850
  Tested: params=(21, 13, 6, 5, 2)
  validation: F_1/7=0.978832, precision=0.978648, recall=0.987945, good=178661, bad=3898, missed=2180, trie_nodes=46698, patterns=40467, objective=0.978794
  Tested: params=(17, 22, 20, 9, 5)
  validation: F_1/7=0.978147, precision=0.977956, recall=0.987636, good=178605, bad=4026, missed=2236, trie_nodes=34056, patterns=25104, objective=0.978119
  Best so far: params=(22, 24, 3, 11, 1), score=0.979624, elapsed=1193.2s

============================================================
Round 14/30
  Tested: params=(23, 17, 19, 13, 2)
  validation: F_1/7=0.976299, precision=0.976055, recall=0.988399, good=178743, bad=4385, missed=2098, trie_nodes=51509, patterns=41813, objective=0.976256
  Tested: params=(11, 23, 1, 4, 1)
  validation: F_1/7=0.964382, precision=0.964140, recall=0.976349, good=176564, bad=6567, missed=4277, trie_nodes=43234, patterns=40550, objective=0.964346
  Tested: params=(2, 26, 22, 15, 1)
  validation: F_1/7=0.880305, precision=0.878328, recall=0.989449, good=178933, bad=24787, missed=1908, trie_nodes=49493, patterns=41050, objective=0.880264
  Tested: params=(15, 15, 6, 14, 2)
  validation: F_1/7=0.974883, precision=0.974586, recall=0.989654, good=178970, bad=4667, missed=1871, trie_nodes=48028, patterns=41301, objective=0.974843
  Tested: params=(19, 20, 2, 12, 4)
  validation: F_1/7=0.977825, precision=0.977577, recall=0.990135, good=179057, bad=4107, missed=1784, trie_nodes=33468, patterns=27295, objective=0.977798
  Best so far: params=(22, 24, 3, 11, 1), score=0.979624, elapsed=1285.1s

============================================================
Round 15/30
  Tested: params=(16, 26, 20, 5, 1)
  validation: F_1/7=0.977908, precision=0.977728, recall=0.986806, good=178455, bad=4065, missed=2386, trie_nodes=48848, patterns=40702, objective=0.977868
  Tested: params=(20, 1, 18, 29, 3)
  validation: F_1/7=0.978406, precision=0.978208, recall=0.988183, good=178704, bad=3981, missed=2137, trie_nodes=54566, patterns=45981, objective=0.978361
  Tested: params=(12, 20, 14, 17, 5)
  validation: F_1/7=0.967549, precision=0.967124, recall=0.988858, good=178826, bad=6079, missed=2015, trie_nodes=33166, patterns=24660, objective=0.967522
  Tested: params=(12, 29, 28, 6, 1)
  validation: F_1/7=0.968210, precision=0.967824, recall=0.987497, good=178580, bad=5937, missed=2261, trie_nodes=48173, patterns=40216, objective=0.968170
  Tested: params=(4, 1, 3, 21, 1)
  validation: F_1/7=0.893780, precision=0.892067, recall=0.986640, good=178425, bad=21588, missed=2416, trie_nodes=48078, patterns=46064, objective=0.893741
  Best so far: params=(22, 24, 3, 11, 1), score=0.979624, elapsed=1381.4s

============================================================
Round 16/30
  Tested: params=(10, 26, 1, 25, 2)
  validation: F_1/7=0.962588, precision=0.962036, recall=0.990417, good=179108, bad=7068, missed=1733, trie_nodes=51898, patterns=46563, objective=0.962545
  Tested: params=(4, 21, 19, 27, 4)
  validation: F_1/7=0.886640, precision=0.884760, recall=0.989665, good=178972, bad=23311, missed=1869, trie_nodes=32819, patterns=24633, objective=0.886613
  Tested: params=(25, 9, 6, 23, 5)
  validation: F_1/7=0.976512, precision=0.976246, recall=0.989731, good=178984, bad=4355, missed=1857, trie_nodes=33303, patterns=25597, objective=0.976485
  Tested: params=(30, 13, 12, 24, 2)
  validation: F_1/7=0.976528, precision=0.976275, recall=0.989123, good=178874, bad=4347, missed=1967, trie_nodes=51713, patterns=42556, objective=0.976486
  Tested: params=(28, 26, 13, 23, 4)
  validation: F_1/7=0.976900, precision=0.976663, recall=0.988636, good=178786, bad=4272, missed=2055, trie_nodes=35523, patterns=26008, objective=0.976870
  Best so far: params=(22, 24, 3, 11, 1), score=0.979624, elapsed=1469.4s

============================================================
Round 17/30
  Tested: params=(4, 28, 16, 25, 2)
  validation: F_1/7=0.888734, precision=0.886893, recall=0.989377, good=178920, bad=22818, missed=1921, trie_nodes=49301, patterns=41079, objective=0.888693
  Tested: params=(27, 12, 1, 28, 1)
  validation: F_1/7=0.975686, precision=0.975409, recall=0.989433, good=178930, bad=4511, missed=1911, trie_nodes=53578, patterns=50352, objective=0.975641
  Tested: params=(10, 29, 29, 18, 4)
  validation: F_1/7=0.962762, precision=0.962249, recall=0.988614, good=178782, bad=7014, missed=2059, trie_nodes=33219, patterns=24784, objective=0.962735
  Tested: params=(14, 9, 10, 21, 4)
  validation: F_1/7=0.974784, precision=0.974497, recall=0.989079, good=178866, bad=4681, missed=1975, trie_nodes=32214, patterns=24476, objective=0.974758
  Tested: params=(24, 24, 3, 15, 1)
  validation: F_1/7=0.977673, precision=0.977432, recall=0.989610, good=178962, bad=4132, missed=1879, trie_nodes=49193, patterns=43399, objective=0.977632
  Best so far: params=(22, 24, 3, 11, 1), score=0.979624, elapsed=1561.9s

============================================================
Round 18/30
  Tested: params=(17, 14, 27, 11, 1)
  validation: F_1/7=0.976950, precision=0.976723, recall=0.988211, good=178709, bad=4259, missed=2132, trie_nodes=50228, patterns=41356, objective=0.976908
  Tested: params=(5, 23, 19, 4, 1)
  validation: F_1/7=0.936128, precision=0.935158, recall=0.986270, good=178358, bad=12367, missed=2483, trie_nodes=45537, patterns=39000, objective=0.936091
  Tested: params=(22, 3, 25, 22, 1)
  validation: F_1/7=0.978475, precision=0.978276, recall=0.988338, good=178732, bad=3969, missed=2109, trie_nodes=53354, patterns=43414, objective=0.978431
  Tested: params=(3, 30, 12, 12, 5)
  validation: F_1/7=0.882897, precision=0.880950, recall=0.990080, good=179047, bad=24196, missed=1794, trie_nodes=33081, patterns=24736, objective=0.882869
  Tested: params=(29, 30, 23, 12, 1)
  validation: F_1/7=0.976504, precision=0.976266, recall=0.988299, good=178725, bad=4345, missed=2116, trie_nodes=53233, patterns=42733, objective=0.976460
  Best so far: params=(22, 24, 3, 11, 1), score=0.979624, elapsed=1653.1s

============================================================
Round 19/30
  Tested: params=(24, 17, 13, 28, 1)
  validation: F_1/7=0.976338, precision=0.976084, recall=0.988957, good=178844, bad=4382, missed=1997, trie_nodes=50996, patterns=41976, objective=0.976296
  Tested: params=(15, 1, 15, 2, 1)
  validation: F_1/7=0.975683, precision=0.975470, recall=0.986225, good=178350, bad=4485, missed=2491, trie_nodes=53216, patterns=47205, objective=0.975639
  Tested: params=(4, 20, 23, 18, 5)
  validation: F_1/7=0.886961, precision=0.885089, recall=0.989460, good=178935, bad=23231, missed=1906, trie_nodes=32534, patterns=24445, objective=0.886934
  Tested: params=(12, 9, 27, 7, 5)
  validation: F_1/7=0.968329, precision=0.967943, recall=0.987608, good=178600, bad=5915, missed=2241, trie_nodes=32632, patterns=24367, objective=0.968302
  Tested: params=(1, 30, 2, 27, 3)
  validation: F_1/7=0.846250, precision=0.843737, recall=0.990826, good=179182, bad=33185, missed=1659, trie_nodes=51843, patterns=43799, objective=0.846207
  Best so far: params=(22, 24, 3, 11, 1), score=0.979624, elapsed=1746.4s

============================================================
Round 20/30
  Tested: params=(30, 3, 17, 30, 3)
  validation: F_1/7=0.976931, precision=0.976700, recall=0.988388, good=178741, bad=4264, missed=2100, trie_nodes=53627, patterns=43642, objective=0.976887
  Tested: params=(19, 21, 14, 19, 3)
  validation: F_1/7=0.978247, precision=0.978032, recall=0.988918, good=178837, bad=4017, missed=2004, trie_nodes=50417, patterns=41634, objective=0.978205
  Tested: params=(28, 2, 9, 29, 5)
  validation: F_1/7=0.977408, precision=0.977189, recall=0.988271, good=178720, bad=4172, missed=2121, trie_nodes=34731, patterns=26755, objective=0.977379
  Tested: params=(14, 19, 9, 6, 3)
  validation: F_1/7=0.975579, precision=0.975325, recall=0.988183, good=178704, bad=4521, missed=2137, trie_nodes=47070, patterns=40243, objective=0.975540
  Tested: params=(11, 18, 3, 30, 5)
  validation: F_1/7=0.962314, precision=0.961747, recall=0.990970, good=179208, bad=7128, missed=1633, trie_nodes=33128, patterns=25553, objective=0.962287
  Best so far: params=(22, 24, 3, 11, 1), score=0.979624, elapsed=1834.6s

============================================================
Round 21/30
  Tested: params=(21, 17, 10, 25, 4)
  validation: F_1/7=0.978138, precision=0.977917, recall=0.989073, good=178865, bad=4039, missed=1976, trie_nodes=33867, patterns=25272, objective=0.978110
  Tested: params=(5, 28, 25, 29, 4)
  validation: F_1/7=0.933961, precision=0.932891, recall=0.989610, good=178962, bad=12874, missed=1879, trie_nodes=33342, patterns=24925, objective=0.933934
  Tested: params=(19, 13, 28, 26, 1)
  validation: F_1/7=0.977756, precision=0.977540, recall=0.988443, good=178751, bad=4107, missed=2090, trie_nodes=51207, patterns=41812, objective=0.977713
  Tested: params=(1, 12, 25, 30, 1)
  validation: F_1/7=0.852935, precision=0.850537, recall=0.989654, good=178970, bad=31450, missed=1871, trie_nodes=48694, patterns=41354, objective=0.852895
  Tested: params=(18, 12, 30, 26, 5)
  validation: F_1/7=0.977577, precision=0.977373, recall=0.987663, good=178610, bad=4135, missed=2231, trie_nodes=34932, patterns=25496, objective=0.977548
  Best so far: params=(22, 24, 3, 11, 1), score=0.979624, elapsed=1925.4s

============================================================
Round 22/30
  Tested: params=(15, 13, 9, 2, 5)
  validation: F_1/7=0.976248, precision=0.976090, recall=0.984019, good=177951, bad=4359, missed=2890, trie_nodes=31162, patterns=24088, objective=0.976222
  Tested: params=(25, 30, 30, 17, 4)
  validation: F_1/7=0.977563, precision=0.977366, recall=0.987337, good=178551, bad=4135, missed=2290, trie_nodes=36884, patterns=26485, objective=0.977533
  Tested: params=(29, 26, 8, 14, 1)
  validation: F_1/7=0.976830, precision=0.976578, recall=0.989328, good=178911, bad=4291, missed=1930, trie_nodes=50309, patterns=42364, objective=0.976788
  Tested: params=(29, 19, 7, 21, 4)
  validation: F_1/7=0.976394, precision=0.976127, recall=0.989648, good=178969, bad=4377, missed=1872, trie_nodes=34434, patterns=26062, objective=0.976365
  Tested: params=(11, 4, 21, 16, 4)
  validation: F_1/7=0.964119, precision=0.963645, recall=0.987907, good=178654, bad=6740, missed=2187, trie_nodes=32843, patterns=24903, objective=0.964091
  Best so far: params=(22, 24, 3, 11, 1), score=0.979624, elapsed=2015.5s

============================================================
Round 23/30
  Tested: params=(16, 26, 17, 17, 5)
  validation: F_1/7=0.977593, precision=0.977377, recall=0.988305, good=178726, bad=4137, missed=2115, trie_nodes=34324, patterns=25331, objective=0.977564
  Tested: params=(13, 5, 1, 23, 4)
  validation: F_1/7=0.972666, precision=0.972296, recall=0.991125, good=179236, bad=5107, missed=1605, trie_nodes=34164, patterns=30349, objective=0.972638
  Tested: params=(22, 7, 5, 1, 2)
  validation: F_1/7=0.980080, precision=0.980283, recall=0.970211, good=175454, bad=3529, missed=5387, trie_nodes=42890, patterns=38704, objective=0.980044
  Tested: params=(18, 12, 14, 28, 2)
  validation: F_1/7=0.977097, precision=0.976858, recall=0.988974, good=178847, bad=4237, missed=1994, trie_nodes=49908, patterns=41453, objective=0.977056
  Tested: params=(16, 24, 12, 19, 5)
  validation: F_1/7=0.977387, precision=0.977155, recall=0.988902, good=178834, bad=4181, missed=2007, trie_nodes=33993, patterns=25231, objective=0.977359
  Best so far: params=(22, 7, 5, 1, 2), score=0.980044, elapsed=2105.1s

============================================================
Round 24/30
  Tested: params=(29, 5, 28, 15, 2)
  validation: F_1/7=0.976588, precision=0.976354, recall=0.988183, good=178704, bad=4328, missed=2137, trie_nodes=54460, patterns=43301, objective=0.976543
  Tested: params=(14, 30, 15, 10, 4)
  validation: F_1/7=0.975134, precision=0.974867, recall=0.988371, good=178738, bad=4608, missed=2103, trie_nodes=33204, patterns=24767, objective=0.975106
  Tested: params=(8, 3, 4, 4, 1)
  validation: F_1/7=0.961939, precision=0.961423, recall=0.987967, good=178665, bad=7169, missed=2176, trie_nodes=43860, patterns=42905, objective=0.961903
  Tested: params=(5, 20, 6, 11, 5)
  validation: F_1/7=0.934699, precision=0.933632, recall=0.990107, good=179052, bad=12728, missed=1789, trie_nodes=31691, patterns=24158, objective=0.934672
  Tested: params=(15, 21, 6, 6, 1)
  validation: F_1/7=0.975544, precision=0.975289, recall=0.988211, good=178709, bad=4528, missed=2132, trie_nodes=46649, patterns=40455, objective=0.975505
  Best so far: params=(22, 7, 5, 1, 2), score=0.980044, elapsed=2195.1s

============================================================
Round 25/30
  Tested: params=(6, 9, 6, 3, 1)
  validation: F_1/7=0.942964, precision=0.942100, recall=0.987298, good=178544, bad=10973, missed=2297, trie_nodes=43474, patterns=39059, objective=0.942928
  Tested: params=(14, 7, 11, 16, 4)
  validation: F_1/7=0.975100, precision=0.974825, recall=0.988797, good=178815, bad=4618, missed=2026, trie_nodes=32313, patterns=24542, objective=0.975073
  Tested: params=(2, 24, 19, 3, 5)
  validation: F_1/7=0.883446, precision=0.881572, recall=0.986143, good=178335, bad=23957, missed=2506, trie_nodes=31284, patterns=23885, objective=0.883420
  Tested: params=(28, 2, 9, 25, 4)
  validation: F_1/7=0.977610, precision=0.977398, recall=0.988083, good=178686, bad=4132, missed=2155, trie_nodes=34797, patterns=26998, objective=0.977581
  Tested: params=(6, 7, 12, 15, 4)
  validation: F_1/7=0.943501, precision=0.942612, recall=0.989206, good=178889, bad=10891, missed=1952, trie_nodes=30381, patterns=23749, objective=0.943476
  Best so far: params=(22, 7, 5, 1, 2), score=0.980044, elapsed=2286.9s

============================================================
Round 26/30
  Tested: params=(12, 14, 23, 2, 2)
  validation: F_1/7=0.968716, precision=0.968413, recall=0.983809, good=177913, bad=5803, missed=2928, trie_nodes=46238, patterns=39051, objective=0.968678
  Tested: params=(22, 27, 16, 16, 1)
  validation: F_1/7=0.978147, precision=0.977935, recall=0.988642, good=178787, bad=4034, missed=2054, trie_nodes=51049, patterns=41826, objective=0.978104
  Tested: params=(14, 16, 8, 9, 2)
  validation: F_1/7=0.975355, precision=0.975080, recall=0.989012, good=178854, bad=4571, missed=1987, trie_nodes=47118, patterns=40426, objective=0.975316
  Tested: params=(1, 10, 7, 10, 1)
  validation: F_1/7=0.853584, precision=0.851195, recall=0.989676, good=178974, bad=31288, missed=1867, trie_nodes=45438, patterns=40750, objective=0.853546
  Tested: params=(27, 18, 21, 24, 3)
  validation: F_1/7=0.976258, precision=0.976011, recall=0.988548, good=178770, bad=4394, missed=2071, trie_nodes=52973, patterns=42514, objective=0.976214
  Best so far: params=(22, 7, 5, 1, 2), score=0.980044, elapsed=2378.6s

============================================================
Round 27/30
  Tested: params=(3, 17, 18, 23, 3)
  validation: F_1/7=0.885519, precision=0.883623, recall=0.989560, good=178953, bad=23569, missed=1888, trie_nodes=47878, patterns=40230, objective=0.885479
  Tested: params=(4, 9, 11, 20, 3)
  validation: F_1/7=0.889643, precision=0.887811, recall=0.989709, good=178980, bad=22617, missed=1861, trie_nodes=45763, patterns=39690, objective=0.889605
  Tested: params=(11, 30, 19, 8, 1)
  validation: F_1/7=0.963705, precision=0.963224, recall=0.987895, good=178652, bad=6821, missed=2189, trie_nodes=47464, patterns=39929, objective=0.963666
  Tested: params=(5, 8, 5, 6, 2)
  validation: F_1/7=0.937557, precision=0.936556, recall=0.989355, good=178916, bad=12120, missed=1925, trie_nodes=44316, patterns=40169, objective=0.937521
  Tested: params=(6, 27, 3, 16, 3)
  validation: F_1/7=0.942057, precision=0.941124, recall=0.990168, good=179063, bad=11202, missed=1778, trie_nodes=48941, patterns=41813, objective=0.942017
  Best so far: params=(22, 7, 5, 1, 2), score=0.980044, elapsed=2471.6s

============================================================
Round 28/30
  Tested: params=(30, 4, 12, 30, 5)
  validation: F_1/7=0.977123, precision=0.976899, recall=0.988216, good=178710, bad=4226, missed=2131, trie_nodes=35202, patterns=26120, objective=0.977094
  Tested: params=(25, 8, 6, 21, 5)
  validation: F_1/7=0.976551, precision=0.976287, recall=0.989659, good=178971, bad=4347, missed=1870, trie_nodes=33166, patterns=25557, objective=0.976524
  Tested: params=(17, 18, 9, 24, 1)
  validation: F_1/7=0.977419, precision=0.977180, recall=0.989294, good=178905, bad=4178, missed=1936, trie_nodes=49231, patterns=41527, objective=0.977378
  Tested: params=(10, 13, 16, 8, 1)
  validation: F_1/7=0.963502, precision=0.963006, recall=0.988471, good=178756, bad=6867, missed=2085, trie_nodes=46873, patterns=39905, objective=0.963463
  Tested: params=(19, 9, 18, 5, 3)
  validation: F_1/7=0.978471, precision=0.978276, recall=0.988111, good=178691, bad=3968, missed=2150, trie_nodes=49989, patterns=41113, objective=0.978430
  Best so far: params=(22, 7, 5, 1, 2), score=0.980044, elapsed=2561.8s

============================================================
Round 29/30
  Tested: params=(16, 2, 11, 5, 1)
  validation: F_1/7=0.978238, precision=0.978034, recall=0.988310, good=178727, bad=4014, missed=2114, trie_nodes=50606, patterns=44743, objective=0.978196
  Tested: params=(30, 10, 25, 8, 4)
  validation: F_1/7=0.977745, precision=0.977560, recall=0.986917, good=178475, bad=4097, missed=2366, trie_nodes=36997, patterns=26409, objective=0.977714
  Tested: params=(23, 18, 15, 13, 2)
  validation: F_1/7=0.976386, precision=0.976140, recall=0.988609, good=178781, bad=4370, missed=2060, trie_nodes=50855, patterns=41676, objective=0.976344
  Tested: params=(28, 25, 29, 4, 4)
  validation: F_1/7=0.978281, precision=0.978127, recall=0.985905, good=178292, bad=3987, missed=2549, trie_nodes=36836, patterns=26426, objective=0.978251
  Tested: params=(29, 6, 2, 23, 3)
  validation: F_1/7=0.977447, precision=0.977200, recall=0.989704, good=178979, bad=4176, missed=1862, trie_nodes=50223, patterns=45882, objective=0.977405
  Best so far: params=(22, 7, 5, 1, 2), score=0.980044, elapsed=2651.9s

============================================================
Round 30/30
  Tested: params=(26, 5, 24, 7, 1)
  validation: F_1/7=0.976851, precision=0.976624, recall=0.988095, good=178688, bad=4277, missed=2153, trie_nodes=53253, patterns=42974, objective=0.976807
  Tested: params=(5, 25, 20, 16, 2)
  validation: F_1/7=0.935098, precision=0.934060, recall=0.988990, good=178850, bad=12626, missed=1991, trie_nodes=47933, patterns=40330, objective=0.935059
  Tested: params=(27, 12, 25, 14, 2)
  validation: F_1/7=0.976319, precision=0.976079, recall=0.988266, good=178719, bad=4380, missed=2122, trie_nodes=53268, patterns=42600, objective=0.976275
  Tested: params=(14, 10, 23, 16, 2)
  validation: F_1/7=0.974546, precision=0.974260, recall=0.988753, good=178807, bad=4724, missed=2034, trie_nodes=49271, patterns=40921, objective=0.974505
  Tested: params=(27, 12, 17, 28, 4)
  validation: F_1/7=0.977021, precision=0.976801, recall=0.987907, good=178654, bad=4243, missed=2187, trie_nodes=35629, patterns=25910, objective=0.976991
  Best so far: params=(22, 7, 5, 1, 2), score=0.980044, elapsed=2740.8s

============================================================
Final phase: 3 evaluations
  Tested: params=(4, 29, 19, 11, 1)
  validation: F_1/7=0.889208, precision=0.887385, recall=0.988719, good=178801, bad=22691, missed=2040, trie_nodes=47880, patterns=40199, objective=0.889168
  Tested: params=(24, 19, 17, 27, 4)
  validation: F_1/7=0.977059, precision=0.976837, recall=0.988056, good=178681, bad=4237, missed=2160, trie_nodes=35526, patterns=25831, objective=0.977029
  Tested: params=(5, 10, 8, 23, 1)
  validation: F_1/7=0.935473, precision=0.934421, recall=0.990096, good=179050, bad=12566, missed=1791, trie_nodes=45910, patterns=40416, objective=0.935435

============================================================
Threshold ablation run complete
Best parameters (b1 b2 b3 b4 thr): (22, 7, 5, 1, 2)
Thresholds: {'mode': 'shared', 'shared': 2, 'per_level': [2, 2, 2, 2]}
  validation-selected: F_1/7=0.980080, precision=0.980283, recall=0.970211, good=175454, bad=3529, missed=5387, trie_nodes=42890, patterns=38704, objective=0.980044
  held-out test: F_1/7=0.980015, precision=0.980221, recall=0.970017, good=175640, bad=3544, missed=5429, trie_nodes=42890, patterns=38704
Summary: results/threshold_ablation/de/wortliste/shared_random/summary.json
History: results/threshold_ablation/de/wortliste/shared_random/history.csv
Wall time: 2831.2s
