Proportional trie_normalizer for de/wiktionary: |D| = 807813
Objective: F17+Trie(w=0.0005)
Dataset: /home/dev/hyph-bench/data/de/wiktionary/de_wiktionary.wlh_dis.wlh
Translate: /home/dev/hyph-bench/data/de/wiktionary/de_wiktionary.wlh_dis.wlh.tra
Method: tpe | Threshold mode: perlayer
Search space (8-D): [(1, 30), (1, 30), (1, 30), (1, 30), (1, 5), (1, 5), (1, 5), (1, 5)]
Split counts: train=646251, validation=80781, test=80781
Pattern ranges: [(1, 4), (2, 5), (2, 6), (2, 7)]
Budget: 30 rounds x 5 + 3 final = 153 patgen evaluations; 3 parallel workers

============================================================
Round 1/30
  Tested: params=(12, 29, 22, 18, 1, 1, 1, 5)
  validation: F_1/7=0.972908, precision=0.972447, recall=0.996036, good=237707, bad=6735, missed=946, trie_nodes=29728, patterns=23070, objective=0.972890
  Tested: params=(19, 22, 1, 30, 5, 2, 1, 1)
  validation: F_1/7=0.975549, precision=0.975134, recall=0.996287, good=237767, bad=6063, missed=886, trie_nodes=34202, patterns=29160, objective=0.975527
  Tested: params=(10, 16, 13, 9, 4, 1, 2, 2)
  validation: F_1/7=0.972389, precision=0.971922, recall=0.995856, good=237664, bad=6866, missed=989, trie_nodes=30132, patterns=23590, objective=0.972370
  Tested: params=(14, 24, 6, 16, 3, 1, 4, 1)
  validation: F_1/7=0.974190, precision=0.973773, recall=0.995077, good=237478, bad=6396, missed=1175, trie_nodes=29545, patterns=22863, objective=0.974172
  Tested: params=(2, 29, 29, 25, 2, 1, 4, 3)
  validation: F_1/7=0.877204, precision=0.875086, recall=0.995286, good=237528, bad=33906, missed=1125, trie_nodes=31720, patterns=23669, objective=0.877185
  Best so far: params=(19, 22, 1, 30, 5, 2, 1, 1), score=0.975527, elapsed=109.0s

============================================================
Round 2/30
  Tested: params=(4, 15, 2, 28, 2, 4, 2, 3)
  validation: F_1/7=0.903642, precision=0.901922, recall=0.996769, good=237882, bad=25868, missed=771, trie_nodes=31347, patterns=25242, objective=0.903623
  Tested: params=(17, 6, 30, 24, 5, 5, 3, 5)
  validation: F_1/7=0.977744, precision=0.977387, recall=0.995571, good=237596, bad=5497, missed=1057, trie_nodes=29480, patterns=22093, objective=0.977726
  Tested: params=(3, 6, 2, 10, 2, 2, 5, 2)
  validation: F_1/7=0.903378, precision=0.901703, recall=0.993878, good=237192, bad=25857, missed=1461, trie_nodes=28153, patterns=24947, objective=0.903361
  Tested: params=(9, 17, 5, 25, 1, 5, 4, 1)
  validation: F_1/7=0.966342, precision=0.965768, recall=0.995361, good=237546, bad=8420, missed=1107, trie_nodes=29144, patterns=22513, objective=0.966324
  Tested: params=(1, 25, 22, 22, 4, 1, 2, 1)
  validation: F_1/7=0.846715, precision=0.844127, recall=0.996422, good=237799, bad=43911, missed=854, trie_nodes=32876, patterns=25155, objective=0.846695
  Best so far: params=(17, 6, 30, 24, 5, 5, 3, 5), score=0.977726, elapsed=215.0s

============================================================
Round 3/30
  Tested: params=(29, 1, 30, 1, 5, 5, 3, 5)
  validation: F_1/7=0.987489, precision=0.987356, recall=0.994046, good=237232, bad=3038, missed=1421, trie_nodes=34349, patterns=26639, objective=0.987468
  Tested: params=(29, 1, 30, 1, 5, 5, 3, 5)
  validation: F_1/7=0.987489, precision=0.987356, recall=0.994046, good=237232, bad=3038, missed=1421, trie_nodes=34349, patterns=26639, objective=0.987468
  Tested: params=(30, 1, 29, 1, 5, 5, 3, 5)
  validation: F_1/7=0.987448, precision=0.987317, recall=0.993916, good=237201, bad=3047, missed=1452, trie_nodes=34453, patterns=26700, objective=0.987427
  Tested: params=(29, 2, 30, 1, 5, 5, 3, 5)
  validation: F_1/7=0.987561, precision=0.987427, recall=0.994159, good=237259, bad=3021, missed=1394, trie_nodes=32971, patterns=24996, objective=0.987541
  Tested: params=(26, 2, 30, 4, 5, 5, 3, 5)
  validation: F_1/7=0.986399, precision=0.986224, recall=0.995051, good=237472, bad=3317, missed=1181, trie_nodes=32621, patterns=24793, objective=0.986379
  Best so far: params=(29, 2, 30, 1, 5, 5, 3, 5), score=0.987541, elapsed=322.2s

============================================================
Round 4/30
  Tested: params=(23, 9, 22, 7, 4, 4, 5, 4)
  validation: F_1/7=0.986796, precision=0.986662, recall=0.993413, good=237081, bad=3205, missed=1572, trie_nodes=27020, patterns=20094, objective=0.986779
  Tested: params=(23, 10, 24, 8, 4, 4, 5, 4)
  validation: F_1/7=0.986817, precision=0.986683, recall=0.993442, good=237088, bad=3200, missed=1565, trie_nodes=27016, patterns=20032, objective=0.986800
  Tested: params=(23, 9, 23, 8, 4, 4, 5, 4)
  validation: F_1/7=0.986789, precision=0.986654, recall=0.993455, good=237091, bad=3207, missed=1562, trie_nodes=27043, patterns=20089, objective=0.986772
  Tested: params=(26, 9, 23, 8, 4, 4, 5, 4)
  validation: F_1/7=0.986993, precision=0.986865, recall=0.993287, good=237051, bad=3155, missed=1602, trie_nodes=27547, patterns=20404, objective=0.986976
  Tested: params=(23, 9, 21, 7, 4, 4, 5, 4)
  validation: F_1/7=0.986808, precision=0.986674, recall=0.993417, good=237082, bad=3202, missed=1571, trie_nodes=26990, patterns=20084, objective=0.986791
  Best so far: params=(29, 2, 30, 1, 5, 5, 3, 5), score=0.987541, elapsed=426.3s

============================================================
Round 5/30
  Tested: params=(19, 4, 16, 13, 3, 3, 2, 3)
  validation: F_1/7=0.980789, precision=0.980495, recall=0.995449, good=237567, bad=4726, missed=1086, trie_nodes=32306, patterns=25266, objective=0.980769
  Tested: params=(19, 5, 16, 12, 3, 3, 2, 3)
  validation: F_1/7=0.980791, precision=0.980496, recall=0.995496, good=237578, bad=4726, missed=1075, trie_nodes=32093, patterns=24959, objective=0.980771
  Tested: params=(19, 5, 15, 13, 3, 3, 2, 3)
  validation: F_1/7=0.980775, precision=0.980479, recall=0.995496, good=237578, bad=4730, missed=1075, trie_nodes=32061, patterns=24969, objective=0.980755
  Tested: params=(27, 5, 17, 13, 3, 3, 2, 3)
  validation: F_1/7=0.987797, precision=0.987644, recall=0.995387, good=237552, bad=2972, missed=1101, trie_nodes=33272, patterns=25682, objective=0.987777
  Tested: params=(27, 5, 14, 14, 3, 3, 2, 3)
  validation: F_1/7=0.987852, precision=0.987698, recall=0.995445, good=237566, bad=2959, missed=1087, trie_nodes=32982, patterns=25651, objective=0.987831
  Best so far: params=(27, 5, 14, 14, 3, 3, 2, 3), score=0.987831, elapsed=534.0s

============================================================
Round 6/30
  Tested: params=(27, 13, 11, 20, 3, 2, 1, 2)
  validation: F_1/7=0.987650, precision=0.987485, recall=0.995801, good=237651, bad=3012, missed=1002, trie_nodes=32526, patterns=25255, objective=0.987629
  Tested: params=(26, 12, 10, 18, 3, 2, 1, 2)
  validation: F_1/7=0.987484, precision=0.987316, recall=0.995789, good=237648, bad=3053, missed=1005, trie_nodes=32369, patterns=25258, objective=0.987464
  Tested: params=(26, 13, 11, 20, 3, 2, 1, 2)
  validation: F_1/7=0.987481, precision=0.987312, recall=0.995810, good=237653, bad=3054, missed=1000, trie_nodes=32435, patterns=25184, objective=0.987461
  Tested: params=(26, 13, 10, 19, 3, 2, 1, 2)
  validation: F_1/7=0.987481, precision=0.987312, recall=0.995810, good=237653, bad=3054, missed=1000, trie_nodes=32374, patterns=25221, objective=0.987461
  Tested: params=(26, 13, 11, 19, 3, 2, 1, 2)
  validation: F_1/7=0.987485, precision=0.987316, recall=0.995806, good=237652, bad=3053, missed=1001, trie_nodes=32429, patterns=25183, objective=0.987465
  Best so far: params=(27, 5, 14, 14, 3, 3, 2, 3), score=0.987831, elapsed=638.2s

============================================================
Round 7/30
  Tested: params=(21, 19, 19, 15, 2, 3, 2, 3)
  validation: F_1/7=0.981291, precision=0.981006, recall=0.995491, good=237577, bad=4600, missed=1076, trie_nodes=32258, patterns=24505, objective=0.981271
  Tested: params=(21, 19, 19, 16, 2, 3, 2, 3)
  validation: F_1/7=0.981280, precision=0.980994, recall=0.995517, good=237583, bad=4603, missed=1070, trie_nodes=32260, patterns=24514, objective=0.981260
  Tested: params=(21, 20, 18, 15, 2, 3, 2, 3)
  validation: F_1/7=0.981305, precision=0.981018, recall=0.995529, good=237586, bad=4597, missed=1067, trie_nodes=32247, patterns=24515, objective=0.981285
  Tested: params=(21, 19, 19, 17, 2, 3, 2, 3)
  validation: F_1/7=0.981269, precision=0.980982, recall=0.995525, good=237585, bad=4606, missed=1068, trie_nodes=32262, patterns=24518, objective=0.981249
  Tested: params=(21, 19, 19, 15, 2, 3, 2, 3)
  validation: F_1/7=0.981291, precision=0.981006, recall=0.995491, good=237577, bad=4600, missed=1076, trie_nodes=32258, patterns=24505, objective=0.981271
  Best so far: params=(27, 5, 14, 14, 3, 3, 2, 3), score=0.987831, elapsed=745.0s

============================================================
Round 8/30
  Tested: params=(28, 3, 26, 22, 1, 2, 1, 4)
  validation: F_1/7=0.988067, precision=0.987926, recall=0.994997, good=237459, bad=2902, missed=1194, trie_nodes=33512, patterns=25987, objective=0.988046
  Tested: params=(28, 7, 26, 21, 1, 2, 1, 4)
  validation: F_1/7=0.988130, precision=0.987987, recall=0.995219, good=237512, bad=2888, missed=1141, trie_nodes=32666, patterns=24857, objective=0.988110
  Tested: params=(29, 3, 26, 4, 1, 2, 1, 4)
  validation: F_1/7=0.988217, precision=0.988082, recall=0.994901, good=237436, bad=2864, missed=1217, trie_nodes=33600, patterns=26060, objective=0.988196
  Tested: params=(28, 3, 7, 21, 3, 2, 1, 4)
  validation: F_1/7=0.986909, precision=0.986727, recall=0.995894, good=237673, bad=3197, missed=980, trie_nodes=31182, patterns=25646, objective=0.986890
  Tested: params=(28, 3, 8, 4, 1, 2, 1, 4)
  validation: F_1/7=0.987230, precision=0.987065, recall=0.995378, good=237550, bad=3113, missed=1103, trie_nodes=31147, patterns=25536, objective=0.987211
  Best so far: params=(29, 3, 26, 4, 1, 2, 1, 4), score=0.988196, elapsed=850.5s

============================================================
Round 9/30
  Tested: params=(13, 6, 27, 28, 1, 1, 1, 4)
  validation: F_1/7=0.972857, precision=0.972402, recall=0.995676, good=237621, bad=6744, missed=1032, trie_nodes=30113, patterns=23713, objective=0.972838
  Tested: params=(13, 6, 26, 28, 1, 1, 1, 4)
  validation: F_1/7=0.972849, precision=0.972394, recall=0.995676, good=237621, bad=6746, missed=1032, trie_nodes=30072, patterns=23702, objective=0.972830
  Tested: params=(13, 7, 26, 30, 1, 1, 1, 4)
  validation: F_1/7=0.972775, precision=0.972319, recall=0.995688, good=237624, bad=6765, missed=1029, trie_nodes=29982, patterns=23547, objective=0.972757
  Tested: params=(13, 7, 26, 29, 1, 1, 1, 4)
  validation: F_1/7=0.972775, precision=0.972319, recall=0.995688, good=237624, bad=6765, missed=1029, trie_nodes=29977, patterns=23546, objective=0.972757
  Tested: params=(13, 7, 26, 29, 1, 1, 1, 4)
  validation: F_1/7=0.972775, precision=0.972319, recall=0.995688, good=237624, bad=6765, missed=1029, trie_nodes=29977, patterns=23546, objective=0.972757
  Best so far: params=(29, 3, 26, 4, 1, 2, 1, 4), score=0.988196, elapsed=957.3s

============================================================
Round 10/30
  Tested: params=(30, 4, 14, 24, 1, 2, 4, 3)
  validation: F_1/7=0.989019, precision=0.988922, recall=0.993832, good=237181, bad=2657, missed=1472, trie_nodes=31373, patterns=24231, objective=0.989000
  Tested: params=(30, 4, 13, 13, 1, 2, 2, 3)
  validation: F_1/7=0.988178, precision=0.988030, recall=0.995441, good=237565, bad=2878, missed=1088, trie_nodes=33464, patterns=26320, objective=0.988157
  Tested: params=(30, 4, 14, 23, 1, 2, 4, 3)
  validation: F_1/7=0.989019, precision=0.988922, recall=0.993832, good=237181, bad=2657, missed=1472, trie_nodes=31373, patterns=24231, objective=0.989000
  Tested: params=(30, 4, 14, 22, 1, 2, 4, 3)
  validation: F_1/7=0.989028, precision=0.988930, recall=0.993832, good=237181, bad=2655, missed=1472, trie_nodes=31376, patterns=24232, objective=0.989008
  Tested: params=(30, 4, 28, 23, 1, 2, 4, 3)
  validation: F_1/7=0.989097, precision=0.989014, recall=0.993195, good=237029, bad=2633, missed=1624, trie_nodes=31840, patterns=24079, objective=0.989077
  Best so far: params=(30, 4, 28, 23, 1, 2, 4, 3), score=0.989077, elapsed=1063.5s

============================================================
Round 11/30
  Tested: params=(9, 30, 13, 25, 1, 2, 4, 3)
  validation: F_1/7=0.966556, precision=0.965989, recall=0.995169, good=237500, bad=8362, missed=1153, trie_nodes=30016, patterns=22715, objective=0.966537
  Tested: params=(9, 26, 14, 26, 1, 2, 4, 3)
  validation: F_1/7=0.966599, precision=0.966034, recall=0.995102, good=237484, bad=8350, missed=1169, trie_nodes=29876, patterns=22637, objective=0.966580
  Tested: params=(7, 30, 13, 25, 1, 2, 4, 3)
  validation: F_1/7=0.959212, precision=0.958503, recall=0.995253, good=237520, bad=10283, missed=1133, trie_nodes=30205, patterns=22840, objective=0.959193
  Tested: params=(30, 30, 13, 25, 1, 2, 4, 3)
  validation: F_1/7=0.989017, precision=0.988905, recall=0.994544, good=237351, bad=2663, missed=1302, trie_nodes=31599, patterns=24004, objective=0.988997
  Tested: params=(6, 29, 13, 25, 1, 2, 4, 3)
  validation: F_1/7=0.931264, precision=0.930043, recall=0.995299, good=237531, bad=17867, missed=1122, trie_nodes=30289, patterns=22729, objective=0.931245
  Best so far: params=(30, 4, 28, 23, 1, 2, 4, 3), score=0.989077, elapsed=1171.7s

============================================================
Round 12/30
  Tested: params=(30, 27, 28, 23, 1, 2, 4, 2)
  validation: F_1/7=0.989138, precision=0.989042, recall=0.993882, good=237193, bad=2628, missed=1460, trie_nodes=31940, patterns=23843, objective=0.989118
  Tested: params=(30, 1, 28, 23, 1, 2, 4, 2)
  validation: F_1/7=0.989183, precision=0.989119, recall=0.992286, good=236812, bad=2605, missed=1841, trie_nodes=33569, patterns=26654, objective=0.989162
  Tested: params=(30, 26, 28, 23, 1, 2, 4, 2)
  validation: F_1/7=0.989138, precision=0.989042, recall=0.993887, good=237194, bad=2628, missed=1459, trie_nodes=31923, patterns=23838, objective=0.989119
  Tested: params=(30, 23, 28, 23, 1, 2, 4, 2)
  validation: F_1/7=0.989045, precision=0.988947, recall=0.993891, good=237195, bad=2651, missed=1458, trie_nodes=31896, patterns=23782, objective=0.989026
  Tested: params=(30, 1, 28, 23, 1, 2, 4, 2)
  validation: F_1/7=0.989183, precision=0.989119, recall=0.992286, good=236812, bad=2605, missed=1841, trie_nodes=33569, patterns=26654, objective=0.989162
  Best so far: params=(30, 1, 28, 23, 1, 2, 4, 2), score=0.989162, elapsed=1277.5s

============================================================
Round 13/30
  Tested: params=(16, 27, 28, 27, 2, 1, 3, 1)
  validation: F_1/7=0.975492, precision=0.975088, recall=0.995692, good=237625, bad=6071, missed=1028, trie_nodes=31629, patterns=23972, objective=0.975472
  Tested: params=(24, 27, 28, 27, 2, 1, 3, 1)
  validation: F_1/7=0.987714, precision=0.987558, recall=0.995424, good=237561, bad=2993, missed=1092, trie_nodes=33045, patterns=24855, objective=0.987694
  Tested: params=(24, 27, 28, 27, 2, 1, 3, 1)
  validation: F_1/7=0.987714, precision=0.987558, recall=0.995424, good=237561, bad=2993, missed=1092, trie_nodes=33045, patterns=24855, objective=0.987694
  Tested: params=(24, 27, 28, 23, 2, 1, 3, 1)
  validation: F_1/7=0.987733, precision=0.987578, recall=0.995403, good=237556, bad=2988, missed=1097, trie_nodes=33023, patterns=24840, objective=0.987713
  Tested: params=(24, 27, 28, 27, 2, 1, 3, 1)
  validation: F_1/7=0.987714, precision=0.987558, recall=0.995424, good=237561, bad=2993, missed=1092, trie_nodes=33045, patterns=24855, objective=0.987694
  Best so far: params=(30, 1, 28, 23, 1, 2, 4, 2), score=0.989162, elapsed=1382.6s

============================================================
Round 14/30
  Tested: params=(29, 23, 24, 23, 1, 2, 4, 2)
  validation: F_1/7=0.989063, precision=0.988961, recall=0.994067, good=237237, bad=2648, missed=1416, trie_nodes=31718, patterns=23671, objective=0.989043
  Tested: params=(29, 23, 24, 23, 1, 2, 4, 2)
  validation: F_1/7=0.989063, precision=0.988961, recall=0.994067, good=237237, bad=2648, missed=1416, trie_nodes=31718, patterns=23671, objective=0.989043
  Tested: params=(29, 23, 24, 23, 1, 2, 4, 2)
  validation: F_1/7=0.989063, precision=0.988961, recall=0.994067, good=237237, bad=2648, missed=1416, trie_nodes=31718, patterns=23671, objective=0.989043
  Tested: params=(29, 23, 24, 23, 1, 2, 4, 2)
  validation: F_1/7=0.989063, precision=0.988961, recall=0.994067, good=237237, bad=2648, missed=1416, trie_nodes=31718, patterns=23671, objective=0.989043
  Tested: params=(29, 23, 24, 22, 1, 2, 4, 2)
  validation: F_1/7=0.989067, precision=0.988965, recall=0.994063, good=237236, bad=2647, missed=1417, trie_nodes=31705, patterns=23669, objective=0.989047
  Best so far: params=(30, 1, 28, 23, 1, 2, 4, 2), score=0.989162, elapsed=1487.9s

============================================================
Round 15/30
  Tested: params=(27, 25, 30, 21, 1, 2, 5, 2)
  validation: F_1/7=0.988304, precision=0.988190, recall=0.993949, good=237209, bad=2835, missed=1444, trie_nodes=31627, patterns=23594, objective=0.988285
  Tested: params=(27, 25, 30, 21, 1, 2, 5, 2)
  validation: F_1/7=0.988304, precision=0.988190, recall=0.993949, good=237209, bad=2835, missed=1444, trie_nodes=31627, patterns=23594, objective=0.988285
  Tested: params=(27, 25, 30, 21, 1, 2, 5, 2)
  validation: F_1/7=0.988304, precision=0.988190, recall=0.993949, good=237209, bad=2835, missed=1444, trie_nodes=31627, patterns=23594, objective=0.988285
  Tested: params=(27, 25, 21, 21, 1, 2, 5, 2)
  validation: F_1/7=0.988342, precision=0.988225, recall=0.994121, good=237250, bad=2827, missed=1403, trie_nodes=31517, patterns=23617, objective=0.988322
  Tested: params=(27, 1, 30, 21, 1, 2, 5, 2)
  validation: F_1/7=0.988499, precision=0.988422, recall=0.992307, good=236817, bad=2774, missed=1836, trie_nodes=33476, patterns=26527, objective=0.988479
  Best so far: params=(30, 1, 28, 23, 1, 2, 4, 2), score=0.989162, elapsed=1593.5s

============================================================
Round 16/30
  Tested: params=(29, 16, 25, 24, 1, 3, 4, 2)
  validation: F_1/7=0.989060, precision=0.988960, recall=0.993954, good=237210, bad=2648, missed=1443, trie_nodes=31592, patterns=23606, objective=0.989040
  Tested: params=(29, 21, 24, 24, 1, 2, 4, 2)
  validation: F_1/7=0.989066, precision=0.988965, recall=0.994037, good=237230, bad=2647, missed=1423, trie_nodes=31613, patterns=23628, objective=0.989047
  Tested: params=(29, 22, 25, 24, 1, 3, 4, 2)
  validation: F_1/7=0.989054, precision=0.988953, recall=0.994042, good=237231, bad=2650, missed=1422, trie_nodes=31651, patterns=23636, objective=0.989035
  Tested: params=(29, 21, 25, 24, 1, 3, 4, 2)
  validation: F_1/7=0.989053, precision=0.988952, recall=0.994008, good=237223, bad=2650, missed=1430, trie_nodes=31619, patterns=23623, objective=0.989034
  Tested: params=(29, 22, 25, 24, 1, 3, 4, 2)
  validation: F_1/7=0.989054, precision=0.988953, recall=0.994042, good=237231, bad=2650, missed=1422, trie_nodes=31651, patterns=23636, objective=0.989035
  Best so far: params=(30, 1, 28, 23, 1, 2, 4, 2), score=0.989162, elapsed=1701.2s

============================================================
Round 17/30
  Tested: params=(25, 1, 29, 19, 1, 2, 4, 2)
  validation: F_1/7=0.988379, precision=0.988298, recall=0.992324, good=236821, bad=2804, missed=1832, trie_nodes=33174, patterns=26359, objective=0.988358
  Tested: params=(25, 2, 29, 19, 1, 2, 4, 2)
  validation: F_1/7=0.988295, precision=0.988202, recall=0.992881, good=236954, bad=2829, missed=1699, trie_nodes=31930, patterns=24654, objective=0.988275
  Tested: params=(25, 2, 29, 19, 1, 2, 4, 2)
  validation: F_1/7=0.988295, precision=0.988202, recall=0.992881, good=236954, bad=2829, missed=1699, trie_nodes=31930, patterns=24654, objective=0.988275
  Tested: params=(25, 2, 29, 19, 1, 2, 4, 2)
  validation: F_1/7=0.988295, precision=0.988202, recall=0.992881, good=236954, bad=2829, missed=1699, trie_nodes=31930, patterns=24654, objective=0.988275
  Tested: params=(25, 2, 29, 19, 1, 2, 4, 2)
  validation: F_1/7=0.988295, precision=0.988202, recall=0.992881, good=236954, bad=2829, missed=1699, trie_nodes=31930, patterns=24654, objective=0.988275
  Best so far: params=(30, 1, 28, 23, 1, 2, 4, 2), score=0.989162, elapsed=1806.2s

============================================================
Round 18/30
  Tested: params=(28, 24, 23, 22, 1, 2, 4, 2)
  validation: F_1/7=0.988962, precision=0.988858, recall=0.994054, good=237234, bad=2673, missed=1419, trie_nodes=31590, patterns=23625, objective=0.988942
  Tested: params=(28, 21, 23, 22, 1, 2, 4, 2)
  validation: F_1/7=0.988981, precision=0.988879, recall=0.994033, good=237229, bad=2668, missed=1424, trie_nodes=31495, patterns=23581, objective=0.988962
  Tested: params=(28, 21, 23, 22, 1, 2, 4, 2)
  validation: F_1/7=0.988981, precision=0.988879, recall=0.994033, good=237229, bad=2668, missed=1424, trie_nodes=31495, patterns=23581, objective=0.988962
  Tested: params=(28, 21, 23, 22, 1, 2, 4, 2)
  validation: F_1/7=0.988981, precision=0.988879, recall=0.994033, good=237229, bad=2668, missed=1424, trie_nodes=31495, patterns=23581, objective=0.988962
  Tested: params=(28, 24, 21, 22, 1, 2, 4, 2)
  validation: F_1/7=0.988955, precision=0.988850, recall=0.994104, good=237246, bad=2675, missed=1407, trie_nodes=31601, patterns=23659, objective=0.988935
  Best so far: params=(30, 1, 28, 23, 1, 2, 4, 2), score=0.989162, elapsed=1911.4s

============================================================
Round 19/30
  Tested: params=(30, 18, 27, 26, 2, 2, 4, 1)
  validation: F_1/7=0.988986, precision=0.988888, recall=0.993782, good=237169, bad=2665, missed=1484, trie_nodes=31775, patterns=23712, objective=0.988966
  Tested: params=(30, 17, 22, 26, 2, 2, 4, 2)
  validation: F_1/7=0.988971, precision=0.988870, recall=0.993970, good=237214, bad=2670, missed=1439, trie_nodes=31696, patterns=23738, objective=0.988952
  Tested: params=(30, 18, 27, 20, 2, 2, 4, 1)
  validation: F_1/7=0.989005, precision=0.988909, recall=0.993765, good=237165, bad=2660, missed=1488, trie_nodes=31763, patterns=23708, objective=0.988986
  Tested: params=(30, 17, 27, 26, 2, 2, 4, 1)
  validation: F_1/7=0.988994, precision=0.988896, recall=0.993782, good=237169, bad=2663, missed=1484, trie_nodes=31794, patterns=23713, objective=0.988974
  Tested: params=(30, 28, 27, 26, 2, 2, 4, 1)
  validation: F_1/7=0.989061, precision=0.988963, recall=0.993882, good=237193, bad=2647, missed=1460, trie_nodes=31933, patterns=23849, objective=0.989042
  Best so far: params=(30, 1, 28, 23, 1, 2, 4, 2), score=0.989162, elapsed=2017.7s

============================================================
Round 20/30
  Tested: params=(29, 23, 24, 23, 1, 2, 4, 2)
  validation: F_1/7=0.989063, precision=0.988961, recall=0.994067, good=237237, bad=2648, missed=1416, trie_nodes=31718, patterns=23671, objective=0.989043
  Tested: params=(29, 23, 24, 23, 1, 2, 4, 2)
  validation: F_1/7=0.989063, precision=0.988961, recall=0.994067, good=237237, bad=2648, missed=1416, trie_nodes=31718, patterns=23671, objective=0.989043
  Tested: params=(29, 23, 24, 23, 1, 2, 4, 2)
  validation: F_1/7=0.989063, precision=0.988961, recall=0.994067, good=237237, bad=2648, missed=1416, trie_nodes=31718, patterns=23671, objective=0.989043
  Tested: params=(29, 23, 24, 23, 1, 2, 4, 2)
  validation: F_1/7=0.989063, precision=0.988961, recall=0.994067, good=237237, bad=2648, missed=1416, trie_nodes=31718, patterns=23671, objective=0.989043
  Tested: params=(29, 23, 24, 23, 1, 2, 4, 2)
  validation: F_1/7=0.989063, precision=0.988961, recall=0.994067, good=237237, bad=2648, missed=1416, trie_nodes=31718, patterns=23671, objective=0.989043
  Best so far: params=(30, 1, 28, 23, 1, 2, 4, 2), score=0.989162, elapsed=2122.5s

============================================================
Round 21/30
  Tested: params=(26, 26, 22, 25, 1, 2, 3, 2)
  validation: F_1/7=0.987769, precision=0.987615, recall=0.995391, good=237553, bad=2979, missed=1100, trie_nodes=33331, patterns=25113, objective=0.987749
  Tested: params=(26, 26, 20, 25, 1, 2, 3, 2)
  validation: F_1/7=0.987708, precision=0.987550, recall=0.995475, good=237573, bad=2995, missed=1080, trie_nodes=33235, patterns=25117, objective=0.987687
  Tested: params=(26, 20, 25, 25, 1, 2, 3, 2)
  validation: F_1/7=0.987724, precision=0.987569, recall=0.995353, good=237544, bad=2990, missed=1109, trie_nodes=33283, patterns=25054, objective=0.987703
  Tested: params=(26, 26, 27, 25, 1, 2, 3, 2)
  validation: F_1/7=0.987720, precision=0.987565, recall=0.995345, good=237542, bad=2991, missed=1111, trie_nodes=33395, patterns=25115, objective=0.987699
  Tested: params=(26, 26, 22, 25, 1, 2, 3, 2)
  validation: F_1/7=0.987769, precision=0.987615, recall=0.995391, good=237553, bad=2979, missed=1100, trie_nodes=33331, patterns=25113, objective=0.987749
  Best so far: params=(30, 1, 28, 23, 1, 2, 4, 2), score=0.989162, elapsed=2228.8s

============================================================
Round 22/30
  Tested: params=(28, 24, 4, 20, 1, 2, 4, 2)
  validation: F_1/7=0.988002, precision=0.987856, recall=0.995248, good=237519, bad=2920, missed=1134, trie_nodes=31247, patterns=24897, objective=0.987983
  Tested: params=(28, 24, 4, 20, 1, 2, 4, 2)
  validation: F_1/7=0.988002, precision=0.987856, recall=0.995248, good=237519, bad=2920, missed=1134, trie_nodes=31247, patterns=24897, objective=0.987983
  Tested: params=(28, 24, 4, 20, 1, 2, 4, 2)
  validation: F_1/7=0.988002, precision=0.987856, recall=0.995248, good=237519, bad=2920, missed=1134, trie_nodes=31247, patterns=24897, objective=0.987983
  Tested: params=(28, 24, 26, 20, 1, 2, 4, 2)
  validation: F_1/7=0.988987, precision=0.988886, recall=0.993958, good=237211, bad=2666, missed=1442, trie_nodes=31598, patterns=23606, objective=0.988967
  Tested: params=(28, 24, 3, 24, 1, 2, 4, 2)
  validation: F_1/7=0.987774, precision=0.987619, recall=0.995408, good=237557, bad=2978, missed=1096, trie_nodes=31666, patterns=25405, objective=0.987754
  Best so far: params=(30, 1, 28, 23, 1, 2, 4, 2), score=0.989162, elapsed=2336.6s

============================================================
Round 23/30
  Tested: params=(30, 28, 25, 24, 1, 3, 4, 2)
  validation: F_1/7=0.989135, precision=0.989038, recall=0.993924, good=237203, bad=2629, missed=1450, trie_nodes=31916, patterns=23861, objective=0.989116
  Tested: params=(18, 14, 25, 24, 1, 3, 4, 2)
  validation: F_1/7=0.979574, precision=0.979281, recall=0.994184, good=237265, bad=5020, missed=1388, trie_nodes=29921, patterns=22557, objective=0.979556
  Tested: params=(11, 11, 25, 24, 1, 3, 4, 2)
  validation: F_1/7=0.972854, precision=0.972422, recall=0.994511, good=237343, bad=6731, missed=1310, trie_nodes=28967, patterns=22219, objective=0.972837
  Tested: params=(30, 28, 25, 24, 1, 3, 4, 2)
  validation: F_1/7=0.989135, precision=0.989038, recall=0.993924, good=237203, bad=2629, missed=1450, trie_nodes=31916, patterns=23861, objective=0.989116
  Tested: params=(11, 28, 25, 24, 1, 3, 4, 2)
  validation: F_1/7=0.972900, precision=0.972461, recall=0.994917, good=237440, bad=6724, missed=1213, trie_nodes=29874, patterns=22594, objective=0.972882
  Best so far: params=(30, 1, 28, 23, 1, 2, 4, 2), score=0.989162, elapsed=2439.1s

============================================================
Round 24/30
  Tested: params=(30, 29, 28, 22, 1, 3, 4, 2)
  validation: F_1/7=0.989134, precision=0.989038, recall=0.993882, good=237193, bad=2629, missed=1460, trie_nodes=31978, patterns=23874, objective=0.989114
  Tested: params=(30, 29, 28, 22, 1, 3, 4, 2)
  validation: F_1/7=0.989134, precision=0.989038, recall=0.993882, good=237193, bad=2629, missed=1460, trie_nodes=31978, patterns=23874, objective=0.989114
  Tested: params=(30, 22, 28, 22, 1, 3, 4, 2)
  validation: F_1/7=0.989062, precision=0.988964, recall=0.993891, good=237195, bad=2647, missed=1458, trie_nodes=31822, patterns=23754, objective=0.989042
  Tested: params=(30, 29, 28, 22, 1, 4, 4, 2)
  validation: F_1/7=0.989126, precision=0.989030, recall=0.993887, good=237194, bad=2631, missed=1459, trie_nodes=31786, patterns=23616, objective=0.989107
  Tested: params=(30, 29, 28, 22, 1, 4, 4, 2)
  validation: F_1/7=0.989126, precision=0.989030, recall=0.993887, good=237194, bad=2631, missed=1459, trie_nodes=31786, patterns=23616, objective=0.989107
  Best so far: params=(30, 1, 28, 23, 1, 2, 4, 2), score=0.989162, elapsed=2544.2s

============================================================
Round 25/30
  Tested: params=(30, 29, 29, 21, 1, 4, 4, 5)
  validation: F_1/7=0.987569, precision=0.987438, recall=0.994042, good=237231, bad=3018, missed=1422, trie_nodes=29312, patterns=21889, objective=0.987551
  Tested: params=(30, 29, 28, 21, 1, 4, 4, 2)
  validation: F_1/7=0.989126, precision=0.989030, recall=0.993887, good=237194, bad=2631, missed=1459, trie_nodes=31781, patterns=23612, objective=0.989107
  Tested: params=(30, 29, 29, 18, 1, 4, 4, 5)
  validation: F_1/7=0.987593, precision=0.987463, recall=0.994029, good=237228, bad=3012, missed=1425, trie_nodes=29243, patterns=21876, objective=0.987575
  Tested: params=(30, 29, 29, 18, 1, 4, 4, 2)
  validation: F_1/7=0.989185, precision=0.989091, recall=0.993819, good=237178, bad=2616, missed=1475, trie_nodes=31706, patterns=23577, objective=0.989165
  Tested: params=(30, 29, 29, 21, 1, 4, 4, 2)
  validation: F_1/7=0.989173, precision=0.989078, recall=0.993840, good=237183, bad=2619, missed=1470, trie_nodes=31793, patterns=23604, objective=0.989154
  Best so far: params=(30, 29, 29, 18, 1, 4, 4, 2), score=0.989165, elapsed=2652.7s

============================================================
Round 26/30
  Tested: params=(30, 28, 28, 21, 4, 4, 4, 2)
  validation: F_1/7=0.989413, precision=0.989336, recall=0.993220, good=237035, bad=2555, missed=1618, trie_nodes=30861, patterns=22525, objective=0.989394
  Tested: params=(30, 28, 28, 16, 1, 4, 4, 2)
  validation: F_1/7=0.989169, precision=0.989074, recall=0.993832, good=237181, bad=2620, missed=1472, trie_nodes=31686, patterns=23577, objective=0.989149
  Tested: params=(30, 28, 28, 21, 1, 4, 4, 2)
  validation: F_1/7=0.989130, precision=0.989034, recall=0.993882, good=237193, bad=2630, missed=1460, trie_nodes=31753, patterns=23603, objective=0.989110
  Tested: params=(30, 28, 28, 22, 1, 4, 4, 2)
  validation: F_1/7=0.989130, precision=0.989034, recall=0.993882, good=237193, bad=2630, missed=1460, trie_nodes=31755, patterns=23605, objective=0.989110
  Tested: params=(30, 28, 28, 16, 1, 4, 4, 2)
  validation: F_1/7=0.989169, precision=0.989074, recall=0.993832, good=237181, bad=2620, missed=1472, trie_nodes=31686, patterns=23577, objective=0.989149
  Best so far: params=(30, 28, 28, 21, 4, 4, 4, 2), score=0.989394, elapsed=2762.0s

============================================================
Round 27/30
  Tested: params=(1, 30, 30, 17, 5, 4, 5, 2)
  validation: F_1/7=0.844288, precision=0.841684, recall=0.995156, good=237497, bad=44672, missed=1156, trie_nodes=31339, patterns=23232, objective=0.844268
  Tested: params=(27, 30, 30, 17, 4, 4, 5, 2)
  validation: F_1/7=0.988652, precision=0.988557, recall=0.993321, good=237059, bad=2744, missed=1594, trie_nodes=30578, patterns=22342, objective=0.988633
  Tested: params=(27, 30, 30, 17, 4, 4, 5, 2)
  validation: F_1/7=0.988652, precision=0.988557, recall=0.993321, good=237059, bad=2744, missed=1594, trie_nodes=30578, patterns=22342, objective=0.988633
  Tested: params=(27, 30, 30, 17, 4, 4, 5, 2)
  validation: F_1/7=0.988652, precision=0.988557, recall=0.993321, good=237059, bad=2744, missed=1594, trie_nodes=30578, patterns=22342, objective=0.988633
  Tested: params=(27, 30, 30, 17, 4, 4, 5, 2)
  validation: F_1/7=0.988652, precision=0.988557, recall=0.993321, good=237059, bad=2744, missed=1594, trie_nodes=30578, patterns=22342, objective=0.988633
  Best so far: params=(30, 28, 28, 21, 4, 4, 4, 2), score=0.989394, elapsed=2868.6s

============================================================
Round 28/30
  Tested: params=(29, 28, 27, 15, 1, 5, 4, 2)
  validation: F_1/7=0.989149, precision=0.989051, recall=0.993966, good=237213, bad=2626, missed=1440, trie_nodes=31551, patterns=23458, objective=0.989129
  Tested: params=(29, 28, 27, 16, 1, 4, 4, 2)
  validation: F_1/7=0.989153, precision=0.989055, recall=0.993966, good=237213, bad=2625, missed=1440, trie_nodes=31541, patterns=23459, objective=0.989133
  Tested: params=(29, 28, 27, 14, 1, 5, 4, 2)
  validation: F_1/7=0.989144, precision=0.989047, recall=0.993941, good=237207, bad=2627, missed=1446, trie_nodes=31535, patterns=23448, objective=0.989124
  Tested: params=(29, 28, 27, 16, 1, 5, 4, 2)
  validation: F_1/7=0.989149, precision=0.989051, recall=0.993966, good=237213, bad=2626, missed=1440, trie_nodes=31558, patterns=23462, objective=0.989129
  Tested: params=(29, 28, 27, 14, 1, 5, 4, 2)
  validation: F_1/7=0.989144, precision=0.989047, recall=0.993941, good=237207, bad=2627, missed=1446, trie_nodes=31535, patterns=23448, objective=0.989124
  Best so far: params=(30, 28, 28, 21, 4, 4, 4, 2), score=0.989394, elapsed=2973.9s

============================================================
Round 29/30
  Tested: params=(29, 27, 27, 14, 3, 5, 4, 2)
  validation: F_1/7=0.989091, precision=0.988993, recall=0.993928, good=237204, bad=2640, missed=1449, trie_nodes=31520, patterns=23449, objective=0.989072
  Tested: params=(29, 27, 27, 14, 5, 5, 4, 2)
  validation: F_1/7=0.989387, precision=0.989308, recall=0.993296, good=237053, bad=2562, missed=1600, trie_nodes=30596, patterns=22361, objective=0.989368
  Tested: params=(29, 27, 27, 14, 1, 5, 4, 2)
  validation: F_1/7=0.989148, precision=0.989051, recall=0.993937, good=237206, bad=2626, missed=1447, trie_nodes=31518, patterns=23442, objective=0.989128
  Tested: params=(29, 28, 27, 14, 5, 5, 4, 2)
  validation: F_1/7=0.989383, precision=0.989304, recall=0.993300, good=237054, bad=2563, missed=1599, trie_nodes=30613, patterns=22367, objective=0.989364
  Tested: params=(29, 27, 27, 14, 1, 5, 4, 2)
  validation: F_1/7=0.989148, precision=0.989051, recall=0.993937, good=237206, bad=2626, missed=1447, trie_nodes=31518, patterns=23442, objective=0.989128
  Best so far: params=(30, 28, 28, 21, 4, 4, 4, 2), score=0.989394, elapsed=3080.1s

============================================================
Round 30/30
  Tested: params=(29, 27, 26, 11, 5, 5, 4, 2)
  validation: F_1/7=0.989450, precision=0.989373, recall=0.993237, good=237039, bad=2546, missed=1614, trie_nodes=30547, patterns=22341, objective=0.989431
  Tested: params=(29, 27, 26, 15, 5, 5, 4, 2)
  validation: F_1/7=0.989441, precision=0.989362, recall=0.993321, good=237059, bad=2549, missed=1594, trie_nodes=30586, patterns=22368, objective=0.989422
  Tested: params=(29, 27, 26, 12, 5, 5, 4, 2)
  validation: F_1/7=0.989451, precision=0.989373, recall=0.993245, good=237041, bad=2546, missed=1612, trie_nodes=30559, patterns=22345, objective=0.989432
  Tested: params=(29, 27, 26, 11, 5, 5, 4, 2)
  validation: F_1/7=0.989450, precision=0.989373, recall=0.993237, good=237039, bad=2546, missed=1614, trie_nodes=30547, patterns=22341, objective=0.989431
  Tested: params=(29, 27, 27, 12, 5, 5, 4, 2)
  validation: F_1/7=0.989402, precision=0.989324, recall=0.993245, good=237041, bad=2558, missed=1612, trie_nodes=30585, patterns=22348, objective=0.989383
  Best so far: params=(29, 27, 26, 12, 5, 5, 4, 2), score=0.989432, elapsed=3185.8s

============================================================
Final phase: 3 evaluations
  Tested: params=(28, 26, 26, 11, 5, 5, 4, 2)
  validation: F_1/7=0.989434, precision=0.989357, recall=0.993229, good=237037, bad=2550, missed=1616, trie_nodes=30456, patterns=22285, objective=0.989415
  Tested: params=(28, 27, 26, 11, 5, 5, 4, 2)
  validation: F_1/7=0.989434, precision=0.989357, recall=0.993229, good=237037, bad=2550, missed=1616, trie_nodes=30480, patterns=22300, objective=0.989415
  Tested: params=(28, 26, 26, 10, 5, 5, 4, 2)
  validation: F_1/7=0.989445, precision=0.989369, recall=0.993183, good=237026, bad=2547, missed=1627, trie_nodes=30388, patterns=22272, objective=0.989426

============================================================
Threshold ablation run complete
Best parameters (b1..b4 thr1..thr4): (29, 27, 26, 12, 5, 5, 4, 2)
Thresholds: {'mode': 'perlayer', 'shared': None, 'per_level': [5, 5, 4, 2]}
  validation-selected: F_1/7=0.989451, precision=0.989373, recall=0.993245, good=237041, bad=2546, missed=1612, trie_nodes=30559, patterns=22345, objective=0.989432
  held-out test: F_1/7=0.989691, precision=0.989618, recall=0.993279, good=237341, bad=2490, missed=1606, trie_nodes=30559, patterns=22345
Summary: results/threshold_ablation/de/wiktionary/perlayer_tpe/summary.json
History: results/threshold_ablation/de/wiktionary/perlayer_tpe/history.csv
Wall time: 3287.4s
