Proportional trie_normalizer for de/wortliste: |D| = 604970
Objective: F17+Trie(w=0.0005)
Dataset: /home/dev/hyph-bench/data/de/wortliste/wortliste.wlh
Translate: /home/dev/hyph-bench/data/de/wortliste/wortliste.wlh.tra
Method: random | Threshold mode: perlayer
Search space (8-D): [(1, 30), (1, 30), (1, 30), (1, 30), (1, 5), (1, 5), (1, 5), (1, 5)]
Split counts: train=483976, validation=60497, test=60497
Pattern ranges: [(1, 4), (2, 5), (2, 6), (2, 7)]
Budget: 30 rounds x 5 + 3 final = 153 patgen evaluations; 3 parallel workers

============================================================
Round 1/30
  Tested: params=(12, 29, 22, 18, 1, 1, 1, 5)
  validation: F_1/7=0.966613, precision=0.966157, recall=0.989499, good=178942, bad=6268, missed=1899, trie_nodes=46042, patterns=38074, objective=0.966575
  Tested: params=(19, 22, 1, 30, 5, 2, 1, 1)
  validation: F_1/7=0.976345, precision=0.976071, recall=0.989969, good=179027, bad=4389, missed=1814, trie_nodes=52544, patterns=47941, objective=0.976302
  Tested: params=(10, 16, 13, 9, 4, 1, 2, 2)
  validation: F_1/7=0.963517, precision=0.963015, recall=0.988741, good=178805, bad=6867, missed=2036, trie_nodes=46496, patterns=39247, objective=0.963478
  Tested: params=(14, 24, 6, 16, 3, 1, 4, 1)
  validation: F_1/7=0.976015, precision=0.975764, recall=0.988471, good=178756, bad=4440, missed=2085, trie_nodes=44493, patterns=36248, objective=0.975978
  Tested: params=(2, 29, 29, 25, 2, 1, 4, 3)
  validation: F_1/7=0.880845, precision=0.878893, recall=0.988443, good=178751, bad=24631, missed=2090, trie_nodes=48007, patterns=37391, objective=0.880806
  Best so far: params=(19, 22, 1, 30, 5, 2, 1, 1), score=0.976302, elapsed=96.4s

============================================================
Round 2/30
  Tested: params=(4, 15, 2, 28, 2, 4, 2, 3)
  validation: F_1/7=0.889328, precision=0.887469, recall=0.991036, good=179220, bad=22725, missed=1621, trie_nodes=47234, patterns=39860, objective=0.889289
  Tested: params=(17, 6, 30, 24, 5, 5, 3, 5)
  validation: F_1/7=0.975334, precision=0.975049, recall=0.989499, good=178942, bad=4579, missed=1899, trie_nodes=46902, patterns=34723, objective=0.975295
  Tested: params=(3, 6, 2, 10, 2, 2, 5, 2)
  validation: F_1/7=0.898890, precision=0.897239, recall=0.987984, good=178668, bad=20463, missed=2173, trie_nodes=41126, patterns=37842, objective=0.898856
  Tested: params=(9, 17, 5, 25, 1, 5, 4, 1)
  validation: F_1/7=0.963256, precision=0.962739, recall=0.989278, good=178902, bad=6924, missed=1939, trie_nodes=43107, patterns=34201, objective=0.963221
  Tested: params=(1, 25, 22, 22, 4, 1, 2, 1)
  validation: F_1/7=0.846738, precision=0.844249, recall=0.989764, good=178990, bad=33021, missed=1851, trie_nodes=50360, patterns=41323, objective=0.846697
  Best so far: params=(19, 22, 1, 30, 5, 2, 1, 1), score=0.976302, elapsed=191.0s

============================================================
Round 3/30
  Tested: params=(26, 19, 10, 2, 2, 2, 4, 4)
  validation: F_1/7=0.978132, precision=0.978020, recall=0.983687, good=177891, bad=3998, missed=2950, trie_nodes=38575, patterns=31576, objective=0.978100
  Tested: params=(27, 15, 4, 22, 4, 3, 4, 3)
  validation: F_1/7=0.978341, precision=0.978127, recall=0.988896, good=178833, bad=3999, missed=2008, trie_nodes=43618, patterns=35668, objective=0.978304
  Tested: params=(16, 13, 1, 4, 1, 4, 2, 3)
  validation: F_1/7=0.979587, precision=0.979705, recall=0.973811, good=176105, bad=3648, missed=4736, trie_nodes=41471, patterns=37814, objective=0.979553
  Tested: params=(28, 8, 13, 23, 2, 1, 2, 1)
  validation: F_1/7=0.976596, precision=0.976346, recall=0.988990, good=178850, bad=4333, missed=1991, trie_nodes=51401, patterns=42279, objective=0.976553
  Tested: params=(28, 25, 20, 27, 5, 1, 5, 3)
  validation: F_1/7=0.978937, precision=0.978781, recall=0.986624, good=178422, bad=3868, missed=2419, trie_nodes=44138, patterns=32808, objective=0.978900
  Best so far: params=(16, 13, 1, 4, 1, 4, 2, 3), score=0.979553, elapsed=289.6s

============================================================
Round 4/30
  Tested: params=(25, 27, 10, 4, 2, 3, 5, 5)
  validation: F_1/7=0.977463, precision=0.977274, recall=0.986828, good=178459, bad=4150, missed=2382, trie_nodes=39234, patterns=31855, objective=0.977431
  Tested: params=(1, 16, 13, 7, 1, 2, 5, 2)
  validation: F_1/7=0.849692, precision=0.847280, recall=0.987420, good=178566, bad=32186, missed=2275, trie_nodes=43265, patterns=35001, objective=0.849656
  Tested: params=(16, 22, 11, 30, 5, 2, 3, 2)
  validation: F_1/7=0.977403, precision=0.977169, recall=0.989040, good=178859, bad=4179, missed=1982, trie_nodes=49413, patterns=40866, objective=0.977362
  Tested: params=(9, 2, 19, 16, 1, 2, 5, 2)
  validation: F_1/7=0.965831, precision=0.965421, recall=0.986375, good=178377, bad=6389, missed=2464, trie_nodes=41004, patterns=33868, objective=0.965798
  Tested: params=(5, 15, 30, 8, 4, 4, 2, 4)
  validation: F_1/7=0.933901, precision=0.932826, recall=0.989814, good=178999, bad=12890, missed=1842, trie_nodes=39626, patterns=30054, objective=0.933868
  Best so far: params=(16, 13, 1, 4, 1, 4, 2, 3), score=0.979553, elapsed=384.0s

============================================================
Round 5/30
  Tested: params=(12, 19, 20, 17, 1, 5, 2, 1)
  validation: F_1/7=0.967910, precision=0.967489, recall=0.989001, good=178852, bad=6010, missed=1989, trie_nodes=47959, patterns=38956, objective=0.967871
  Tested: params=(2, 18, 21, 1, 3, 2, 4, 1)
  validation: F_1/7=0.887674, precision=0.886101, recall=0.972202, good=175814, bad=22599, missed=5027, trie_nodes=38881, patterns=32723, objective=0.887641
  Tested: params=(21, 12, 29, 5, 2, 1, 5, 5)
  validation: F_1/7=0.979367, precision=0.979223, recall=0.986452, good=178391, bad=3785, missed=2450, trie_nodes=40494, patterns=31875, objective=0.979333
  Tested: params=(8, 20, 25, 17, 3, 2, 1, 5)
  validation: F_1/7=0.959704, precision=0.959115, recall=0.989505, good=178943, bad=7628, missed=1898, trie_nodes=44888, patterns=37542, objective=0.959667
  Tested: params=(28, 19, 11, 11, 4, 5, 5, 4)
  validation: F_1/7=0.977192, precision=0.976964, recall=0.988493, good=178760, bad=4215, missed=2081, trie_nodes=34611, patterns=25635, objective=0.977163
  Best so far: params=(16, 13, 1, 4, 1, 4, 2, 3), score=0.979553, elapsed=476.7s

============================================================
Round 6/30
  Tested: params=(20, 3, 5, 27, 4, 1, 1, 4)
  validation: F_1/7=0.976176, precision=0.975875, recall=0.991147, good=179240, bad=4431, missed=1601, trie_nodes=43028, patterns=37475, objective=0.976141
  Tested: params=(1, 5, 17, 21, 4, 2, 4, 2)
  validation: F_1/7=0.894376, precision=0.892662, recall=0.987254, good=178536, bad=21468, missed=2305, trie_nodes=41095, patterns=33216, objective=0.894342
  Tested: params=(10, 23, 20, 26, 4, 3, 1, 2)
  validation: F_1/7=0.962894, precision=0.962376, recall=0.988968, good=178846, bad=6992, missed=1995, trie_nodes=48325, patterns=40184, objective=0.962854
  Tested: params=(8, 8, 30, 12, 5, 4, 4, 3)
  validation: F_1/7=0.963236, precision=0.962766, recall=0.986861, good=178465, bad=6902, missed=2376, trie_nodes=38846, patterns=29494, objective=0.963204
  Tested: params=(18, 15, 6, 22, 2, 1, 4, 1)
  validation: F_1/7=0.977919, precision=0.977704, recall=0.988592, good=178778, bad=4077, missed=2063, trie_nodes=44082, patterns=36215, objective=0.977883
  Best so far: params=(16, 13, 1, 4, 1, 4, 2, 3), score=0.979553, elapsed=571.8s

============================================================
Round 7/30
  Tested: params=(29, 29, 28, 12, 1, 5, 3, 5)
  validation: F_1/7=0.974812, precision=0.974522, recall=0.989239, good=178895, bad=4677, missed=1946, trie_nodes=50663, patterns=37050, objective=0.974770
  Tested: params=(29, 26, 9, 12, 5, 2, 1, 3)
  validation: F_1/7=0.977229, precision=0.976992, recall=0.988996, good=178851, bad=4212, missed=1990, trie_nodes=49491, patterns=40871, objective=0.977188
  Tested: params=(29, 21, 18, 3, 4, 5, 1, 3)
  validation: F_1/7=0.977609, precision=0.977431, recall=0.986425, good=178386, bad=4119, missed=2455, trie_nodes=49800, patterns=39158, objective=0.977568
  Tested: params=(27, 23, 21, 22, 2, 2, 5, 5)
  validation: F_1/7=0.977049, precision=0.976839, recall=0.987459, good=178573, bad=4234, missed=2268, trie_nodes=41975, patterns=32787, objective=0.977014
  Tested: params=(27, 28, 16, 16, 4, 4, 4, 4)
  validation: F_1/7=0.977251, precision=0.977031, recall=0.988144, good=178697, bad=4201, missed=2144, trie_nodes=35659, patterns=25972, objective=0.977221
  Best so far: params=(16, 13, 1, 4, 1, 4, 2, 3), score=0.979553, elapsed=662.5s

============================================================
Round 8/30
  Tested: params=(27, 11, 12, 3, 3, 1, 3, 3)
  validation: F_1/7=0.977400, precision=0.977212, recall=0.986707, good=178437, bad=4161, missed=2404, trie_nodes=49463, patterns=41051, objective=0.977359
  Tested: params=(9, 18, 1, 2, 5, 2, 1, 3)
  validation: F_1/7=0.964113, precision=0.964316, recall=0.954286, good=172574, bad=6386, missed=8267, trie_nodes=38640, patterns=35806, objective=0.964081
  Tested: params=(24, 7, 19, 3, 1, 3, 3, 4)
  validation: F_1/7=0.975960, precision=0.975719, recall=0.987940, good=178660, bad=4446, missed=2181, trie_nodes=49280, patterns=39355, objective=0.975920
  Tested: params=(22, 30, 16, 10, 4, 2, 3, 1)
  validation: F_1/7=0.978516, precision=0.978323, recall=0.988045, good=178679, bad=3959, missed=2162, trie_nodes=50047, patterns=40648, objective=0.978474
  Tested: params=(1, 29, 26, 21, 3, 1, 1, 2)
  validation: F_1/7=0.846503, precision=0.844009, recall=0.989820, good=179000, bad=33083, missed=1841, trie_nodes=51070, patterns=41865, objective=0.846461
  Best so far: params=(16, 13, 1, 4, 1, 4, 2, 3), score=0.979553, elapsed=754.9s

============================================================
Round 9/30
  Tested: params=(17, 22, 20, 9, 5, 4, 3, 4)
  validation: F_1/7=0.975626, precision=0.975352, recall=0.989261, good=178899, bad=4521, missed=1942, trie_nodes=45043, patterns=33281, objective=0.975589
  Tested: params=(13, 8, 11, 23, 1, 1, 1, 1)
  validation: F_1/7=0.974683, precision=0.974387, recall=0.989366, good=178918, bad=4703, missed=1923, trie_nodes=47978, patterns=41050, objective=0.974643
  Tested: params=(26, 22, 15, 3, 3, 3, 1, 3)
  validation: F_1/7=0.977287, precision=0.977103, recall=0.986386, good=178379, bad=4180, missed=2462, trie_nodes=50054, patterns=41097, objective=0.977246
  Tested: params=(12, 19, 20, 2, 2, 4, 3, 5)
  validation: F_1/7=0.967428, precision=0.967074, recall=0.985053, good=178138, bad=6065, missed=2703, trie_nodes=41936, patterns=31860, objective=0.967393
  Tested: params=(20, 5, 3, 20, 1, 3, 5, 3)
  validation: F_1/7=0.978165, precision=0.977947, recall=0.988974, good=178847, bad=4033, missed=1994, trie_nodes=43440, patterns=37717, objective=0.978130
  Best so far: params=(16, 13, 1, 4, 1, 4, 2, 3), score=0.979553, elapsed=849.1s

============================================================
Round 10/30
  Tested: params=(12, 20, 14, 17, 5, 2, 5, 5)
  validation: F_1/7=0.968391, precision=0.967996, recall=0.988133, good=178695, bad=5908, missed=2146, trie_nodes=38177, patterns=29779, objective=0.968359
  Tested: params=(6, 3, 4, 1, 1, 4, 1, 2)
  validation: F_1/7=0.944895, precision=0.944443, recall=0.967568, good=174976, bad=10293, missed=5865, trie_nodes=39199, patterns=37507, objective=0.944862
  Tested: params=(26, 1, 25, 9, 1, 4, 4, 5)
  validation: F_1/7=0.979441, precision=0.979310, recall=0.985938, good=178298, bad=3767, missed=2543, trie_nodes=41388, patterns=32048, objective=0.979407
  Tested: params=(23, 25, 9, 6, 4, 5, 5, 3)
  validation: F_1/7=0.979497, precision=0.979352, recall=0.986679, good=178432, bad=3762, missed=2409, trie_nodes=40219, patterns=31016, objective=0.979464
  Tested: params=(12, 24, 11, 28, 5, 3, 4, 4)
  validation: F_1/7=0.968119, precision=0.967709, recall=0.988664, good=178791, bad=5966, missed=2050, trie_nodes=38541, patterns=30127, objective=0.968087
  Best so far: params=(16, 13, 1, 4, 1, 4, 2, 3), score=0.979553, elapsed=942.8s

============================================================
Round 11/30
  Tested: params=(4, 28, 16, 25, 2, 5, 2, 1)
  validation: F_1/7=0.888872, precision=0.887026, recall=0.989825, good=179001, bad=22798, missed=1840, trie_nodes=47041, patterns=38014, objective=0.888834
  Tested: params=(28, 3, 10, 29, 5, 3, 4, 3)
  validation: F_1/7=0.979065, precision=0.978903, recall=0.987060, good=178501, bad=3847, missed=2340, trie_nodes=41351, patterns=32715, objective=0.979031
  Tested: params=(9, 10, 21, 23, 4, 4, 1, 3)
  validation: F_1/7=0.962629, precision=0.962103, recall=0.989145, good=178878, bad=7046, missed=1963, trie_nodes=46300, patterns=37727, objective=0.962591
  Tested: params=(2, 17, 14, 27, 2, 1, 1, 4)
  validation: F_1/7=0.878615, precision=0.876592, recall=0.990611, good=179143, bad=25220, missed=1698, trie_nodes=43957, patterns=36896, objective=0.878578
  Tested: params=(19, 4, 3, 22, 1, 5, 4, 1)
  validation: F_1/7=0.979628, precision=0.979435, recall=0.989173, good=178883, bad=3756, missed=1958, trie_nodes=42588, patterns=36351, objective=0.979593
  Best so far: params=(19, 4, 3, 22, 1, 5, 4, 1), score=0.979593, elapsed=1038.1s

============================================================
Round 12/30
  Tested: params=(3, 30, 12, 12, 5, 5, 5, 4)
  validation: F_1/7=0.882897, precision=0.880950, recall=0.990080, good=179047, bad=24196, missed=1794, trie_nodes=33081, patterns=24736, objective=0.882869
  Tested: params=(12, 3, 24, 17, 3, 5, 1, 3)
  validation: F_1/7=0.968322, precision=0.967913, recall=0.988813, good=178818, bad=5928, missed=2023, trie_nodes=49512, patterns=40490, objective=0.968281
  Tested: params=(1, 15, 2, 4, 1, 4, 4, 3)
  validation: F_1/7=0.849318, precision=0.846932, recall=0.985379, good=178197, bad=32206, missed=2644, trie_nodes=39836, patterns=33646, objective=0.849286
  Tested: params=(29, 12, 9, 27, 2, 5, 1, 5)
  validation: F_1/7=0.974622, precision=0.974297, recall=0.990810, good=179179, bad=4727, missed=1662, trie_nodes=45787, patterns=34674, objective=0.974584
  Tested: params=(2, 27, 16, 30, 1, 3, 5, 3)
  validation: F_1/7=0.880703, precision=0.878743, recall=0.988813, good=178818, bad=24675, missed=2023, trie_nodes=48164, patterns=37829, objective=0.880664
  Best so far: params=(19, 4, 3, 22, 1, 5, 4, 1), score=0.979593, elapsed=1130.5s

============================================================
Round 13/30
  Tested: params=(19, 21, 14, 19, 3, 5, 1, 2)
  validation: F_1/7=0.978394, precision=0.978176, recall=0.989167, good=178882, bad=3991, missed=1959, trie_nodes=49734, patterns=40182, objective=0.978352
  Tested: params=(29, 27, 14, 19, 2, 1, 3, 2)
  validation: F_1/7=0.976761, precision=0.976518, recall=0.988830, good=178821, bad=4300, missed=2020, trie_nodes=52212, patterns=42428, objective=0.976718
  Tested: params=(18, 3, 30, 30, 4, 3, 2, 5)
  validation: F_1/7=0.976624, precision=0.976381, recall=0.988659, good=178790, bad=4325, missed=2051, trie_nodes=50450, patterns=40544, objective=0.976582
  Tested: params=(21, 5, 28, 25, 5, 4, 4, 3)
  validation: F_1/7=0.980755, precision=0.980642, recall=0.986319, good=178367, bad=3521, missed=2474, trie_nodes=40945, patterns=30083, objective=0.980721
  Tested: params=(28, 26, 2, 1, 2, 5, 5, 1)
  validation: F_1/7=0.982086, precision=0.983874, recall=0.901798, good=163082, bad=2673, missed=17759, trie_nodes=32188, patterns=28494, objective=0.982060
  Best so far: params=(28, 26, 2, 1, 2, 5, 5, 1), score=0.982060, elapsed=1225.2s

============================================================
Round 14/30
  Tested: params=(18, 12, 30, 26, 5, 3, 3, 2)
  validation: F_1/7=0.976857, precision=0.976625, recall=0.988377, good=178739, bad=4278, missed=2102, trie_nodes=50700, patterns=41078, objective=0.976816
  Tested: params=(2, 26, 25, 30, 5, 3, 4, 5)
  validation: F_1/7=0.879105, precision=0.877113, recall=0.989200, good=178888, bad=25063, missed=1953, trie_nodes=41971, patterns=32941, objective=0.879070
  Tested: params=(26, 8, 14, 4, 5, 4, 2, 4)
  validation: F_1/7=0.975687, precision=0.975427, recall=0.988631, good=178785, bad=4504, missed=2056, trie_nodes=46017, patterns=34330, objective=0.975649
  Tested: params=(19, 11, 4, 21, 3, 4, 3, 5)
  validation: F_1/7=0.975622, precision=0.975302, recall=0.991589, good=179320, bad=4541, missed=1521, trie_nodes=41653, patterns=32826, objective=0.975588
  Tested: params=(17, 17, 27, 13, 1, 1, 4, 4)
  validation: F_1/7=0.978073, precision=0.977888, recall=0.987243, good=178534, bad=4037, missed=2307, trie_nodes=40066, patterns=31993, objective=0.978040
  Best so far: params=(28, 26, 2, 1, 2, 5, 5, 1), score=0.982060, elapsed=1318.7s

============================================================
Round 15/30
  Tested: params=(22, 7, 5, 1, 2, 3, 2, 3)
  validation: F_1/7=0.980010, precision=0.980181, recall=0.971682, good=175720, bad=3553, missed=5121, trie_nodes=42890, patterns=38381, objective=0.979974
  Tested: params=(28, 11, 16, 24, 2, 4, 5, 5)
  validation: F_1/7=0.976281, precision=0.976040, recall=0.988227, good=178712, bad=4387, missed=2129, trie_nodes=38314, patterns=28678, objective=0.976249
  Tested: params=(5, 28, 15, 8, 3, 5, 3, 2)
  validation: F_1/7=0.935846, precision=0.934825, recall=0.988736, good=178804, bad=12466, missed=2037, trie_nodes=44686, patterns=36589, objective=0.935809
  Tested: params=(20, 8, 3, 4, 1, 1, 1, 4)
  validation: F_1/7=0.978296, precision=0.978119, recall=0.987033, good=178496, bad=3993, missed=2345, trie_nodes=40537, patterns=36152, objective=0.978262
  Tested: params=(6, 11, 27, 15, 4, 1, 1, 1)
  validation: F_1/7=0.942004, precision=0.941093, recall=0.988907, good=178835, bad=11194, missed=2006, trie_nodes=46629, patterns=39320, objective=0.941966
  Best so far: params=(28, 26, 2, 1, 2, 5, 5, 1), score=0.982060, elapsed=1410.9s

============================================================
Round 16/30
  Tested: params=(6, 9, 6, 3, 1, 3, 2, 2)
  validation: F_1/7=0.942964, precision=0.942100, recall=0.987298, good=178544, bad=10973, missed=2297, trie_nodes=43474, patterns=39059, objective=0.942928
  Tested: params=(16, 21, 2, 24, 4, 1, 5, 5)
  validation: F_1/7=0.977286, precision=0.977025, recall=0.990251, good=179078, bad=4211, missed=1763, trie_nodes=38366, patterns=31782, objective=0.977255
  Tested: params=(2, 9, 25, 23, 1, 2, 2, 3)
  validation: F_1/7=0.883112, precision=0.881177, recall=0.989637, good=178967, bad=24133, missed=1874, trie_nodes=47385, patterns=40417, objective=0.883073
  Tested: params=(19, 12, 14, 23, 1, 2, 4, 5)
  validation: F_1/7=0.978586, precision=0.978394, recall=0.988100, good=178689, bad=3946, missed=2152, trie_nodes=39342, patterns=31623, objective=0.978554
  Tested: params=(16, 16, 4, 14, 3, 2, 2, 2)
  validation: F_1/7=0.977629, precision=0.977383, recall=0.989803, good=178997, bad=4142, missed=1844, trie_nodes=48070, patterns=42077, objective=0.977589
  Best so far: params=(28, 26, 2, 1, 2, 5, 5, 1), score=0.982060, elapsed=1505.1s

============================================================
Round 17/30
  Tested: params=(1, 10, 7, 10, 1, 5, 3, 4)
  validation: F_1/7=0.850210, precision=0.847749, recall=0.991164, good=179243, bad=32191, missed=1598, trie_nodes=38188, patterns=30744, objective=0.850178
  Tested: params=(24, 15, 3, 17, 3, 4, 3, 1)
  validation: F_1/7=0.977722, precision=0.977476, recall=0.989914, good=179017, bad=4125, missed=1824, trie_nodes=48396, patterns=41746, objective=0.977682
  Tested: params=(9, 11, 20, 18, 2, 5, 4, 2)
  validation: F_1/7=0.963932, precision=0.963458, recall=0.987757, good=178627, bad=6775, missed=2214, trie_nodes=41016, patterns=31945, objective=0.963898
  Tested: params=(4, 5, 8, 5, 1, 2, 1, 5)
  validation: F_1/7=0.900829, precision=0.899184, recall=0.989554, good=178952, bad=20064, missed=1889, trie_nodes=41251, patterns=36937, objective=0.900795
  Tested: params=(3, 16, 13, 30, 1, 2, 5, 5)
  validation: F_1/7=0.884355, precision=0.882449, recall=0.989046, good=178860, bad=23826, missed=1981, trie_nodes=38824, patterns=31678, objective=0.884323
  Best so far: params=(28, 26, 2, 1, 2, 5, 5, 1), score=0.982060, elapsed=1600.6s

============================================================
Round 18/30
  Tested: params=(25, 8, 6, 21, 5, 3, 3, 2)
  validation: F_1/7=0.977373, precision=0.977125, recall=0.989704, good=178979, bad=4190, missed=1862, trie_nodes=47927, patterns=40801, objective=0.977334
  Tested: params=(24, 6, 10, 13, 3, 2, 1, 4)
  validation: F_1/7=0.975520, precision=0.975230, recall=0.989952, good=179024, bad=4547, missed=1817, trie_nodes=46489, patterns=38170, objective=0.975482
  Tested: params=(9, 18, 5, 15, 3, 1, 2, 1)
  validation: F_1/7=0.962494, precision=0.961950, recall=0.989919, good=179018, bad=7081, missed=1823, trie_nodes=47637, patterns=40951, objective=0.962455
  Tested: params=(2, 30, 10, 25, 2, 4, 4, 3)
  validation: F_1/7=0.880478, precision=0.878501, recall=0.989576, good=178956, bad=24750, missed=1885, trie_nodes=45230, patterns=34443, objective=0.880441
  Tested: params=(15, 13, 11, 28, 5, 5, 1, 4)
  validation: F_1/7=0.972588, precision=0.972226, recall=0.990660, good=179152, bad=5118, missed=1689, trie_nodes=43400, patterns=32630, objective=0.972552
  Best so far: params=(28, 26, 2, 1, 2, 5, 5, 1), score=0.982060, elapsed=1700.1s

============================================================
Round 19/30
  Tested: params=(29, 6, 2, 23, 3, 5, 1, 4)
  validation: F_1/7=0.974209, precision=0.973861, recall=0.991573, good=179317, bad=4813, missed=1524, trie_nodes=42388, patterns=36104, objective=0.974174
  Tested: params=(7, 5, 5, 25, 4, 3, 2, 5)
  validation: F_1/7=0.944599, precision=0.943692, recall=0.991258, good=179260, bad=10696, missed=1581, trie_nodes=41384, patterns=36366, objective=0.944565
  Tested: params=(12, 25, 14, 12, 3, 2, 4, 3)
  validation: F_1/7=0.969291, precision=0.968927, recall=0.987486, good=178578, bad=5727, missed=2263, trie_nodes=43764, patterns=34949, objective=0.969255
  Tested: params=(7, 27, 12, 17, 5, 4, 1, 5)
  validation: F_1/7=0.943290, precision=0.942366, recall=0.990870, good=179190, bad=10959, missed=1651, trie_nodes=40260, patterns=30111, objective=0.943256
  Tested: params=(19, 11, 5, 24, 4, 3, 5, 4)
  validation: F_1/7=0.978062, precision=0.977834, recall=0.989400, good=178924, bad=4056, missed=1917, trie_nodes=36423, patterns=29372, objective=0.978032
  Best so far: params=(28, 26, 2, 1, 2, 5, 5, 1), score=0.982060, elapsed=1791.7s

============================================================
Round 20/30
  Tested: params=(5, 10, 8, 23, 1, 3, 4, 5)
  validation: F_1/7=0.935227, precision=0.934185, recall=0.989283, good=178903, bad=12604, missed=1938, trie_nodes=36916, patterns=31044, objective=0.935196
  Tested: params=(11, 25, 4, 26, 1, 2, 4, 1)
  validation: F_1/7=0.964162, precision=0.963663, recall=0.989283, good=178903, bad=6746, missed=1938, trie_nodes=45906, patterns=37590, objective=0.964124
  Tested: params=(7, 22, 22, 20, 4, 3, 2, 2)
  validation: F_1/7=0.945160, precision=0.944308, recall=0.988896, good=178833, bad=10547, missed=2008, trie_nodes=47848, patterns=39827, objective=0.945121
  Tested: params=(6, 28, 18, 13, 3, 5, 1, 3)
  validation: F_1/7=0.941860, precision=0.940941, recall=0.989189, good=178886, bad=11228, missed=1955, trie_nodes=45771, patterns=37396, objective=0.941822
  Tested: params=(16, 19, 1, 27, 5, 3, 4, 5)
  validation: F_1/7=0.975395, precision=0.975091, recall=0.990550, good=179132, bad=4576, missed=1709, trie_nodes=40165, patterns=34431, objective=0.975362
  Best so far: params=(28, 26, 2, 1, 2, 5, 5, 1), score=0.982060, elapsed=1883.4s

============================================================
Round 21/30
  Tested: params=(22, 5, 18, 19, 3, 4, 5, 5)
  validation: F_1/7=0.978440, precision=0.978250, recall=0.987862, good=178646, bad=3972, missed=2195, trie_nodes=37450, patterns=28078, objective=0.978409
  Tested: params=(14, 4, 30, 26, 1, 5, 5, 3)
  validation: F_1/7=0.976731, precision=0.976528, recall=0.986740, good=178443, bad=4289, missed=2398, trie_nodes=41315, patterns=31890, objective=0.976696
  Tested: params=(18, 12, 2, 11, 5, 1, 2, 2)
  validation: F_1/7=0.978699, precision=0.978492, recall=0.988930, good=178839, bad=3931, missed=2002, trie_nodes=46580, patterns=42055, objective=0.978660
  Tested: params=(17, 28, 11, 11, 4, 3, 2, 3)
  validation: F_1/7=0.977657, precision=0.977436, recall=0.988587, good=178777, bad=4127, missed=2064, trie_nodes=48662, patterns=40437, objective=0.977617
  Tested: params=(5, 6, 15, 13, 5, 2, 3, 4)
  validation: F_1/7=0.935882, precision=0.934839, recall=0.989991, good=179031, bad=12479, missed=1810, trie_nodes=42936, patterns=36701, objective=0.935846
  Best so far: params=(28, 26, 2, 1, 2, 5, 5, 1), score=0.982060, elapsed=1977.8s

============================================================
Round 22/30
  Tested: params=(1, 20, 6, 29, 1, 3, 1, 5)
  validation: F_1/7=0.844757, precision=0.842216, recall=0.991307, good=179269, bad=33585, missed=1572, trie_nodes=44743, patterns=37707, objective=0.844720
  Tested: params=(16, 18, 3, 23, 2, 5, 2, 1)
  validation: F_1/7=0.978037, precision=0.977792, recall=0.990190, good=179067, bad=4067, missed=1774, trie_nodes=48224, patterns=41018, objective=0.977997
  Tested: params=(2, 15, 17, 2, 4, 3, 3, 3)
  validation: F_1/7=0.881663, precision=0.879789, recall=0.984439, good=178027, bad=24325, missed=2814, trie_nodes=43949, patterns=37501, objective=0.881627
  Tested: params=(13, 17, 5, 6, 5, 5, 2, 2)
  validation: F_1/7=0.975768, precision=0.975508, recall=0.988681, good=178794, bad=4489, missed=2047, trie_nodes=44210, patterns=37227, objective=0.975731
  Tested: params=(20, 13, 1, 5, 4, 4, 1, 2)
  validation: F_1/7=0.978466, precision=0.978543, recall=0.974702, good=176266, bad=3865, missed=4575, trie_nodes=41702, patterns=38019, objective=0.978432
  Best so far: params=(28, 26, 2, 1, 2, 5, 5, 1), score=0.982060, elapsed=2072.0s

============================================================
Round 23/30
  Tested: params=(7, 21, 1, 4, 4, 1, 4, 2)
  validation: F_1/7=0.947047, precision=0.946397, recall=0.980021, good=177228, bad=10038, missed=3613, trie_nodes=41128, patterns=36098, objective=0.947013
  Tested: params=(3, 8, 22, 26, 5, 2, 4, 2)
  validation: F_1/7=0.893600, precision=0.891868, recall=0.987613, good=178601, bad=21654, missed=2240, trie_nodes=41093, patterns=32258, objective=0.893567
  Tested: params=(9, 27, 1, 3, 2, 1, 1, 3)
  validation: F_1/7=0.963696, precision=0.963554, recall=0.970715, good=175545, bad=6640, missed=5296, trie_nodes=42198, patterns=39316, objective=0.963661
  Tested: params=(13, 27, 25, 11, 2, 2, 3, 2)
  validation: F_1/7=0.974233, precision=0.973951, recall=0.988260, good=178718, bad=4780, missed=2123, trie_nodes=49123, patterns=40847, objective=0.974192
  Tested: params=(19, 13, 17, 14, 2, 5, 4, 1)
  validation: F_1/7=0.979971, precision=0.979822, recall=0.987320, good=178548, bad=3677, missed=2293, trie_nodes=42759, patterns=33020, objective=0.979935
  Best so far: params=(28, 26, 2, 1, 2, 5, 5, 1), score=0.982060, elapsed=2166.1s

============================================================
Round 24/30
  Tested: params=(27, 15, 27, 24, 3, 1, 2, 3)
  validation: F_1/7=0.976131, precision=0.975886, recall=0.988255, good=178717, bad=4416, missed=2124, trie_nodes=53667, patterns=42781, objective=0.976086
  Tested: params=(20, 8, 5, 26, 5, 3, 1, 2)
  validation: F_1/7=0.977893, precision=0.977649, recall=0.989997, good=179032, bad=4093, missed=1809, trie_nodes=47494, patterns=41419, objective=0.977854
  Tested: params=(1, 28, 4, 18, 2, 3, 4, 5)
  validation: F_1/7=0.844867, precision=0.842340, recall=0.990434, good=179111, bad=33524, missed=1730, trie_nodes=42843, patterns=34752, objective=0.844831
  Tested: params=(7, 1, 5, 28, 5, 3, 4, 4)
  validation: F_1/7=0.955177, precision=0.954507, recall=0.989195, good=178887, bad=8526, missed=1954, trie_nodes=34811, patterns=31338, objective=0.955148
  Tested: params=(6, 28, 13, 12, 3, 1, 1, 4)
  validation: F_1/7=0.940718, precision=0.939769, recall=0.989704, good=178979, bad=11471, missed=1862, trie_nodes=43615, patterns=36762, objective=0.940682
  Best so far: params=(28, 26, 2, 1, 2, 5, 5, 1), score=0.982060, elapsed=2261.2s

============================================================
Round 25/30
  Tested: params=(3, 19, 8, 12, 2, 2, 4, 2)
  validation: F_1/7=0.886326, precision=0.884458, recall=0.988603, good=178780, bad=23355, missed=2061, trie_nodes=44338, patterns=35691, objective=0.886289
  Tested: params=(17, 15, 20, 29, 4, 2, 1, 2)
  validation: F_1/7=0.976862, precision=0.976625, recall=0.988614, good=178782, bad=4279, missed=2059, trie_nodes=49810, patterns=40757, objective=0.976821
  Tested: params=(18, 2, 15, 18, 2, 4, 1, 1)
  validation: F_1/7=0.978157, precision=0.977946, recall=0.988647, good=178788, bad=4032, missed=2053, trie_nodes=51185, patterns=42325, objective=0.978115
  Tested: params=(22, 15, 21, 14, 2, 5, 4, 4)
  validation: F_1/7=0.978191, precision=0.977992, recall=0.988072, good=178684, bad=4021, missed=2157, trie_nodes=37877, patterns=28205, objective=0.978160
  Tested: params=(9, 18, 11, 3, 5, 1, 5, 3)
  validation: F_1/7=0.965327, precision=0.964944, recall=0.984495, good=178037, bad=6468, missed=2804, trie_nodes=40042, patterns=31676, objective=0.965294
  Best so far: params=(28, 26, 2, 1, 2, 5, 5, 1), score=0.982060, elapsed=2352.5s

============================================================
Round 26/30
  Tested: params=(6, 17, 27, 22, 5, 4, 4, 5)
  validation: F_1/7=0.941299, precision=0.940374, recall=0.988963, good=178845, bad=11340, missed=1996, trie_nodes=32106, patterns=24144, objective=0.941272
  Tested: params=(8, 15, 7, 30, 5, 1, 4, 5)
  validation: F_1/7=0.961017, precision=0.960458, recall=0.989223, good=178892, bad=7365, missed=1949, trie_nodes=37621, patterns=29861, objective=0.960986
  Tested: params=(6, 18, 28, 2, 4, 2, 5, 5)
  validation: F_1/7=0.943771, precision=0.942999, recall=0.983239, good=177810, bad=10748, missed=3031, trie_nodes=36613, patterns=29456, objective=0.943741
  Tested: params=(29, 15, 26, 26, 2, 5, 1, 3)
  validation: F_1/7=0.976409, precision=0.976167, recall=0.988410, good=178745, bad=4364, missed=2096, trie_nodes=53663, patterns=41946, objective=0.976365
  Tested: params=(7, 4, 3, 21, 2, 4, 1, 2)
  validation: F_1/7=0.944709, precision=0.943815, recall=0.990677, good=179155, bad=10665, missed=1686, trie_nodes=44902, patterns=41068, objective=0.944672
  Best so far: params=(28, 26, 2, 1, 2, 5, 5, 1), score=0.982060, elapsed=2447.7s

============================================================
Round 27/30
  Tested: params=(17, 24, 10, 19, 5, 4, 2, 1)
  validation: F_1/7=0.977581, precision=0.977345, recall=0.989289, good=178904, bad=4147, missed=1937, trie_nodes=48211, patterns=39126, objective=0.977541
  Tested: params=(27, 1, 27, 16, 5, 4, 5, 2)
  validation: F_1/7=0.981787, precision=0.981726, recall=0.984777, good=178088, bad=3315, missed=2753, trie_nodes=42595, patterns=32350, objective=0.981751
  Tested: params=(24, 13, 15, 19, 5, 5, 4, 3)
  validation: F_1/7=0.979125, precision=0.978966, recall=0.986994, good=178489, bad=3835, missed=2352, trie_nodes=41526, patterns=30954, objective=0.979091
  Tested: params=(13, 23, 8, 4, 2, 2, 2, 2)
  validation: F_1/7=0.975599, precision=0.975372, recall=0.986834, good=178460, bad=4506, missed=2381, trie_nodes=46108, patterns=39723, objective=0.975561
  Tested: params=(2, 1, 30, 13, 2, 4, 2, 5)
  validation: F_1/7=0.962979, precision=0.962470, recall=0.988581, good=178776, bad=6971, missed=2065, trie_nodes=52255, patterns=41550, objective=0.962936
  Best so far: params=(28, 26, 2, 1, 2, 5, 5, 1), score=0.982060, elapsed=2541.8s

============================================================
Round 28/30
  Tested: params=(24, 3, 13, 27, 5, 3, 4, 1)
  validation: F_1/7=0.979374, precision=0.979227, recall=0.986624, good=178422, bad=3785, missed=2419, trie_nodes=41150, patterns=32084, objective=0.979340
  Tested: params=(30, 7, 29, 20, 4, 3, 2, 1)
  validation: F_1/7=0.976386, precision=0.976147, recall=0.988233, good=178713, bad=4367, missed=2128, trie_nodes=53877, patterns=42253, objective=0.976341
  Tested: params=(7, 6, 24, 11, 1, 5, 5, 5)
  validation: F_1/7=0.945374, precision=0.944534, recall=0.988459, good=178754, bad=10497, missed=2087, trie_nodes=32704, patterns=25502, objective=0.945347
  Tested: params=(30, 6, 12, 23, 4, 1, 5, 2)
  validation: F_1/7=0.979083, precision=0.978920, recall=0.987116, good=178511, bad=3844, missed=2330, trie_nodes=42131, patterns=32266, objective=0.979048
  Tested: params=(7, 17, 18, 18, 1, 5, 2, 1)
  validation: F_1/7=0.945460, precision=0.944604, recall=0.989400, good=178924, bad=10493, missed=1917, trie_nodes=46006, patterns=37680, objective=0.945422
  Best so far: params=(28, 26, 2, 1, 2, 5, 5, 1), score=0.982060, elapsed=2633.9s

============================================================
Round 29/30
  Tested: params=(27, 29, 26, 25, 4, 3, 1, 3)
  validation: F_1/7=0.976106, precision=0.975863, recall=0.988172, good=178702, bad=4420, missed=2139, trie_nodes=53134, patterns=42112, objective=0.976062
  Tested: params=(12, 8, 22, 15, 1, 2, 4, 1)
  validation: F_1/7=0.969446, precision=0.969093, recall=0.987077, good=178504, bad=5693, missed=2337, trie_nodes=42063, patterns=33351, objective=0.969411
  Tested: params=(26, 15, 15, 18, 5, 2, 4, 3)
  validation: F_1/7=0.979048, precision=0.978891, recall=0.986767, good=178448, bad=3848, missed=2393, trie_nodes=42833, patterns=32356, objective=0.979012
  Tested: params=(9, 27, 24, 20, 5, 5, 4, 5)
  validation: F_1/7=0.961871, precision=0.961336, recall=0.988824, good=178820, bad=7192, missed=2021, trie_nodes=33277, patterns=24842, objective=0.961843
  Tested: params=(21, 21, 19, 23, 1, 5, 5, 1)
  validation: F_1/7=0.979700, precision=0.979547, recall=0.987276, good=178540, bad=3728, missed=2301, trie_nodes=44052, patterns=33658, objective=0.979664
  Best so far: params=(28, 26, 2, 1, 2, 5, 5, 1), score=0.982060, elapsed=2724.3s

============================================================
Round 30/30
  Tested: params=(25, 4, 11, 23, 1, 5, 5, 3)
  validation: F_1/7=0.978553, precision=0.978371, recall=0.987542, good=178588, bad=3948, missed=2253, trie_nodes=42497, patterns=33515, objective=0.978518
  Tested: params=(1, 9, 19, 30, 4, 2, 4, 3)
  validation: F_1/7=0.879334, precision=0.877366, recall=0.987929, good=178658, bad=24972, missed=2183, trie_nodes=42216, patterns=33525, objective=0.879299
  Tested: params=(24, 4, 23, 17, 5, 2, 4, 5)
  validation: F_1/7=0.978549, precision=0.978390, recall=0.986397, good=178381, bad=3940, missed=2460, trie_nodes=38913, patterns=29346, objective=0.978516
  Tested: params=(4, 29, 21, 3, 2, 4, 1, 3)
  validation: F_1/7=0.893996, precision=0.892312, recall=0.985081, good=178143, bad=21499, missed=2698, trie_nodes=42783, patterns=35037, objective=0.893961
  Tested: params=(11, 19, 2, 27, 5, 5, 4, 1)
  validation: F_1/7=0.965009, precision=0.964515, recall=0.989881, good=179011, bad=6586, missed=1830, trie_nodes=44820, patterns=36046, objective=0.964972
  Best so far: params=(28, 26, 2, 1, 2, 5, 5, 1), score=0.982060, elapsed=2818.8s

============================================================
Final phase: 3 evaluations
  Tested: params=(23, 1, 1, 10, 3, 4, 4, 3)
  validation: F_1/7=0.974056, precision=0.973923, recall=0.980585, good=177330, bad=4748, missed=3511, trie_nodes=45901, patterns=43594, objective=0.974018
  Tested: params=(9, 30, 13, 14, 1, 4, 4, 2)
  validation: F_1/7=0.963790, precision=0.963306, recall=0.988150, good=178698, bad=6807, missed=2143, trie_nodes=42479, patterns=33102, objective=0.963755
  Tested: params=(3, 21, 20, 9, 5, 1, 3, 5)
  validation: F_1/7=0.884105, precision=0.882188, recall=0.989460, good=178935, bad=23896, missed=1906, trie_nodes=43780, patterns=36364, objective=0.884068

============================================================
Threshold ablation run complete
Best parameters (b1..b4 thr1..thr4): (28, 26, 2, 1, 2, 5, 5, 1)
Thresholds: {'mode': 'perlayer', 'shared': None, 'per_level': [2, 5, 5, 1]}
  validation-selected: F_1/7=0.982086, precision=0.983874, recall=0.901798, good=163082, bad=2673, missed=17759, trie_nodes=32188, patterns=28494, objective=0.982060
  held-out test: F_1/7=0.982112, precision=0.983900, recall=0.901811, good=163290, bad=2672, missed=17779, trie_nodes=32188, patterns=28494
Summary: results/threshold_ablation/de/wortliste/perlayer_random/summary.json
History: results/threshold_ablation/de/wortliste/perlayer_random/history.csv
Wall time: 2909.4s
