Proportional trie_normalizer for el/wiktionary: |D| = 28208
Objective: F17+Trie(w=0.0005)
Dataset: /home/dev/hyph-bench/data/el/wiktionary/el_wiktionary.wlh_dis.wlh
Translate: /home/dev/hyph-bench/data/el/wiktionary/el_wiktionary.wlh_dis.wlh.tra
Method: random | Threshold mode: perlayer
Search space (8-D): [(1, 30), (1, 30), (1, 30), (1, 30), (1, 5), (1, 5), (1, 5), (1, 5)]
Split counts: train=22568, validation=2820, test=2820
Pattern ranges: [(1, 4), (2, 5), (2, 6), (2, 7)]
Budget: 30 rounds x 5 + 3 final = 153 patgen evaluations; 3 parallel workers

============================================================
Round 1/30
  Tested: params=(12, 29, 22, 18, 1, 1, 1, 5)
  validation: F_1/7=0.899950, precision=0.899612, recall=0.916863, good=7411, bad=827, missed=672, trie_nodes=2773, patterns=1455, objective=0.899901
  Tested: params=(19, 22, 1, 30, 5, 2, 1, 1)
  validation: F_1/7=0.902094, precision=0.901761, recall=0.918718, good=7426, bad=809, missed=657, trie_nodes=3421, patterns=2034, objective=0.902033
  Tested: params=(10, 16, 13, 9, 4, 1, 2, 2)
  validation: F_1/7=0.899850, precision=0.899526, recall=0.915997, good=7404, bad=827, missed=679, trie_nodes=2685, patterns=1374, objective=0.899802
  Tested: params=(14, 24, 6, 16, 3, 1, 4, 1)
  validation: F_1/7=0.901675, precision=0.901388, recall=0.915997, good=7404, bad=810, missed=679, trie_nodes=2496, patterns=1306, objective=0.901631
  Tested: params=(2, 29, 29, 25, 2, 1, 4, 3)
  validation: F_1/7=0.893809, precision=0.893312, recall=0.918842, good=7427, bad=887, missed=656, trie_nodes=2969, patterns=1467, objective=0.893757
  Best so far: params=(19, 22, 1, 30, 5, 2, 1, 1), score=0.902033, elapsed=3.9s

============================================================
Round 2/30
  Tested: params=(4, 15, 2, 28, 2, 4, 2, 3)
  validation: F_1/7=0.898863, precision=0.898453, recall=0.919461, good=7432, bad=840, missed=651, trie_nodes=2619, patterns=1281, objective=0.898817
  Tested: params=(17, 6, 30, 24, 5, 5, 3, 5)
  validation: F_1/7=0.900372, precision=0.900024, recall=0.917729, good=7418, bad=824, missed=665, trie_nodes=2389, patterns=1203, objective=0.900329
  Tested: params=(3, 6, 2, 10, 2, 2, 5, 2)
  validation: F_1/7=0.900822, precision=0.900498, recall=0.916986, good=7412, bad=819, missed=671, trie_nodes=2153, patterns=1041, objective=0.900784
  Tested: params=(9, 17, 5, 25, 1, 5, 4, 1)
  validation: F_1/7=0.901330, precision=0.901021, recall=0.916739, good=7410, bad=814, missed=673, trie_nodes=2323, patterns=1160, objective=0.901289
  Tested: params=(1, 25, 22, 22, 4, 1, 2, 1)
  validation: F_1/7=0.893854, precision=0.893351, recall=0.919213, good=7430, bad=887, missed=653, trie_nodes=3042, patterns=1555, objective=0.893800
  Best so far: params=(19, 22, 1, 30, 5, 2, 1, 1), score=0.902033, elapsed=7.5s

============================================================
Round 3/30
  Tested: params=(26, 19, 10, 2, 2, 2, 4, 4)
  validation: F_1/7=0.907594, precision=0.907492, recall=0.912656, good=7377, bad=752, missed=706, trie_nodes=2788, patterns=1760, objective=0.907545
  Tested: params=(27, 15, 4, 22, 4, 3, 4, 3)
  validation: F_1/7=0.911335, precision=0.911328, recall=0.911666, good=7369, bad=717, missed=714, trie_nodes=2456, patterns=1420, objective=0.911291
  Tested: params=(16, 13, 1, 4, 1, 4, 2, 3)
  validation: F_1/7=0.901280, precision=0.900960, recall=0.917234, good=7414, bad=815, missed=669, trie_nodes=3034, patterns=1712, objective=0.901226
  Tested: params=(28, 8, 13, 23, 2, 1, 2, 1)
  validation: F_1/7=0.907280, precision=0.907148, recall=0.913770, good=7386, bad=756, missed=697, trie_nodes=3332, patterns=2021, objective=0.907221
  Tested: params=(28, 25, 20, 27, 5, 1, 5, 3)
  validation: F_1/7=0.911824, precision=0.911904, recall=0.907955, good=7339, bad=709, missed=744, trie_nodes=2375, patterns=1364, objective=0.911782
  Best so far: params=(28, 25, 20, 27, 5, 1, 5, 3), score=0.911782, elapsed=11.0s

============================================================
Round 4/30
  Tested: params=(25, 27, 10, 4, 2, 3, 5, 5)
  validation: F_1/7=0.907075, precision=0.906957, recall=0.912904, good=7379, bad=757, missed=704, trie_nodes=2806, patterns=1779, objective=0.907025
  Tested: params=(1, 16, 13, 7, 1, 2, 5, 2)
  validation: F_1/7=0.896961, precision=0.896564, recall=0.916863, good=7411, bad=855, missed=672, trie_nodes=2472, patterns=1168, objective=0.896918
  Tested: params=(16, 22, 11, 30, 5, 2, 3, 2)
  validation: F_1/7=0.902228, precision=0.901949, recall=0.916120, good=7405, bad=805, missed=678, trie_nodes=2853, patterns=1523, objective=0.902177
  Tested: params=(9, 2, 19, 16, 1, 2, 5, 2)
  validation: F_1/7=0.901758, precision=0.901513, recall=0.913893, good=7387, bad=807, missed=696, trie_nodes=2149, patterns=1098, objective=0.901720
  Tested: params=(5, 15, 30, 8, 4, 4, 2, 4)
  validation: F_1/7=0.895855, precision=0.895357, recall=0.920945, good=7444, bad=870, missed=639, trie_nodes=1867, patterns=821, objective=0.895822
  Best so far: params=(28, 25, 20, 27, 5, 1, 5, 3), score=0.911782, elapsed=14.5s

============================================================
Round 5/30
  Tested: params=(12, 19, 20, 17, 1, 5, 2, 1)
  validation: F_1/7=0.899800, precision=0.899466, recall=0.916491, good=7408, bad=828, missed=675, trie_nodes=2678, patterns=1381, objective=0.899753
  Tested: params=(2, 18, 21, 1, 3, 2, 4, 1)
  validation: F_1/7=0.898187, precision=0.897840, recall=0.915502, good=7400, bad=842, missed=683, trie_nodes=2388, patterns=1184, objective=0.898145
  Tested: params=(21, 12, 29, 5, 2, 1, 5, 5)
  validation: F_1/7=0.907389, precision=0.907260, recall=0.913770, good=7386, bad=755, missed=697, trie_nodes=2522, patterns=1517, objective=0.907344
  Tested: params=(8, 20, 25, 17, 3, 2, 1, 5)
  validation: F_1/7=0.899915, precision=0.899563, recall=0.917481, good=7416, bad=828, missed=667, trie_nodes=2549, patterns=1330, objective=0.899870
  Tested: params=(28, 19, 11, 11, 4, 5, 5, 4)
  validation: F_1/7=0.910486, precision=0.910498, recall=0.909934, good=7355, bad=723, missed=728, trie_nodes=1846, patterns=1102, objective=0.910454
  Best so far: params=(28, 25, 20, 27, 5, 1, 5, 3), score=0.911782, elapsed=18.0s

============================================================
Round 6/30
  Tested: params=(20, 3, 5, 27, 4, 1, 1, 4)
  validation: F_1/7=0.905174, precision=0.904948, recall=0.916368, good=7407, bad=778, missed=676, trie_nodes=2604, patterns=1537, objective=0.905128
  Tested: params=(1, 5, 17, 21, 4, 2, 4, 2)
  validation: F_1/7=0.901576, precision=0.901304, recall=0.915131, good=7397, bad=810, missed=686, trie_nodes=1965, patterns=890, objective=0.901541
  Tested: params=(10, 23, 20, 26, 4, 3, 1, 2)
  validation: F_1/7=0.900536, precision=0.900219, recall=0.916368, good=7407, bad=821, missed=676, trie_nodes=2765, patterns=1404, objective=0.900487
  Tested: params=(8, 8, 30, 12, 5, 4, 4, 3)
  validation: F_1/7=0.903176, precision=0.902958, recall=0.914017, good=7388, bad=794, missed=695, trie_nodes=1911, patterns=887, objective=0.903142
  Tested: params=(18, 15, 6, 22, 2, 1, 4, 1)
  validation: F_1/7=0.906925, precision=0.906752, recall=0.915502, good=7400, bad=761, missed=683, trie_nodes=2550, patterns=1422, objective=0.906880
  Best so far: params=(28, 25, 20, 27, 5, 1, 5, 3), score=0.911782, elapsed=21.8s

============================================================
Round 7/30
  Tested: params=(29, 29, 28, 12, 1, 5, 3, 5)
  validation: F_1/7=0.905266, precision=0.905065, recall=0.915254, good=7398, bad=776, missed=685, trie_nodes=3110, patterns=1826, objective=0.905211
  Tested: params=(29, 26, 9, 12, 5, 2, 1, 3)
  validation: F_1/7=0.908975, precision=0.908867, recall=0.914265, good=7390, bad=741, missed=693, trie_nodes=3306, patterns=1981, objective=0.908916
  Tested: params=(29, 21, 18, 3, 4, 5, 1, 3)
  validation: F_1/7=0.909086, precision=0.909001, recall=0.913275, good=7382, bad=739, missed=701, trie_nodes=3253, patterns=1926, objective=0.909029
  Tested: params=(27, 23, 21, 22, 2, 2, 5, 5)
  validation: F_1/7=0.908019, precision=0.907927, recall=0.912532, good=7376, bad=748, missed=707, trie_nodes=2851, patterns=1793, objective=0.907968
  Tested: params=(27, 28, 16, 16, 4, 4, 4, 4)
  validation: F_1/7=0.910155, precision=0.910160, recall=0.909934, good=7355, bad=726, missed=728, trie_nodes=1862, patterns=1112, objective=0.910122
  Best so far: params=(28, 25, 20, 27, 5, 1, 5, 3), score=0.911782, elapsed=25.6s

============================================================
Round 8/30
  Tested: params=(27, 11, 12, 3, 3, 1, 3, 3)
  validation: F_1/7=0.907471, precision=0.907348, recall=0.913522, good=7384, bad=754, missed=699, trie_nodes=3302, patterns=2006, objective=0.907412
  Tested: params=(9, 18, 1, 2, 5, 2, 1, 3)
  validation: F_1/7=0.900637, precision=0.900341, recall=0.915378, good=7399, bad=819, missed=684, trie_nodes=2572, patterns=1473, objective=0.900591
  Tested: params=(24, 7, 19, 3, 1, 3, 3, 4)
  validation: F_1/7=0.906543, precision=0.906392, recall=0.914017, good=7388, bad=763, missed=695, trie_nodes=3124, patterns=1882, objective=0.906488
  Tested: params=(22, 30, 16, 10, 4, 2, 3, 1)
  validation: F_1/7=0.906612, precision=0.906449, recall=0.914636, good=7393, bad=763, missed=690, trie_nodes=3137, patterns=1838, objective=0.906556
  Tested: params=(1, 29, 26, 21, 3, 1, 1, 2)
  validation: F_1/7=0.892952, precision=0.892424, recall=0.919584, good=7433, bad=896, missed=650, trie_nodes=3160, patterns=1619, objective=0.892896
  Best so far: params=(28, 25, 20, 27, 5, 1, 5, 3), score=0.911782, elapsed=29.5s

============================================================
Round 9/30
  Tested: params=(17, 22, 20, 9, 5, 4, 3, 4)
  validation: F_1/7=0.900629, precision=0.900279, recall=0.918100, good=7421, bad=822, missed=662, trie_nodes=2389, patterns=1195, objective=0.900586
  Tested: params=(13, 8, 11, 23, 1, 1, 1, 1)
  validation: F_1/7=0.899479, precision=0.899138, recall=0.916491, good=7408, bad=831, missed=675, trie_nodes=2715, patterns=1450, objective=0.899431
  Tested: params=(26, 22, 15, 3, 3, 3, 1, 3)
  validation: F_1/7=0.907034, precision=0.906902, recall=0.913522, good=7384, bad=758, missed=699, trie_nodes=3352, patterns=2030, objective=0.906975
  Tested: params=(12, 19, 20, 2, 2, 4, 3, 5)
  validation: F_1/7=0.898491, precision=0.898100, recall=0.918100, good=7421, bad=842, missed=662, trie_nodes=2241, patterns=1070, objective=0.898452
  Tested: params=(20, 5, 3, 20, 1, 3, 5, 3)
  validation: F_1/7=0.907757, precision=0.907607, recall=0.915131, good=7397, bad=753, missed=686, trie_nodes=2610, patterns=1509, objective=0.907710
  Best so far: params=(28, 25, 20, 27, 5, 1, 5, 3), score=0.911782, elapsed=33.1s

============================================================
Round 10/30
  Tested: params=(12, 20, 14, 17, 5, 2, 5, 5)
  validation: F_1/7=0.903172, precision=0.902973, recall=0.913027, good=7380, bad=793, missed=703, trie_nodes=1865, patterns=904, objective=0.903139
  Tested: params=(6, 3, 4, 1, 1, 4, 1, 2)
  validation: F_1/7=0.900890, precision=0.900685, recall=0.911048, good=7364, bad=812, missed=719, trie_nodes=2349, patterns=1240, objective=0.900848
  Tested: params=(26, 1, 25, 9, 1, 4, 4, 5)
  validation: F_1/7=0.907540, precision=0.907446, recall=0.912161, good=7373, bad=752, missed=710, trie_nodes=2527, patterns=1569, objective=0.907495
  Tested: params=(23, 25, 9, 6, 4, 5, 5, 3)
  validation: F_1/7=0.909340, precision=0.909316, recall=0.910553, good=7360, bad=734, missed=723, trie_nodes=2255, patterns=1258, objective=0.909300
  Tested: params=(12, 24, 11, 28, 5, 3, 4, 4)
  validation: F_1/7=0.903186, precision=0.902985, recall=0.913151, good=7381, bad=793, missed=702, trie_nodes=1894, patterns=922, objective=0.903153
  Best so far: params=(28, 25, 20, 27, 5, 1, 5, 3), score=0.911782, elapsed=36.5s

============================================================
Round 11/30
  Tested: params=(4, 28, 16, 25, 2, 5, 2, 1)
  validation: F_1/7=0.896994, precision=0.896539, recall=0.919832, good=7435, bad=858, missed=648, trie_nodes=2896, patterns=1423, objective=0.896942
  Tested: params=(28, 3, 10, 29, 5, 3, 4, 3)
  validation: F_1/7=0.911713, precision=0.911790, recall=0.907955, good=7339, bad=710, missed=744, trie_nodes=2227, patterns=1288, objective=0.911674
  Tested: params=(9, 10, 21, 23, 4, 4, 1, 3)
  validation: F_1/7=0.900072, precision=0.899733, recall=0.916986, good=7412, bad=826, missed=671, trie_nodes=2539, patterns=1284, objective=0.900027
  Tested: params=(2, 17, 14, 27, 2, 1, 1, 4)
  validation: F_1/7=0.895091, precision=0.894616, recall=0.918966, good=7428, bad=875, missed=655, trie_nodes=2555, patterns=1321, objective=0.895045
  Tested: params=(19, 4, 3, 22, 1, 5, 4, 1)
  validation: F_1/7=0.907265, precision=0.907096, recall=0.915625, good=7401, bad=758, missed=682, trie_nodes=2522, patterns=1417, objective=0.907221
  Best so far: params=(28, 25, 20, 27, 5, 1, 5, 3), score=0.911782, elapsed=40.0s

============================================================
Round 12/30
  Tested: params=(3, 30, 12, 12, 5, 5, 5, 4)
  validation: F_1/7=0.892831, precision=0.892254, recall=0.922059, good=7453, bad=900, missed=630, trie_nodes=1447, patterns=655, objective=0.892806
  Tested: params=(12, 3, 24, 17, 3, 5, 1, 3)
  validation: F_1/7=0.899635, precision=0.899308, recall=0.915997, good=7404, bad=829, missed=679, trie_nodes=2664, patterns=1381, objective=0.899588
  Tested: params=(1, 15, 2, 4, 1, 4, 4, 3)
  validation: F_1/7=0.896408, precision=0.895969, recall=0.918471, good=7424, bad=862, missed=659, trie_nodes=2361, patterns=1106, objective=0.896366
  Tested: params=(29, 12, 9, 27, 2, 5, 1, 5)
  validation: F_1/7=0.905932, precision=0.905741, recall=0.915378, good=7399, bad=770, missed=684, trie_nodes=3052, patterns=1806, objective=0.905878
  Tested: params=(2, 27, 16, 30, 1, 3, 5, 3)
  validation: F_1/7=0.894292, precision=0.893812, recall=0.918471, good=7424, bad=882, missed=659, trie_nodes=2898, patterns=1426, objective=0.894241
  Best so far: params=(28, 25, 20, 27, 5, 1, 5, 3), score=0.911782, elapsed=43.4s

============================================================
Round 13/30
  Tested: params=(19, 21, 14, 19, 3, 5, 1, 2)
  validation: F_1/7=0.906014, precision=0.905810, recall=0.916120, good=7405, bad=770, missed=678, trie_nodes=2965, patterns=1660, objective=0.905962
  Tested: params=(29, 27, 14, 19, 2, 1, 3, 2)
  validation: F_1/7=0.907184, precision=0.907048, recall=0.913893, good=7387, bad=757, missed=696, trie_nodes=3425, patterns=2092, objective=0.907123
  Tested: params=(18, 3, 30, 30, 4, 3, 2, 5)
  validation: F_1/7=0.905578, precision=0.905386, recall=0.915131, good=7397, bad=773, missed=686, trie_nodes=2790, patterns=1568, objective=0.905529
  Tested: params=(21, 5, 28, 25, 5, 4, 4, 3)
  validation: F_1/7=0.910075, precision=0.910093, recall=0.909192, good=7349, bad=726, missed=734, trie_nodes=2065, patterns=1131, objective=0.910038
  Tested: params=(28, 26, 2, 1, 2, 5, 5, 1)
  validation: F_1/7=0.909420, precision=0.909486, recall=0.906223, good=7325, bad=729, missed=758, trie_nodes=2805, patterns=1864, objective=0.909371
  Best so far: params=(28, 25, 20, 27, 5, 1, 5, 3), score=0.911782, elapsed=47.2s

============================================================
Round 14/30
  Tested: params=(18, 12, 30, 26, 5, 3, 3, 2)
  validation: F_1/7=0.905823, precision=0.905630, recall=0.915378, good=7399, bad=771, missed=684, trie_nodes=2880, patterns=1592, objective=0.905772
  Tested: params=(2, 26, 25, 30, 5, 3, 4, 5)
  validation: F_1/7=0.894488, precision=0.894014, recall=0.918347, good=7423, bad=880, missed=660, trie_nodes=2638, patterns=1331, objective=0.894441
  Tested: params=(26, 8, 14, 4, 5, 4, 2, 4)
  validation: F_1/7=0.906952, precision=0.906794, recall=0.914759, good=7394, bad=760, missed=689, trie_nodes=2923, patterns=1681, objective=0.906900
  Tested: params=(19, 11, 4, 21, 3, 4, 3, 5)
  validation: F_1/7=0.903791, precision=0.903477, recall=0.919461, good=7432, bad=794, missed=651, trie_nodes=2430, patterns=1316, objective=0.903748
  Tested: params=(17, 17, 27, 13, 1, 1, 4, 4)
  validation: F_1/7=0.902790, precision=0.902537, recall=0.915378, good=7399, bad=799, missed=684, trie_nodes=2324, patterns=1292, objective=0.902749
  Best so far: params=(28, 25, 20, 27, 5, 1, 5, 3), score=0.911782, elapsed=51.1s

============================================================
Round 15/30
  Tested: params=(22, 7, 5, 1, 2, 3, 2, 3)
  validation: F_1/7=0.905673, precision=0.905485, recall=0.915007, good=7396, bad=772, missed=687, trie_nodes=3025, patterns=1814, objective=0.905620
  Tested: params=(28, 11, 16, 24, 2, 4, 5, 5)
  validation: F_1/7=0.907157, precision=0.907025, recall=0.913646, good=7385, bad=757, missed=698, trie_nodes=2538, patterns=1569, objective=0.907112
  Tested: params=(5, 28, 15, 8, 3, 5, 3, 2)
  validation: F_1/7=0.897770, precision=0.897343, recall=0.919213, good=7430, bad=850, missed=653, trie_nodes=2870, patterns=1402, objective=0.897719
  Tested: params=(20, 8, 3, 4, 1, 1, 1, 4)
  validation: F_1/7=0.904676, precision=0.904414, recall=0.917729, good=7418, bad=784, missed=665, trie_nodes=2735, patterns=1634, objective=0.904628
  Tested: params=(6, 11, 27, 15, 4, 1, 1, 1)
  validation: F_1/7=0.899025, precision=0.898644, recall=0.918100, good=7421, bad=837, missed=662, trie_nodes=2613, patterns=1308, objective=0.898978
  Best so far: params=(28, 25, 20, 27, 5, 1, 5, 3), score=0.911782, elapsed=54.9s

============================================================
Round 16/30
  Tested: params=(6, 9, 6, 3, 1, 3, 2, 2)
  validation: F_1/7=0.899359, precision=0.898983, recall=0.918223, good=7422, bad=834, missed=661, trie_nodes=2557, patterns=1292, objective=0.899314
  Tested: params=(16, 21, 2, 24, 4, 1, 5, 5)
  validation: F_1/7=0.903373, precision=0.903123, recall=0.915749, good=7402, bad=794, missed=681, trie_nodes=1988, patterns=1047, objective=0.903337
  Tested: params=(2, 9, 25, 23, 1, 2, 2, 3)
  validation: F_1/7=0.895666, precision=0.895213, recall=0.918471, good=7424, bad=869, missed=659, trie_nodes=2671, patterns=1364, objective=0.895619
  Tested: params=(19, 12, 14, 23, 1, 2, 4, 5)
  validation: F_1/7=0.907197, precision=0.907039, recall=0.915007, good=7396, bad=758, missed=687, trie_nodes=2396, patterns=1385, objective=0.907155
  Tested: params=(16, 16, 4, 14, 3, 2, 2, 2)
  validation: F_1/7=0.900822, precision=0.900498, recall=0.916986, good=7412, bad=819, missed=671, trie_nodes=2839, patterns=1557, objective=0.900772
  Best so far: params=(28, 25, 20, 27, 5, 1, 5, 3), score=0.911782, elapsed=58.6s

============================================================
Round 17/30
  Tested: params=(1, 10, 7, 10, 1, 5, 3, 4)
  validation: F_1/7=0.892667, precision=0.892096, recall=0.921564, good=7449, bad=901, missed=634, trie_nodes=1756, patterns=797, objective=0.892636
  Tested: params=(24, 15, 3, 17, 3, 4, 3, 1)
  validation: F_1/7=0.906001, precision=0.905799, recall=0.915997, good=7404, bad=770, missed=679, trie_nodes=3209, patterns=1934, objective=0.905944
  Tested: params=(9, 11, 20, 18, 2, 5, 4, 2)
  validation: F_1/7=0.901596, precision=0.901302, recall=0.916244, good=7406, bad=811, missed=677, trie_nodes=2286, patterns=1140, objective=0.901556
  Tested: params=(4, 5, 8, 5, 1, 2, 1, 5)
  validation: F_1/7=0.898685, precision=0.898283, recall=0.918842, good=7427, bad=841, missed=656, trie_nodes=2309, patterns=1196, objective=0.898644
  Tested: params=(3, 16, 13, 30, 1, 2, 5, 5)
  validation: F_1/7=0.899238, precision=0.898861, recall=0.918100, good=7421, bad=835, missed=662, trie_nodes=2201, patterns=1081, objective=0.899199
  Best so far: params=(28, 25, 20, 27, 5, 1, 5, 3), score=0.911782, elapsed=61.9s

============================================================
Round 18/30
  Tested: params=(25, 8, 6, 21, 5, 3, 3, 2)
  validation: F_1/7=0.907744, precision=0.907617, recall=0.914017, good=7388, bad=752, missed=695, trie_nodes=3093, patterns=1836, objective=0.907689
  Tested: params=(24, 6, 10, 13, 3, 2, 1, 4)
  validation: F_1/7=0.906230, precision=0.906070, recall=0.914141, good=7389, bad=766, missed=694, trie_nodes=3090, patterns=1870, objective=0.906175
  Tested: params=(9, 18, 5, 15, 3, 1, 2, 1)
  validation: F_1/7=0.899594, precision=0.899236, recall=0.917481, good=7416, bad=831, missed=667, trie_nodes=2670, patterns=1390, objective=0.899547
  Tested: params=(2, 30, 10, 25, 2, 4, 4, 3)
  validation: F_1/7=0.893027, precision=0.892505, recall=0.919337, good=7431, bad=895, missed=652, trie_nodes=2816, patterns=1350, objective=0.892977
  Tested: params=(15, 13, 11, 28, 5, 5, 1, 4)
  validation: F_1/7=0.900050, precision=0.899697, recall=0.917729, good=7418, bad=827, missed=665, trie_nodes=2310, patterns=1156, objective=0.900010
  Best so far: params=(28, 25, 20, 27, 5, 1, 5, 3), score=0.911782, elapsed=65.4s

============================================================
Round 19/30
  Tested: params=(29, 6, 2, 23, 3, 5, 1, 4)
  validation: F_1/7=0.903562, precision=0.903245, recall=0.919337, good=7431, bad=796, missed=652, trie_nodes=2873, patterns=1802, objective=0.903511
  Tested: params=(7, 5, 5, 25, 4, 3, 2, 5)
  validation: F_1/7=0.899331, precision=0.898958, recall=0.917976, good=7420, bad=834, missed=663, trie_nodes=2313, patterns=1189, objective=0.899290
  Tested: params=(12, 25, 14, 12, 3, 2, 4, 3)
  validation: F_1/7=0.901432, precision=0.901144, recall=0.915749, good=7402, bad=812, missed=681, trie_nodes=2466, patterns=1244, objective=0.901388
  Tested: params=(7, 27, 12, 17, 5, 4, 1, 5)
  validation: F_1/7=0.898021, precision=0.897575, recall=0.920450, good=7440, bad=849, missed=643, trie_nodes=1923, patterns=855, objective=0.897987
  Tested: params=(19, 11, 5, 24, 4, 3, 5, 4)
  validation: F_1/7=0.909456, precision=0.909371, recall=0.913646, good=7385, bad=736, missed=698, trie_nodes=1894, patterns=1035, objective=0.909422
  Best so far: params=(28, 25, 20, 27, 5, 1, 5, 3), score=0.911782, elapsed=68.8s

============================================================
Round 20/30
  Tested: params=(5, 10, 8, 23, 1, 3, 4, 5)
  validation: F_1/7=0.901444, precision=0.901118, recall=0.917729, good=7418, bad=814, missed=665, trie_nodes=2067, patterns=1000, objective=0.901407
  Tested: params=(11, 25, 4, 26, 1, 2, 4, 1)
  validation: F_1/7=0.900994, precision=0.900681, recall=0.916615, good=7409, bad=817, missed=674, trie_nodes=2501, patterns=1271, objective=0.900950
  Tested: params=(7, 22, 22, 20, 4, 3, 2, 2)
  validation: F_1/7=0.900293, precision=0.899939, recall=0.917976, good=7420, bad=825, missed=663, trie_nodes=2614, patterns=1293, objective=0.900247
  Tested: params=(6, 28, 18, 13, 3, 5, 1, 3)
  validation: F_1/7=0.897712, precision=0.897293, recall=0.918718, good=7426, bad=850, missed=657, trie_nodes=2929, patterns=1440, objective=0.897660
  Tested: params=(16, 19, 1, 27, 5, 3, 4, 5)
  validation: F_1/7=0.898578, precision=0.898174, recall=0.918842, good=7427, bad=842, missed=656, trie_nodes=2103, patterns=1134, objective=0.898541
  Best so far: params=(28, 25, 20, 27, 5, 1, 5, 3), score=0.911782, elapsed=72.6s

============================================================
Round 21/30
  Tested: params=(22, 5, 18, 19, 3, 4, 5, 5)
  validation: F_1/7=0.905958, precision=0.905783, recall=0.914636, good=7393, bad=769, missed=690, trie_nodes=2242, patterns=1324, objective=0.905919
  Tested: params=(14, 4, 30, 26, 1, 5, 5, 3)
  validation: F_1/7=0.901627, precision=0.901366, recall=0.914636, good=7393, bad=809, missed=690, trie_nodes=2260, patterns=1188, objective=0.901587
  Tested: params=(18, 12, 2, 11, 5, 1, 2, 2)
  validation: F_1/7=0.906124, precision=0.905902, recall=0.917110, good=7413, bad=770, missed=670, trie_nodes=2866, patterns=1621, objective=0.906073
  Tested: params=(17, 28, 11, 11, 4, 3, 2, 3)
  validation: F_1/7=0.901933, precision=0.901643, recall=0.916368, good=7407, bad=808, missed=676, trie_nodes=3001, patterns=1588, objective=0.901880
  Tested: params=(5, 6, 15, 13, 5, 2, 3, 4)
  validation: F_1/7=0.899253, precision=0.898874, recall=0.918223, good=7422, bad=835, missed=661, trie_nodes=2354, patterns=1198, objective=0.899211
  Best so far: params=(28, 25, 20, 27, 5, 1, 5, 3), score=0.911782, elapsed=76.3s

============================================================
Round 22/30
  Tested: params=(1, 20, 6, 29, 1, 3, 1, 5)
  validation: F_1/7=0.894381, precision=0.893888, recall=0.919213, good=7430, bad=882, missed=653, trie_nodes=2626, patterns=1343, objective=0.894335
  Tested: params=(16, 18, 3, 23, 2, 5, 2, 1)
  validation: F_1/7=0.901551, precision=0.901227, recall=0.917729, good=7418, bad=813, missed=665, trie_nodes=2849, patterns=1550, objective=0.901501
  Tested: params=(2, 15, 17, 2, 4, 3, 3, 3)
  validation: F_1/7=0.896061, precision=0.895620, recall=0.918223, good=7422, bad=865, missed=661, trie_nodes=2684, patterns=1369, objective=0.896013
  Tested: params=(13, 17, 5, 6, 5, 5, 2, 2)
  validation: F_1/7=0.900193, precision=0.899854, recall=0.917110, good=7413, bad=825, missed=670, trie_nodes=2606, patterns=1358, objective=0.900147
  Tested: params=(20, 13, 1, 5, 4, 4, 1, 2)
  validation: F_1/7=0.904632, precision=0.904396, recall=0.916368, good=7407, bad=783, missed=676, trie_nodes=2972, patterns=1826, objective=0.904579
  Best so far: params=(28, 25, 20, 27, 5, 1, 5, 3), score=0.911782, elapsed=80.1s

============================================================
Round 23/30
  Tested: params=(7, 21, 1, 4, 4, 1, 4, 2)
  validation: F_1/7=0.901310, precision=0.901023, recall=0.915625, good=7401, bad=813, missed=682, trie_nodes=2296, patterns=1111, objective=0.901269
  Tested: params=(3, 8, 22, 26, 5, 2, 4, 2)
  validation: F_1/7=0.901760, precision=0.901460, recall=0.916739, good=7410, bad=810, missed=673, trie_nodes=2115, patterns=960, objective=0.901723
  Tested: params=(9, 27, 1, 3, 2, 1, 1, 3)
  validation: F_1/7=0.900050, precision=0.899733, recall=0.915873, good=7403, bad=825, missed=680, trie_nodes=2920, patterns=1657, objective=0.899998
  Tested: params=(13, 27, 25, 11, 2, 2, 3, 2)
  validation: F_1/7=0.900229, precision=0.899903, recall=0.916491, good=7408, bad=824, missed=675, trie_nodes=2866, patterns=1519, objective=0.900178
  Tested: params=(19, 13, 17, 14, 2, 5, 4, 1)
  validation: F_1/7=0.907293, precision=0.907139, recall=0.914883, good=7395, bad=757, missed=688, trie_nodes=2511, patterns=1400, objective=0.907248
  Best so far: params=(28, 25, 20, 27, 5, 1, 5, 3), score=0.911782, elapsed=83.8s

============================================================
Round 24/30
  Tested: params=(27, 15, 27, 24, 3, 1, 2, 3)
  validation: F_1/7=0.907211, precision=0.907091, recall=0.913151, good=7381, bad=756, missed=702, trie_nodes=3361, patterns=2029, objective=0.907152
  Tested: params=(20, 8, 5, 26, 5, 3, 1, 2)
  validation: F_1/7=0.905783, precision=0.905577, recall=0.915997, good=7404, bad=772, missed=679, trie_nodes=2875, patterns=1641, objective=0.905732
  Tested: params=(1, 28, 4, 18, 2, 3, 4, 5)
  validation: F_1/7=0.893508, precision=0.893003, recall=0.918966, good=7428, bad=890, missed=655, trie_nodes=2778, patterns=1430, objective=0.893459
  Tested: params=(7, 1, 5, 28, 5, 3, 4, 4)
  validation: F_1/7=0.901738, precision=0.901515, recall=0.912780, good=7378, bad=806, missed=705, trie_nodes=1579, patterns=849, objective=0.901710
  Tested: params=(6, 28, 13, 12, 3, 1, 1, 4)
  validation: F_1/7=0.897925, precision=0.897510, recall=0.918718, good=7426, bad=848, missed=657, trie_nodes=2822, patterns=1457, objective=0.897875
  Best so far: params=(28, 25, 20, 27, 5, 1, 5, 3), score=0.911782, elapsed=87.2s

============================================================
Round 25/30
  Tested: params=(3, 19, 8, 12, 2, 2, 4, 2)
  validation: F_1/7=0.899253, precision=0.898874, recall=0.918223, good=7422, bad=835, missed=661, trie_nodes=2446, patterns=1150, objective=0.899209
  Tested: params=(17, 15, 20, 29, 4, 2, 1, 2)
  validation: F_1/7=0.901661, precision=0.901376, recall=0.915873, good=7403, bad=810, missed=680, trie_nodes=2806, patterns=1501, objective=0.901612
  Tested: params=(18, 2, 15, 18, 2, 4, 1, 1)
  validation: F_1/7=0.904738, precision=0.904523, recall=0.915378, good=7399, bad=781, missed=684, trie_nodes=2916, patterns=1645, objective=0.904686
  Tested: params=(22, 15, 21, 14, 2, 5, 4, 4)
  validation: F_1/7=0.905620, precision=0.905420, recall=0.915502, good=7400, bad=773, missed=683, trie_nodes=2259, patterns=1333, objective=0.905580
  Tested: params=(9, 18, 11, 3, 5, 1, 5, 3)
  validation: F_1/7=0.903110, precision=0.902883, recall=0.914388, good=7391, bad=795, missed=692, trie_nodes=1985, patterns=931, objective=0.903075
  Best so far: params=(28, 25, 20, 27, 5, 1, 5, 3), score=0.911782, elapsed=90.7s

============================================================
Round 26/30
  Tested: params=(6, 17, 27, 22, 5, 4, 4, 5)
  validation: F_1/7=0.899039, precision=0.898656, recall=0.918223, good=7422, bad=837, missed=661, trie_nodes=1151, patterns=508, objective=0.899019
  Tested: params=(8, 15, 7, 30, 5, 1, 4, 5)
  validation: F_1/7=0.902842, precision=0.902600, recall=0.914883, good=7395, bad=798, missed=688, trie_nodes=1833, patterns=893, objective=0.902810
  Tested: params=(6, 18, 28, 2, 4, 2, 5, 5)
  validation: F_1/7=0.901460, precision=0.901168, recall=0.915997, good=7404, bad=812, missed=679, trie_nodes=2024, patterns=949, objective=0.901424
  Tested: params=(29, 15, 26, 26, 2, 5, 1, 3)
  validation: F_1/7=0.907157, precision=0.907025, recall=0.913646, good=7385, bad=757, missed=698, trie_nodes=3372, patterns=2036, objective=0.907097
  Tested: params=(7, 4, 3, 21, 2, 4, 1, 2)
  validation: F_1/7=0.899715, precision=0.899357, recall=0.917605, good=7417, bad=830, missed=666, trie_nodes=2487, patterns=1273, objective=0.899671
  Best so far: params=(28, 25, 20, 27, 5, 1, 5, 3), score=0.911782, elapsed=94.2s

============================================================
Round 27/30
  Tested: params=(17, 24, 10, 19, 5, 4, 2, 1)
  validation: F_1/7=0.902134, precision=0.901851, recall=0.916244, good=7406, bad=806, missed=677, trie_nodes=2855, patterns=1513, objective=0.902084
  Tested: params=(27, 1, 27, 16, 5, 4, 5, 2)
  validation: F_1/7=0.912431, precision=0.912556, recall=0.906347, good=7326, bad=702, missed=757, trie_nodes=2221, patterns=1292, objective=0.912392
  Tested: params=(24, 13, 15, 19, 5, 5, 4, 3)
  validation: F_1/7=0.910782, precision=0.910827, recall=0.908574, good=7344, bad=719, missed=739, trie_nodes=2178, patterns=1222, objective=0.910743
  Tested: params=(13, 23, 8, 4, 2, 2, 2, 2)
  validation: F_1/7=0.900214, precision=0.899891, recall=0.916368, good=7407, bad=824, missed=676, trie_nodes=2803, patterns=1489, objective=0.900165
  Tested: params=(2, 1, 30, 13, 2, 4, 2, 5)
  validation: F_1/7=0.899491, precision=0.899185, recall=0.914759, good=7394, bad=829, missed=689, trie_nodes=2806, patterns=1506, objective=0.899442
  Best so far: params=(27, 1, 27, 16, 5, 4, 5, 2), score=0.912392, elapsed=98.2s

============================================================
Round 28/30
  Tested: params=(24, 3, 13, 27, 5, 3, 4, 1)
  validation: F_1/7=0.910755, precision=0.910805, recall=0.908326, good=7342, bad=719, missed=741, trie_nodes=2125, patterns=1205, objective=0.910718
  Tested: params=(30, 7, 29, 20, 4, 3, 2, 1)
  validation: F_1/7=0.908183, precision=0.908084, recall=0.913027, good=7380, bad=747, missed=703, trie_nodes=3337, patterns=1965, objective=0.908123
  Tested: params=(7, 6, 24, 11, 1, 5, 5, 5)
  validation: F_1/7=0.899466, precision=0.899091, recall=0.918223, good=7422, bad=833, missed=661, trie_nodes=1418, patterns=670, objective=0.899441
  Tested: params=(30, 6, 12, 23, 4, 1, 5, 2)
  validation: F_1/7=0.911837, precision=0.911915, recall=0.908079, good=7340, bad=709, missed=743, trie_nodes=2275, patterns=1304, objective=0.911797
  Tested: params=(7, 17, 18, 18, 1, 5, 2, 1)
  validation: F_1/7=0.899288, precision=0.898921, recall=0.917605, good=7417, bad=834, missed=666, trie_nodes=2557, patterns=1268, objective=0.899242
  Best so far: params=(27, 1, 27, 16, 5, 4, 5, 2), score=0.912392, elapsed=102.4s

============================================================
Round 29/30
  Tested: params=(27, 29, 26, 25, 4, 3, 1, 3)
  validation: F_1/7=0.909223, precision=0.909136, recall=0.913522, good=7384, bad=738, missed=699, trie_nodes=3325, patterns=1982, objective=0.909164
  Tested: params=(12, 8, 22, 15, 1, 2, 4, 1)
  validation: F_1/7=0.901806, precision=0.901535, recall=0.915254, good=7398, bad=808, missed=685, trie_nodes=2301, patterns=1164, objective=0.901765
  Tested: params=(26, 15, 15, 18, 5, 2, 4, 3)
  validation: F_1/7=0.911824, precision=0.911904, recall=0.907955, good=7339, bad=709, missed=744, trie_nodes=2283, patterns=1300, objective=0.911784
  Tested: params=(9, 27, 24, 20, 5, 5, 4, 5)
  validation: F_1/7=0.900715, precision=0.900389, recall=0.916986, good=7412, bad=820, missed=671, trie_nodes=1233, patterns=571, objective=0.900693
  Tested: params=(21, 21, 19, 23, 1, 5, 5, 1)
  validation: F_1/7=0.906884, precision=0.906737, recall=0.914141, good=7389, bad=760, missed=694, trie_nodes=2709, patterns=1585, objective=0.906836
  Best so far: params=(27, 1, 27, 16, 5, 4, 5, 2), score=0.912392, elapsed=106.8s

============================================================
Round 30/30
  Tested: params=(25, 4, 11, 23, 1, 5, 5, 3)
  validation: F_1/7=0.907896, precision=0.907804, recall=0.912409, good=7375, bad=749, missed=708, trie_nodes=2789, patterns=1697, objective=0.907846
  Tested: params=(1, 9, 19, 30, 4, 2, 4, 3)
  validation: F_1/7=0.898260, precision=0.897902, recall=0.916120, good=7405, bad=842, missed=678, trie_nodes=2223, patterns=1016, objective=0.898220
  Tested: params=(24, 4, 23, 17, 5, 2, 4, 5)
  validation: F_1/7=0.910839, precision=0.910896, recall=0.908079, good=7340, bad=718, missed=743, trie_nodes=2029, patterns=1180, objective=0.910804
  Tested: params=(4, 29, 21, 3, 2, 4, 1, 3)
  validation: F_1/7=0.898244, precision=0.897836, recall=0.918718, good=7426, bad=845, missed=657, trie_nodes=2594, patterns=1308, objective=0.898198
  Tested: params=(11, 19, 2, 27, 5, 5, 4, 1)
  validation: F_1/7=0.902064, precision=0.901791, recall=0.915625, good=7401, bad=806, missed=682, trie_nodes=2254, patterns=1062, objective=0.902024
  Best so far: params=(27, 1, 27, 16, 5, 4, 5, 2), score=0.912392, elapsed=111.3s

============================================================
Final phase: 3 evaluations
  Tested: params=(23, 1, 1, 10, 3, 4, 4, 3)
  validation: F_1/7=0.906762, precision=0.906556, recall=0.916986, good=7412, bad=764, missed=671, trie_nodes=3063, patterns=1919, objective=0.906708
  Tested: params=(9, 30, 13, 14, 1, 4, 4, 2)
  validation: F_1/7=0.900808, precision=0.900486, recall=0.916863, good=7411, bad=819, missed=672, trie_nodes=2485, patterns=1243, objective=0.900764
  Tested: params=(3, 21, 20, 9, 5, 1, 3, 5)
  validation: F_1/7=0.896694, precision=0.896248, recall=0.919089, good=7429, bad=860, missed=654, trie_nodes=2645, patterns=1371, objective=0.896647

============================================================
Threshold ablation run complete
Best parameters (b1..b4 thr1..thr4): (27, 1, 27, 16, 5, 4, 5, 2)
Thresholds: {'mode': 'perlayer', 'shared': None, 'per_level': [5, 4, 5, 2]}
  validation-selected: F_1/7=0.912431, precision=0.912556, recall=0.906347, good=7326, bad=702, missed=757, trie_nodes=2221, patterns=1292, objective=0.912392
  held-out test: F_1/7=0.912842, precision=0.913098, recall=0.900469, good=7292, bad=694, missed=806, trie_nodes=2221, patterns=1292
Summary: results/threshold_ablation/el/wiktionary/perlayer_random/summary.json
History: results/threshold_ablation/el/wiktionary/perlayer_random/history.csv
Wall time: 114.4s
