Proportional trie_normalizer for el/wiktionary: |D| = 28208
Objective: F17+Trie(w=0.0005)
Dataset: /home/dev/hyph-bench/data/el/wiktionary/el_wiktionary.wlh_dis.wlh
Translate: /home/dev/hyph-bench/data/el/wiktionary/el_wiktionary.wlh_dis.wlh.tra
Method: tpe | Threshold mode: shared
Search space (5-D): [(1, 30), (1, 30), (1, 30), (1, 30), (1, 5)]
Split counts: train=22568, validation=2820, test=2820
Pattern ranges: [(1, 4), (2, 5), (2, 6), (2, 7)]
Budget: 30 rounds x 5 + 3 final = 153 patgen evaluations; 3 parallel workers

============================================================
Round 1/30
  Tested: params=(12, 29, 22, 18, 1)
  validation: F_1/7=0.900150, precision=0.899818, recall=0.916739, good=7410, bad=825, missed=673, trie_nodes=2897, patterns=1495, objective=0.900099
  Tested: params=(5, 2, 26, 19, 4)
  validation: F_1/7=0.900845, precision=0.900573, recall=0.914388, good=7391, bad=816, missed=692, trie_nodes=1136, patterns=539, objective=0.900825
  Tested: params=(1, 30, 25, 7, 1)
  validation: F_1/7=0.892381, precision=0.891850, recall=0.919213, good=7430, bad=901, missed=653, trie_nodes=3192, patterns=1642, objective=0.892324
  Tested: params=(6, 10, 16, 13, 2)
  validation: F_1/7=0.899530, precision=0.899164, recall=0.917852, good=7419, bad=832, missed=664, trie_nodes=2580, patterns=1304, objective=0.899484
  Tested: params=(19, 5, 9, 11, 3)
  validation: F_1/7=0.905335, precision=0.905123, recall=0.915873, good=7403, bad=776, missed=680, trie_nodes=2903, patterns=1649, objective=0.905284
  Best so far: params=(19, 5, 9, 11, 3), score=0.905284, elapsed=4.2s

============================================================
Round 2/30
  Tested: params=(24, 6, 16, 18, 1)
  validation: F_1/7=0.906516, precision=0.906369, recall=0.913770, good=7386, bad=763, missed=697, trie_nodes=3199, patterns=1908, objective=0.906459
  Tested: params=(19, 6, 2, 29, 5)
  validation: F_1/7=0.907143, precision=0.906954, recall=0.916491, good=7408, bad=760, missed=675, trie_nodes=1457, patterns=814, objective=0.907117
  Tested: params=(25, 10, 3, 21, 3)
  validation: F_1/7=0.906517, precision=0.906330, recall=0.915749, good=7402, bad=765, missed=681, trie_nodes=3290, patterns=2013, objective=0.906459
  Tested: params=(4, 15, 2, 28, 2)
  validation: F_1/7=0.899688, precision=0.899298, recall=0.919213, good=7430, bad=832, missed=653, trie_nodes=2674, patterns=1337, objective=0.899640
  Tested: params=(20, 10, 16, 17, 1)
  validation: F_1/7=0.905891, precision=0.905707, recall=0.915007, good=7396, bad=770, missed=687, trie_nodes=2989, patterns=1729, objective=0.905838
  Best so far: params=(19, 6, 2, 29, 5), score=0.907117, elapsed=8.0s

============================================================
Round 3/30
  Tested: params=(29, 22, 8, 29, 5)
  validation: F_1/7=0.909931, precision=0.909911, recall=0.910924, good=7363, bad=729, missed=720, trie_nodes=1865, patterns=1119, objective=0.909898
  Tested: params=(12, 22, 9, 30, 5)
  validation: F_1/7=0.901670, precision=0.901402, recall=0.915007, good=7396, bad=809, missed=687, trie_nodes=1238, patterns=587, objective=0.901648
  Tested: params=(30, 21, 9, 30, 5)
  validation: F_1/7=0.910085, precision=0.910080, recall=0.910306, good=7358, bad=727, missed=725, trie_nodes=1858, patterns=1116, objective=0.910052
  Tested: params=(29, 22, 9, 29, 5)
  validation: F_1/7=0.910085, precision=0.910080, recall=0.910306, good=7358, bad=727, missed=725, trie_nodes=1860, patterns=1115, objective=0.910052
  Tested: params=(29, 22, 8, 28, 5)
  validation: F_1/7=0.909931, precision=0.909911, recall=0.910924, good=7363, bad=729, missed=720, trie_nodes=1865, patterns=1119, objective=0.909898
  Best so far: params=(30, 21, 9, 30, 5), score=0.910052, elapsed=11.7s

============================================================
Round 4/30
  Tested: params=(30, 18, 11, 23, 4)
  validation: F_1/7=0.910279, precision=0.910283, recall=0.910058, good=7356, bad=725, missed=727, trie_nodes=1852, patterns=1111, objective=0.910246
  Tested: params=(30, 18, 12, 24, 4)
  validation: F_1/7=0.910486, precision=0.910498, recall=0.909934, good=7355, bad=723, missed=728, trie_nodes=1865, patterns=1112, objective=0.910453
  Tested: params=(30, 17, 12, 24, 4)
  validation: F_1/7=0.910486, precision=0.910498, recall=0.909934, good=7355, bad=723, missed=728, trie_nodes=1862, patterns=1110, objective=0.910453
  Tested: params=(30, 19, 13, 24, 4)
  validation: F_1/7=0.910486, precision=0.910498, recall=0.909934, good=7355, bad=723, missed=728, trie_nodes=1865, patterns=1112, objective=0.910453
  Tested: params=(30, 18, 12, 24, 4)
  validation: F_1/7=0.910486, precision=0.910498, recall=0.909934, good=7355, bad=723, missed=728, trie_nodes=1865, patterns=1112, objective=0.910453
  Best so far: params=(30, 17, 12, 24, 4), score=0.910453, elapsed=15.4s

============================================================
Round 5/30
  Tested: params=(24, 26, 21, 14, 3)
  validation: F_1/7=0.906121, precision=0.905959, recall=0.914141, good=7389, bad=767, missed=694, trie_nodes=3271, patterns=1968, objective=0.906063
  Tested: params=(25, 26, 21, 1, 3)
  validation: F_1/7=0.906911, precision=0.906780, recall=0.913398, good=7383, bad=759, missed=700, trie_nodes=3350, patterns=2034, objective=0.906852
  Tested: params=(25, 26, 20, 3, 3)
  validation: F_1/7=0.906816, precision=0.906680, recall=0.913522, good=7384, bad=760, missed=699, trie_nodes=3350, patterns=2035, objective=0.906756
  Tested: params=(25, 26, 21, 3, 3)
  validation: F_1/7=0.906816, precision=0.906680, recall=0.913522, good=7384, bad=760, missed=699, trie_nodes=3350, patterns=2035, objective=0.906756
  Tested: params=(22, 26, 20, 3, 3)
  validation: F_1/7=0.905958, precision=0.905783, recall=0.914636, good=7393, bad=769, missed=690, trie_nodes=3190, patterns=1912, objective=0.905902
  Best so far: params=(30, 17, 12, 24, 4), score=0.910453, elapsed=19.3s

============================================================
Round 6/30
  Tested: params=(27, 13, 13, 25, 4)
  validation: F_1/7=0.910584, precision=0.910599, recall=0.909811, good=7354, bad=722, missed=729, trie_nodes=1826, patterns=1085, objective=0.910551
  Tested: params=(27, 15, 13, 25, 4)
  validation: F_1/7=0.910486, precision=0.910498, recall=0.909934, good=7355, bad=723, missed=728, trie_nodes=1831, patterns=1087, objective=0.910454
  Tested: params=(27, 14, 13, 25, 4)
  validation: F_1/7=0.910584, precision=0.910599, recall=0.909811, good=7354, bad=722, missed=729, trie_nodes=1826, patterns=1085, objective=0.910551
  Tested: params=(27, 14, 13, 25, 4)
  validation: F_1/7=0.910584, precision=0.910599, recall=0.909811, good=7354, bad=722, missed=729, trie_nodes=1826, patterns=1085, objective=0.910551
  Tested: params=(27, 14, 13, 25, 4)
  validation: F_1/7=0.910584, precision=0.910599, recall=0.909811, good=7354, bad=722, missed=729, trie_nodes=1826, patterns=1085, objective=0.910551
  Best so far: params=(27, 13, 13, 25, 4), score=0.910551, elapsed=24.1s

============================================================
Round 7/30
  Tested: params=(13, 12, 4, 21, 2)
  validation: F_1/7=0.899444, precision=0.899090, recall=0.917110, good=7413, bad=832, missed=670, trie_nodes=2740, patterns=1463, objective=0.899395
  Tested: params=(15, 12, 5, 21, 2)
  validation: F_1/7=0.901022, precision=0.900705, recall=0.916863, good=7411, bad=817, missed=672, trie_nodes=2817, patterns=1535, objective=0.900973
  Tested: params=(16, 12, 29, 21, 2)
  validation: F_1/7=0.901152, precision=0.900852, recall=0.916120, good=7405, bad=815, missed=678, trie_nodes=2846, patterns=1553, objective=0.901102
  Tested: params=(16, 13, 18, 21, 2)
  validation: F_1/7=0.901166, precision=0.900864, recall=0.916244, good=7406, bad=815, missed=677, trie_nodes=2846, patterns=1554, objective=0.901116
  Tested: params=(10, 12, 18, 20, 2)
  validation: F_1/7=0.899664, precision=0.899332, recall=0.916244, good=7406, bad=829, missed=677, trie_nodes=2691, patterns=1410, objective=0.899617
  Best so far: params=(27, 13, 13, 25, 4), score=0.910551, elapsed=28.4s

============================================================
Round 8/30
  Tested: params=(27, 8, 14, 26, 4)
  validation: F_1/7=0.910667, precision=0.910690, recall=0.909563, good=7352, bad=721, missed=731, trie_nodes=1807, patterns=1075, objective=0.910635
  Tested: params=(27, 14, 14, 27, 4)
  validation: F_1/7=0.910584, precision=0.910599, recall=0.909811, good=7354, bad=722, missed=729, trie_nodes=1826, patterns=1085, objective=0.910551
  Tested: params=(27, 8, 14, 27, 4)
  validation: F_1/7=0.910667, precision=0.910690, recall=0.909563, good=7352, bad=721, missed=731, trie_nodes=1807, patterns=1075, objective=0.910635
  Tested: params=(27, 8, 14, 26, 4)
  validation: F_1/7=0.910667, precision=0.910690, recall=0.909563, good=7352, bad=721, missed=731, trie_nodes=1807, patterns=1075, objective=0.910635
  Tested: params=(27, 8, 14, 26, 4)
  validation: F_1/7=0.910667, precision=0.910690, recall=0.909563, good=7352, bad=721, missed=731, trie_nodes=1807, patterns=1075, objective=0.910635
  Best so far: params=(27, 8, 14, 26, 4), score=0.910635, elapsed=32.3s

============================================================
Round 9/30
  Tested: params=(21, 1, 17, 10, 5)
  validation: F_1/7=0.909082, precision=0.909080, recall=0.909192, good=7349, bad=735, missed=734, trie_nodes=1685, patterns=996, objective=0.909052
  Tested: params=(22, 1, 17, 27, 5)
  validation: F_1/7=0.908862, precision=0.908855, recall=0.909192, good=7349, bad=737, missed=734, trie_nodes=1712, patterns=1025, objective=0.908831
  Tested: params=(22, 1, 17, 10, 5)
  validation: F_1/7=0.908862, precision=0.908855, recall=0.909192, good=7349, bad=737, missed=734, trie_nodes=1712, patterns=1025, objective=0.908831
  Tested: params=(21, 1, 24, 27, 5)
  validation: F_1/7=0.909206, precision=0.909203, recall=0.909316, good=7350, bad=734, missed=733, trie_nodes=1686, patterns=990, objective=0.909176
  Tested: params=(22, 1, 17, 27, 5)
  validation: F_1/7=0.908862, precision=0.908855, recall=0.909192, good=7349, bad=737, missed=734, trie_nodes=1712, patterns=1025, objective=0.908831
  Best so far: params=(27, 8, 14, 26, 4), score=0.910635, elapsed=36.0s

============================================================
Round 10/30
  Tested: params=(18, 8, 15, 17, 4)
  validation: F_1/7=0.907868, precision=0.907760, recall=0.913151, good=7381, bad=750, missed=702, trie_nodes=1407, patterns=769, objective=0.907843
  Tested: params=(24, 8, 15, 18, 4)
  validation: F_1/7=0.909466, precision=0.909462, recall=0.909687, good=7353, bad=732, missed=730, trie_nodes=1683, patterns=987, objective=0.909437
  Tested: params=(18, 8, 15, 19, 4)
  validation: F_1/7=0.907868, precision=0.907760, recall=0.913151, good=7381, bad=750, missed=702, trie_nodes=1407, patterns=769, objective=0.907843
  Tested: params=(28, 8, 15, 16, 4)
  validation: F_1/7=0.910738, precision=0.910770, recall=0.909192, good=7349, bad=720, missed=734, trie_nodes=1825, patterns=1088, objective=0.910706
  Tested: params=(18, 8, 15, 18, 4)
  validation: F_1/7=0.907868, precision=0.907760, recall=0.913151, good=7381, bad=750, missed=702, trie_nodes=1407, patterns=769, objective=0.907843
  Best so far: params=(28, 8, 15, 16, 4), score=0.910706, elapsed=39.6s

============================================================
Round 11/30
  Tested: params=(1, 4, 10, 7, 3)
  validation: F_1/7=0.898312, precision=0.897930, recall=0.917481, good=7416, bad=843, missed=667, trie_nodes=2533, patterns=1280, objective=0.898267
  Tested: params=(1, 4, 11, 15, 3)
  validation: F_1/7=0.898312, precision=0.897930, recall=0.917481, good=7416, bad=843, missed=667, trie_nodes=2533, patterns=1280, objective=0.898267
  Tested: params=(28, 4, 10, 14, 3)
  validation: F_1/7=0.907498, precision=0.907371, recall=0.913770, good=7386, bad=754, missed=697, trie_nodes=3340, patterns=2025, objective=0.907439
  Tested: params=(1, 4, 11, 15, 3)
  validation: F_1/7=0.898312, precision=0.897930, recall=0.917481, good=7416, bad=843, missed=667, trie_nodes=2533, patterns=1280, objective=0.898267
  Tested: params=(26, 5, 10, 7, 3)
  validation: F_1/7=0.907157, precision=0.907025, recall=0.913646, good=7385, bad=757, missed=698, trie_nodes=3304, patterns=1990, objective=0.907098
  Best so far: params=(28, 8, 15, 16, 4), score=0.910706, elapsed=43.3s

============================================================
Round 12/30
  Tested: params=(28, 10, 7, 23, 4)
  validation: F_1/7=0.910165, precision=0.910147, recall=0.911048, good=7364, bad=727, missed=719, trie_nodes=1788, patterns=1086, objective=0.910133
  Tested: params=(28, 10, 7, 23, 4)
  validation: F_1/7=0.910165, precision=0.910147, recall=0.911048, good=7364, bad=727, missed=719, trie_nodes=1788, patterns=1086, objective=0.910133
  Tested: params=(28, 10, 14, 23, 4)
  validation: F_1/7=0.910681, precision=0.910701, recall=0.909687, good=7353, bad=721, missed=730, trie_nodes=1816, patterns=1084, objective=0.910649
  Tested: params=(28, 10, 14, 23, 4)
  validation: F_1/7=0.910681, precision=0.910701, recall=0.909687, good=7353, bad=721, missed=730, trie_nodes=1816, patterns=1084, objective=0.910649
  Tested: params=(28, 10, 7, 23, 4)
  validation: F_1/7=0.910165, precision=0.910147, recall=0.911048, good=7364, bad=727, missed=719, trie_nodes=1788, patterns=1086, objective=0.910133
  Best so far: params=(28, 8, 15, 16, 4), score=0.910706, elapsed=46.9s

============================================================
Round 13/30
  Tested: params=(24, 6, 19, 30, 4)
  validation: F_1/7=0.909550, precision=0.909552, recall=0.909440, good=7351, bad=731, missed=732, trie_nodes=1687, patterns=987, objective=0.909520
  Tested: params=(24, 6, 19, 30, 4)
  validation: F_1/7=0.909550, precision=0.909552, recall=0.909440, good=7351, bad=731, missed=732, trie_nodes=1687, patterns=987, objective=0.909520
  Tested: params=(24, 7, 19, 30, 4)
  validation: F_1/7=0.909329, precision=0.909327, recall=0.909440, good=7351, bad=733, missed=732, trie_nodes=1688, patterns=988, objective=0.909299
  Tested: params=(24, 6, 18, 30, 4)
  validation: F_1/7=0.909550, precision=0.909552, recall=0.909440, good=7351, bad=731, missed=732, trie_nodes=1687, patterns=987, objective=0.909520
  Tested: params=(29, 6, 19, 30, 4)
  validation: F_1/7=0.910711, precision=0.910747, recall=0.908945, good=7347, bad=720, missed=736, trie_nodes=1839, patterns=1094, objective=0.910679
  Best so far: params=(28, 8, 15, 16, 4), score=0.910706, elapsed=50.9s

============================================================
Round 14/30
  Tested: params=(29, 9, 16, 29, 4)
  validation: F_1/7=0.910641, precision=0.910668, recall=0.909316, good=7350, bad=721, missed=733, trie_nodes=1834, patterns=1093, objective=0.910608
  Tested: params=(29, 9, 16, 28, 4)
  validation: F_1/7=0.910641, precision=0.910668, recall=0.909316, good=7350, bad=721, missed=733, trie_nodes=1834, patterns=1093, objective=0.910608
  Tested: params=(29, 9, 14, 28, 4)
  validation: F_1/7=0.910570, precision=0.910588, recall=0.909687, good=7353, bad=722, missed=730, trie_nodes=1826, patterns=1090, objective=0.910538
  Tested: params=(29, 9, 23, 28, 4)
  validation: F_1/7=0.910504, precision=0.910533, recall=0.909068, good=7348, bad=722, missed=735, trie_nodes=1840, patterns=1096, objective=0.910471
  Tested: params=(29, 9, 23, 29, 4)
  validation: F_1/7=0.910504, precision=0.910533, recall=0.909068, good=7348, bad=722, missed=735, trie_nodes=1840, patterns=1096, objective=0.910471
  Best so far: params=(28, 8, 15, 16, 4), score=0.910706, elapsed=55.0s

============================================================
Round 15/30
  Tested: params=(26, 11, 12, 26, 5)
  validation: F_1/7=0.910473, precision=0.910487, recall=0.909811, good=7354, bad=723, missed=729, trie_nodes=1793, patterns=1065, objective=0.910441
  Tested: params=(26, 11, 12, 26, 5)
  validation: F_1/7=0.910473, precision=0.910487, recall=0.909811, good=7354, bad=723, missed=729, trie_nodes=1793, patterns=1065, objective=0.910441
  Tested: params=(26, 11, 12, 22, 5)
  validation: F_1/7=0.910473, precision=0.910487, recall=0.909811, good=7354, bad=723, missed=729, trie_nodes=1793, patterns=1065, objective=0.910441
  Tested: params=(26, 11, 12, 26, 5)
  validation: F_1/7=0.910473, precision=0.910487, recall=0.909811, good=7354, bad=723, missed=729, trie_nodes=1793, patterns=1065, objective=0.910441
  Tested: params=(26, 11, 12, 26, 1)
  validation: F_1/7=0.907061, precision=0.906925, recall=0.913770, good=7386, bad=758, missed=697, trie_nodes=3272, patterns=1985, objective=0.907003
  Best so far: params=(28, 8, 15, 16, 4), score=0.910706, elapsed=59.0s

============================================================
Round 16/30
  Tested: params=(30, 7, 14, 24, 4)
  validation: F_1/7=0.910667, precision=0.910690, recall=0.909563, good=7352, bad=721, missed=731, trie_nodes=1843, patterns=1097, objective=0.910635
  Tested: params=(30, 7, 14, 25, 4)
  validation: F_1/7=0.910667, precision=0.910690, recall=0.909563, good=7352, bad=721, missed=731, trie_nodes=1843, patterns=1097, objective=0.910635
  Tested: params=(30, 7, 14, 24, 4)
  validation: F_1/7=0.910667, precision=0.910690, recall=0.909563, good=7352, bad=721, missed=731, trie_nodes=1843, patterns=1097, objective=0.910635
  Tested: params=(30, 7, 16, 24, 4)
  validation: F_1/7=0.910738, precision=0.910770, recall=0.909192, good=7349, bad=720, missed=734, trie_nodes=1851, patterns=1100, objective=0.910705
  Tested: params=(30, 7, 14, 24, 4)
  validation: F_1/7=0.910667, precision=0.910690, recall=0.909563, good=7352, bad=721, missed=731, trie_nodes=1843, patterns=1097, objective=0.910635
  Best so far: params=(28, 8, 15, 16, 4), score=0.910706, elapsed=62.9s

============================================================
Round 17/30
  Tested: params=(28, 3, 16, 22, 4)
  validation: F_1/7=0.910725, precision=0.910759, recall=0.909068, good=7348, bad=720, missed=735, trie_nodes=1831, patterns=1095, objective=0.910692
  Tested: params=(28, 3, 16, 22, 4)
  validation: F_1/7=0.910725, precision=0.910759, recall=0.909068, good=7348, bad=720, missed=735, trie_nodes=1831, patterns=1095, objective=0.910692
  Tested: params=(28, 3, 16, 22, 4)
  validation: F_1/7=0.910725, precision=0.910759, recall=0.909068, good=7348, bad=720, missed=735, trie_nodes=1831, patterns=1095, objective=0.910692
  Tested: params=(28, 5, 16, 22, 4)
  validation: F_1/7=0.910959, precision=0.910995, recall=0.909192, good=7349, bad=718, missed=734, trie_nodes=1830, patterns=1089, objective=0.910927
  Tested: params=(28, 3, 16, 22, 4)
  validation: F_1/7=0.910725, precision=0.910759, recall=0.909068, good=7348, bad=720, missed=735, trie_nodes=1831, patterns=1095, objective=0.910692
  Best so far: params=(28, 5, 16, 22, 4), score=0.910927, elapsed=66.6s

============================================================
Round 18/30
  Tested: params=(7, 3, 16, 20, 4)
  validation: F_1/7=0.900866, precision=0.900572, recall=0.915502, good=7400, bad=817, missed=683, trie_nodes=1096, patterns=502, objective=0.900846
  Tested: params=(28, 3, 16, 20, 4)
  validation: F_1/7=0.910725, precision=0.910759, recall=0.909068, good=7348, bad=720, missed=735, trie_nodes=1831, patterns=1095, objective=0.910692
  Tested: params=(28, 3, 16, 20, 4)
  validation: F_1/7=0.910725, precision=0.910759, recall=0.909068, good=7348, bad=720, missed=735, trie_nodes=1831, patterns=1095, objective=0.910692
  Tested: params=(9, 3, 16, 20, 4)
  validation: F_1/7=0.901741, precision=0.901462, recall=0.915625, good=7401, bad=809, missed=682, trie_nodes=1141, patterns=536, objective=0.901720
  Tested: params=(8, 3, 16, 20, 4)
  validation: F_1/7=0.901160, precision=0.900877, recall=0.915254, good=7398, bad=814, missed=685, trie_nodes=1129, patterns=536, objective=0.901140
  Best so far: params=(28, 5, 16, 22, 4), score=0.910927, elapsed=70.2s

============================================================
Round 19/30
  Tested: params=(25, 2, 17, 22, 3)
  validation: F_1/7=0.906884, precision=0.906757, recall=0.913151, good=7381, bad=759, missed=702, trie_nodes=3295, patterns=1992, objective=0.906825
  Tested: params=(25, 2, 17, 22, 3)
  validation: F_1/7=0.906884, precision=0.906757, recall=0.913151, good=7381, bad=759, missed=702, trie_nodes=3295, patterns=1992, objective=0.906825
  Tested: params=(25, 2, 17, 22, 3)
  validation: F_1/7=0.906884, precision=0.906757, recall=0.913151, good=7381, bad=759, missed=702, trie_nodes=3295, patterns=1992, objective=0.906825
  Tested: params=(25, 2, 17, 22, 3)
  validation: F_1/7=0.906884, precision=0.906757, recall=0.913151, good=7381, bad=759, missed=702, trie_nodes=3295, patterns=1992, objective=0.906825
  Tested: params=(25, 2, 17, 22, 3)
  validation: F_1/7=0.906884, precision=0.906757, recall=0.913151, good=7381, bad=759, missed=702, trie_nodes=3295, patterns=1992, objective=0.906825
  Best so far: params=(28, 5, 16, 22, 4), score=0.910927, elapsed=73.9s

============================================================
Round 20/30
  Tested: params=(29, 5, 20, 19, 4)
  validation: F_1/7=0.910711, precision=0.910747, recall=0.908945, good=7347, bad=720, missed=736, trie_nodes=1841, patterns=1096, objective=0.910679
  Tested: params=(29, 5, 20, 17, 4)
  validation: F_1/7=0.910711, precision=0.910747, recall=0.908945, good=7347, bad=720, missed=736, trie_nodes=1841, patterns=1096, objective=0.910679
  Tested: params=(29, 5, 18, 17, 4)
  validation: F_1/7=0.910711, precision=0.910747, recall=0.908945, good=7347, bad=720, missed=736, trie_nodes=1841, patterns=1096, objective=0.910679
  Tested: params=(29, 5, 20, 17, 4)
  validation: F_1/7=0.910711, precision=0.910747, recall=0.908945, good=7347, bad=720, missed=736, trie_nodes=1841, patterns=1096, objective=0.910679
  Tested: params=(29, 5, 20, 17, 4)
  validation: F_1/7=0.910711, precision=0.910747, recall=0.908945, good=7347, bad=720, missed=736, trie_nodes=1841, patterns=1096, objective=0.910679
  Best so far: params=(28, 5, 16, 22, 4), score=0.910927, elapsed=78.0s

============================================================
Round 21/30
  Tested: params=(28, 3, 15, 21, 4)
  validation: F_1/7=0.910725, precision=0.910759, recall=0.909068, good=7348, bad=720, missed=735, trie_nodes=1831, patterns=1095, objective=0.910692
  Tested: params=(28, 3, 15, 21, 4)
  validation: F_1/7=0.910725, precision=0.910759, recall=0.909068, good=7348, bad=720, missed=735, trie_nodes=1831, patterns=1095, objective=0.910692
  Tested: params=(28, 3, 15, 12, 4)
  validation: F_1/7=0.910725, precision=0.910759, recall=0.909068, good=7348, bad=720, missed=735, trie_nodes=1831, patterns=1095, objective=0.910692
  Tested: params=(28, 3, 15, 21, 4)
  validation: F_1/7=0.910725, precision=0.910759, recall=0.909068, good=7348, bad=720, missed=735, trie_nodes=1831, patterns=1095, objective=0.910692
  Tested: params=(28, 3, 15, 21, 4)
  validation: F_1/7=0.910725, precision=0.910759, recall=0.909068, good=7348, bad=720, missed=735, trie_nodes=1831, patterns=1095, objective=0.910692
  Best so far: params=(28, 5, 16, 22, 4), score=0.910927, elapsed=82.1s

============================================================
Round 22/30
  Tested: params=(27, 4, 18, 19, 4)
  validation: F_1/7=0.910822, precision=0.910860, recall=0.908945, good=7347, bad=719, missed=736, trie_nodes=1823, patterns=1081, objective=0.910790
  Tested: params=(27, 4, 18, 19, 4)
  validation: F_1/7=0.910822, precision=0.910860, recall=0.908945, good=7347, bad=719, missed=736, trie_nodes=1823, patterns=1081, objective=0.910790
  Tested: params=(27, 4, 18, 19, 4)
  validation: F_1/7=0.910822, precision=0.910860, recall=0.908945, good=7347, bad=719, missed=736, trie_nodes=1823, patterns=1081, objective=0.910790
  Tested: params=(27, 4, 18, 19, 4)
  validation: F_1/7=0.910822, precision=0.910860, recall=0.908945, good=7347, bad=719, missed=736, trie_nodes=1823, patterns=1081, objective=0.910790
  Tested: params=(27, 4, 18, 19, 4)
  validation: F_1/7=0.910822, precision=0.910860, recall=0.908945, good=7347, bad=719, missed=736, trie_nodes=1823, patterns=1081, objective=0.910790
  Best so far: params=(28, 5, 16, 22, 4), score=0.910927, elapsed=86.0s

============================================================
Round 23/30
  Tested: params=(27, 4, 18, 19, 4)
  validation: F_1/7=0.910822, precision=0.910860, recall=0.908945, good=7347, bad=719, missed=736, trie_nodes=1823, patterns=1081, objective=0.910790
  Tested: params=(23, 4, 18, 19, 4)
  validation: F_1/7=0.908667, precision=0.908631, recall=0.910429, good=7359, bad=740, missed=724, trie_nodes=1636, patterns=946, objective=0.908638
  Tested: params=(23, 4, 18, 19, 4)
  validation: F_1/7=0.908667, precision=0.908631, recall=0.910429, good=7359, bad=740, missed=724, trie_nodes=1636, patterns=946, objective=0.908638
  Tested: params=(27, 4, 18, 19, 4)
  validation: F_1/7=0.910822, precision=0.910860, recall=0.908945, good=7347, bad=719, missed=736, trie_nodes=1823, patterns=1081, objective=0.910790
  Tested: params=(23, 4, 18, 19, 4)
  validation: F_1/7=0.908667, precision=0.908631, recall=0.910429, good=7359, bad=740, missed=724, trie_nodes=1636, patterns=946, objective=0.908638
  Best so far: params=(28, 5, 16, 22, 4), score=0.910927, elapsed=89.8s

============================================================
Round 24/30
  Tested: params=(27, 6, 21, 16, 4)
  validation: F_1/7=0.910822, precision=0.910860, recall=0.908945, good=7347, bad=719, missed=736, trie_nodes=1824, patterns=1080, objective=0.910790
  Tested: params=(27, 6, 19, 16, 4)
  validation: F_1/7=0.910822, precision=0.910860, recall=0.908945, good=7347, bad=719, missed=736, trie_nodes=1819, patterns=1078, objective=0.910790
  Tested: params=(27, 6, 21, 16, 4)
  validation: F_1/7=0.910822, precision=0.910860, recall=0.908945, good=7347, bad=719, missed=736, trie_nodes=1824, patterns=1080, objective=0.910790
  Tested: params=(27, 6, 19, 16, 4)
  validation: F_1/7=0.910822, precision=0.910860, recall=0.908945, good=7347, bad=719, missed=736, trie_nodes=1819, patterns=1078, objective=0.910790
  Tested: params=(27, 6, 21, 16, 4)
  validation: F_1/7=0.910822, precision=0.910860, recall=0.908945, good=7347, bad=719, missed=736, trie_nodes=1824, patterns=1080, objective=0.910790
  Best so far: params=(28, 5, 16, 22, 4), score=0.910927, elapsed=93.3s

============================================================
Round 25/30
  Tested: params=(27, 5, 22, 18, 4)
  validation: F_1/7=0.910822, precision=0.910860, recall=0.908945, good=7347, bad=719, missed=736, trie_nodes=1826, patterns=1082, objective=0.910790
  Tested: params=(27, 5, 22, 18, 4)
  validation: F_1/7=0.910822, precision=0.910860, recall=0.908945, good=7347, bad=719, missed=736, trie_nodes=1826, patterns=1082, objective=0.910790
  Tested: params=(27, 5, 22, 18, 4)
  validation: F_1/7=0.910822, precision=0.910860, recall=0.908945, good=7347, bad=719, missed=736, trie_nodes=1826, patterns=1082, objective=0.910790
  Tested: params=(27, 5, 21, 18, 4)
  validation: F_1/7=0.910822, precision=0.910860, recall=0.908945, good=7347, bad=719, missed=736, trie_nodes=1826, patterns=1082, objective=0.910790
  Tested: params=(27, 5, 22, 18, 4)
  validation: F_1/7=0.910822, precision=0.910860, recall=0.908945, good=7347, bad=719, missed=736, trie_nodes=1826, patterns=1082, objective=0.910790
  Best so far: params=(28, 5, 16, 22, 4), score=0.910927, elapsed=96.9s

============================================================
Round 26/30
  Tested: params=(26, 6, 21, 16, 4)
  validation: F_1/7=0.910393, precision=0.910420, recall=0.909068, good=7348, bad=723, missed=735, trie_nodes=1785, patterns=1058, objective=0.910361
  Tested: params=(26, 6, 19, 16, 4)
  validation: F_1/7=0.910393, precision=0.910420, recall=0.909068, good=7348, bad=723, missed=735, trie_nodes=1785, patterns=1058, objective=0.910361
  Tested: params=(26, 6, 19, 16, 4)
  validation: F_1/7=0.910393, precision=0.910420, recall=0.909068, good=7348, bad=723, missed=735, trie_nodes=1785, patterns=1058, objective=0.910361
  Tested: params=(26, 6, 19, 16, 4)
  validation: F_1/7=0.910393, precision=0.910420, recall=0.909068, good=7348, bad=723, missed=735, trie_nodes=1785, patterns=1058, objective=0.910361
  Tested: params=(26, 6, 19, 16, 4)
  validation: F_1/7=0.910393, precision=0.910420, recall=0.909068, good=7348, bad=723, missed=735, trie_nodes=1785, patterns=1058, objective=0.910361
  Best so far: params=(28, 5, 16, 22, 4), score=0.910927, elapsed=100.6s

============================================================
Round 27/30
  Tested: params=(27, 4, 21, 15, 4)
  validation: F_1/7=0.910822, precision=0.910860, recall=0.908945, good=7347, bad=719, missed=736, trie_nodes=1828, patterns=1083, objective=0.910790
  Tested: params=(27, 4, 21, 14, 4)
  validation: F_1/7=0.910822, precision=0.910860, recall=0.908945, good=7347, bad=719, missed=736, trie_nodes=1828, patterns=1083, objective=0.910790
  Tested: params=(27, 4, 21, 15, 4)
  validation: F_1/7=0.910822, precision=0.910860, recall=0.908945, good=7347, bad=719, missed=736, trie_nodes=1828, patterns=1083, objective=0.910790
  Tested: params=(4, 4, 21, 14, 4)
  validation: F_1/7=0.900865, precision=0.900534, recall=0.917357, good=7415, bad=819, missed=668, trie_nodes=1071, patterns=486, objective=0.900846
  Tested: params=(27, 4, 21, 14, 4)
  validation: F_1/7=0.910822, precision=0.910860, recall=0.908945, good=7347, bad=719, missed=736, trie_nodes=1828, patterns=1083, objective=0.910790
  Best so far: params=(28, 5, 16, 22, 4), score=0.910927, elapsed=104.5s

============================================================
Round 28/30
  Tested: params=(25, 20, 23, 17, 4)
  validation: F_1/7=0.909660, precision=0.909665, recall=0.909440, good=7351, bad=730, missed=732, trie_nodes=1796, patterns=1064, objective=0.909628
  Tested: params=(14, 28, 23, 13, 4)
  validation: F_1/7=0.901239, precision=0.900962, recall=0.915007, good=7396, bad=813, missed=687, trie_nodes=1342, patterns=670, objective=0.901215
  Tested: params=(12, 24, 23, 13, 4)
  validation: F_1/7=0.901670, precision=0.901402, recall=0.915007, good=7396, bad=809, missed=687, trie_nodes=1259, patterns=595, objective=0.901647
  Tested: params=(25, 7, 23, 17, 4)
  validation: F_1/7=0.909841, precision=0.909856, recall=0.909068, good=7348, bad=728, missed=735, trie_nodes=1766, patterns=1045, objective=0.909809
  Tested: params=(25, 7, 23, 13, 4)
  validation: F_1/7=0.909841, precision=0.909856, recall=0.909068, good=7348, bad=728, missed=735, trie_nodes=1766, patterns=1045, objective=0.909809
  Best so far: params=(28, 5, 16, 22, 4), score=0.910927, elapsed=108.6s

============================================================
Round 29/30
  Tested: params=(26, 5, 18, 19, 4)
  validation: F_1/7=0.910282, precision=0.910307, recall=0.909068, good=7348, bad=724, missed=735, trie_nodes=1786, patterns=1059, objective=0.910251
  Tested: params=(26, 5, 26, 19, 4)
  validation: F_1/7=0.910269, precision=0.910296, recall=0.908945, good=7347, bad=724, missed=736, trie_nodes=1792, patterns=1061, objective=0.910237
  Tested: params=(26, 5, 18, 19, 4)
  validation: F_1/7=0.910282, precision=0.910307, recall=0.909068, good=7348, bad=724, missed=735, trie_nodes=1786, patterns=1059, objective=0.910251
  Tested: params=(26, 16, 18, 19, 4)
  validation: F_1/7=0.909991, precision=0.910002, recall=0.909440, good=7351, bad=727, missed=732, trie_nodes=1806, patterns=1071, objective=0.909959
  Tested: params=(26, 5, 18, 19, 4)
  validation: F_1/7=0.910282, precision=0.910307, recall=0.909068, good=7348, bad=724, missed=735, trie_nodes=1786, patterns=1059, objective=0.910251
  Best so far: params=(28, 5, 16, 22, 4), score=0.910927, elapsed=112.5s

============================================================
Round 30/30
  Tested: params=(27, 6, 22, 18, 1)
  validation: F_1/7=0.907567, precision=0.907448, recall=0.913398, good=7383, bad=753, missed=700, trie_nodes=3334, patterns=2007, objective=0.907508
  Tested: params=(27, 6, 22, 18, 1)
  validation: F_1/7=0.907567, precision=0.907448, recall=0.913398, good=7383, bad=753, missed=700, trie_nodes=3334, patterns=2007, objective=0.907508
  Tested: params=(27, 6, 22, 18, 4)
  validation: F_1/7=0.910822, precision=0.910860, recall=0.908945, good=7347, bad=719, missed=736, trie_nodes=1824, patterns=1080, objective=0.910790
  Tested: params=(27, 6, 22, 18, 4)
  validation: F_1/7=0.910822, precision=0.910860, recall=0.908945, good=7347, bad=719, missed=736, trie_nodes=1824, patterns=1080, objective=0.910790
  Tested: params=(27, 6, 22, 18, 4)
  validation: F_1/7=0.910822, precision=0.910860, recall=0.908945, good=7347, bad=719, missed=736, trie_nodes=1824, patterns=1080, objective=0.910790
  Best so far: params=(28, 5, 16, 22, 4), score=0.910927, elapsed=116.4s

============================================================
Final phase: 3 evaluations
  Tested: params=(24, 4, 20, 20, 4)
  validation: F_1/7=0.909440, precision=0.909440, recall=0.909440, good=7351, bad=732, missed=732, trie_nodes=1687, patterns=989, objective=0.909410
  Tested: params=(24, 7, 20, 15, 4)
  validation: F_1/7=0.909329, precision=0.909327, recall=0.909440, good=7351, bad=733, missed=732, trie_nodes=1688, patterns=988, objective=0.909299
  Tested: params=(27, 7, 20, 15, 4)
  validation: F_1/7=0.910601, precision=0.910635, recall=0.908945, good=7347, bad=721, missed=736, trie_nodes=1820, patterns=1079, objective=0.910568

============================================================
Threshold ablation run complete
Best parameters (b1 b2 b3 b4 thr): (28, 5, 16, 22, 4)
Thresholds: {'mode': 'shared', 'shared': 4, 'per_level': [4, 4, 4, 4]}
  validation-selected: F_1/7=0.910959, precision=0.910995, recall=0.909192, good=7349, bad=718, missed=734, trie_nodes=1830, patterns=1089, objective=0.910927
  held-out test: F_1/7=0.911636, precision=0.911798, recall=0.903803, good=7319, bad=708, missed=779, trie_nodes=1830, patterns=1089
Summary: results/threshold_ablation/el/wiktionary/shared_tpe/summary.json
History: results/threshold_ablation/el/wiktionary/shared_tpe/history.csv
Wall time: 119.9s
