Proportional trie_normalizer for el/wiktionary: |D| = 28208
Objective: F17+Trie(w=0.0005)
Dataset: /home/dev/hyph-bench/data/el/wiktionary/el_wiktionary.wlh_dis.wlh
Translate: /home/dev/hyph-bench/data/el/wiktionary/el_wiktionary.wlh_dis.wlh.tra
Method: random | Threshold mode: shared
Search space (5-D): [(1, 30), (1, 30), (1, 30), (1, 30), (1, 5)]
Split counts: train=22568, validation=2820, test=2820
Pattern ranges: [(1, 4), (2, 5), (2, 6), (2, 7)]
Budget: 30 rounds x 5 + 3 final = 153 patgen evaluations; 3 parallel workers

============================================================
Round 1/30
  Tested: params=(12, 29, 22, 18, 1)
  validation: F_1/7=0.900150, precision=0.899818, recall=0.916739, good=7410, bad=825, missed=673, trie_nodes=2897, patterns=1495, objective=0.900099
  Tested: params=(5, 2, 26, 19, 4)
  validation: F_1/7=0.900845, precision=0.900573, recall=0.914388, good=7391, bad=816, missed=692, trie_nodes=1136, patterns=539, objective=0.900825
  Tested: params=(1, 30, 25, 7, 1)
  validation: F_1/7=0.892381, precision=0.891850, recall=0.919213, good=7430, bad=901, missed=653, trie_nodes=3192, patterns=1642, objective=0.892324
  Tested: params=(6, 10, 16, 13, 2)
  validation: F_1/7=0.899530, precision=0.899164, recall=0.917852, good=7419, bad=832, missed=664, trie_nodes=2580, patterns=1304, objective=0.899484
  Tested: params=(19, 5, 9, 11, 3)
  validation: F_1/7=0.905335, precision=0.905123, recall=0.915873, good=7403, bad=776, missed=680, trie_nodes=2903, patterns=1649, objective=0.905284
  Best so far: params=(19, 5, 9, 11, 3), score=0.905284, elapsed=3.5s

============================================================
Round 2/30
  Tested: params=(24, 6, 16, 18, 1)
  validation: F_1/7=0.906516, precision=0.906369, recall=0.913770, good=7386, bad=763, missed=697, trie_nodes=3199, patterns=1908, objective=0.906459
  Tested: params=(19, 6, 2, 29, 5)
  validation: F_1/7=0.907143, precision=0.906954, recall=0.916491, good=7408, bad=760, missed=675, trie_nodes=1457, patterns=814, objective=0.907117
  Tested: params=(25, 10, 3, 21, 3)
  validation: F_1/7=0.906517, precision=0.906330, recall=0.915749, good=7402, bad=765, missed=681, trie_nodes=3290, patterns=2013, objective=0.906459
  Tested: params=(4, 15, 2, 28, 2)
  validation: F_1/7=0.899688, precision=0.899298, recall=0.919213, good=7430, bad=832, missed=653, trie_nodes=2674, patterns=1337, objective=0.899640
  Tested: params=(20, 10, 16, 17, 1)
  validation: F_1/7=0.905891, precision=0.905707, recall=0.915007, good=7396, bad=770, missed=687, trie_nodes=2989, patterns=1729, objective=0.905838
  Best so far: params=(19, 6, 2, 29, 5), score=0.907117, elapsed=7.0s

============================================================
Round 3/30
  Tested: params=(30, 24, 29, 27, 3)
  validation: F_1/7=0.906829, precision=0.906691, recall=0.913646, good=7385, bad=760, missed=698, trie_nodes=3440, patterns=2087, objective=0.906768
  Tested: params=(28, 3, 6, 2, 2)
  validation: F_1/7=0.907293, precision=0.907160, recall=0.913893, good=7387, bad=756, missed=696, trie_nodes=3280, patterns=2029, objective=0.907235
  Tested: params=(12, 9, 25, 11, 2)
  validation: F_1/7=0.899971, precision=0.899648, recall=0.916120, good=7405, bad=826, missed=678, trie_nodes=2689, patterns=1405, objective=0.899924
  Tested: params=(17, 5, 25, 3, 5)
  validation: F_1/7=0.904148, precision=0.903969, recall=0.913027, good=7380, bad=784, missed=703, trie_nodes=1351, patterns=699, objective=0.904124
  Tested: params=(24, 6, 1, 25, 4)
  validation: F_1/7=0.903739, precision=0.903414, recall=0.919955, good=7436, bad=795, missed=647, trie_nodes=1883, patterns=1156, objective=0.903706
  Best so far: params=(28, 3, 6, 2, 2), score=0.907235, elapsed=10.7s

============================================================
Round 4/30
  Tested: params=(22, 24, 3, 11, 1)
  validation: F_1/7=0.905893, precision=0.905670, recall=0.916986, good=7412, bad=772, missed=671, trie_nodes=3198, patterns=1916, objective=0.905837
  Tested: params=(26, 19, 10, 2, 2)
  validation: F_1/7=0.906857, precision=0.906714, recall=0.913893, good=7387, bad=760, missed=696, trie_nodes=3315, patterns=2011, objective=0.906798
  Tested: params=(10, 22, 20, 27, 3)
  validation: F_1/7=0.899986, precision=0.899660, recall=0.916244, good=7406, bad=826, missed=677, trie_nodes=2767, patterns=1431, objective=0.899937
  Tested: params=(4, 22, 23, 17, 4)
  validation: F_1/7=0.896931, precision=0.896469, recall=0.920203, good=7438, bad=859, missed=645, trie_nodes=1232, patterns=541, objective=0.896909
  Tested: params=(15, 16, 13, 1, 1)
  validation: F_1/7=0.901239, precision=0.900962, recall=0.915007, good=7396, bad=813, missed=687, trie_nodes=2838, patterns=1561, objective=0.901189
  Best so far: params=(28, 3, 6, 2, 2), score=0.907235, elapsed=14.7s

============================================================
Round 5/30
  Tested: params=(1, 20, 10, 16, 5)
  validation: F_1/7=0.892786, precision=0.892232, recall=0.920821, good=7443, bad=899, missed=640, trie_nodes=1249, patterns=550, objective=0.892764
  Tested: params=(8, 13, 23, 7, 1)
  validation: F_1/7=0.899658, precision=0.899309, recall=0.917110, good=7413, bad=830, missed=670, trie_nodes=2619, patterns=1357, objective=0.899611
  Tested: params=(9, 5, 28, 25, 4)
  validation: F_1/7=0.901741, precision=0.901462, recall=0.915625, good=7401, bad=809, missed=682, trie_nodes=1142, patterns=530, objective=0.901720
  Tested: params=(27, 25, 6, 27, 3)
  validation: F_1/7=0.907129, precision=0.906982, recall=0.914388, good=7391, bad=758, missed=692, trie_nodes=3350, patterns=2042, objective=0.907070
  Tested: params=(25, 27, 10, 4, 2)
  validation: F_1/7=0.906529, precision=0.906380, recall=0.913893, good=7387, bad=763, missed=696, trie_nodes=3306, patterns=2019, objective=0.906471
  Best so far: params=(28, 3, 6, 2, 2), score=0.907235, elapsed=18.5s

============================================================
Round 6/30
  Tested: params=(13, 25, 26, 1, 3)
  validation: F_1/7=0.900407, precision=0.900110, recall=0.915254, good=7398, bad=821, missed=685, trie_nodes=2839, patterns=1505, objective=0.900357
  Tested: params=(13, 7, 4, 11, 5)
  validation: F_1/7=0.901746, precision=0.901448, recall=0.916615, good=7409, bad=810, missed=674, trie_nodes=1226, patterns=615, objective=0.901725
  Tested: params=(10, 16, 22, 11, 5)
  validation: F_1/7=0.901426, precision=0.901158, recall=0.914759, good=7394, bad=811, missed=689, trie_nodes=1191, patterns=562, objective=0.901405
  Tested: params=(29, 8, 15, 10, 2)
  validation: F_1/7=0.907266, precision=0.907137, recall=0.913646, good=7385, bad=756, missed=698, trie_nodes=3357, patterns=2036, objective=0.907206
  Tested: params=(2, 19, 16, 2, 2)
  validation: F_1/7=0.895137, precision=0.894673, recall=0.918471, good=7424, bad=874, missed=659, trie_nodes=2718, patterns=1393, objective=0.895089
  Best so far: params=(28, 3, 6, 2, 2), score=0.907235, elapsed=22.3s

============================================================
Round 7/30
  Tested: params=(28, 8, 5, 15, 5)
  validation: F_1/7=0.910035, precision=0.909977, recall=0.912904, good=7379, bad=730, missed=704, trie_nodes=1769, patterns=1076, objective=0.910004
  Tested: params=(8, 21, 23, 8, 4)
  validation: F_1/7=0.900393, precision=0.900061, recall=0.916986, good=7412, bad=823, missed=671, trie_nodes=1173, patterns=545, objective=0.900372
  Tested: params=(12, 19, 20, 17, 1)
  validation: F_1/7=0.899771, precision=0.899441, recall=0.916244, good=7406, bad=828, missed=677, trie_nodes=2716, patterns=1411, objective=0.899723
  Tested: params=(26, 10, 6, 2, 3)
  validation: F_1/7=0.907089, precision=0.906948, recall=0.914017, good=7388, bad=758, missed=695, trie_nodes=3260, patterns=1987, objective=0.907031
  Tested: params=(21, 1, 16, 7, 4)
  validation: F_1/7=0.909289, precision=0.909293, recall=0.909068, good=7348, bad=733, missed=735, trie_nodes=1696, patterns=1004, objective=0.909259
  Best so far: params=(28, 8, 5, 15, 5), score=0.910004, elapsed=25.8s

============================================================
Round 8/30
  Tested: params=(6, 21, 12, 29, 1)
  validation: F_1/7=0.898904, precision=0.898523, recall=0.917976, good=7420, bad=838, missed=663, trie_nodes=2786, patterns=1391, objective=0.898854
  Tested: params=(11, 4, 28, 27, 2)
  validation: F_1/7=0.899578, precision=0.899259, recall=0.915502, good=7400, bad=829, missed=683, trie_nodes=2674, patterns=1397, objective=0.899531
  Tested: params=(20, 25, 17, 16, 2)
  validation: F_1/7=0.906149, precision=0.905963, recall=0.915378, good=7399, bad=768, missed=684, trie_nodes=3126, patterns=1807, objective=0.906094
  Tested: params=(3, 27, 28, 19, 2)
  validation: F_1/7=0.896602, precision=0.896152, recall=0.919213, good=7430, bad=861, missed=653, trie_nodes=3005, patterns=1537, objective=0.896549
  Tested: params=(11, 22, 27, 27, 4)
  validation: F_1/7=0.901440, precision=0.901170, recall=0.914883, good=7395, bad=811, missed=688, trie_nodes=1233, patterns=585, objective=0.901418
  Best so far: params=(28, 8, 5, 15, 5), score=0.910004, elapsed=29.2s

============================================================
Round 9/30
  Tested: params=(20, 3, 5, 27, 4)
  validation: F_1/7=0.908399, precision=0.908265, recall=0.915007, good=7396, bad=747, missed=687, trie_nodes=1480, patterns=848, objective=0.908372
  Tested: params=(1, 4, 20, 1, 1)
  validation: F_1/7=0.898785, precision=0.898457, recall=0.915131, good=7397, bad=836, missed=686, trie_nodes=2616, patterns=1361, objective=0.898739
  Tested: params=(17, 21, 20, 7, 4)
  validation: F_1/7=0.903190, precision=0.902970, recall=0.914141, good=7389, bad=794, missed=694, trie_nodes=1369, patterns=709, objective=0.903166
  Tested: params=(8, 10, 23, 20, 5)
  validation: F_1/7=0.901180, precision=0.900876, recall=0.916368, good=7407, bad=815, missed=676, trie_nodes=1126, patterns=522, objective=0.901160
  Tested: params=(20, 18, 3, 12, 2)
  validation: F_1/7=0.905026, precision=0.904785, recall=0.916986, good=7412, bad=780, missed=671, trie_nodes=3085, patterns=1787, objective=0.904971
  Best so far: params=(28, 8, 5, 15, 5), score=0.910004, elapsed=32.6s

============================================================
Round 10/30
  Tested: params=(8, 30, 12, 27, 4)
  validation: F_1/7=0.899580, precision=0.899224, recall=0.917357, good=7415, bad=831, missed=668, trie_nodes=1245, patterns=579, objective=0.899557
  Tested: params=(24, 16, 18, 15, 1)
  validation: F_1/7=0.906502, precision=0.906357, recall=0.913646, good=7385, bad=763, missed=698, trie_nodes=3210, patterns=1920, objective=0.906445
  Tested: params=(22, 9, 1, 20, 1)
  validation: F_1/7=0.904526, precision=0.904268, recall=0.917357, good=7415, bad=785, missed=668, trie_nodes=3512, patterns=2197, objective=0.904464
  Tested: params=(29, 29, 28, 12, 1)
  validation: F_1/7=0.906938, precision=0.906803, recall=0.913646, good=7385, bad=759, missed=698, trie_nodes=3437, patterns=2094, objective=0.906877
  Tested: params=(28, 13, 29, 29, 5)
  validation: F_1/7=0.910504, precision=0.910533, recall=0.909068, good=7348, bad=722, missed=735, trie_nodes=1865, patterns=1108, objective=0.910470
  Best so far: params=(28, 13, 29, 29, 5), score=0.910470, elapsed=36.4s

============================================================
Round 11/30
  Tested: params=(9, 12, 26, 10, 1)
  validation: F_1/7=0.899829, precision=0.899490, recall=0.916739, good=7410, bad=828, missed=673, trie_nodes=2676, patterns=1397, objective=0.899781
  Tested: params=(17, 29, 21, 18, 1)
  validation: F_1/7=0.901560, precision=0.901253, recall=0.916863, good=7411, bad=812, missed=672, trie_nodes=3030, patterns=1638, objective=0.901506
  Tested: params=(19, 30, 5, 16, 5)
  validation: F_1/7=0.906898, precision=0.906709, recall=0.916244, good=7406, bad=762, missed=677, trie_nodes=1511, patterns=826, objective=0.906871
  Tested: params=(23, 21, 22, 11, 2)
  validation: F_1/7=0.905863, precision=0.905683, recall=0.914759, good=7394, bad=770, missed=689, trie_nodes=3190, patterns=1900, objective=0.905807
  Tested: params=(25, 25, 27, 28, 3)
  validation: F_1/7=0.906270, precision=0.906123, recall=0.913522, good=7384, bad=765, missed=699, trie_nodes=3360, patterns=2032, objective=0.906211
  Best so far: params=(28, 13, 29, 29, 5), score=0.910470, elapsed=40.1s

============================================================
Round 12/30
  Tested: params=(16, 24, 20, 22, 4)
  validation: F_1/7=0.903204, precision=0.902981, recall=0.914265, good=7390, bad=794, missed=693, trie_nodes=1409, patterns=727, objective=0.903179
  Tested: params=(27, 11, 12, 3, 3)
  validation: F_1/7=0.907471, precision=0.907348, recall=0.913522, good=7384, bad=754, missed=699, trie_nodes=3303, patterns=2005, objective=0.907412
  Tested: params=(2, 14, 17, 9, 3)
  validation: F_1/7=0.895878, precision=0.895429, recall=0.918471, good=7424, bad=867, missed=659, trie_nodes=2702, patterns=1369, objective=0.895830
  Tested: params=(1, 2, 25, 11, 1)
  validation: F_1/7=0.899283, precision=0.898990, recall=0.913893, good=7387, bad=830, missed=696, trie_nodes=2938, patterns=1561, objective=0.899231
  Tested: params=(16, 24, 7, 19, 1)
  validation: F_1/7=0.901896, precision=0.901593, recall=0.916986, good=7412, bad=809, missed=671, trie_nodes=2931, patterns=1582, objective=0.901844
  Best so far: params=(28, 13, 29, 29, 5), score=0.910470, elapsed=44.0s

============================================================
Round 13/30
  Tested: params=(2, 16, 17, 20, 4)
  validation: F_1/7=0.894093, precision=0.893574, recall=0.920327, good=7439, bad=886, missed=644, trie_nodes=1224, patterns=538, objective=0.894072
  Tested: params=(30, 16, 10, 24, 2)
  validation: F_1/7=0.907280, precision=0.907148, recall=0.913770, good=7386, bad=756, missed=697, trie_nodes=3365, patterns=2049, objective=0.907220
  Tested: params=(14, 3, 1, 29, 5)
  validation: F_1/7=0.896205, precision=0.895725, recall=0.920327, good=7439, bad=866, missed=644, trie_nodes=1481, patterns=791, objective=0.896178
  Tested: params=(21, 13, 6, 5, 2)
  validation: F_1/7=0.905565, precision=0.905374, recall=0.915007, good=7396, bad=773, missed=687, trie_nodes=3035, patterns=1780, objective=0.905511
  Tested: params=(17, 22, 20, 9, 5)
  validation: F_1/7=0.903190, precision=0.902970, recall=0.914141, good=7389, bad=794, missed=694, trie_nodes=1393, patterns=722, objective=0.903166
  Best so far: params=(28, 13, 29, 29, 5), score=0.910470, elapsed=47.7s

============================================================
Round 14/30
  Tested: params=(23, 17, 19, 13, 2)
  validation: F_1/7=0.905509, precision=0.905328, recall=0.914512, good=7392, bad=773, missed=691, trie_nodes=3155, patterns=1864, objective=0.905454
  Tested: params=(11, 23, 1, 4, 1)
  validation: F_1/7=0.899722, precision=0.899381, recall=0.916739, good=7410, bad=829, missed=673, trie_nodes=2926, patterns=1655, objective=0.899670
  Tested: params=(2, 26, 22, 15, 1)
  validation: F_1/7=0.893869, precision=0.893364, recall=0.919337, good=7431, bad=887, missed=652, trie_nodes=3065, patterns=1572, objective=0.893815
  Tested: params=(15, 15, 6, 14, 2)
  validation: F_1/7=0.900994, precision=0.900681, recall=0.916615, good=7409, bad=817, missed=674, trie_nodes=2828, patterns=1536, objective=0.900944
  Tested: params=(19, 20, 2, 12, 4)
  validation: F_1/7=0.905528, precision=0.905285, recall=0.917605, good=7417, bad=776, missed=666, trie_nodes=1544, patterns=850, objective=0.905501
  Best so far: params=(28, 13, 29, 29, 5), score=0.910470, elapsed=51.1s

============================================================
Round 15/30
  Tested: params=(16, 26, 20, 5, 1)
  validation: F_1/7=0.902055, precision=0.901765, recall=0.916491, good=7408, bad=807, missed=675, trie_nodes=2961, patterns=1612, objective=0.902002
  Tested: params=(20, 1, 18, 29, 3)
  validation: F_1/7=0.905930, precision=0.905778, recall=0.913398, good=7383, bad=768, missed=700, trie_nodes=3173, patterns=1889, objective=0.905873
  Tested: params=(12, 20, 14, 17, 5)
  validation: F_1/7=0.901656, precision=0.901390, recall=0.914883, good=7395, bad=809, missed=688, trie_nodes=1225, patterns=580, objective=0.901634
  Tested: params=(12, 29, 28, 6, 1)
  validation: F_1/7=0.900136, precision=0.899806, recall=0.916615, good=7409, bad=825, missed=674, trie_nodes=2897, patterns=1494, objective=0.900084
  Tested: params=(4, 1, 3, 21, 1)
  validation: F_1/7=0.898012, precision=0.897638, recall=0.916739, good=7410, bad=845, missed=673, trie_nodes=2792, patterns=1684, objective=0.897963
  Best so far: params=(28, 13, 29, 29, 5), score=0.910470, elapsed=54.6s

============================================================
Round 16/30
  Tested: params=(10, 26, 1, 25, 2)
  validation: F_1/7=0.898385, precision=0.897991, recall=0.918100, good=7421, bad=843, missed=662, trie_nodes=3122, patterns=1691, objective=0.898329
  Tested: params=(4, 21, 19, 27, 4)
  validation: F_1/7=0.896917, precision=0.896456, recall=0.920079, good=7437, bad=859, missed=646, trie_nodes=1217, patterns=534, objective=0.896895
  Tested: params=(25, 9, 6, 23, 5)
  validation: F_1/7=0.909174, precision=0.909136, recall=0.911048, good=7364, bad=736, missed=719, trie_nodes=1728, patterns=1042, objective=0.909143
  Tested: params=(30, 13, 12, 24, 2)
  validation: F_1/7=0.907280, precision=0.907148, recall=0.913770, good=7386, bad=756, missed=697, trie_nodes=3363, patterns=2050, objective=0.907220
  Tested: params=(28, 26, 13, 23, 4)
  validation: F_1/7=0.910306, precision=0.910306, recall=0.910306, good=7358, bad=725, missed=725, trie_nodes=1867, patterns=1118, objective=0.910272
  Best so far: params=(28, 13, 29, 29, 5), score=0.910470, elapsed=58.0s

============================================================
Round 17/30
  Tested: params=(4, 28, 16, 25, 2)
  validation: F_1/7=0.897587, precision=0.897151, recall=0.919461, good=7432, bad=852, missed=651, trie_nodes=3006, patterns=1515, objective=0.897533
  Tested: params=(27, 12, 1, 28, 1)
  validation: F_1/7=0.905270, precision=0.905029, recall=0.917234, good=7414, bad=778, missed=669, trie_nodes=3740, patterns=2407, objective=0.905204
  Tested: params=(10, 29, 29, 18, 4)
  validation: F_1/7=0.900558, precision=0.900255, recall=0.915625, good=7401, bad=820, missed=682, trie_nodes=1298, patterns=609, objective=0.900535
  Tested: params=(14, 9, 10, 21, 4)
  validation: F_1/7=0.902124, precision=0.901879, recall=0.914265, good=7390, bad=804, missed=693, trie_nodes=1220, patterns=618, objective=0.902102
  Tested: params=(24, 24, 3, 15, 1)
  validation: F_1/7=0.905675, precision=0.905467, recall=0.915997, good=7404, bad=773, missed=679, trie_nodes=3271, patterns=1980, objective=0.905617
  Best so far: params=(28, 13, 29, 29, 5), score=0.910470, elapsed=61.4s

============================================================
Round 18/30
  Tested: params=(17, 14, 27, 11, 1)
  validation: F_1/7=0.901152, precision=0.900852, recall=0.916120, good=7405, bad=815, missed=678, trie_nodes=2846, patterns=1553, objective=0.901102
  Tested: params=(5, 23, 19, 4, 1)
  validation: F_1/7=0.898855, precision=0.898463, recall=0.918471, good=7424, bad=839, missed=659, trie_nodes=2774, patterns=1391, objective=0.898805
  Tested: params=(22, 3, 25, 22, 1)
  validation: F_1/7=0.905917, precision=0.905748, recall=0.914265, good=7390, bad=769, missed=693, trie_nodes=3133, patterns=1849, objective=0.905861
  Tested: params=(3, 30, 12, 12, 5)
  validation: F_1/7=0.892831, precision=0.892254, recall=0.922059, good=7453, bad=900, missed=630, trie_nodes=1447, patterns=655, objective=0.892806
  Tested: params=(29, 30, 23, 12, 1)
  validation: F_1/7=0.907170, precision=0.907037, recall=0.913770, good=7386, bad=757, missed=697, trie_nodes=3433, patterns=2088, objective=0.907110
  Best so far: params=(28, 13, 29, 29, 5), score=0.910470, elapsed=65.2s

============================================================
Round 19/30
  Tested: params=(24, 17, 13, 28, 1)
  validation: F_1/7=0.906407, precision=0.906258, recall=0.913770, good=7386, bad=764, missed=697, trie_nodes=3206, patterns=1921, objective=0.906350
  Tested: params=(15, 1, 15, 2, 1)
  validation: F_1/7=0.900702, precision=0.900451, recall=0.913151, good=7381, bad=816, missed=702, trie_nodes=3274, patterns=1939, objective=0.900644
  Tested: params=(4, 20, 23, 18, 5)
  validation: F_1/7=0.897964, precision=0.897526, recall=0.919955, good=7436, bad=849, missed=647, trie_nodes=1151, patterns=497, objective=0.897943
  Tested: params=(12, 9, 27, 7, 5)
  validation: F_1/7=0.902340, precision=0.902100, recall=0.914265, good=7390, bad=802, missed=693, trie_nodes=1183, patterns=561, objective=0.902319
  Tested: params=(1, 30, 2, 27, 3)
  validation: F_1/7=0.892561, precision=0.892022, recall=0.919832, good=7435, bad=900, missed=648, trie_nodes=3188, patterns=1640, objective=0.892505
  Best so far: params=(28, 13, 29, 29, 5), score=0.910470, elapsed=69.0s

============================================================
Round 20/30
  Tested: params=(30, 3, 17, 30, 3)
  validation: F_1/7=0.907334, precision=0.907214, recall=0.913275, good=7382, bad=755, missed=701, trie_nodes=3379, patterns=2059, objective=0.907274
  Tested: params=(19, 21, 14, 19, 3)
  validation: F_1/7=0.906218, precision=0.906021, recall=0.915997, good=7404, bad=768, missed=679, trie_nodes=3000, patterns=1689, objective=0.906165
  Tested: params=(28, 2, 9, 29, 5)
  validation: F_1/7=0.910433, precision=0.910453, recall=0.909440, good=7351, bad=723, missed=732, trie_nodes=1818, patterns=1093, objective=0.910401
  Tested: params=(14, 19, 9, 6, 3)
  validation: F_1/7=0.899893, precision=0.899563, recall=0.916368, good=7407, bad=827, missed=676, trie_nodes=2757, patterns=1476, objective=0.899844
  Tested: params=(11, 18, 3, 30, 5)
  validation: F_1/7=0.900958, precision=0.900632, recall=0.917234, good=7414, bad=818, missed=669, trie_nodes=1227, patterns=588, objective=0.900936
  Best so far: params=(28, 13, 29, 29, 5), score=0.910470, elapsed=72.7s

============================================================
Round 21/30
  Tested: params=(21, 17, 10, 25, 4)
  validation: F_1/7=0.908376, precision=0.908307, recall=0.911790, good=7370, bad=744, missed=713, trie_nodes=1563, patterns=894, objective=0.908348
  Tested: params=(5, 28, 25, 29, 4)
  validation: F_1/7=0.896237, precision=0.895771, recall=0.919708, good=7434, bad=865, missed=649, trie_nodes=1357, patterns=605, objective=0.896213
  Tested: params=(19, 13, 28, 26, 1)
  validation: F_1/7=0.905525, precision=0.905321, recall=0.915625, good=7401, bad=774, missed=682, trie_nodes=2921, patterns=1653, objective=0.905473
  Tested: params=(1, 12, 25, 30, 1)
  validation: F_1/7=0.895305, precision=0.894851, recall=0.918100, good=7421, bad=872, missed=662, trie_nodes=2756, patterns=1403, objective=0.895256
  Tested: params=(18, 12, 30, 26, 5)
  validation: F_1/7=0.907758, precision=0.907649, recall=0.913151, good=7381, bad=751, missed=702, trie_nodes=1419, patterns=772, objective=0.907733
  Best so far: params=(28, 13, 29, 29, 5), score=0.910470, elapsed=76.1s

============================================================
Round 22/30
  Tested: params=(15, 13, 9, 2, 5)
  validation: F_1/7=0.903812, precision=0.903609, recall=0.913893, good=7387, bad=788, missed=696, trie_nodes=1329, patterns=693, objective=0.903788
  Tested: params=(25, 30, 30, 17, 4)
  validation: F_1/7=0.909026, precision=0.909012, recall=0.909687, good=7353, bad=736, missed=730, trie_nodes=1815, patterns=1082, objective=0.908994
  Tested: params=(29, 26, 8, 14, 1)
  validation: F_1/7=0.907102, precision=0.906960, recall=0.914141, good=7389, bad=758, missed=694, trie_nodes=3394, patterns=2072, objective=0.907042
  Tested: params=(29, 19, 7, 21, 4)
  validation: F_1/7=0.909861, precision=0.909832, recall=0.911295, good=7366, bad=730, missed=717, trie_nodes=1829, patterns=1110, objective=0.909829
  Tested: params=(11, 4, 21, 16, 4)
  validation: F_1/7=0.902499, precision=0.902272, recall=0.913770, good=7386, bad=800, missed=697, trie_nodes=1182, patterns=564, objective=0.902478
  Best so far: params=(28, 13, 29, 29, 5), score=0.910470, elapsed=79.5s

============================================================
Round 23/30
  Tested: params=(16, 26, 17, 17, 5)
  validation: F_1/7=0.903002, precision=0.902773, recall=0.914388, good=7391, bad=796, missed=692, trie_nodes=1426, patterns=738, objective=0.902977
  Tested: params=(13, 5, 1, 23, 4)
  validation: F_1/7=0.896460, precision=0.895979, recall=0.920698, good=7442, bad=864, missed=641, trie_nodes=1474, patterns=769, objective=0.896434
  Tested: params=(22, 7, 5, 1, 2)
  validation: F_1/7=0.905767, precision=0.905603, recall=0.913893, good=7387, bad=770, missed=696, trie_nodes=3056, patterns=1836, objective=0.905713
  Tested: params=(18, 12, 14, 28, 2)
  validation: F_1/7=0.904996, precision=0.904779, recall=0.915749, good=7402, bad=779, missed=681, trie_nodes=2909, patterns=1645, objective=0.904945
  Tested: params=(16, 24, 12, 19, 5)
  validation: F_1/7=0.903016, precision=0.902785, recall=0.914512, good=7392, bad=796, missed=691, trie_nodes=1402, patterns=725, objective=0.902991
  Best so far: params=(28, 13, 29, 29, 5), score=0.910470, elapsed=82.8s

============================================================
Round 24/30
  Tested: params=(29, 5, 28, 15, 2)
  validation: F_1/7=0.907020, precision=0.906891, recall=0.913398, good=7383, bad=758, missed=700, trie_nodes=3390, patterns=2044, objective=0.906960
  Tested: params=(14, 30, 15, 10, 4)
  validation: F_1/7=0.901131, precision=0.900853, recall=0.915007, good=7396, bad=814, missed=687, trie_nodes=1342, patterns=672, objective=0.901108
  Tested: params=(8, 3, 4, 4, 1)
  validation: F_1/7=0.899051, precision=0.898702, recall=0.916491, good=7408, bad=835, missed=675, trie_nodes=2545, patterns=1371, objective=0.899006
  Tested: params=(5, 20, 6, 11, 5)
  validation: F_1/7=0.898408, precision=0.897994, recall=0.919213, good=7430, bad=844, missed=653, trie_nodes=1124, patterns=482, objective=0.898389
  Tested: params=(15, 21, 6, 6, 1)
  validation: F_1/7=0.901667, precision=0.901362, recall=0.916863, good=7411, bad=811, missed=672, trie_nodes=2883, patterns=1556, objective=0.901616
  Best so far: params=(28, 13, 29, 29, 5), score=0.910470, elapsed=86.3s

============================================================
Round 25/30
  Tested: params=(6, 9, 6, 3, 1)
  validation: F_1/7=0.899359, precision=0.898983, recall=0.918223, good=7422, bad=834, missed=661, trie_nodes=2557, patterns=1292, objective=0.899314
  Tested: params=(14, 7, 11, 16, 4)
  validation: F_1/7=0.902110, precision=0.901867, recall=0.914141, good=7389, bad=804, missed=694, trie_nodes=1226, patterns=621, objective=0.902088
  Tested: params=(2, 24, 19, 3, 5)
  validation: F_1/7=0.892651, precision=0.892099, recall=0.920574, good=7441, bad=900, missed=642, trie_nodes=1437, patterns=666, objective=0.892626
  Tested: params=(28, 2, 9, 25, 4)
  validation: F_1/7=0.910517, precision=0.910544, recall=0.909192, good=7349, bad=722, missed=734, trie_nodes=1829, patterns=1099, objective=0.910484
  Tested: params=(6, 7, 12, 15, 4)
  validation: F_1/7=0.900400, precision=0.900049, recall=0.917976, good=7420, bad=824, missed=663, trie_nodes=1058, patterns=474, objective=0.900381
  Best so far: params=(28, 2, 9, 25, 4), score=0.910484, elapsed=89.9s

============================================================
Round 26/30
  Tested: params=(12, 14, 23, 2, 2)
  validation: F_1/7=0.899943, precision=0.899623, recall=0.915873, good=7403, bad=826, missed=680, trie_nodes=2696, patterns=1406, objective=0.899895
  Tested: params=(22, 27, 16, 16, 1)
  validation: F_1/7=0.906108, precision=0.905928, recall=0.915007, good=7396, bad=768, missed=687, trie_nodes=3203, patterns=1911, objective=0.906051
  Tested: params=(14, 16, 8, 9, 2)
  validation: F_1/7=0.899864, precision=0.899538, recall=0.916120, good=7405, bad=827, missed=678, trie_nodes=2754, patterns=1475, objective=0.899815
  Tested: params=(1, 10, 7, 10, 1)
  validation: F_1/7=0.895908, precision=0.895454, recall=0.918718, good=7426, bad=867, missed=657, trie_nodes=2650, patterns=1354, objective=0.895861
  Tested: params=(27, 18, 21, 24, 3)
  validation: F_1/7=0.907266, precision=0.907137, recall=0.913646, good=7385, bad=756, missed=698, trie_nodes=3368, patterns=2038, objective=0.907206
  Best so far: params=(28, 2, 9, 25, 4), score=0.910484, elapsed=93.8s

============================================================
Round 27/30
  Tested: params=(3, 17, 18, 23, 3)
  validation: F_1/7=0.897437, precision=0.897006, recall=0.919089, good=7429, bad=853, missed=654, trie_nodes=2669, patterns=1356, objective=0.897390
  Tested: params=(4, 9, 11, 20, 3)
  validation: F_1/7=0.899140, precision=0.898742, recall=0.919089, good=7429, bad=837, missed=654, trie_nodes=2549, patterns=1286, objective=0.899095
  Tested: params=(11, 30, 19, 8, 1)
  validation: F_1/7=0.899814, precision=0.899478, recall=0.916615, good=7409, bad=828, missed=674, trie_nodes=2886, patterns=1496, objective=0.899763
  Tested: params=(5, 8, 5, 6, 2)
  validation: F_1/7=0.899858, precision=0.899479, recall=0.918842, good=7427, bad=830, missed=656, trie_nodes=2527, patterns=1262, objective=0.899814
  Tested: params=(6, 27, 3, 16, 3)
  validation: F_1/7=0.898307, precision=0.897907, recall=0.918347, good=7423, bad=844, missed=660, trie_nodes=2961, patterns=1482, objective=0.898255
  Best so far: params=(28, 2, 9, 25, 4), score=0.910484, elapsed=97.7s

============================================================
Round 28/30
  Tested: params=(30, 4, 12, 30, 5)
  validation: F_1/7=0.910889, precision=0.910916, recall=0.909563, good=7352, bad=719, missed=731, trie_nodes=1844, patterns=1098, objective=0.910856
  Tested: params=(25, 8, 6, 21, 5)
  validation: F_1/7=0.909174, precision=0.909136, recall=0.911048, good=7364, bad=736, missed=719, trie_nodes=1728, patterns=1042, objective=0.909143
  Tested: params=(17, 18, 9, 24, 1)
  validation: F_1/7=0.901195, precision=0.900888, recall=0.916491, good=7408, bad=815, missed=675, trie_nodes=2837, patterns=1553, objective=0.901144
  Tested: params=(10, 13, 16, 8, 1)
  validation: F_1/7=0.899864, precision=0.899538, recall=0.916120, good=7405, bad=827, missed=678, trie_nodes=2683, patterns=1409, objective=0.899817
  Tested: params=(19, 9, 18, 5, 3)
  validation: F_1/7=0.905552, precision=0.905344, recall=0.915873, good=7403, bad=774, missed=680, trie_nodes=2918, patterns=1664, objective=0.905501
  Best so far: params=(30, 4, 12, 30, 5), score=0.910856, elapsed=101.1s

============================================================
Round 29/30
  Tested: params=(16, 2, 11, 5, 1)
  validation: F_1/7=0.901196, precision=0.900926, recall=0.914636, good=7393, bad=813, missed=690, trie_nodes=3007, patterns=1684, objective=0.901143
  Tested: params=(30, 10, 25, 8, 4)
  validation: F_1/7=0.910614, precision=0.910646, recall=0.909068, good=7348, bad=721, missed=735, trie_nodes=1866, patterns=1108, objective=0.910581
  Tested: params=(23, 18, 15, 13, 2)
  validation: F_1/7=0.905211, precision=0.905018, recall=0.914759, good=7394, bad=776, missed=689, trie_nodes=3176, patterns=1873, objective=0.905155
  Tested: params=(28, 25, 29, 4, 4)
  validation: F_1/7=0.910420, precision=0.910442, recall=0.909316, good=7350, bad=723, missed=733, trie_nodes=1888, patterns=1126, objective=0.910386
  Tested: params=(29, 6, 2, 23, 3)
  validation: F_1/7=0.906884, precision=0.906698, recall=0.916120, good=7405, bad=762, missed=678, trie_nodes=3367, patterns=2106, objective=0.906825
  Best so far: params=(30, 4, 12, 30, 5), score=0.910856, elapsed=104.4s

============================================================
Round 30/30
  Tested: params=(26, 5, 24, 7, 1)
  validation: F_1/7=0.907348, precision=0.907225, recall=0.913398, good=7383, bad=755, missed=700, trie_nodes=3304, patterns=1995, objective=0.907289
  Tested: params=(5, 25, 20, 16, 2)
  validation: F_1/7=0.898564, precision=0.898162, recall=0.918718, good=7426, bad=842, missed=657, trie_nodes=2911, patterns=1441, objective=0.898512
  Tested: params=(27, 12, 25, 14, 2)
  validation: F_1/7=0.907553, precision=0.907437, recall=0.913275, good=7382, bad=753, missed=701, trie_nodes=3343, patterns=2021, objective=0.907494
  Tested: params=(14, 10, 23, 16, 2)
  validation: F_1/7=0.899850, precision=0.899526, recall=0.915997, good=7404, bad=827, missed=679, trie_nodes=2736, patterns=1470, objective=0.899801
  Tested: params=(27, 12, 17, 28, 4)
  validation: F_1/7=0.910654, precision=0.910679, recall=0.909440, good=7351, bad=721, missed=732, trie_nodes=1834, patterns=1088, objective=0.910622
  Best so far: params=(30, 4, 12, 30, 5), score=0.910856, elapsed=107.6s

============================================================
Final phase: 3 evaluations
  Tested: params=(4, 29, 19, 11, 1)
  validation: F_1/7=0.897693, precision=0.897259, recall=0.919461, good=7432, bad=851, missed=651, trie_nodes=2999, patterns=1513, objective=0.897640
  Tested: params=(24, 19, 17, 27, 4)
  validation: F_1/7=0.908983, precision=0.908956, recall=0.910306, good=7358, bad=737, missed=725, trie_nodes=1729, patterns=1012, objective=0.908952
  Tested: params=(5, 10, 8, 23, 1)
  validation: F_1/7=0.899417, precision=0.899031, recall=0.918718, good=7426, bad=834, missed=657, trie_nodes=2544, patterns=1280, objective=0.899372

============================================================
Threshold ablation run complete
Best parameters (b1 b2 b3 b4 thr): (30, 4, 12, 30, 5)
Thresholds: {'mode': 'shared', 'shared': 5, 'per_level': [5, 5, 5, 5]}
  validation-selected: F_1/7=0.910889, precision=0.910916, recall=0.909563, good=7352, bad=719, missed=731, trie_nodes=1844, patterns=1098, objective=0.910856
  held-out test: F_1/7=0.911538, precision=0.911695, recall=0.903927, good=7320, bad=709, missed=778, trie_nodes=1844, patterns=1098
Summary: results/threshold_ablation/el/wiktionary/shared_random/summary.json
History: results/threshold_ablation/el/wiktionary/shared_random/history.csv
Wall time: 110.6s
