Proportional trie_normalizer for el/wiktionary: |D| = 28208
Objective: F17+Trie(w=0.0005)
Dataset: /home/dev/hyph-bench/data/el/wiktionary/el_wiktionary.wlh_dis.wlh
Translate: /home/dev/hyph-bench/data/el/wiktionary/el_wiktionary.wlh_dis.wlh.tra
Method: tpe | Threshold mode: perlayer
Search space (8-D): [(1, 30), (1, 30), (1, 30), (1, 30), (1, 5), (1, 5), (1, 5), (1, 5)]
Split counts: train=22568, validation=2820, test=2820
Pattern ranges: [(1, 4), (2, 5), (2, 6), (2, 7)]
Budget: 30 rounds x 5 + 3 final = 153 patgen evaluations; 3 parallel workers

============================================================
Round 1/30
  Tested: params=(12, 29, 22, 18, 1, 1, 1, 5)
  validation: F_1/7=0.899950, precision=0.899612, recall=0.916863, good=7411, bad=827, missed=672, trie_nodes=2773, patterns=1455, objective=0.899901
  Tested: params=(19, 22, 1, 30, 5, 2, 1, 1)
  validation: F_1/7=0.902094, precision=0.901761, recall=0.918718, good=7426, bad=809, missed=657, trie_nodes=3421, patterns=2034, objective=0.902033
  Tested: params=(10, 16, 13, 9, 4, 1, 2, 2)
  validation: F_1/7=0.899850, precision=0.899526, recall=0.915997, good=7404, bad=827, missed=679, trie_nodes=2685, patterns=1374, objective=0.899802
  Tested: params=(14, 24, 6, 16, 3, 1, 4, 1)
  validation: F_1/7=0.901675, precision=0.901388, recall=0.915997, good=7404, bad=810, missed=679, trie_nodes=2496, patterns=1306, objective=0.901631
  Tested: params=(2, 29, 29, 25, 2, 1, 4, 3)
  validation: F_1/7=0.893809, precision=0.893312, recall=0.918842, good=7427, bad=887, missed=656, trie_nodes=2969, patterns=1467, objective=0.893757
  Best so far: params=(19, 22, 1, 30, 5, 2, 1, 1), score=0.902033, elapsed=4.2s

============================================================
Round 2/30
  Tested: params=(4, 15, 2, 28, 2, 4, 2, 3)
  validation: F_1/7=0.898863, precision=0.898453, recall=0.919461, good=7432, bad=840, missed=651, trie_nodes=2619, patterns=1281, objective=0.898817
  Tested: params=(17, 6, 30, 24, 5, 5, 3, 5)
  validation: F_1/7=0.900372, precision=0.900024, recall=0.917729, good=7418, bad=824, missed=665, trie_nodes=2389, patterns=1203, objective=0.900329
  Tested: params=(3, 6, 2, 10, 2, 2, 5, 2)
  validation: F_1/7=0.900822, precision=0.900498, recall=0.916986, good=7412, bad=819, missed=671, trie_nodes=2153, patterns=1041, objective=0.900784
  Tested: params=(9, 17, 5, 25, 1, 5, 4, 1)
  validation: F_1/7=0.901330, precision=0.901021, recall=0.916739, good=7410, bad=814, missed=673, trie_nodes=2323, patterns=1160, objective=0.901289
  Tested: params=(1, 25, 22, 22, 4, 1, 2, 1)
  validation: F_1/7=0.893854, precision=0.893351, recall=0.919213, good=7430, bad=887, missed=653, trie_nodes=3042, patterns=1555, objective=0.893800
  Best so far: params=(19, 22, 1, 30, 5, 2, 1, 1), score=0.902033, elapsed=8.2s

============================================================
Round 3/30
  Tested: params=(27, 1, 12, 1, 5, 3, 1, 4)
  validation: F_1/7=0.908553, precision=0.908475, recall=0.912409, good=7375, bad=743, missed=708, trie_nodes=3224, patterns=1955, objective=0.908496
  Tested: params=(27, 1, 13, 1, 5, 3, 1, 4)
  validation: F_1/7=0.908553, precision=0.908475, recall=0.912409, good=7375, bad=743, missed=708, trie_nodes=3224, patterns=1955, objective=0.908496
  Tested: params=(26, 1, 12, 1, 5, 3, 1, 4)
  validation: F_1/7=0.908444, precision=0.908363, recall=0.912409, good=7375, bad=744, missed=708, trie_nodes=3203, patterns=1936, objective=0.908387
  Tested: params=(26, 12, 11, 1, 5, 3, 1, 4)
  validation: F_1/7=0.907922, precision=0.907806, recall=0.913646, good=7385, bad=750, missed=698, trie_nodes=3090, patterns=1850, objective=0.907867
  Tested: params=(26, 21, 12, 4, 5, 3, 1, 4)
  validation: F_1/7=0.908811, precision=0.908711, recall=0.913770, good=7386, bad=742, missed=697, trie_nodes=3155, patterns=1884, objective=0.908755
  Best so far: params=(26, 21, 12, 4, 5, 3, 1, 4), score=0.908755, elapsed=11.9s

============================================================
Round 4/30
  Tested: params=(30, 20, 19, 7, 4, 4, 2, 4)
  validation: F_1/7=0.907798, precision=0.907662, recall=0.914512, good=7392, bad=752, missed=691, trie_nodes=3006, patterns=1731, objective=0.907745
  Tested: params=(22, 20, 18, 7, 4, 4, 2, 4)
  validation: F_1/7=0.904604, precision=0.904372, recall=0.916120, good=7405, bad=783, missed=678, trie_nodes=2710, patterns=1498, objective=0.904556
  Tested: params=(30, 20, 19, 7, 4, 4, 2, 4)
  validation: F_1/7=0.907798, precision=0.907662, recall=0.914512, good=7392, bad=752, missed=691, trie_nodes=3006, patterns=1731, objective=0.907745
  Tested: params=(30, 20, 20, 7, 4, 4, 2, 4)
  validation: F_1/7=0.907798, precision=0.907662, recall=0.914512, good=7392, bad=752, missed=691, trie_nodes=3016, patterns=1735, objective=0.907745
  Tested: params=(30, 10, 18, 7, 4, 4, 2, 4)
  validation: F_1/7=0.907143, precision=0.906994, recall=0.914512, good=7392, bad=758, missed=691, trie_nodes=3008, patterns=1733, objective=0.907090
  Best so far: params=(26, 21, 12, 4, 5, 3, 1, 4), score=0.908755, elapsed=15.6s

============================================================
Round 5/30
  Tested: params=(22, 6, 8, 13, 3, 2, 3, 5)
  validation: F_1/7=0.905334, precision=0.905141, recall=0.914883, good=7395, bad=775, missed=688, trie_nodes=3009, patterns=1796, objective=0.905280
  Tested: params=(22, 9, 7, 12, 3, 2, 3, 5)
  validation: F_1/7=0.905253, precision=0.905053, recall=0.915131, good=7397, bad=776, missed=686, trie_nodes=2983, patterns=1788, objective=0.905200
  Tested: params=(22, 7, 8, 12, 3, 2, 3, 5)
  validation: F_1/7=0.905347, precision=0.905152, recall=0.915007, good=7396, bad=775, missed=687, trie_nodes=3011, patterns=1800, objective=0.905294
  Tested: params=(22, 7, 8, 12, 3, 2, 3, 5)
  validation: F_1/7=0.905347, precision=0.905152, recall=0.915007, good=7396, bad=775, missed=687, trie_nodes=3011, patterns=1800, objective=0.905294
  Tested: params=(22, 7, 8, 4, 3, 2, 3, 5)
  validation: F_1/7=0.905347, precision=0.905152, recall=0.915007, good=7396, bad=775, missed=687, trie_nodes=3011, patterns=1800, objective=0.905294
  Best so far: params=(26, 21, 12, 4, 5, 3, 1, 4), score=0.908755, elapsed=19.2s

============================================================
Round 6/30
  Tested: params=(27, 1, 15, 3, 5, 3, 1, 3)
  validation: F_1/7=0.908842, precision=0.908777, recall=0.912038, good=7372, bad=740, missed=711, trie_nodes=3310, patterns=1997, objective=0.908783
  Tested: params=(26, 2, 15, 3, 5, 3, 1, 3)
  validation: F_1/7=0.908265, precision=0.908173, recall=0.912780, good=7378, bad=746, missed=705, trie_nodes=3229, patterns=1909, objective=0.908208
  Tested: params=(26, 1, 11, 3, 5, 3, 1, 3)
  validation: F_1/7=0.908567, precision=0.908486, recall=0.912532, good=7376, bad=743, missed=707, trie_nodes=3255, patterns=1960, objective=0.908509
  Tested: params=(26, 1, 15, 3, 5, 3, 1, 3)
  validation: F_1/7=0.908732, precision=0.908665, recall=0.912038, good=7372, bad=741, missed=711, trie_nodes=3289, patterns=1977, objective=0.908674
  Tested: params=(27, 1, 15, 4, 5, 3, 1, 3)
  validation: F_1/7=0.908856, precision=0.908788, recall=0.912161, good=7373, bad=740, missed=710, trie_nodes=3315, patterns=1997, objective=0.908797
  Best so far: params=(27, 1, 15, 4, 5, 3, 1, 3), score=0.908797, elapsed=22.9s

============================================================
Round 7/30
  Tested: params=(18, 4, 24, 19, 5, 3, 1, 2)
  validation: F_1/7=0.905810, precision=0.905619, recall=0.915254, good=7398, bad=771, missed=685, trie_nodes=2850, patterns=1575, objective=0.905759
  Tested: params=(18, 4, 24, 5, 5, 3, 1, 2)
  validation: F_1/7=0.905810, precision=0.905619, recall=0.915254, good=7398, bad=771, missed=685, trie_nodes=2850, patterns=1575, objective=0.905759
  Tested: params=(19, 4, 26, 19, 5, 3, 1, 2)
  validation: F_1/7=0.906136, precision=0.905952, recall=0.915254, good=7398, bad=768, missed=685, trie_nodes=2862, patterns=1586, objective=0.906085
  Tested: params=(19, 25, 16, 19, 5, 3, 1, 2)
  validation: F_1/7=0.906653, precision=0.906464, recall=0.915997, good=7404, bad=764, missed=679, trie_nodes=3012, patterns=1657, objective=0.906600
  Tested: params=(19, 26, 26, 5, 5, 3, 1, 2)
  validation: F_1/7=0.906857, precision=0.906675, recall=0.915873, good=7403, bad=762, missed=680, trie_nodes=3027, patterns=1669, objective=0.906803
  Best so far: params=(27, 1, 15, 4, 5, 3, 1, 3), score=0.908797, elapsed=27.4s

============================================================
Round 8/30
  Tested: params=(24, 3, 15, 9, 4, 4, 2, 3)
  validation: F_1/7=0.907007, precision=0.906880, recall=0.913275, good=7382, bad=758, missed=701, trie_nodes=3109, patterns=1820, objective=0.906952
  Tested: params=(28, 3, 15, 9, 4, 4, 2, 3)
  validation: F_1/7=0.908087, precision=0.907984, recall=0.913151, good=7381, bad=748, missed=702, trie_nodes=3236, patterns=1920, objective=0.908029
  Tested: params=(24, 3, 15, 10, 4, 4, 2, 3)
  validation: F_1/7=0.907007, precision=0.906880, recall=0.913275, good=7382, bad=758, missed=701, trie_nodes=3109, patterns=1820, objective=0.906952
  Tested: params=(24, 14, 16, 10, 4, 4, 2, 3)
  validation: F_1/7=0.907239, precision=0.907114, recall=0.913398, good=7383, bad=756, missed=700, trie_nodes=3106, patterns=1817, objective=0.907184
  Tested: params=(24, 3, 16, 9, 4, 4, 2, 3)
  validation: F_1/7=0.907007, precision=0.906880, recall=0.913275, good=7382, bad=758, missed=701, trie_nodes=3109, patterns=1820, objective=0.906952
  Best so far: params=(27, 1, 15, 4, 5, 3, 1, 3), score=0.908797, elapsed=31.6s

============================================================
Round 9/30
  Tested: params=(14, 17, 10, 3, 1, 2, 5, 3)
  validation: F_1/7=0.901590, precision=0.901316, recall=0.915254, good=7398, bad=810, missed=685, trie_nodes=2369, patterns=1248, objective=0.901548
  Tested: params=(15, 28, 10, 3, 1, 2, 5, 3)
  validation: F_1/7=0.902387, precision=0.902121, recall=0.915625, good=7401, bad=803, missed=682, trie_nodes=2649, patterns=1429, objective=0.902340
  Tested: params=(15, 18, 10, 3, 1, 2, 5, 3)
  validation: F_1/7=0.902913, precision=0.902659, recall=0.915502, good=7400, bad=798, missed=683, trie_nodes=2456, patterns=1321, objective=0.902869
  Tested: params=(14, 17, 13, 3, 1, 2, 5, 3)
  validation: F_1/7=0.901590, precision=0.901316, recall=0.915254, good=7398, bad=810, missed=685, trie_nodes=2369, patterns=1248, objective=0.901548
  Tested: params=(14, 17, 10, 3, 1, 2, 5, 3)
  validation: F_1/7=0.901590, precision=0.901316, recall=0.915254, good=7398, bad=810, missed=685, trie_nodes=2369, patterns=1248, objective=0.901548
  Best so far: params=(27, 1, 15, 4, 5, 3, 1, 3), score=0.908797, elapsed=35.8s

============================================================
Round 10/30
  Tested: params=(27, 1, 13, 5, 5, 3, 1, 3)
  validation: F_1/7=0.908869, precision=0.908800, recall=0.912285, good=7374, bad=740, missed=709, trie_nodes=3303, patterns=1989, objective=0.908811
  Tested: params=(28, 22, 13, 5, 5, 3, 1, 3)
  validation: F_1/7=0.909236, precision=0.909147, recall=0.913646, good=7385, bad=738, missed=698, trie_nodes=3281, patterns=1950, objective=0.909178
  Tested: params=(28, 23, 13, 5, 5, 3, 1, 3)
  validation: F_1/7=0.909236, precision=0.909147, recall=0.913646, good=7385, bad=738, missed=698, trie_nodes=3286, patterns=1953, objective=0.909178
  Tested: params=(28, 1, 13, 5, 5, 3, 1, 3)
  validation: F_1/7=0.908869, precision=0.908800, recall=0.912285, good=7374, bad=740, missed=709, trie_nodes=3313, patterns=1999, objective=0.908810
  Tested: params=(28, 23, 13, 5, 5, 3, 1, 3)
  validation: F_1/7=0.909236, precision=0.909147, recall=0.913646, good=7385, bad=738, missed=698, trie_nodes=3286, patterns=1953, objective=0.909178
  Best so far: params=(28, 22, 13, 5, 5, 3, 1, 3), score=0.909178, elapsed=39.7s

============================================================
Round 11/30
  Tested: params=(9, 23, 5, 6, 5, 3, 1, 2)
  validation: F_1/7=0.900115, precision=0.899769, recall=0.917357, good=7415, bad=826, missed=668, trie_nodes=2701, patterns=1358, objective=0.900067
  Tested: params=(10, 23, 5, 5, 5, 1, 1, 2)
  validation: F_1/7=0.900315, precision=0.899976, recall=0.917234, good=7414, bad=824, missed=669, trie_nodes=2738, patterns=1393, objective=0.900266
  Tested: params=(10, 23, 4, 6, 5, 3, 1, 2)
  validation: F_1/7=0.900193, precision=0.899854, recall=0.917110, good=7413, bad=825, missed=670, trie_nodes=2724, patterns=1389, objective=0.900145
  Tested: params=(29, 23, 4, 6, 5, 1, 1, 2)
  validation: F_1/7=0.908631, precision=0.908499, recall=0.915131, good=7397, bad=745, missed=686, trie_nodes=3171, patterns=1919, objective=0.908575
  Tested: params=(6, 24, 4, 6, 5, 1, 1, 2)
  validation: F_1/7=0.898230, precision=0.897823, recall=0.918595, good=7425, bad=845, missed=658, trie_nodes=2881, patterns=1429, objective=0.898179
  Best so far: params=(28, 22, 13, 5, 5, 3, 1, 3), score=0.909178, elapsed=43.6s

============================================================
Round 12/30
  Tested: params=(28, 27, 13, 16, 5, 3, 4, 3)
  validation: F_1/7=0.911793, precision=0.911856, recall=0.908697, good=7345, bad=710, missed=738, trie_nodes=2396, patterns=1388, objective=0.911750
  Tested: params=(28, 21, 13, 15, 5, 3, 1, 3)
  validation: F_1/7=0.909236, precision=0.909147, recall=0.913646, good=7385, bad=738, missed=698, trie_nodes=3281, patterns=1950, objective=0.909178
  Tested: params=(28, 30, 12, 16, 5, 3, 4, 3)
  validation: F_1/7=0.911571, precision=0.911630, recall=0.908697, good=7345, bad=712, missed=738, trie_nodes=2408, patterns=1393, objective=0.911528
  Tested: params=(28, 27, 13, 8, 5, 3, 4, 3)
  validation: F_1/7=0.911793, precision=0.911856, recall=0.908697, good=7345, bad=710, missed=738, trie_nodes=2396, patterns=1388, objective=0.911750
  Tested: params=(28, 28, 13, 8, 5, 3, 1, 3)
  validation: F_1/7=0.909030, precision=0.908934, recall=0.913770, good=7386, bad=740, missed=697, trie_nodes=3311, patterns=1976, objective=0.908972
  Best so far: params=(28, 27, 13, 16, 5, 3, 4, 3), score=0.911750, elapsed=47.3s

============================================================
Round 13/30
  Tested: params=(29, 30, 17, 16, 4, 5, 4, 4)
  validation: F_1/7=0.909714, precision=0.909709, recall=0.909934, good=7355, bad=730, missed=728, trie_nodes=1885, patterns=1130, objective=0.909680
  Tested: params=(29, 30, 11, 15, 4, 5, 4, 4)
  validation: F_1/7=0.909437, precision=0.909417, recall=0.910429, good=7359, bad=733, missed=724, trie_nodes=1864, patterns=1125, objective=0.909404
  Tested: params=(30, 30, 17, 16, 2, 3, 4, 4)
  validation: F_1/7=0.907512, precision=0.907403, recall=0.912904, good=7379, bad=753, missed=704, trie_nodes=2918, patterns=1853, objective=0.907460
  Tested: params=(29, 30, 17, 16, 4, 5, 4, 4)
  validation: F_1/7=0.909714, precision=0.909709, recall=0.909934, good=7355, bad=730, missed=728, trie_nodes=1885, patterns=1130, objective=0.909680
  Tested: params=(29, 30, 17, 17, 2, 3, 4, 4)
  validation: F_1/7=0.907512, precision=0.907403, recall=0.912904, good=7379, bad=753, missed=704, trie_nodes=2916, patterns=1850, objective=0.907461
  Best so far: params=(28, 27, 13, 16, 5, 3, 4, 3), score=0.911750, elapsed=51.0s

============================================================
Round 14/30
  Tested: params=(25, 27, 20, 14, 4, 5, 4, 4)
  validation: F_1/7=0.909260, precision=0.909248, recall=0.909811, good=7354, bad=734, missed=729, trie_nodes=1810, patterns=1079, objective=0.909227
  Tested: params=(25, 27, 20, 14, 4, 5, 4, 4)
  validation: F_1/7=0.909260, precision=0.909248, recall=0.909811, good=7354, bad=734, missed=729, trie_nodes=1810, patterns=1079, objective=0.909227
  Tested: params=(25, 28, 11, 14, 4, 5, 4, 4)
  validation: F_1/7=0.909093, precision=0.909068, recall=0.910306, good=7358, bad=736, missed=725, trie_nodes=1789, patterns=1074, objective=0.909061
  Tested: params=(25, 27, 11, 14, 4, 5, 4, 4)
  validation: F_1/7=0.909093, precision=0.909068, recall=0.910306, good=7358, bad=736, missed=725, trie_nodes=1789, patterns=1074, objective=0.909061
  Tested: params=(25, 27, 20, 21, 4, 5, 4, 4)
  validation: F_1/7=0.909260, precision=0.909248, recall=0.909811, good=7354, bad=734, missed=729, trie_nodes=1810, patterns=1079, objective=0.909227
  Best so far: params=(28, 27, 13, 16, 5, 3, 4, 3), score=0.911750, elapsed=55.1s

============================================================
Round 15/30
  Tested: params=(29, 29, 22, 17, 3, 5, 4, 4)
  validation: F_1/7=0.906026, precision=0.905859, recall=0.914265, good=7390, bad=768, missed=693, trie_nodes=2611, patterns=1614, objective=0.905980
  Tested: params=(29, 29, 22, 17, 3, 5, 4, 4)
  validation: F_1/7=0.906026, precision=0.905859, recall=0.914265, good=7390, bad=768, missed=693, trie_nodes=2611, patterns=1614, objective=0.905980
  Tested: params=(29, 29, 17, 17, 3, 5, 4, 4)
  validation: F_1/7=0.906040, precision=0.905871, recall=0.914388, good=7391, bad=768, missed=692, trie_nodes=2599, patterns=1611, objective=0.905994
  Tested: params=(29, 29, 22, 17, 3, 5, 4, 4)
  validation: F_1/7=0.906026, precision=0.905859, recall=0.914265, good=7390, bad=768, missed=693, trie_nodes=2611, patterns=1614, objective=0.905980
  Tested: params=(29, 29, 22, 17, 3, 5, 4, 4)
  validation: F_1/7=0.906026, precision=0.905859, recall=0.914265, good=7390, bad=768, missed=693, trie_nodes=2611, patterns=1614, objective=0.905980
  Best so far: params=(28, 27, 13, 16, 5, 3, 4, 3), score=0.911750, elapsed=59.3s

============================================================
Round 16/30
  Tested: params=(23, 26, 20, 15, 4, 5, 4, 5)
  validation: F_1/7=0.907472, precision=0.907389, recall=0.911543, good=7368, bad=752, missed=715, trie_nodes=1697, patterns=990, objective=0.907442
  Tested: params=(23, 26, 20, 15, 4, 5, 4, 5)
  validation: F_1/7=0.907472, precision=0.907389, recall=0.911543, good=7368, bad=752, missed=715, trie_nodes=1697, patterns=990, objective=0.907442
  Tested: params=(23, 26, 20, 15, 4, 5, 4, 5)
  validation: F_1/7=0.907472, precision=0.907389, recall=0.911543, good=7368, bad=752, missed=715, trie_nodes=1697, patterns=990, objective=0.907442
  Tested: params=(23, 26, 20, 15, 4, 5, 4, 5)
  validation: F_1/7=0.907472, precision=0.907389, recall=0.911543, good=7368, bad=752, missed=715, trie_nodes=1697, patterns=990, objective=0.907442
  Tested: params=(23, 26, 18, 15, 4, 5, 4, 4)
  validation: F_1/7=0.907472, precision=0.907389, recall=0.911543, good=7368, bad=752, missed=715, trie_nodes=1697, patterns=990, objective=0.907442
  Best so far: params=(28, 27, 13, 16, 5, 3, 4, 3), score=0.911750, elapsed=63.3s

============================================================
Round 17/30
  Tested: params=(27, 30, 14, 13, 4, 4, 3, 4)
  validation: F_1/7=0.907211, precision=0.907051, recall=0.915131, good=7397, bad=758, missed=686, trie_nodes=2948, patterns=1702, objective=0.907159
  Tested: params=(27, 30, 14, 13, 4, 4, 3, 4)
  validation: F_1/7=0.907211, precision=0.907051, recall=0.915131, good=7397, bad=758, missed=686, trie_nodes=2948, patterns=1702, objective=0.907159
  Tested: params=(27, 30, 14, 11, 4, 4, 3, 4)
  validation: F_1/7=0.907320, precision=0.907162, recall=0.915131, good=7397, bad=757, missed=686, trie_nodes=2950, patterns=1703, objective=0.907268
  Tested: params=(27, 30, 14, 13, 4, 4, 3, 4)
  validation: F_1/7=0.907211, precision=0.907051, recall=0.915131, good=7397, bad=758, missed=686, trie_nodes=2948, patterns=1702, objective=0.907159
  Tested: params=(27, 30, 14, 11, 4, 4, 3, 4)
  validation: F_1/7=0.907320, precision=0.907162, recall=0.915131, good=7397, bad=757, missed=686, trie_nodes=2950, patterns=1703, objective=0.907268
  Best so far: params=(28, 27, 13, 16, 5, 3, 4, 3), score=0.911750, elapsed=67.4s

============================================================
Round 18/30
  Tested: params=(25, 27, 19, 20, 4, 5, 4, 4)
  validation: F_1/7=0.909260, precision=0.909248, recall=0.909811, good=7354, bad=734, missed=729, trie_nodes=1810, patterns=1079, objective=0.909227
  Tested: params=(25, 27, 19, 20, 4, 5, 4, 4)
  validation: F_1/7=0.909260, precision=0.909248, recall=0.909811, good=7354, bad=734, missed=729, trie_nodes=1810, patterns=1079, objective=0.909227
  Tested: params=(25, 27, 19, 21, 4, 5, 4, 4)
  validation: F_1/7=0.909260, precision=0.909248, recall=0.909811, good=7354, bad=734, missed=729, trie_nodes=1810, patterns=1079, objective=0.909227
  Tested: params=(25, 27, 19, 21, 4, 5, 4, 4)
  validation: F_1/7=0.909260, precision=0.909248, recall=0.909811, good=7354, bad=734, missed=729, trie_nodes=1810, patterns=1079, objective=0.909227
  Tested: params=(25, 27, 18, 24, 4, 5, 4, 4)
  validation: F_1/7=0.909260, precision=0.909248, recall=0.909811, good=7354, bad=734, missed=729, trie_nodes=1810, patterns=1079, objective=0.909227
  Best so far: params=(28, 27, 13, 16, 5, 3, 4, 3), score=0.911750, elapsed=71.1s

============================================================
Round 19/30
  Tested: params=(21, 25, 9, 18, 4, 5, 5, 4)
  validation: F_1/7=0.907554, precision=0.907458, recall=0.912285, good=7374, bad=752, missed=709, trie_nodes=1613, patterns=932, objective=0.907525
  Tested: params=(30, 28, 9, 18, 4, 5, 5, 4)
  validation: F_1/7=0.909767, precision=0.909754, recall=0.910429, good=7359, bad=730, missed=724, trie_nodes=1874, patterns=1129, objective=0.909734
  Tested: params=(30, 25, 21, 29, 4, 5, 5, 4)
  validation: F_1/7=0.910225, precision=0.910239, recall=0.909563, good=7352, bad=725, missed=731, trie_nodes=1889, patterns=1125, objective=0.910192
  Tested: params=(30, 28, 21, 26, 4, 5, 5, 1)
  validation: F_1/7=0.911309, precision=0.911370, recall=0.908326, good=7342, bad=714, missed=741, trie_nodes=2380, patterns=1374, objective=0.911267
  Tested: params=(21, 25, 9, 29, 4, 5, 5, 1)
  validation: F_1/7=0.909257, precision=0.909226, recall=0.910800, good=7362, bad=735, missed=721, trie_nodes=2234, patterns=1230, objective=0.909217
  Best so far: params=(28, 27, 13, 16, 5, 3, 4, 3), score=0.911750, elapsed=74.8s

============================================================
Round 20/30
  Tested: params=(30, 28, 23, 27, 4, 5, 5, 1)
  validation: F_1/7=0.911296, precision=0.911359, recall=0.908202, good=7341, bad=714, missed=742, trie_nodes=2388, patterns=1376, objective=0.911254
  Tested: params=(30, 28, 24, 27, 4, 5, 5, 1)
  validation: F_1/7=0.911296, precision=0.911359, recall=0.908202, good=7341, bad=714, missed=742, trie_nodes=2388, patterns=1376, objective=0.911254
  Tested: params=(30, 28, 23, 29, 4, 5, 5, 1)
  validation: F_1/7=0.911296, precision=0.911359, recall=0.908202, good=7341, bad=714, missed=742, trie_nodes=2388, patterns=1376, objective=0.911254
  Tested: params=(30, 28, 24, 29, 4, 5, 5, 1)
  validation: F_1/7=0.911296, precision=0.911359, recall=0.908202, good=7341, bad=714, missed=742, trie_nodes=2388, patterns=1376, objective=0.911254
  Tested: params=(30, 28, 24, 27, 4, 5, 5, 1)
  validation: F_1/7=0.911296, precision=0.911359, recall=0.908202, good=7341, bad=714, missed=742, trie_nodes=2388, patterns=1376, objective=0.911254
  Best so far: params=(28, 27, 13, 16, 5, 3, 4, 3), score=0.911750, elapsed=78.6s

============================================================
Round 21/30
  Tested: params=(30, 28, 24, 27, 5, 5, 5, 1)
  validation: F_1/7=0.911296, precision=0.911359, recall=0.908202, good=7341, bad=714, missed=742, trie_nodes=2388, patterns=1376, objective=0.911254
  Tested: params=(30, 28, 24, 27, 5, 5, 5, 1)
  validation: F_1/7=0.911296, precision=0.911359, recall=0.908202, good=7341, bad=714, missed=742, trie_nodes=2388, patterns=1376, objective=0.911254
  Tested: params=(30, 28, 24, 27, 5, 5, 5, 1)
  validation: F_1/7=0.911296, precision=0.911359, recall=0.908202, good=7341, bad=714, missed=742, trie_nodes=2388, patterns=1376, objective=0.911254
  Tested: params=(30, 28, 24, 27, 5, 5, 5, 1)
  validation: F_1/7=0.911296, precision=0.911359, recall=0.908202, good=7341, bad=714, missed=742, trie_nodes=2388, patterns=1376, objective=0.911254
  Tested: params=(30, 28, 24, 26, 5, 5, 5, 1)
  validation: F_1/7=0.911296, precision=0.911359, recall=0.908202, good=7341, bad=714, missed=742, trie_nodes=2388, patterns=1376, objective=0.911254
  Best so far: params=(28, 27, 13, 16, 5, 3, 4, 3), score=0.911750, elapsed=82.8s

============================================================
Round 22/30
  Tested: params=(28, 29, 25, 30, 5, 5, 5, 1)
  validation: F_1/7=0.911407, precision=0.911473, recall=0.908202, good=7341, bad=713, missed=742, trie_nodes=2373, patterns=1368, objective=0.911365
  Tested: params=(28, 24, 25, 30, 5, 5, 5, 1)
  validation: F_1/7=0.911726, precision=0.911801, recall=0.908079, good=7340, bad=710, missed=743, trie_nodes=2341, patterns=1342, objective=0.911685
  Tested: params=(28, 29, 26, 30, 5, 5, 5, 1)
  validation: F_1/7=0.911407, precision=0.911473, recall=0.908202, good=7341, bad=713, missed=742, trie_nodes=2377, patterns=1370, objective=0.911365
  Tested: params=(28, 29, 26, 30, 5, 5, 5, 1)
  validation: F_1/7=0.911407, precision=0.911473, recall=0.908202, good=7341, bad=713, missed=742, trie_nodes=2377, patterns=1370, objective=0.911365
  Tested: params=(28, 24, 26, 30, 5, 5, 5, 1)
  validation: F_1/7=0.911726, precision=0.911801, recall=0.908079, good=7340, bad=710, missed=743, trie_nodes=2345, patterns=1344, objective=0.911685
  Best so far: params=(28, 27, 13, 16, 5, 3, 4, 3), score=0.911750, elapsed=87.0s

============================================================
Round 23/30
  Tested: params=(26, 29, 27, 30, 5, 3, 5, 1)
  validation: F_1/7=0.911505, precision=0.911575, recall=0.908079, good=7340, bad=712, missed=743, trie_nodes=2382, patterns=1367, objective=0.911462
  Tested: params=(26, 24, 27, 30, 5, 3, 5, 1)
  validation: F_1/7=0.911713, precision=0.911790, recall=0.907955, good=7339, bad=710, missed=744, trie_nodes=2350, patterns=1339, objective=0.911672
  Tested: params=(26, 24, 27, 30, 5, 3, 5, 1)
  validation: F_1/7=0.911713, precision=0.911790, recall=0.907955, good=7339, bad=710, missed=744, trie_nodes=2350, patterns=1339, objective=0.911672
  Tested: params=(28, 24, 27, 30, 5, 3, 5, 1)
  validation: F_1/7=0.911811, precision=0.911893, recall=0.907831, good=7338, bad=709, missed=745, trie_nodes=2388, patterns=1368, objective=0.911769
  Tested: params=(26, 24, 27, 30, 5, 3, 5, 1)
  validation: F_1/7=0.911713, precision=0.911790, recall=0.907955, good=7339, bad=710, missed=744, trie_nodes=2350, patterns=1339, objective=0.911672
  Best so far: params=(28, 24, 27, 30, 5, 3, 5, 1), score=0.911769, elapsed=91.1s

============================================================
Round 24/30
  Tested: params=(26, 24, 28, 30, 5, 3, 5, 1)
  validation: F_1/7=0.911713, precision=0.911790, recall=0.907955, good=7339, bad=710, missed=744, trie_nodes=2350, patterns=1339, objective=0.911672
  Tested: params=(26, 22, 28, 30, 5, 3, 5, 1)
  validation: F_1/7=0.911713, precision=0.911790, recall=0.907955, good=7339, bad=710, missed=744, trie_nodes=2343, patterns=1335, objective=0.911672
  Tested: params=(26, 22, 28, 30, 5, 3, 5, 1)
  validation: F_1/7=0.911713, precision=0.911790, recall=0.907955, good=7339, bad=710, missed=744, trie_nodes=2343, patterns=1335, objective=0.911672
  Tested: params=(26, 24, 28, 30, 5, 3, 5, 1)
  validation: F_1/7=0.911713, precision=0.911790, recall=0.907955, good=7339, bad=710, missed=744, trie_nodes=2350, patterns=1339, objective=0.911672
  Tested: params=(26, 24, 28, 30, 5, 3, 5, 1)
  validation: F_1/7=0.911713, precision=0.911790, recall=0.907955, good=7339, bad=710, missed=744, trie_nodes=2350, patterns=1339, objective=0.911672
  Best so far: params=(28, 24, 27, 30, 5, 3, 5, 1), score=0.911769, elapsed=95.0s

============================================================
Round 25/30
  Tested: params=(26, 22, 30, 28, 5, 3, 5, 1)
  validation: F_1/7=0.911713, precision=0.911790, recall=0.907955, good=7339, bad=710, missed=744, trie_nodes=2343, patterns=1335, objective=0.911672
  Tested: params=(26, 22, 30, 28, 5, 3, 5, 1)
  validation: F_1/7=0.911713, precision=0.911790, recall=0.907955, good=7339, bad=710, missed=744, trie_nodes=2343, patterns=1335, objective=0.911672
  Tested: params=(26, 22, 30, 28, 5, 3, 5, 1)
  validation: F_1/7=0.911713, precision=0.911790, recall=0.907955, good=7339, bad=710, missed=744, trie_nodes=2343, patterns=1335, objective=0.911672
  Tested: params=(26, 22, 30, 28, 5, 3, 5, 1)
  validation: F_1/7=0.911713, precision=0.911790, recall=0.907955, good=7339, bad=710, missed=744, trie_nodes=2343, patterns=1335, objective=0.911672
  Tested: params=(26, 22, 28, 28, 5, 3, 5, 1)
  validation: F_1/7=0.911713, precision=0.911790, recall=0.907955, good=7339, bad=710, missed=744, trie_nodes=2343, patterns=1335, objective=0.911672
  Best so far: params=(28, 24, 27, 30, 5, 3, 5, 1), score=0.911769, elapsed=98.8s

============================================================
Round 26/30
  Tested: params=(24, 21, 30, 28, 5, 3, 5, 1)
  validation: F_1/7=0.910423, precision=0.910466, recall=0.908326, good=7342, bad=722, missed=741, trie_nodes=2287, patterns=1285, objective=0.910383
  Tested: params=(24, 21, 30, 28, 5, 3, 5, 1)
  validation: F_1/7=0.910423, precision=0.910466, recall=0.908326, good=7342, bad=722, missed=741, trie_nodes=2287, patterns=1285, objective=0.910383
  Tested: params=(24, 21, 30, 28, 5, 3, 5, 1)
  validation: F_1/7=0.910423, precision=0.910466, recall=0.908326, good=7342, bad=722, missed=741, trie_nodes=2287, patterns=1285, objective=0.910383
  Tested: params=(24, 21, 30, 28, 5, 3, 5, 1)
  validation: F_1/7=0.910423, precision=0.910466, recall=0.908326, good=7342, bad=722, missed=741, trie_nodes=2287, patterns=1285, objective=0.910383
  Tested: params=(24, 21, 30, 28, 5, 3, 5, 1)
  validation: F_1/7=0.910423, precision=0.910466, recall=0.908326, good=7342, bad=722, missed=741, trie_nodes=2287, patterns=1285, objective=0.910383
  Best so far: params=(28, 24, 27, 30, 5, 3, 5, 1), score=0.911769, elapsed=103.0s

============================================================
Round 27/30
  Tested: params=(27, 19, 29, 29, 5, 3, 5, 1)
  validation: F_1/7=0.911785, precision=0.911871, recall=0.907584, good=7336, bad=709, missed=747, trie_nodes=2353, patterns=1343, objective=0.911743
  Tested: params=(27, 19, 29, 29, 5, 3, 5, 1)
  validation: F_1/7=0.911785, precision=0.911871, recall=0.907584, good=7336, bad=709, missed=747, trie_nodes=2353, patterns=1343, objective=0.911743
  Tested: params=(27, 19, 29, 29, 5, 3, 5, 1)
  validation: F_1/7=0.911785, precision=0.911871, recall=0.907584, good=7336, bad=709, missed=747, trie_nodes=2353, patterns=1343, objective=0.911743
  Tested: params=(27, 22, 29, 29, 5, 3, 5, 1)
  validation: F_1/7=0.911811, precision=0.911893, recall=0.907831, good=7338, bad=709, missed=745, trie_nodes=2371, patterns=1354, objective=0.911769
  Tested: params=(27, 19, 29, 29, 5, 3, 5, 1)
  validation: F_1/7=0.911785, precision=0.911871, recall=0.907584, good=7336, bad=709, missed=747, trie_nodes=2353, patterns=1343, objective=0.911743
  Best so far: params=(27, 22, 29, 29, 5, 3, 5, 1), score=0.911769, elapsed=106.7s

============================================================
Round 28/30
  Tested: params=(28, 19, 29, 29, 5, 3, 5, 1)
  validation: F_1/7=0.911785, precision=0.911871, recall=0.907584, good=7336, bad=709, missed=747, trie_nodes=2363, patterns=1353, objective=0.911743
  Tested: params=(27, 18, 29, 29, 5, 3, 5, 1)
  validation: F_1/7=0.911785, precision=0.911871, recall=0.907584, good=7336, bad=709, missed=747, trie_nodes=2342, patterns=1337, objective=0.911743
  Tested: params=(27, 19, 29, 29, 5, 3, 5, 1)
  validation: F_1/7=0.911785, precision=0.911871, recall=0.907584, good=7336, bad=709, missed=747, trie_nodes=2353, patterns=1343, objective=0.911743
  Tested: params=(27, 19, 29, 29, 5, 3, 5, 1)
  validation: F_1/7=0.911785, precision=0.911871, recall=0.907584, good=7336, bad=709, missed=747, trie_nodes=2353, patterns=1343, objective=0.911743
  Tested: params=(27, 19, 29, 29, 5, 3, 5, 1)
  validation: F_1/7=0.911785, precision=0.911871, recall=0.907584, good=7336, bad=709, missed=747, trie_nodes=2353, patterns=1343, objective=0.911743
  Best so far: params=(27, 22, 29, 29, 5, 3, 5, 1), score=0.911769, elapsed=111.7s

============================================================
Round 29/30
  Tested: params=(27, 19, 29, 26, 5, 3, 5, 1)
  validation: F_1/7=0.911785, precision=0.911871, recall=0.907584, good=7336, bad=709, missed=747, trie_nodes=2353, patterns=1343, objective=0.911743
  Tested: params=(27, 19, 29, 29, 5, 3, 5, 1)
  validation: F_1/7=0.911785, precision=0.911871, recall=0.907584, good=7336, bad=709, missed=747, trie_nodes=2353, patterns=1343, objective=0.911743
  Tested: params=(27, 19, 28, 29, 5, 3, 5, 1)
  validation: F_1/7=0.911785, precision=0.911871, recall=0.907584, good=7336, bad=709, missed=747, trie_nodes=2353, patterns=1343, objective=0.911743
  Tested: params=(27, 19, 29, 29, 5, 3, 5, 1)
  validation: F_1/7=0.911785, precision=0.911871, recall=0.907584, good=7336, bad=709, missed=747, trie_nodes=2353, patterns=1343, objective=0.911743
  Tested: params=(27, 19, 29, 29, 5, 3, 5, 1)
  validation: F_1/7=0.911785, precision=0.911871, recall=0.907584, good=7336, bad=709, missed=747, trie_nodes=2353, patterns=1343, objective=0.911743
  Best so far: params=(27, 22, 29, 29, 5, 3, 5, 1), score=0.911769, elapsed=116.1s

============================================================
Round 30/30
  Tested: params=(27, 18, 29, 26, 5, 3, 5, 1)
  validation: F_1/7=0.911785, precision=0.911871, recall=0.907584, good=7336, bad=709, missed=747, trie_nodes=2342, patterns=1337, objective=0.911743
  Tested: params=(27, 17, 29, 29, 5, 3, 5, 1)
  validation: F_1/7=0.911785, precision=0.911871, recall=0.907584, good=7336, bad=709, missed=747, trie_nodes=2336, patterns=1332, objective=0.911743
  Tested: params=(27, 18, 29, 26, 5, 3, 5, 1)
  validation: F_1/7=0.911785, precision=0.911871, recall=0.907584, good=7336, bad=709, missed=747, trie_nodes=2342, patterns=1337, objective=0.911743
  Tested: params=(27, 18, 29, 26, 5, 3, 5, 1)
  validation: F_1/7=0.911785, precision=0.911871, recall=0.907584, good=7336, bad=709, missed=747, trie_nodes=2342, patterns=1337, objective=0.911743
  Tested: params=(27, 18, 29, 26, 5, 3, 5, 1)
  validation: F_1/7=0.911785, precision=0.911871, recall=0.907584, good=7336, bad=709, missed=747, trie_nodes=2342, patterns=1337, objective=0.911743
  Best so far: params=(27, 22, 29, 29, 5, 3, 5, 1), score=0.911769, elapsed=120.6s

============================================================
Final phase: 3 evaluations
  Tested: params=(29, 16, 29, 26, 5, 3, 5, 2)
  validation: F_1/7=0.911674, precision=0.911757, recall=0.907584, good=7336, bad=710, missed=747, trie_nodes=2363, patterns=1349, objective=0.911632
  Tested: params=(28, 16, 29, 24, 5, 3, 5, 1)
  validation: F_1/7=0.911785, precision=0.911871, recall=0.907584, good=7336, bad=709, missed=747, trie_nodes=2346, patterns=1342, objective=0.911743
  Tested: params=(29, 16, 29, 24, 5, 3, 5, 2)
  validation: F_1/7=0.911674, precision=0.911757, recall=0.907584, good=7336, bad=710, missed=747, trie_nodes=2363, patterns=1349, objective=0.911632

============================================================
Threshold ablation run complete
Best parameters (b1..b4 thr1..thr4): (27, 22, 29, 29, 5, 3, 5, 1)
Thresholds: {'mode': 'perlayer', 'shared': None, 'per_level': [5, 3, 5, 1]}
  validation-selected: F_1/7=0.911811, precision=0.911893, recall=0.907831, good=7338, bad=709, missed=745, trie_nodes=2371, patterns=1354, objective=0.911769
  held-out test: F_1/7=0.912678, precision=0.912897, recall=0.902075, good=7305, bad=697, missed=793, trie_nodes=2371, patterns=1354
Summary: results/threshold_ablation/el/wiktionary/perlayer_tpe/summary.json
History: results/threshold_ablation/el/wiktionary/perlayer_tpe/history.csv
Wall time: 124.6s
