Proportional trie_normalizer for es/wiktionary: |D| = 816723
Objective: F17+Trie(w=0.0005)
Dataset: /home/dev/hyph-bench/data/es/wiktionary/es_wiktionary.wlh_dis.wlh
Translate: /home/dev/hyph-bench/data/es/wiktionary/es_wiktionary.wlh_dis.wlh.tra
Method: random | Threshold mode: perlayer
Search space (8-D): [(1, 30), (1, 30), (1, 30), (1, 30), (1, 5), (1, 5), (1, 5), (1, 5)]
Split counts: train=653379, validation=81672, test=81672
Pattern ranges: [(1, 4), (2, 5), (2, 6), (2, 7)]
Budget: 30 rounds x 5 + 3 final = 153 patgen evaluations; 3 parallel workers

============================================================
Round 1/30
  Tested: params=(12, 29, 22, 18, 1, 1, 1, 5)
  validation: F_1/7=0.967978, precision=0.968381, recall=0.948628, good=253003, bad=8261, missed=13701, trie_nodes=1747, patterns=1136, objective=0.967976
  Tested: params=(19, 22, 1, 30, 5, 2, 1, 1)
  validation: F_1/7=0.974695, precision=0.975242, recall=0.948636, good=253005, bad=6423, missed=13699, trie_nodes=1922, patterns=1213, objective=0.974694
  Tested: params=(10, 16, 13, 9, 4, 1, 2, 2)
  validation: F_1/7=0.967909, precision=0.968310, recall=0.948628, good=253003, bad=8280, missed=13701, trie_nodes=1738, patterns=1104, objective=0.967908
  Tested: params=(14, 24, 6, 16, 3, 1, 4, 1)
  validation: F_1/7=0.968126, precision=0.968532, recall=0.948621, good=253001, bad=8220, missed=13703, trie_nodes=1740, patterns=1097, objective=0.968125
  Tested: params=(2, 29, 29, 25, 2, 1, 4, 3)
  validation: F_1/7=0.827496, precision=0.825345, recall=0.948628, good=253003, bad=53539, missed=13701, trie_nodes=1508, patterns=862, objective=0.827495
  Best so far: params=(19, 22, 1, 30, 5, 2, 1, 1), score=0.974694, elapsed=76.3s

============================================================
Round 2/30
  Tested: params=(4, 15, 2, 28, 2, 4, 2, 3)
  validation: F_1/7=0.897760, precision=0.896778, recall=0.948647, good=253008, bad=29122, missed=13696, trie_nodes=1589, patterns=954, objective=0.897759
  Tested: params=(17, 6, 30, 24, 5, 5, 3, 5)
  validation: F_1/7=0.969677, precision=0.970116, recall=0.948662, good=253012, bad=7794, missed=13692, trie_nodes=1351, patterns=817, objective=0.969676
  Tested: params=(3, 6, 2, 10, 2, 2, 5, 2)
  validation: F_1/7=0.883259, precision=0.882019, recall=0.948617, good=253000, bad=33842, missed=13704, trie_nodes=1434, patterns=908, objective=0.883258
  Tested: params=(9, 17, 5, 25, 1, 5, 4, 1)
  validation: F_1/7=0.966977, precision=0.967359, recall=0.948625, good=253002, bad=8537, missed=13702, trie_nodes=1668, patterns=1050, objective=0.966976
  Tested: params=(1, 25, 22, 22, 4, 1, 2, 1)
  validation: F_1/7=0.830793, precision=0.828692, recall=0.948647, good=253008, bad=52302, missed=13696, trie_nodes=1622, patterns=945, objective=0.830792
  Best so far: params=(19, 22, 1, 30, 5, 2, 1, 1), score=0.974694, elapsed=147.6s

============================================================
Round 3/30
  Tested: params=(26, 19, 10, 2, 2, 2, 4, 4)
  validation: F_1/7=0.978889, precision=0.979527, recall=0.948621, good=253001, bad=5288, missed=13703, trie_nodes=1713, patterns=1104, objective=0.978888
  Tested: params=(27, 15, 4, 22, 4, 3, 4, 3)
  validation: F_1/7=0.983403, precision=0.984140, recall=0.948576, good=252989, bad=4077, missed=13715, trie_nodes=1587, patterns=987, objective=0.983402
  Tested: params=(16, 13, 1, 4, 1, 4, 2, 3)
  validation: F_1/7=0.969726, precision=0.970167, recall=0.948628, good=253003, bad=7780, missed=13701, trie_nodes=1869, patterns=1165, objective=0.969725
  Tested: params=(28, 8, 13, 23, 2, 1, 2, 1)
  validation: F_1/7=0.983367, precision=0.984103, recall=0.948617, good=253000, bad=4087, missed=13704, trie_nodes=1836, patterns=1188, objective=0.983366
  Tested: params=(28, 25, 20, 27, 5, 1, 5, 3)
  validation: F_1/7=0.983395, precision=0.984133, recall=0.948576, good=252989, bad=4079, missed=13715, trie_nodes=1596, patterns=987, objective=0.983394
  Best so far: params=(27, 15, 4, 22, 4, 3, 4, 3), score=0.983402, elapsed=222.3s

============================================================
Round 4/30
  Tested: params=(25, 27, 10, 4, 2, 3, 5, 5)
  validation: F_1/7=0.974812, precision=0.975362, recall=0.948625, good=253002, bad=6391, missed=13702, trie_nodes=1711, patterns=1106, objective=0.974811
  Tested: params=(1, 16, 13, 7, 1, 2, 5, 2)
  validation: F_1/7=0.830788, precision=0.828687, recall=0.948632, good=253004, bad=52303, missed=13700, trie_nodes=1572, patterns=926, objective=0.830787
  Tested: params=(16, 22, 11, 30, 5, 2, 3, 2)
  validation: F_1/7=0.969723, precision=0.970163, recall=0.948625, good=253002, bad=7781, missed=13702, trie_nodes=1798, patterns=1121, objective=0.969721
  Tested: params=(9, 2, 19, 16, 1, 2, 5, 2)
  validation: F_1/7=0.967224, precision=0.967612, recall=0.948580, good=252990, bad=8468, missed=13714, trie_nodes=1600, patterns=1058, objective=0.967223
  Tested: params=(5, 15, 30, 8, 4, 4, 2, 4)
  validation: F_1/7=0.924767, precision=0.924291, recall=0.948692, good=253020, bad=20725, missed=13684, trie_nodes=1117, patterns=652, objective=0.924766
  Best so far: params=(27, 15, 4, 22, 4, 3, 4, 3), score=0.983402, elapsed=295.8s

============================================================
Round 5/30
  Tested: params=(12, 19, 20, 17, 1, 5, 2, 1)
  validation: F_1/7=0.967977, precision=0.968381, recall=0.948625, good=253002, bad=8261, missed=13702, trie_nodes=1789, patterns=1129, objective=0.967976
  Tested: params=(2, 18, 21, 1, 3, 2, 4, 1)
  validation: F_1/7=0.830808, precision=0.828707, recall=0.948621, good=253001, bad=52295, missed=13703, trie_nodes=1511, patterns=877, objective=0.830807
  Tested: params=(21, 12, 29, 5, 2, 1, 5, 5)
  validation: F_1/7=0.974768, precision=0.975317, recall=0.948625, good=253002, bad=6403, missed=13702, trie_nodes=1668, patterns=1088, objective=0.974767
  Tested: params=(8, 20, 25, 17, 3, 2, 1, 5)
  validation: F_1/7=0.966344, precision=0.966712, recall=0.948632, good=253004, bad=8712, missed=13700, trie_nodes=1691, patterns=1109, objective=0.966343
  Tested: params=(28, 19, 11, 11, 4, 5, 5, 4)
  validation: F_1/7=0.983318, precision=0.984053, recall=0.948617, good=253000, bad=4100, missed=13704, trie_nodes=1077, patterns=693, objective=0.983318
  Best so far: params=(27, 15, 4, 22, 4, 3, 4, 3), score=0.983402, elapsed=366.8s

============================================================
Round 6/30
  Tested: params=(20, 3, 5, 27, 4, 1, 1, 4)
  validation: F_1/7=0.974812, precision=0.975361, recall=0.948613, good=252999, bad=6391, missed=13705, trie_nodes=1673, patterns=1091, objective=0.974811
  Tested: params=(1, 5, 17, 21, 4, 2, 4, 2)
  validation: F_1/7=0.883394, precision=0.882156, recall=0.948610, good=252998, bad=33797, missed=13706, trie_nodes=1387, patterns=843, objective=0.883393
  Tested: params=(10, 23, 20, 26, 4, 3, 1, 2)
  validation: F_1/7=0.967905, precision=0.968307, recall=0.948628, good=253003, bad=8281, missed=13701, trie_nodes=1756, patterns=1109, objective=0.967904
  Tested: params=(8, 8, 30, 12, 5, 4, 4, 3)
  validation: F_1/7=0.966418, precision=0.966789, recall=0.948602, good=252996, bad=8691, missed=13708, trie_nodes=1438, patterns=899, objective=0.966417
  Tested: params=(18, 15, 6, 22, 2, 1, 4, 1)
  validation: F_1/7=0.974735, precision=0.975283, recall=0.948617, good=253000, bad=6412, missed=13704, trie_nodes=1729, patterns=1083, objective=0.974734
  Best so far: params=(27, 15, 4, 22, 4, 3, 4, 3), score=0.983402, elapsed=439.8s

============================================================
Round 7/30
  Tested: params=(29, 29, 28, 12, 1, 5, 3, 5)
  validation: F_1/7=0.983283, precision=0.984015, recall=0.948666, good=253013, bad=4110, missed=13691, trie_nodes=1483, patterns=917, objective=0.983282
  Tested: params=(29, 26, 9, 12, 5, 2, 1, 3)
  validation: F_1/7=0.983363, precision=0.984099, recall=0.948625, good=253002, bad=4088, missed=13702, trie_nodes=1839, patterns=1162, objective=0.983362
  Tested: params=(29, 21, 18, 3, 4, 5, 1, 3)
  validation: F_1/7=0.983378, precision=0.984114, recall=0.948621, good=253001, bad=4084, missed=13703, trie_nodes=1775, patterns=1126, objective=0.983377
  Tested: params=(27, 23, 21, 22, 2, 2, 5, 5)
  validation: F_1/7=0.983360, precision=0.984095, recall=0.948625, good=253002, bad=4089, missed=13702, trie_nodes=1717, patterns=1134, objective=0.983359
  Tested: params=(27, 28, 16, 16, 4, 4, 4, 4)
  validation: F_1/7=0.983315, precision=0.984049, recall=0.948617, good=253000, bad=4101, missed=13704, trie_nodes=1084, patterns=694, objective=0.983314
  Best so far: params=(27, 15, 4, 22, 4, 3, 4, 3), score=0.983402, elapsed=513.5s

============================================================
Round 8/30
  Tested: params=(27, 11, 12, 3, 3, 1, 3, 3)
  validation: F_1/7=0.983363, precision=0.984099, recall=0.948621, good=253001, bad=4088, missed=13703, trie_nodes=1854, patterns=1193, objective=0.983362
  Tested: params=(9, 18, 1, 2, 5, 2, 1, 3)
  validation: F_1/7=0.966977, precision=0.967359, recall=0.948625, good=253002, bad=8537, missed=13702, trie_nodes=1798, patterns=1169, objective=0.966976
  Tested: params=(24, 7, 19, 3, 1, 3, 3, 4)
  validation: F_1/7=0.974765, precision=0.975313, recall=0.948628, good=253003, bad=6404, missed=13701, trie_nodes=1757, patterns=1147, objective=0.974763
  Tested: params=(22, 30, 16, 10, 4, 2, 3, 1)
  validation: F_1/7=0.974757, precision=0.975305, recall=0.948625, good=253002, bad=6406, missed=13702, trie_nodes=1815, patterns=1128, objective=0.974756
  Tested: params=(1, 29, 26, 21, 3, 1, 1, 2)
  validation: F_1/7=0.827491, precision=0.825340, recall=0.948647, good=253008, bad=53542, missed=13696, trie_nodes=1627, patterns=942, objective=0.827490
  Best so far: params=(27, 15, 4, 22, 4, 3, 4, 3), score=0.983402, elapsed=583.5s

============================================================
Round 9/30
  Tested: params=(17, 22, 20, 9, 5, 4, 3, 4)
  validation: F_1/7=0.969659, precision=0.970097, recall=0.948670, good=253014, bad=7799, missed=13690, trie_nodes=1337, patterns=802, objective=0.969658
  Tested: params=(13, 8, 11, 23, 1, 1, 1, 1)
  validation: F_1/7=0.967988, precision=0.968391, recall=0.948617, good=253000, bad=8258, missed=13704, trie_nodes=1759, patterns=1137, objective=0.967987
  Tested: params=(26, 22, 15, 3, 3, 3, 1, 3)
  validation: F_1/7=0.978878, precision=0.979515, recall=0.948621, good=253001, bad=5291, missed=13703, trie_nodes=1863, patterns=1171, objective=0.978877
  Tested: params=(12, 19, 20, 2, 2, 4, 3, 5)
  validation: F_1/7=0.967896, precision=0.968297, recall=0.948670, good=253014, bad=8284, missed=13690, trie_nodes=1352, patterns=828, objective=0.967895
  Tested: params=(20, 5, 3, 20, 1, 3, 5, 3)
  validation: F_1/7=0.974742, precision=0.975290, recall=0.948610, good=252998, bad=6410, missed=13706, trie_nodes=1692, patterns=1076, objective=0.974741
  Best so far: params=(27, 15, 4, 22, 4, 3, 4, 3), score=0.983402, elapsed=655.6s

============================================================
Round 10/30
  Tested: params=(12, 20, 14, 17, 5, 2, 5, 5)
  validation: F_1/7=0.968009, precision=0.968413, recall=0.948606, good=252997, bad=8252, missed=13707, trie_nodes=1502, patterns=965, objective=0.968008
  Tested: params=(6, 3, 4, 1, 1, 4, 1, 2)
  validation: F_1/7=0.940736, precision=0.940578, recall=0.948580, good=252990, bad=15983, missed=13714, trie_nodes=1576, patterns=1059, objective=0.940735
  Tested: params=(26, 1, 25, 9, 1, 4, 4, 5)
  validation: F_1/7=0.979420, precision=0.980069, recall=0.948625, good=253002, bad=5145, missed=13702, trie_nodes=1371, patterns=902, objective=0.979419
  Tested: params=(23, 25, 9, 6, 4, 5, 5, 3)
  validation: F_1/7=0.974796, precision=0.975346, recall=0.948595, good=252994, bad=6395, missed=13710, trie_nodes=1564, patterns=956, objective=0.974795
  Tested: params=(12, 24, 11, 28, 5, 3, 4, 4)
  validation: F_1/7=0.968009, precision=0.968413, recall=0.948606, good=252997, bad=8252, missed=13707, trie_nodes=1500, patterns=963, objective=0.968008
  Best so far: params=(27, 15, 4, 22, 4, 3, 4, 3), score=0.983402, elapsed=729.0s

============================================================
Round 11/30
  Tested: params=(4, 28, 16, 25, 2, 5, 2, 1)
  validation: F_1/7=0.897750, precision=0.896769, recall=0.948647, good=253008, bad=29125, missed=13696, trie_nodes=1583, patterns=957, objective=0.897749
  Tested: params=(28, 3, 10, 29, 5, 3, 4, 3)
  validation: F_1/7=0.983503, precision=0.984243, recall=0.948546, good=252981, bad=4050, missed=13723, trie_nodes=1522, patterns=967, objective=0.983502
  Tested: params=(9, 10, 21, 23, 4, 4, 1, 3)
  validation: F_1/7=0.966980, precision=0.967362, recall=0.948628, good=253003, bad=8536, missed=13701, trie_nodes=1674, patterns=1052, objective=0.966979
  Tested: params=(2, 17, 14, 27, 2, 1, 1, 4)
  validation: F_1/7=0.830795, precision=0.828694, recall=0.948658, good=253011, bad=52302, missed=13693, trie_nodes=1522, patterns=918, objective=0.830794
  Tested: params=(19, 4, 3, 22, 1, 5, 4, 1)
  validation: F_1/7=0.974830, precision=0.975380, recall=0.948610, good=252998, bad=6386, missed=13706, trie_nodes=1663, patterns=1057, objective=0.974829
  Best so far: params=(28, 3, 10, 29, 5, 3, 4, 3), score=0.983502, elapsed=799.5s

============================================================
Round 12/30
  Tested: params=(3, 30, 12, 12, 5, 5, 5, 4)
  validation: F_1/7=0.843181, precision=0.841272, recall=0.948673, good=253015, bad=47738, missed=13689, trie_nodes=839, patterns=501, objective=0.843180
  Tested: params=(12, 3, 24, 17, 3, 5, 1, 3)
  validation: F_1/7=0.968071, precision=0.968477, recall=0.948617, good=253000, bad=8235, missed=13704, trie_nodes=1740, patterns=1135, objective=0.968070
  Tested: params=(1, 15, 2, 4, 1, 4, 4, 3)
  validation: F_1/7=0.830790, precision=0.828689, recall=0.948628, good=253003, bad=52302, missed=13701, trie_nodes=1515, patterns=882, objective=0.830789
  Tested: params=(29, 12, 9, 27, 2, 5, 1, 5)
  validation: F_1/7=0.983286, precision=0.984019, recall=0.948662, good=253012, bad=4109, missed=13692, trie_nodes=1488, patterns=924, objective=0.983285
  Tested: params=(2, 27, 16, 30, 1, 3, 5, 3)
  validation: F_1/7=0.827494, precision=0.825343, recall=0.948632, good=253004, bad=53540, missed=13700, trie_nodes=1542, patterns=881, objective=0.827493
  Best so far: params=(28, 3, 10, 29, 5, 3, 4, 3), score=0.983502, elapsed=873.0s

============================================================
Round 13/30
  Tested: params=(19, 21, 14, 19, 3, 5, 1, 2)
  validation: F_1/7=0.974720, precision=0.975268, recall=0.948625, good=253002, bad=6416, missed=13702, trie_nodes=1812, patterns=1120, objective=0.974719
  Tested: params=(29, 27, 14, 19, 2, 1, 3, 2)
  validation: F_1/7=0.983360, precision=0.984095, recall=0.948625, good=253002, bad=4089, missed=13702, trie_nodes=1906, patterns=1218, objective=0.983359
  Tested: params=(18, 3, 30, 30, 4, 3, 2, 5)
  validation: F_1/7=0.974826, precision=0.975376, recall=0.948610, good=252998, bad=6387, missed=13706, trie_nodes=1683, patterns=1092, objective=0.974825
  Tested: params=(21, 5, 28, 25, 5, 4, 4, 3)
  validation: F_1/7=0.974810, precision=0.975361, recall=0.948583, good=252991, bad=6391, missed=13713, trie_nodes=1523, patterns=944, objective=0.974809
  Tested: params=(28, 26, 2, 1, 2, 5, 5, 1)
  validation: F_1/7=0.983490, precision=0.984231, recall=0.948508, good=252971, bad=4053, missed=13733, trie_nodes=1662, patterns=1112, objective=0.983489
  Best so far: params=(28, 3, 10, 29, 5, 3, 4, 3), score=0.983502, elapsed=946.0s

============================================================
Round 14/30
  Tested: params=(18, 12, 30, 26, 5, 3, 3, 2)
  validation: F_1/7=0.974728, precision=0.975275, recall=0.948625, good=253002, bad=6414, missed=13702, trie_nodes=1763, patterns=1098, objective=0.974726
  Tested: params=(2, 26, 25, 30, 5, 3, 4, 5)
  validation: F_1/7=0.830812, precision=0.828712, recall=0.948632, good=253004, bad=52294, missed=13700, trie_nodes=1348, patterns=791, objective=0.830811
  Tested: params=(26, 8, 14, 4, 5, 4, 2, 4)
  validation: F_1/7=0.978828, precision=0.979463, recall=0.948662, good=253012, bad=5305, missed=13692, trie_nodes=1390, patterns=843, objective=0.978827
  Tested: params=(19, 11, 4, 21, 3, 4, 3, 5)
  validation: F_1/7=0.974648, precision=0.975194, recall=0.948666, good=253013, bad=6436, missed=13691, trie_nodes=1386, patterns=835, objective=0.974648
  Tested: params=(17, 17, 27, 13, 1, 1, 4, 4)
  validation: F_1/7=0.969744, precision=0.970185, recall=0.948621, good=253001, bad=7775, missed=13703, trie_nodes=1652, patterns=1074, objective=0.969743
  Best so far: params=(28, 3, 10, 29, 5, 3, 4, 3), score=0.983502, elapsed=1015.6s

============================================================
Round 15/30
  Tested: params=(22, 7, 5, 1, 2, 3, 2, 3)
  validation: F_1/7=0.974764, precision=0.975313, recall=0.948621, good=253001, bad=6404, missed=13703, trie_nodes=1818, patterns=1162, objective=0.974763
  Tested: params=(28, 11, 16, 24, 2, 4, 5, 5)
  validation: F_1/7=0.983297, precision=0.984031, recall=0.948658, good=253011, bad=4106, missed=13693, trie_nodes=1336, patterns=859, objective=0.983297
  Tested: params=(5, 28, 15, 8, 3, 5, 3, 2)
  validation: F_1/7=0.924845, precision=0.924372, recall=0.948643, good=253007, bad=20700, missed=13697, trie_nodes=1576, patterns=946, objective=0.924844
  Tested: params=(20, 8, 3, 4, 1, 1, 1, 4)
  validation: F_1/7=0.974717, precision=0.975264, recall=0.948625, good=253002, bad=6417, missed=13702, trie_nodes=1709, patterns=1105, objective=0.974715
  Tested: params=(6, 11, 27, 15, 4, 1, 1, 1)
  validation: F_1/7=0.925331, precision=0.924867, recall=0.948628, good=253003, bad=20553, missed=13701, trie_nodes=1635, patterns=1018, objective=0.925330
  Best so far: params=(28, 3, 10, 29, 5, 3, 4, 3), score=0.983502, elapsed=1089.6s

============================================================
Round 16/30
  Tested: params=(6, 9, 6, 3, 1, 3, 2, 2)
  validation: F_1/7=0.925341, precision=0.924878, recall=0.948632, good=253004, bad=20550, missed=13700, trie_nodes=1606, patterns=1021, objective=0.925340
  Tested: params=(16, 21, 2, 24, 4, 1, 5, 5)
  validation: F_1/7=0.969761, precision=0.970203, recall=0.948598, good=252995, bad=7770, missed=13709, trie_nodes=1516, patterns=959, objective=0.969760
  Tested: params=(2, 9, 25, 23, 1, 2, 2, 3)
  validation: F_1/7=0.840306, precision=0.838352, recall=0.948647, good=253008, bad=48784, missed=13696, trie_nodes=1623, patterns=984, objective=0.840305
  Tested: params=(19, 12, 14, 23, 1, 2, 4, 5)
  validation: F_1/7=0.974735, precision=0.975283, recall=0.948621, good=253001, bad=6412, missed=13703, trie_nodes=1634, patterns=1055, objective=0.974734
  Tested: params=(16, 16, 4, 14, 3, 2, 2, 2)
  validation: F_1/7=0.969723, precision=0.970163, recall=0.948628, good=253003, bad=7781, missed=13701, trie_nodes=1834, patterns=1157, objective=0.969722
  Best so far: params=(28, 3, 10, 29, 5, 3, 4, 3), score=0.983502, elapsed=1162.5s

============================================================
Round 17/30
  Tested: params=(1, 10, 7, 10, 1, 5, 3, 4)
  validation: F_1/7=0.840235, precision=0.838279, recall=0.948696, good=253021, bad=48813, missed=13683, trie_nodes=1133, patterns=646, objective=0.840234
  Tested: params=(24, 15, 3, 17, 3, 4, 3, 1)
  validation: F_1/7=0.974746, precision=0.975294, recall=0.948628, good=253003, bad=6409, missed=13701, trie_nodes=1865, patterns=1166, objective=0.974745
  Tested: params=(9, 11, 20, 18, 2, 5, 4, 2)
  validation: F_1/7=0.966984, precision=0.967366, recall=0.948621, good=253001, bad=8535, missed=13703, trie_nodes=1642, patterns=1038, objective=0.966983
  Tested: params=(4, 5, 8, 5, 1, 2, 1, 5)
  validation: F_1/7=0.897882, precision=0.896902, recall=0.948647, good=253008, bad=29083, missed=13696, trie_nodes=1495, patterns=967, objective=0.897881
  Tested: params=(3, 16, 13, 30, 1, 2, 5, 5)
  validation: F_1/7=0.843238, precision=0.841330, recall=0.948632, good=253004, bad=47715, missed=13700, trie_nodes=1380, patterns=851, objective=0.843237
  Best so far: params=(28, 3, 10, 29, 5, 3, 4, 3), score=0.983502, elapsed=1232.3s

============================================================
Round 18/30
  Tested: params=(25, 8, 6, 21, 5, 3, 3, 2)
  validation: F_1/7=0.974823, precision=0.975373, recall=0.948625, good=253002, bad=6388, missed=13702, trie_nodes=1762, patterns=1109, objective=0.974822
  Tested: params=(24, 6, 10, 13, 3, 2, 1, 4)
  validation: F_1/7=0.974764, precision=0.975313, recall=0.948621, good=253001, bad=6404, missed=13703, trie_nodes=1744, patterns=1143, objective=0.974763
  Tested: params=(9, 18, 5, 15, 3, 1, 2, 1)
  validation: F_1/7=0.966966, precision=0.967348, recall=0.948628, good=253003, bad=8540, missed=13701, trie_nodes=1776, patterns=1125, objective=0.966965
  Tested: params=(2, 30, 10, 25, 2, 4, 4, 3)
  validation: F_1/7=0.827496, precision=0.825345, recall=0.948628, good=253003, bad=53539, missed=13701, trie_nodes=1472, patterns=835, objective=0.827495
  Tested: params=(15, 13, 11, 28, 5, 5, 1, 4)
  validation: F_1/7=0.969656, precision=0.970094, recall=0.948670, good=253014, bad=7800, missed=13690, trie_nodes=1348, patterns=820, objective=0.969655
  Best so far: params=(28, 3, 10, 29, 5, 3, 4, 3), score=0.983502, elapsed=1304.5s

============================================================
Round 19/30
  Tested: params=(29, 6, 2, 23, 3, 5, 1, 4)
  validation: F_1/7=0.983283, precision=0.984015, recall=0.948666, good=253013, bad=4110, missed=13691, trie_nodes=1535, patterns=952, objective=0.983282
  Tested: params=(7, 5, 5, 25, 4, 3, 2, 5)
  validation: F_1/7=0.966297, precision=0.966664, recall=0.948640, good=253006, bad=8725, missed=13698, trie_nodes=1558, patterns=1047, objective=0.966296
  Tested: params=(12, 25, 14, 12, 3, 2, 4, 3)
  validation: F_1/7=0.967981, precision=0.968384, recall=0.948621, good=253001, bad=8260, missed=13703, trie_nodes=1751, patterns=1117, objective=0.967980
  Tested: params=(7, 27, 12, 17, 5, 4, 1, 5)
  validation: F_1/7=0.966209, precision=0.966573, recall=0.948677, good=253016, bad=8750, missed=13688, trie_nodes=1204, patterns=736, objective=0.966208
  Tested: params=(19, 11, 5, 24, 4, 3, 5, 4)
  validation: F_1/7=0.974770, precision=0.975320, recall=0.948595, good=252994, bad=6402, missed=13710, trie_nodes=1472, patterns=925, objective=0.974769
  Best so far: params=(28, 3, 10, 29, 5, 3, 4, 3), score=0.983502, elapsed=1376.6s

============================================================
Round 20/30
  Tested: params=(5, 10, 8, 23, 1, 3, 4, 5)
  validation: F_1/7=0.924855, precision=0.924382, recall=0.948647, good=253008, bad=20697, missed=13696, trie_nodes=1403, patterns=886, objective=0.924854
  Tested: params=(11, 25, 4, 26, 1, 2, 4, 1)
  validation: F_1/7=0.967966, precision=0.968369, recall=0.948625, good=253002, bad=8264, missed=13702, trie_nodes=1750, patterns=1120, objective=0.967965
  Tested: params=(7, 22, 22, 20, 4, 3, 2, 2)
  validation: F_1/7=0.966272, precision=0.966638, recall=0.948640, good=253006, bad=8732, missed=13698, trie_nodes=1682, patterns=1069, objective=0.966271
  Tested: params=(6, 28, 18, 13, 3, 5, 1, 3)
  validation: F_1/7=0.925328, precision=0.924864, recall=0.948628, good=253003, bad=20554, missed=13701, trie_nodes=1655, patterns=1013, objective=0.925327
  Tested: params=(16, 19, 1, 27, 5, 3, 4, 5)
  validation: F_1/7=0.969751, precision=0.970192, recall=0.948610, good=252998, bad=7773, missed=13706, trie_nodes=1533, patterns=968, objective=0.969750
  Best so far: params=(28, 3, 10, 29, 5, 3, 4, 3), score=0.983502, elapsed=1448.5s

============================================================
Round 21/30
  Tested: params=(22, 5, 18, 19, 3, 4, 5, 5)
  validation: F_1/7=0.974707, precision=0.975253, recall=0.948651, good=253009, bad=6420, missed=13695, trie_nodes=1303, patterns=832, objective=0.974706
  Tested: params=(14, 4, 30, 26, 1, 5, 5, 3)
  validation: F_1/7=0.968223, precision=0.968632, recall=0.948606, good=252997, bad=8193, missed=13707, trie_nodes=1649, patterns=1053, objective=0.968222
  Tested: params=(18, 12, 2, 11, 5, 1, 2, 2)
  validation: F_1/7=0.974721, precision=0.975268, recall=0.948636, good=253005, bad=6416, missed=13699, trie_nodes=1776, patterns=1107, objective=0.974720
  Tested: params=(17, 28, 11, 11, 4, 3, 2, 3)
  validation: F_1/7=0.969726, precision=0.970167, recall=0.948625, good=253002, bad=7780, missed=13702, trie_nodes=1797, patterns=1113, objective=0.969725
  Tested: params=(5, 6, 15, 13, 5, 2, 3, 4)
  validation: F_1/7=0.924851, precision=0.924378, recall=0.948636, good=253005, bad=20698, missed=13699, trie_nodes=1467, patterns=933, objective=0.924850
  Best so far: params=(28, 3, 10, 29, 5, 3, 4, 3), score=0.983502, elapsed=1520.0s

============================================================
Round 22/30
  Tested: params=(1, 20, 6, 29, 1, 3, 1, 5)
  validation: F_1/7=0.830780, precision=0.828678, recall=0.948662, good=253012, bad=52308, missed=13692, trie_nodes=1580, patterns=950, objective=0.830779
  Tested: params=(16, 18, 3, 23, 2, 5, 2, 1)
  validation: F_1/7=0.969723, precision=0.970163, recall=0.948628, good=253003, bad=7781, missed=13701, trie_nodes=1819, patterns=1133, objective=0.969722
  Tested: params=(2, 15, 17, 2, 4, 3, 3, 3)
  validation: F_1/7=0.830793, precision=0.828692, recall=0.948643, good=253007, bad=52302, missed=13697, trie_nodes=1607, patterns=954, objective=0.830792
  Tested: params=(13, 17, 5, 6, 5, 5, 2, 2)
  validation: F_1/7=0.967992, precision=0.968395, recall=0.948625, good=253002, bad=8257, missed=13702, trie_nodes=1722, patterns=1080, objective=0.967991
  Tested: params=(20, 13, 1, 5, 4, 4, 1, 2)
  validation: F_1/7=0.974713, precision=0.975260, recall=0.948628, good=253003, bad=6418, missed=13701, trie_nodes=1860, patterns=1174, objective=0.974712
  Best so far: params=(28, 3, 10, 29, 5, 3, 4, 3), score=0.983502, elapsed=1594.0s

============================================================
Round 23/30
  Tested: params=(7, 21, 1, 4, 4, 1, 4, 2)
  validation: F_1/7=0.966303, precision=0.966671, recall=0.948621, good=253001, bad=8723, missed=13703, trie_nodes=1526, patterns=957, objective=0.966302
  Tested: params=(3, 8, 22, 26, 5, 2, 4, 2)
  validation: F_1/7=0.853070, precision=0.851320, recall=0.948625, good=253002, bad=44186, missed=13702, trie_nodes=1368, patterns=829, objective=0.853069
  Tested: params=(9, 27, 1, 3, 2, 1, 1, 3)
  validation: F_1/7=0.966966, precision=0.967348, recall=0.948625, good=253002, bad=8540, missed=13702, trie_nodes=1845, patterns=1180, objective=0.966965
  Tested: params=(13, 27, 25, 11, 2, 2, 3, 2)
  validation: F_1/7=0.967977, precision=0.968381, recall=0.948625, good=253002, bad=8261, missed=13702, trie_nodes=1823, patterns=1156, objective=0.967976
  Tested: params=(19, 13, 17, 14, 2, 5, 4, 1)
  validation: F_1/7=0.974735, precision=0.975283, recall=0.948617, good=253000, bad=6412, missed=13704, trie_nodes=1700, patterns=1060, objective=0.974734
  Best so far: params=(28, 3, 10, 29, 5, 3, 4, 3), score=0.983502, elapsed=1664.5s

============================================================
Round 24/30
  Tested: params=(27, 15, 27, 24, 3, 1, 2, 3)
  validation: F_1/7=0.983352, precision=0.984087, recall=0.948625, good=253002, bad=4091, missed=13702, trie_nodes=1865, patterns=1197, objective=0.983351
  Tested: params=(20, 8, 5, 26, 5, 3, 1, 2)
  validation: F_1/7=0.974728, precision=0.975275, recall=0.948628, good=253003, bad=6414, missed=13701, trie_nodes=1757, patterns=1097, objective=0.974727
  Tested: params=(1, 28, 4, 18, 2, 3, 4, 5)
  validation: F_1/7=0.827481, precision=0.825330, recall=0.948636, good=253005, bad=53545, missed=13699, trie_nodes=1473, patterns=874, objective=0.827481
  Tested: params=(7, 1, 5, 28, 5, 3, 4, 4)
  validation: F_1/7=0.966568, precision=0.966942, recall=0.948561, good=252985, bad=8649, missed=13719, trie_nodes=1303, patterns=995, objective=0.966567
  Tested: params=(6, 28, 13, 12, 3, 1, 1, 4)
  validation: F_1/7=0.925328, precision=0.924864, recall=0.948636, good=253005, bad=20554, missed=13699, trie_nodes=1614, patterns=1020, objective=0.925327
  Best so far: params=(28, 3, 10, 29, 5, 3, 4, 3), score=0.983502, elapsed=1739.8s

============================================================
Round 25/30
  Tested: params=(3, 19, 8, 12, 2, 2, 4, 2)
  validation: F_1/7=0.843233, precision=0.841325, recall=0.948636, good=253005, bad=47717, missed=13699, trie_nodes=1488, patterns=881, objective=0.843232
  Tested: params=(17, 15, 20, 29, 4, 2, 1, 2)
  validation: F_1/7=0.969726, precision=0.970167, recall=0.948625, good=253002, bad=7780, missed=13702, trie_nodes=1777, patterns=1112, objective=0.969725
  Tested: params=(18, 2, 15, 18, 2, 4, 1, 1)
  validation: F_1/7=0.974940, precision=0.975493, recall=0.948606, good=252997, bad=6356, missed=13707, trie_nodes=1768, patterns=1139, objective=0.974939
  Tested: params=(22, 15, 21, 14, 2, 5, 4, 4)
  validation: F_1/7=0.974685, precision=0.975231, recall=0.948666, good=253013, bad=6426, missed=13691, trie_nodes=1299, patterns=819, objective=0.974684
  Tested: params=(9, 18, 11, 3, 5, 1, 5, 3)
  validation: F_1/7=0.967008, precision=0.967391, recall=0.948602, good=252996, bad=8528, missed=13708, trie_nodes=1553, patterns=957, objective=0.967007
  Best so far: params=(28, 3, 10, 29, 5, 3, 4, 3), score=0.983502, elapsed=1812.1s

============================================================
Round 26/30
  Tested: params=(6, 17, 27, 22, 5, 4, 4, 5)
  validation: F_1/7=0.925283, precision=0.924819, recall=0.948655, good=253010, bad=20568, missed=13694, trie_nodes=886, patterns=567, objective=0.925283
  Tested: params=(8, 15, 7, 30, 5, 1, 4, 5)
  validation: F_1/7=0.966393, precision=0.966763, recall=0.948613, good=252999, bad=8698, missed=13705, trie_nodes=1425, patterns=922, objective=0.966392
  Tested: params=(6, 18, 28, 2, 4, 2, 5, 5)
  validation: F_1/7=0.925356, precision=0.924893, recall=0.948613, good=252999, bad=20545, missed=13705, trie_nodes=1379, patterns=865, objective=0.925355
  Tested: params=(29, 15, 26, 26, 2, 5, 1, 3)
  validation: F_1/7=0.983360, precision=0.984095, recall=0.948625, good=253002, bad=4089, missed=13702, trie_nodes=1878, patterns=1197, objective=0.983359
  Tested: params=(7, 4, 3, 21, 2, 4, 1, 2)
  validation: F_1/7=0.966376, precision=0.966745, recall=0.948636, good=253005, bad=8703, missed=13699, trie_nodes=1645, patterns=1103, objective=0.966375
  Best so far: params=(28, 3, 10, 29, 5, 3, 4, 3), score=0.983502, elapsed=1882.2s

============================================================
Round 27/30
  Tested: params=(17, 24, 10, 19, 5, 4, 2, 1)
  validation: F_1/7=0.969737, precision=0.970178, recall=0.948625, good=253002, bad=7777, missed=13702, trie_nodes=1778, patterns=1098, objective=0.969736
  Tested: params=(27, 1, 27, 16, 5, 4, 5, 2)
  validation: F_1/7=0.983863, precision=0.984611, recall=0.948553, good=252983, bad=3954, missed=13721, trie_nodes=1526, patterns=986, objective=0.983862
  Tested: params=(24, 13, 15, 19, 5, 5, 4, 3)
  validation: F_1/7=0.974800, precision=0.975350, recall=0.948591, good=252993, bad=6394, missed=13711, trie_nodes=1564, patterns=959, objective=0.974799
  Tested: params=(13, 23, 8, 4, 2, 2, 2, 2)
  validation: F_1/7=0.967974, precision=0.968377, recall=0.948621, good=253001, bad=8262, missed=13703, trie_nodes=1818, patterns=1156, objective=0.967972
  Tested: params=(2, 1, 30, 13, 2, 4, 2, 5)
  validation: F_1/7=0.973325, precision=0.973842, recall=0.948647, good=253008, bad=6796, missed=13696, trie_nodes=1460, patterns=918, objective=0.973324
  Best so far: params=(27, 1, 27, 16, 5, 4, 5, 2), score=0.983862, elapsed=1956.6s

============================================================
Round 28/30
  Tested: params=(24, 3, 13, 27, 5, 3, 4, 1)
  validation: F_1/7=0.974898, precision=0.975450, recall=0.948561, good=252985, bad=6367, missed=13719, trie_nodes=1528, patterns=962, objective=0.974897
  Tested: params=(30, 7, 29, 20, 4, 3, 2, 1)
  validation: F_1/7=0.983375, precision=0.984110, recall=0.948625, good=253002, bad=4085, missed=13702, trie_nodes=1808, patterns=1149, objective=0.983374
  Tested: params=(7, 6, 24, 11, 1, 5, 5, 5)
  validation: F_1/7=0.966223, precision=0.966588, recall=0.948666, good=253013, bad=8746, missed=13691, trie_nodes=1057, patterns=695, objective=0.966222
  Tested: params=(30, 6, 12, 23, 4, 1, 5, 2)
  validation: F_1/7=0.983418, precision=0.984155, recall=0.948568, good=252987, bad=4073, missed=13717, trie_nodes=1552, patterns=968, objective=0.983417
  Tested: params=(7, 17, 18, 18, 1, 5, 2, 1)
  validation: F_1/7=0.966279, precision=0.966646, recall=0.948636, good=253005, bad=8730, missed=13699, trie_nodes=1675, patterns=1067, objective=0.966278
  Best so far: params=(27, 1, 27, 16, 5, 4, 5, 2), score=0.983862, elapsed=2029.5s

============================================================
Round 29/30
  Tested: params=(27, 29, 26, 25, 4, 3, 1, 3)
  validation: F_1/7=0.983360, precision=0.984095, recall=0.948625, good=253002, bad=4089, missed=13702, trie_nodes=1824, patterns=1151, objective=0.983359
  Tested: params=(12, 8, 22, 15, 1, 2, 4, 1)
  validation: F_1/7=0.968002, precision=0.968406, recall=0.948617, good=253000, bad=8254, missed=13704, trie_nodes=1686, patterns=1084, objective=0.968001
  Tested: params=(26, 15, 15, 18, 5, 2, 4, 3)
  validation: F_1/7=0.978929, precision=0.979568, recall=0.948591, good=252993, bad=5277, missed=13711, trie_nodes=1584, patterns=969, objective=0.978928
  Tested: params=(9, 27, 24, 20, 5, 5, 4, 5)
  validation: F_1/7=0.966909, precision=0.967289, recall=0.948655, good=253010, bad=8556, missed=13694, trie_nodes=983, patterns=625, objective=0.966909
  Tested: params=(21, 21, 19, 23, 1, 5, 5, 1)
  validation: F_1/7=0.974761, precision=0.975309, recall=0.948621, good=253001, bad=6405, missed=13703, trie_nodes=1755, patterns=1103, objective=0.974759
  Best so far: params=(27, 1, 27, 16, 5, 4, 5, 2), score=0.983862, elapsed=2099.6s

============================================================
Round 30/30
  Tested: params=(25, 4, 11, 23, 1, 5, 5, 3)
  validation: F_1/7=0.974915, precision=0.975467, recall=0.948613, good=252999, bad=6363, missed=13705, trie_nodes=1712, patterns=1087, objective=0.974914
  Tested: params=(1, 9, 19, 30, 4, 2, 4, 3)
  validation: F_1/7=0.840344, precision=0.838391, recall=0.948625, good=253002, bad=48769, missed=13702, trie_nodes=1375, patterns=810, objective=0.840343
  Tested: params=(24, 4, 23, 17, 5, 2, 4, 5)
  validation: F_1/7=0.974898, precision=0.975451, recall=0.948576, good=252989, bad=6367, missed=13715, trie_nodes=1454, patterns=939, objective=0.974897
  Tested: params=(4, 29, 21, 3, 2, 4, 1, 3)
  validation: F_1/7=0.897772, precision=0.896790, recall=0.948643, good=253007, bad=29118, missed=13697, trie_nodes=1526, patterns=931, objective=0.897771
  Tested: params=(11, 19, 2, 27, 5, 5, 4, 1)
  validation: F_1/7=0.967998, precision=0.968402, recall=0.948610, good=252998, bad=8255, missed=13706, trie_nodes=1584, patterns=971, objective=0.967997
  Best so far: params=(27, 1, 27, 16, 5, 4, 5, 2), score=0.983862, elapsed=2171.2s

============================================================
Final phase: 3 evaluations
  Tested: params=(23, 1, 1, 10, 3, 4, 4, 3)
  validation: F_1/7=0.974782, precision=0.975331, recall=0.948606, good=252997, bad=6399, missed=13707, trie_nodes=1775, patterns=1219, objective=0.974781
  Tested: params=(9, 30, 13, 14, 1, 4, 4, 2)
  validation: F_1/7=0.966973, precision=0.967355, recall=0.948625, good=253002, bad=8538, missed=13702, trie_nodes=1676, patterns=1053, objective=0.966972
  Tested: params=(3, 21, 20, 9, 5, 1, 3, 5)
  validation: F_1/7=0.843232, precision=0.841324, recall=0.948647, good=253008, bad=47718, missed=13696, trie_nodes=1534, patterns=925, objective=0.843231

============================================================
Threshold ablation run complete
Best parameters (b1..b4 thr1..thr4): (27, 1, 27, 16, 5, 4, 5, 2)
Thresholds: {'mode': 'perlayer', 'shared': None, 'per_level': [5, 4, 5, 2]}
  validation-selected: F_1/7=0.983863, precision=0.984611, recall=0.948553, good=252983, bad=3954, missed=13721, trie_nodes=1526, patterns=986, objective=0.983862
  held-out test: F_1/7=0.983445, precision=0.984184, recall=0.948566, good=253195, bad=4069, missed=13729, trie_nodes=1526, patterns=986
Summary: results/threshold_ablation/es/wiktionary/perlayer_random/summary.json
History: results/threshold_ablation/es/wiktionary/perlayer_random/history.csv
Wall time: 2243.3s
