Proportional trie_normalizer for es/wiktionary: |D| = 816723
Objective: F17+Trie(w=0.0005)
Dataset: /home/dev/hyph-bench/data/es/wiktionary/es_wiktionary.wlh_dis.wlh
Translate: /home/dev/hyph-bench/data/es/wiktionary/es_wiktionary.wlh_dis.wlh.tra
Method: tpe | Threshold mode: perlayer
Search space (8-D): [(1, 30), (1, 30), (1, 30), (1, 30), (1, 5), (1, 5), (1, 5), (1, 5)]
Split counts: train=653379, validation=81672, test=81672
Pattern ranges: [(1, 4), (2, 5), (2, 6), (2, 7)]
Budget: 30 rounds x 5 + 3 final = 153 patgen evaluations; 3 parallel workers

============================================================
Round 1/30
  Tested: params=(12, 29, 22, 18, 1, 1, 1, 5)
  validation: F_1/7=0.967978, precision=0.968381, recall=0.948628, good=253003, bad=8261, missed=13701, trie_nodes=1747, patterns=1136, objective=0.967976
  Tested: params=(19, 22, 1, 30, 5, 2, 1, 1)
  validation: F_1/7=0.974695, precision=0.975242, recall=0.948636, good=253005, bad=6423, missed=13699, trie_nodes=1922, patterns=1213, objective=0.974694
  Tested: params=(10, 16, 13, 9, 4, 1, 2, 2)
  validation: F_1/7=0.967909, precision=0.968310, recall=0.948628, good=253003, bad=8280, missed=13701, trie_nodes=1738, patterns=1104, objective=0.967908
  Tested: params=(14, 24, 6, 16, 3, 1, 4, 1)
  validation: F_1/7=0.968126, precision=0.968532, recall=0.948621, good=253001, bad=8220, missed=13703, trie_nodes=1740, patterns=1097, objective=0.968125
  Tested: params=(2, 29, 29, 25, 2, 1, 4, 3)
  validation: F_1/7=0.827496, precision=0.825345, recall=0.948628, good=253003, bad=53539, missed=13701, trie_nodes=1508, patterns=862, objective=0.827495
  Best so far: params=(19, 22, 1, 30, 5, 2, 1, 1), score=0.974694, elapsed=70.0s

============================================================
Round 2/30
  Tested: params=(4, 15, 2, 28, 2, 4, 2, 3)
  validation: F_1/7=0.897760, precision=0.896778, recall=0.948647, good=253008, bad=29122, missed=13696, trie_nodes=1589, patterns=954, objective=0.897759
  Tested: params=(17, 6, 30, 24, 5, 5, 3, 5)
  validation: F_1/7=0.969677, precision=0.970116, recall=0.948662, good=253012, bad=7794, missed=13692, trie_nodes=1351, patterns=817, objective=0.969676
  Tested: params=(3, 6, 2, 10, 2, 2, 5, 2)
  validation: F_1/7=0.883259, precision=0.882019, recall=0.948617, good=253000, bad=33842, missed=13704, trie_nodes=1434, patterns=908, objective=0.883258
  Tested: params=(9, 17, 5, 25, 1, 5, 4, 1)
  validation: F_1/7=0.966977, precision=0.967359, recall=0.948625, good=253002, bad=8537, missed=13702, trie_nodes=1668, patterns=1050, objective=0.966976
  Tested: params=(1, 25, 22, 22, 4, 1, 2, 1)
  validation: F_1/7=0.830793, precision=0.828692, recall=0.948647, good=253008, bad=52302, missed=13696, trie_nodes=1622, patterns=945, objective=0.830792
  Best so far: params=(19, 22, 1, 30, 5, 2, 1, 1), score=0.974694, elapsed=143.0s

============================================================
Round 3/30
  Tested: params=(27, 1, 12, 1, 5, 3, 1, 4)
  validation: F_1/7=0.983809, precision=0.984554, recall=0.948606, good=252997, bad=3969, missed=13707, trie_nodes=1781, patterns=1193, objective=0.983808
  Tested: params=(27, 1, 13, 1, 5, 3, 1, 4)
  validation: F_1/7=0.983809, precision=0.984554, recall=0.948606, good=252997, bad=3969, missed=13707, trie_nodes=1781, patterns=1193, objective=0.983808
  Tested: params=(26, 1, 12, 1, 5, 3, 1, 4)
  validation: F_1/7=0.979449, precision=0.980099, recall=0.948602, good=252996, bad=5137, missed=13708, trie_nodes=1777, patterns=1176, objective=0.979448
  Tested: params=(26, 12, 11, 1, 5, 3, 1, 4)
  validation: F_1/7=0.978885, precision=0.979523, recall=0.948625, good=253002, bad=5289, missed=13702, trie_nodes=1709, patterns=1097, objective=0.978884
  Tested: params=(26, 21, 12, 4, 5, 3, 1, 4)
  validation: F_1/7=0.978882, precision=0.979519, recall=0.948628, good=253003, bad=5290, missed=13701, trie_nodes=1732, patterns=1104, objective=0.978881
  Best so far: params=(27, 1, 12, 1, 5, 3, 1, 4), score=0.983808, elapsed=215.1s

============================================================
Round 4/30
  Tested: params=(30, 1, 18, 7, 4, 4, 2, 4)
  validation: F_1/7=0.983772, precision=0.984516, recall=0.948628, good=253003, bad=3979, missed=13701, trie_nodes=1552, patterns=988, objective=0.983771
  Tested: params=(22, 1, 18, 8, 4, 4, 2, 4)
  validation: F_1/7=0.975276, precision=0.975836, recall=0.948628, good=253003, bad=6265, missed=13701, trie_nodes=1524, patterns=961, objective=0.975275
  Tested: params=(30, 1, 19, 8, 4, 4, 2, 4)
  validation: F_1/7=0.983772, precision=0.984516, recall=0.948628, good=253003, bad=3979, missed=13701, trie_nodes=1552, patterns=988, objective=0.983771
  Tested: params=(30, 1, 17, 8, 4, 4, 2, 4)
  validation: F_1/7=0.983772, precision=0.984516, recall=0.948628, good=253003, bad=3979, missed=13701, trie_nodes=1552, patterns=988, objective=0.983771
  Tested: params=(30, 1, 18, 7, 4, 4, 2, 4)
  validation: F_1/7=0.983772, precision=0.984516, recall=0.948628, good=253003, bad=3979, missed=13701, trie_nodes=1552, patterns=988, objective=0.983771
  Best so far: params=(27, 1, 12, 1, 5, 3, 1, 4), score=0.983808, elapsed=286.2s

============================================================
Round 5/30
  Tested: params=(23, 6, 8, 13, 3, 2, 3, 5)
  validation: F_1/7=0.974764, precision=0.975313, recall=0.948621, good=253001, bad=6404, missed=13703, trie_nodes=1740, patterns=1139, objective=0.974763
  Tested: params=(22, 6, 8, 12, 3, 2, 3, 5)
  validation: F_1/7=0.974764, precision=0.975313, recall=0.948621, good=253001, bad=6404, missed=13703, trie_nodes=1740, patterns=1139, objective=0.974763
  Tested: params=(21, 6, 8, 13, 3, 2, 3, 5)
  validation: F_1/7=0.974764, precision=0.975313, recall=0.948621, good=253001, bad=6404, missed=13703, trie_nodes=1722, patterns=1129, objective=0.974763
  Tested: params=(22, 7, 8, 13, 3, 2, 3, 5)
  validation: F_1/7=0.974764, precision=0.975313, recall=0.948621, good=253001, bad=6404, missed=13703, trie_nodes=1740, patterns=1139, objective=0.974763
  Tested: params=(22, 6, 8, 14, 3, 2, 3, 5)
  validation: F_1/7=0.974764, precision=0.975313, recall=0.948621, good=253001, bad=6404, missed=13703, trie_nodes=1740, patterns=1139, objective=0.974763
  Best so far: params=(27, 1, 12, 1, 5, 3, 1, 4), score=0.983808, elapsed=358.7s

============================================================
Round 6/30
  Tested: params=(27, 9, 15, 4, 5, 3, 1, 3)
  validation: F_1/7=0.983371, precision=0.984107, recall=0.948625, good=253002, bad=4086, missed=13702, trie_nodes=1788, patterns=1140, objective=0.983370
  Tested: params=(27, 9, 15, 4, 5, 3, 1, 3)
  validation: F_1/7=0.983371, precision=0.984107, recall=0.948625, good=253002, bad=4086, missed=13702, trie_nodes=1788, patterns=1140, objective=0.983370
  Tested: params=(27, 10, 15, 4, 5, 3, 1, 3)
  validation: F_1/7=0.983360, precision=0.984095, recall=0.948625, good=253002, bad=4089, missed=13702, trie_nodes=1805, patterns=1146, objective=0.983359
  Tested: params=(28, 9, 15, 4, 5, 3, 1, 3)
  validation: F_1/7=0.983371, precision=0.984107, recall=0.948625, good=253002, bad=4086, missed=13702, trie_nodes=1786, patterns=1139, objective=0.983370
  Tested: params=(27, 11, 15, 4, 5, 3, 1, 3)
  validation: F_1/7=0.983360, precision=0.984095, recall=0.948625, good=253002, bad=4089, missed=13702, trie_nodes=1805, patterns=1146, objective=0.983359
  Best so far: params=(27, 1, 12, 1, 5, 3, 1, 4), score=0.983808, elapsed=430.9s

============================================================
Round 7/30
  Tested: params=(24, 3, 22, 1, 4, 5, 2, 4)
  validation: F_1/7=0.974813, precision=0.975362, recall=0.948640, good=253006, bad=6391, missed=13698, trie_nodes=1430, patterns=882, objective=0.974812
  Tested: params=(24, 3, 21, 1, 4, 5, 2, 4)
  validation: F_1/7=0.974813, precision=0.975362, recall=0.948640, good=253006, bad=6391, missed=13698, trie_nodes=1430, patterns=882, objective=0.974812
  Tested: params=(24, 3, 21, 1, 4, 5, 2, 4)
  validation: F_1/7=0.974813, precision=0.975362, recall=0.948640, good=253006, bad=6391, missed=13698, trie_nodes=1430, patterns=882, objective=0.974812
  Tested: params=(24, 4, 22, 1, 4, 5, 2, 4)
  validation: F_1/7=0.974817, precision=0.975366, recall=0.948640, good=253006, bad=6390, missed=13698, trie_nodes=1417, patterns=874, objective=0.974816
  Tested: params=(24, 3, 21, 1, 4, 5, 2, 4)
  validation: F_1/7=0.974813, precision=0.975362, recall=0.948640, good=253006, bad=6391, missed=13698, trie_nodes=1430, patterns=882, objective=0.974812
  Best so far: params=(27, 1, 12, 1, 5, 3, 1, 4), score=0.983808, elapsed=500.9s

============================================================
Round 8/30
  Tested: params=(19, 4, 19, 6, 5, 4, 1, 5)
  validation: F_1/7=0.974770, precision=0.975317, recall=0.948658, good=253011, bad=6403, missed=13693, trie_nodes=1372, patterns=834, objective=0.974769
  Tested: params=(30, 4, 19, 6, 5, 4, 1, 5)
  validation: F_1/7=0.983410, precision=0.984145, recall=0.948655, good=253010, bad=4076, missed=13694, trie_nodes=1447, patterns=906, objective=0.983409
  Tested: params=(30, 4, 19, 6, 5, 4, 1, 2)
  validation: F_1/7=0.983461, precision=0.984198, recall=0.948617, good=253000, bad=4062, missed=13704, trie_nodes=1784, patterns=1146, objective=0.983460
  Tested: params=(30, 4, 25, 6, 5, 4, 1, 2)
  validation: F_1/7=0.983461, precision=0.984198, recall=0.948617, good=253000, bad=4062, missed=13704, trie_nodes=1784, patterns=1146, objective=0.983460
  Tested: params=(30, 4, 27, 17, 5, 4, 1, 2)
  validation: F_1/7=0.983461, precision=0.984198, recall=0.948617, good=253000, bad=4062, missed=13704, trie_nodes=1784, patterns=1146, objective=0.983460
  Best so far: params=(27, 1, 12, 1, 5, 3, 1, 4), score=0.983808, elapsed=575.0s

============================================================
Round 9/30
  Tested: params=(13, 27, 10, 10, 1, 3, 5, 4)
  validation: F_1/7=0.967981, precision=0.968384, recall=0.948625, good=253002, bad=8260, missed=13702, trie_nodes=1667, patterns=1093, objective=0.967980
  Tested: params=(13, 15, 10, 10, 1, 3, 5, 4)
  validation: F_1/7=0.967992, precision=0.968395, recall=0.948621, good=253001, bad=8257, missed=13703, trie_nodes=1643, patterns=1080, objective=0.967991
  Tested: params=(13, 13, 13, 10, 1, 3, 5, 4)
  validation: F_1/7=0.967992, precision=0.968395, recall=0.948621, good=253001, bad=8257, missed=13703, trie_nodes=1635, patterns=1077, objective=0.967991
  Tested: params=(13, 13, 10, 10, 1, 3, 5, 4)
  validation: F_1/7=0.967992, precision=0.968395, recall=0.948621, good=253001, bad=8257, missed=13703, trie_nodes=1635, patterns=1077, objective=0.967991
  Tested: params=(13, 15, 10, 10, 1, 3, 5, 4)
  validation: F_1/7=0.967992, precision=0.968395, recall=0.948621, good=253001, bad=8257, missed=13703, trie_nodes=1643, patterns=1080, objective=0.967991
  Best so far: params=(27, 1, 12, 1, 5, 3, 1, 4), score=0.983808, elapsed=645.9s

============================================================
Round 10/30
  Tested: params=(28, 1, 17, 8, 4, 4, 2, 3)
  validation: F_1/7=0.983820, precision=0.984566, recall=0.948602, good=252996, bad=3966, missed=13708, trie_nodes=1830, patterns=1203, objective=0.983819
  Tested: params=(28, 1, 13, 20, 4, 4, 2, 3)
  validation: F_1/7=0.983816, precision=0.984562, recall=0.948602, good=252996, bad=3967, missed=13708, trie_nodes=1825, patterns=1202, objective=0.983815
  Tested: params=(28, 1, 17, 20, 4, 4, 2, 3)
  validation: F_1/7=0.983820, precision=0.984566, recall=0.948602, good=252996, bad=3966, missed=13708, trie_nodes=1830, patterns=1203, objective=0.983819
  Tested: params=(28, 1, 17, 20, 4, 4, 2, 3)
  validation: F_1/7=0.983820, precision=0.984566, recall=0.948602, good=252996, bad=3966, missed=13708, trie_nodes=1830, patterns=1203, objective=0.983819
  Tested: params=(28, 1, 17, 21, 4, 4, 2, 3)
  validation: F_1/7=0.983820, precision=0.984566, recall=0.948602, good=252996, bad=3966, missed=13708, trie_nodes=1830, patterns=1203, objective=0.983819
  Best so far: params=(28, 1, 17, 8, 4, 4, 2, 3), score=0.983819, elapsed=718.1s

============================================================
Round 11/30
  Tested: params=(9, 2, 16, 20, 4, 4, 2, 3)
  validation: F_1/7=0.967219, precision=0.967606, recall=0.948610, good=252998, bad=8470, missed=13706, trie_nodes=1674, patterns=1094, objective=0.967218
  Tested: params=(9, 2, 17, 21, 4, 4, 2, 3)
  validation: F_1/7=0.967219, precision=0.967606, recall=0.948610, good=252998, bad=8470, missed=13706, trie_nodes=1674, patterns=1094, objective=0.967218
  Tested: params=(8, 20, 16, 20, 4, 4, 2, 3)
  validation: F_1/7=0.966347, precision=0.966716, recall=0.948632, good=253004, bad=8711, missed=13700, trie_nodes=1697, patterns=1071, objective=0.966346
  Tested: params=(28, 20, 17, 20, 4, 4, 2, 3)
  validation: F_1/7=0.983360, precision=0.984095, recall=0.948625, good=253002, bad=4089, missed=13702, trie_nodes=1799, patterns=1134, objective=0.983359
  Tested: params=(6, 2, 17, 20, 4, 4, 2, 3)
  validation: F_1/7=0.966563, precision=0.966937, recall=0.948613, good=252999, bad=8651, missed=13705, trie_nodes=1647, patterns=1074, objective=0.966562
  Best so far: params=(28, 1, 17, 8, 4, 4, 2, 3), score=0.983819, elapsed=792.0s

============================================================
Round 12/30
  Tested: params=(28, 2, 13, 24, 3, 4, 4, 2)
  validation: F_1/7=0.983471, precision=0.984209, recall=0.948591, good=252993, bad=4059, missed=13711, trie_nodes=1719, patterns=1120, objective=0.983470
  Tested: params=(28, 2, 14, 24, 3, 4, 3, 2)
  validation: F_1/7=0.983460, precision=0.984198, recall=0.948606, good=252997, bad=4062, missed=13707, trie_nodes=1827, patterns=1200, objective=0.983459
  Tested: params=(28, 2, 13, 24, 3, 4, 4, 2)
  validation: F_1/7=0.983471, precision=0.984209, recall=0.948591, good=252993, bad=4059, missed=13711, trie_nodes=1719, patterns=1120, objective=0.983470
  Tested: params=(28, 2, 13, 26, 3, 4, 4, 2)
  validation: F_1/7=0.983471, precision=0.984209, recall=0.948591, good=252993, bad=4059, missed=13711, trie_nodes=1719, patterns=1120, objective=0.983470
  Tested: params=(28, 2, 13, 24, 3, 4, 4, 2)
  validation: F_1/7=0.983471, precision=0.984209, recall=0.948591, good=252993, bad=4059, missed=13711, trie_nodes=1719, patterns=1120, objective=0.983470
  Best so far: params=(28, 1, 17, 8, 4, 4, 2, 3), score=0.983819, elapsed=864.7s

============================================================
Round 13/30
  Tested: params=(16, 7, 24, 18, 2, 5, 3, 3)
  validation: F_1/7=0.969748, precision=0.970189, recall=0.948621, good=253001, bad=7774, missed=13703, trie_nodes=1759, patterns=1115, objective=0.969747
  Tested: params=(25, 5, 5, 18, 4, 5, 3, 3)
  validation: F_1/7=0.974827, precision=0.975377, recall=0.948621, good=253001, bad=6387, missed=13703, trie_nodes=1743, patterns=1097, objective=0.974826
  Tested: params=(26, 7, 11, 18, 2, 5, 3, 3)
  validation: F_1/7=0.978896, precision=0.979534, recall=0.948621, good=253001, bad=5286, missed=13703, trie_nodes=1807, patterns=1140, objective=0.978895
  Tested: params=(16, 1, 24, 18, 4, 5, 3, 3)
  validation: F_1/7=0.970326, precision=0.970780, recall=0.948602, good=252996, bad=7615, missed=13708, trie_nodes=1793, patterns=1181, objective=0.970325
  Tested: params=(25, 1, 24, 18, 2, 5, 3, 3)
  validation: F_1/7=0.975378, precision=0.975941, recall=0.948602, good=252996, bad=6237, missed=13708, trie_nodes=1859, patterns=1214, objective=0.975377
  Best so far: params=(28, 1, 17, 8, 4, 4, 2, 3), score=0.983819, elapsed=936.7s

============================================================
Round 14/30
  Tested: params=(29, 5, 14, 16, 4, 3, 2, 3)
  validation: F_1/7=0.983374, precision=0.984110, recall=0.948617, good=253000, bad=4085, missed=13704, trie_nodes=1797, patterns=1154, objective=0.983373
  Tested: params=(29, 5, 14, 22, 4, 3, 2, 3)
  validation: F_1/7=0.983374, precision=0.984110, recall=0.948617, good=253000, bad=4085, missed=13704, trie_nodes=1797, patterns=1154, objective=0.983373
  Tested: params=(29, 5, 14, 22, 4, 3, 2, 3)
  validation: F_1/7=0.983374, precision=0.984110, recall=0.948617, good=253000, bad=4085, missed=13704, trie_nodes=1797, patterns=1154, objective=0.983373
  Tested: params=(29, 5, 14, 22, 4, 3, 2, 3)
  validation: F_1/7=0.983374, precision=0.984110, recall=0.948617, good=253000, bad=4085, missed=13704, trie_nodes=1797, patterns=1154, objective=0.983373
  Tested: params=(29, 5, 14, 22, 4, 3, 2, 3)
  validation: F_1/7=0.983374, precision=0.984110, recall=0.948617, good=253000, bad=4085, missed=13704, trie_nodes=1797, patterns=1154, objective=0.983373
  Best so far: params=(28, 1, 17, 8, 4, 4, 2, 3), score=0.983819, elapsed=1009.7s

============================================================
Round 15/30
  Tested: params=(26, 1, 20, 3, 5, 1, 1, 3)
  validation: F_1/7=0.979473, precision=0.980125, recall=0.948553, good=252983, bad=5130, missed=13721, trie_nodes=1981, patterns=1348, objective=0.979472
  Tested: params=(26, 17, 20, 3, 5, 4, 1, 3)
  validation: F_1/7=0.978900, precision=0.979538, recall=0.948621, good=253001, bad=5285, missed=13703, trie_nodes=1742, patterns=1087, objective=0.978899
  Tested: params=(26, 1, 20, 15, 5, 1, 1, 3)
  validation: F_1/7=0.979473, precision=0.980125, recall=0.948553, good=252983, bad=5130, missed=13721, trie_nodes=1986, patterns=1350, objective=0.979472
  Tested: params=(26, 1, 20, 3, 5, 4, 1, 3)
  validation: F_1/7=0.979460, precision=0.980110, recall=0.948587, good=252992, bad=5134, missed=13712, trie_nodes=1820, patterns=1184, objective=0.979458
  Tested: params=(26, 1, 20, 2, 5, 1, 1, 1)
  validation: F_1/7=0.979473, precision=0.980125, recall=0.948553, good=252983, bad=5130, missed=13721, trie_nodes=1976, patterns=1353, objective=0.979472
  Best so far: params=(28, 1, 17, 8, 4, 4, 2, 3), score=0.983819, elapsed=1085.2s

============================================================
Round 16/30
  Tested: params=(27, 3, 18, 26, 4, 4, 2, 4)
  validation: F_1/7=0.983406, precision=0.984142, recall=0.948655, good=253010, bad=4077, missed=13694, trie_nodes=1424, patterns=895, objective=0.983405
  Tested: params=(27, 3, 18, 19, 4, 4, 2, 4)
  validation: F_1/7=0.983406, precision=0.984142, recall=0.948655, good=253010, bad=4077, missed=13694, trie_nodes=1424, patterns=895, objective=0.983405
  Tested: params=(27, 3, 18, 30, 4, 4, 2, 4)
  validation: F_1/7=0.983406, precision=0.984142, recall=0.948655, good=253010, bad=4077, missed=13694, trie_nodes=1424, patterns=895, objective=0.983405
  Tested: params=(19, 3, 18, 12, 4, 4, 2, 4)
  validation: F_1/7=0.974770, precision=0.975317, recall=0.948658, good=253011, bad=6403, missed=13693, trie_nodes=1372, patterns=836, objective=0.974769
  Tested: params=(19, 3, 18, 12, 4, 4, 2, 4)
  validation: F_1/7=0.974770, precision=0.975317, recall=0.948658, good=253011, bad=6403, missed=13693, trie_nodes=1372, patterns=836, objective=0.974769
  Best so far: params=(28, 1, 17, 8, 4, 4, 2, 3), score=0.983819, elapsed=1154.9s

============================================================
Round 17/30
  Tested: params=(25, 8, 12, 5, 5, 4, 1, 5)
  validation: F_1/7=0.974755, precision=0.975303, recall=0.948662, good=253012, bad=6407, missed=13692, trie_nodes=1389, patterns=840, objective=0.974754
  Tested: params=(25, 24, 12, 5, 5, 2, 1, 5)
  validation: F_1/7=0.974809, precision=0.975358, recall=0.948628, good=253003, bad=6392, missed=13701, trie_nodes=1730, patterns=1100, objective=0.974808
  Tested: params=(25, 23, 12, 5, 5, 2, 1, 5)
  validation: F_1/7=0.974809, precision=0.975358, recall=0.948628, good=253003, bad=6392, missed=13701, trie_nodes=1732, patterns=1102, objective=0.974808
  Tested: params=(25, 1, 16, 5, 5, 4, 1, 5)
  validation: F_1/7=0.975332, precision=0.975892, recall=0.948632, good=253004, bad=6250, missed=13700, trie_nodes=1517, patterns=955, objective=0.975331
  Tested: params=(25, 1, 12, 5, 5, 2, 1, 5)
  validation: F_1/7=0.975385, precision=0.975948, recall=0.948591, good=252993, bad=6235, missed=13711, trie_nodes=1862, patterns=1244, objective=0.975384
  Best so far: params=(28, 1, 17, 8, 4, 4, 2, 3), score=0.983819, elapsed=1226.8s

============================================================
Round 18/30
  Tested: params=(30, 2, 16, 7, 4, 4, 2, 4)
  validation: F_1/7=0.983416, precision=0.984153, recall=0.948640, good=253006, bad=4074, missed=13698, trie_nodes=1471, patterns=926, objective=0.983416
  Tested: params=(30, 2, 16, 8, 4, 4, 2, 4)
  validation: F_1/7=0.983416, precision=0.984153, recall=0.948640, good=253006, bad=4074, missed=13698, trie_nodes=1471, patterns=926, objective=0.983416
  Tested: params=(30, 2, 16, 7, 4, 4, 2, 4)
  validation: F_1/7=0.983416, precision=0.984153, recall=0.948640, good=253006, bad=4074, missed=13698, trie_nodes=1471, patterns=926, objective=0.983416
  Tested: params=(30, 30, 16, 8, 4, 4, 2, 4)
  validation: F_1/7=0.983286, precision=0.984019, recall=0.948666, good=253013, bad=4109, missed=13691, trie_nodes=1421, patterns=867, objective=0.983286
  Tested: params=(30, 2, 16, 9, 4, 4, 2, 4)
  validation: F_1/7=0.983416, precision=0.984153, recall=0.948640, good=253006, bad=4074, missed=13698, trie_nodes=1471, patterns=926, objective=0.983416
  Best so far: params=(28, 1, 17, 8, 4, 4, 2, 3), score=0.983819, elapsed=1300.5s

============================================================
Round 19/30
  Tested: params=(23, 4, 19, 21, 3, 3, 2, 4)
  validation: F_1/7=0.974845, precision=0.975395, recall=0.948621, good=253001, bad=6382, missed=13703, trie_nodes=1749, patterns=1152, objective=0.974844
  Tested: params=(29, 4, 19, 2, 3, 3, 2, 4)
  validation: F_1/7=0.983453, precision=0.984191, recall=0.948617, good=253000, bad=4064, missed=13704, trie_nodes=1795, patterns=1196, objective=0.983452
  Tested: params=(23, 4, 17, 2, 3, 3, 2, 4)
  validation: F_1/7=0.974845, precision=0.975395, recall=0.948617, good=253000, bad=6382, missed=13704, trie_nodes=1757, patterns=1154, objective=0.974844
  Tested: params=(23, 4, 19, 21, 3, 3, 2, 4)
  validation: F_1/7=0.974845, precision=0.975395, recall=0.948621, good=253001, bad=6382, missed=13703, trie_nodes=1749, patterns=1152, objective=0.974844
  Tested: params=(29, 4, 19, 21, 3, 3, 2, 4)
  validation: F_1/7=0.983453, precision=0.984191, recall=0.948621, good=253001, bad=4064, missed=13703, trie_nodes=1788, patterns=1194, objective=0.983452
  Best so far: params=(28, 1, 17, 8, 4, 4, 2, 3), score=0.983819, elapsed=1371.2s

============================================================
Round 20/30
  Tested: params=(28, 1, 15, 11, 4, 4, 2, 3)
  validation: F_1/7=0.983820, precision=0.984566, recall=0.948602, good=252996, bad=3966, missed=13708, trie_nodes=1824, patterns=1201, objective=0.983819
  Tested: params=(28, 1, 15, 11, 4, 4, 2, 3)
  validation: F_1/7=0.983820, precision=0.984566, recall=0.948602, good=252996, bad=3966, missed=13708, trie_nodes=1824, patterns=1201, objective=0.983819
  Tested: params=(28, 1, 15, 9, 4, 4, 2, 3)
  validation: F_1/7=0.983820, precision=0.984566, recall=0.948602, good=252996, bad=3966, missed=13708, trie_nodes=1824, patterns=1201, objective=0.983819
  Tested: params=(28, 1, 15, 19, 4, 4, 2, 3)
  validation: F_1/7=0.983820, precision=0.984566, recall=0.948602, good=252996, bad=3966, missed=13708, trie_nodes=1824, patterns=1201, objective=0.983819
  Tested: params=(28, 1, 15, 19, 4, 4, 2, 3)
  validation: F_1/7=0.983820, precision=0.984566, recall=0.948602, good=252996, bad=3966, missed=13708, trie_nodes=1824, patterns=1201, objective=0.983819
  Best so far: params=(28, 1, 15, 11, 4, 4, 2, 3), score=0.983819, elapsed=1443.6s

============================================================
Round 21/30
  Tested: params=(28, 1, 15, 11, 4, 4, 2, 3)
  validation: F_1/7=0.983820, precision=0.984566, recall=0.948602, good=252996, bad=3966, missed=13708, trie_nodes=1824, patterns=1201, objective=0.983819
  Tested: params=(27, 1, 15, 19, 4, 4, 2, 3)
  validation: F_1/7=0.983820, precision=0.984566, recall=0.948602, good=252996, bad=3966, missed=13708, trie_nodes=1824, patterns=1201, objective=0.983819
  Tested: params=(28, 1, 15, 11, 4, 4, 2, 3)
  validation: F_1/7=0.983820, precision=0.984566, recall=0.948602, good=252996, bad=3966, missed=13708, trie_nodes=1824, patterns=1201, objective=0.983819
  Tested: params=(28, 1, 15, 11, 4, 4, 2, 3)
  validation: F_1/7=0.983820, precision=0.984566, recall=0.948602, good=252996, bad=3966, missed=13708, trie_nodes=1824, patterns=1201, objective=0.983819
  Tested: params=(28, 1, 15, 19, 4, 4, 2, 3)
  validation: F_1/7=0.983820, precision=0.984566, recall=0.948602, good=252996, bad=3966, missed=13708, trie_nodes=1824, patterns=1201, objective=0.983819
  Best so far: params=(28, 1, 15, 11, 4, 4, 2, 3), score=0.983819, elapsed=1520.3s

============================================================
Round 22/30
  Tested: params=(27, 3, 15, 11, 4, 4, 2, 3)
  validation: F_1/7=0.983457, precision=0.984195, recall=0.948617, good=253000, bad=4063, missed=13704, trie_nodes=1764, patterns=1139, objective=0.983456
  Tested: params=(27, 3, 15, 11, 4, 4, 2, 3)
  validation: F_1/7=0.983457, precision=0.984195, recall=0.948617, good=253000, bad=4063, missed=13704, trie_nodes=1764, patterns=1139, objective=0.983456
  Tested: params=(27, 3, 15, 11, 4, 4, 2, 3)
  validation: F_1/7=0.983457, precision=0.984195, recall=0.948617, good=253000, bad=4063, missed=13704, trie_nodes=1764, patterns=1139, objective=0.983456
  Tested: params=(27, 3, 15, 11, 4, 4, 2, 3)
  validation: F_1/7=0.983457, precision=0.984195, recall=0.948617, good=253000, bad=4063, missed=13704, trie_nodes=1764, patterns=1139, objective=0.983456
  Tested: params=(27, 3, 15, 11, 4, 4, 2, 3)
  validation: F_1/7=0.983457, precision=0.984195, recall=0.948617, good=253000, bad=4063, missed=13704, trie_nodes=1764, patterns=1139, objective=0.983456
  Best so far: params=(28, 1, 15, 11, 4, 4, 2, 3), score=0.983819, elapsed=1592.8s

============================================================
Round 23/30
  Tested: params=(29, 2, 11, 14, 4, 4, 2, 3)
  validation: F_1/7=0.983468, precision=0.984206, recall=0.948606, good=252997, bad=4060, missed=13707, trie_nodes=1788, patterns=1160, objective=0.983467
  Tested: params=(29, 2, 14, 14, 4, 4, 2, 3)
  validation: F_1/7=0.983468, precision=0.984206, recall=0.948606, good=252997, bad=4060, missed=13707, trie_nodes=1788, patterns=1160, objective=0.983467
  Tested: params=(29, 2, 11, 14, 4, 4, 2, 3)
  validation: F_1/7=0.983468, precision=0.984206, recall=0.948606, good=252997, bad=4060, missed=13707, trie_nodes=1788, patterns=1160, objective=0.983467
  Tested: params=(29, 2, 1, 14, 4, 4, 2, 3)
  validation: F_1/7=0.983348, precision=0.984084, recall=0.948617, good=253000, bad=4092, missed=13704, trie_nodes=1924, patterns=1270, objective=0.983347
  Tested: params=(29, 2, 14, 14, 4, 4, 2, 3)
  validation: F_1/7=0.983468, precision=0.984206, recall=0.948606, good=252997, bad=4060, missed=13707, trie_nodes=1788, patterns=1160, objective=0.983467
  Best so far: params=(28, 1, 15, 11, 4, 4, 2, 3), score=0.983819, elapsed=1664.1s

============================================================
Round 24/30
  Tested: params=(26, 1, 17, 17, 4, 4, 2, 3)
  validation: F_1/7=0.979460, precision=0.980111, recall=0.948602, good=252996, bad=5134, missed=13708, trie_nodes=1822, patterns=1185, objective=0.979459
  Tested: params=(28, 1, 17, 17, 4, 4, 2, 3)
  validation: F_1/7=0.983820, precision=0.984566, recall=0.948602, good=252996, bad=3966, missed=13708, trie_nodes=1830, patterns=1203, objective=0.983819
  Tested: params=(28, 1, 17, 9, 4, 4, 2, 3)
  validation: F_1/7=0.983820, precision=0.984566, recall=0.948602, good=252996, bad=3966, missed=13708, trie_nodes=1830, patterns=1203, objective=0.983819
  Tested: params=(28, 1, 17, 9, 4, 4, 2, 3)
  validation: F_1/7=0.983820, precision=0.984566, recall=0.948602, good=252996, bad=3966, missed=13708, trie_nodes=1830, patterns=1203, objective=0.983819
  Tested: params=(28, 1, 17, 9, 4, 4, 2, 3)
  validation: F_1/7=0.983820, precision=0.984566, recall=0.948602, good=252996, bad=3966, missed=13708, trie_nodes=1830, patterns=1203, objective=0.983819
  Best so far: params=(28, 1, 15, 11, 4, 4, 2, 3), score=0.983819, elapsed=1737.8s

============================================================
Round 25/30
  Tested: params=(28, 1, 14, 13, 4, 4, 2, 3)
  validation: F_1/7=0.983816, precision=0.984562, recall=0.948602, good=252996, bad=3967, missed=13708, trie_nodes=1825, patterns=1202, objective=0.983815
  Tested: params=(28, 1, 14, 19, 4, 4, 2, 3)
  validation: F_1/7=0.983816, precision=0.984562, recall=0.948602, good=252996, bad=3967, missed=13708, trie_nodes=1825, patterns=1202, objective=0.983815
  Tested: params=(28, 1, 14, 19, 4, 4, 2, 3)
  validation: F_1/7=0.983816, precision=0.984562, recall=0.948602, good=252996, bad=3967, missed=13708, trie_nodes=1825, patterns=1202, objective=0.983815
  Tested: params=(28, 1, 14, 19, 4, 4, 2, 3)
  validation: F_1/7=0.983816, precision=0.984562, recall=0.948602, good=252996, bad=3967, missed=13708, trie_nodes=1825, patterns=1202, objective=0.983815
  Tested: params=(28, 1, 14, 19, 4, 4, 2, 3)
  validation: F_1/7=0.983816, precision=0.984562, recall=0.948602, good=252996, bad=3967, missed=13708, trie_nodes=1825, patterns=1202, objective=0.983815
  Best so far: params=(28, 1, 15, 11, 4, 4, 2, 3), score=0.983819, elapsed=1810.7s

============================================================
Round 26/30
  Tested: params=(26, 2, 16, 16, 4, 4, 2, 3)
  validation: F_1/7=0.979107, precision=0.979750, recall=0.948606, good=252997, bad=5229, missed=13707, trie_nodes=1763, patterns=1130, objective=0.979106
  Tested: params=(26, 2, 16, 12, 4, 4, 2, 3)
  validation: F_1/7=0.979107, precision=0.979750, recall=0.948606, good=252997, bad=5229, missed=13707, trie_nodes=1763, patterns=1130, objective=0.979106
  Tested: params=(26, 2, 16, 12, 4, 4, 2, 3)
  validation: F_1/7=0.979107, precision=0.979750, recall=0.948606, good=252997, bad=5229, missed=13707, trie_nodes=1763, patterns=1130, objective=0.979106
  Tested: params=(11, 2, 16, 12, 4, 4, 2, 3)
  validation: F_1/7=0.968198, precision=0.968606, recall=0.948610, good=252998, bad=8200, missed=13706, trie_nodes=1707, patterns=1122, objective=0.968197
  Tested: params=(1, 2, 16, 16, 4, 4, 2, 3)
  validation: F_1/7=0.925118, precision=0.924650, recall=0.948621, good=253001, bad=20617, missed=13703, trie_nodes=1614, patterns=1007, objective=0.925117
  Best so far: params=(28, 1, 15, 11, 4, 4, 2, 3), score=0.983819, elapsed=1885.8s

============================================================
Round 27/30
  Tested: params=(27, 3, 15, 10, 4, 4, 3, 3)
  validation: F_1/7=0.983457, precision=0.984195, recall=0.948617, good=253000, bad=4063, missed=13704, trie_nodes=1764, patterns=1139, objective=0.983456
  Tested: params=(27, 3, 15, 10, 4, 4, 3, 3)
  validation: F_1/7=0.983457, precision=0.984195, recall=0.948617, good=253000, bad=4063, missed=13704, trie_nodes=1764, patterns=1139, objective=0.983456
  Tested: params=(27, 3, 15, 10, 4, 4, 3, 3)
  validation: F_1/7=0.983457, precision=0.984195, recall=0.948617, good=253000, bad=4063, missed=13704, trie_nodes=1764, patterns=1139, objective=0.983456
  Tested: params=(27, 3, 15, 10, 4, 4, 3, 3)
  validation: F_1/7=0.983457, precision=0.984195, recall=0.948617, good=253000, bad=4063, missed=13704, trie_nodes=1764, patterns=1139, objective=0.983456
  Tested: params=(27, 3, 15, 10, 4, 4, 3, 3)
  validation: F_1/7=0.983457, precision=0.984195, recall=0.948617, good=253000, bad=4063, missed=13704, trie_nodes=1764, patterns=1139, objective=0.983456
  Best so far: params=(28, 1, 15, 11, 4, 4, 2, 3), score=0.983819, elapsed=1958.5s

============================================================
Round 28/30
  Tested: params=(29, 1, 13, 23, 4, 4, 2, 3)
  validation: F_1/7=0.983820, precision=0.984566, recall=0.948602, good=252996, bad=3966, missed=13708, trie_nodes=1841, patterns=1213, objective=0.983819
  Tested: params=(29, 1, 13, 23, 4, 4, 2, 3)
  validation: F_1/7=0.983820, precision=0.984566, recall=0.948602, good=252996, bad=3966, missed=13708, trie_nodes=1841, patterns=1213, objective=0.983819
  Tested: params=(29, 1, 13, 20, 4, 4, 2, 3)
  validation: F_1/7=0.983820, precision=0.984566, recall=0.948602, good=252996, bad=3966, missed=13708, trie_nodes=1841, patterns=1213, objective=0.983819
  Tested: params=(29, 1, 13, 23, 4, 4, 2, 3)
  validation: F_1/7=0.983820, precision=0.984566, recall=0.948602, good=252996, bad=3966, missed=13708, trie_nodes=1841, patterns=1213, objective=0.983819
  Tested: params=(29, 1, 13, 23, 4, 4, 2, 3)
  validation: F_1/7=0.983820, precision=0.984566, recall=0.948602, good=252996, bad=3966, missed=13708, trie_nodes=1841, patterns=1213, objective=0.983819
  Best so far: params=(28, 1, 15, 11, 4, 4, 2, 3), score=0.983819, elapsed=2032.1s

============================================================
Round 29/30
  Tested: params=(30, 2, 17, 21, 4, 4, 2, 3)
  validation: F_1/7=0.983468, precision=0.984206, recall=0.948606, good=252997, bad=4060, missed=13707, trie_nodes=1790, patterns=1158, objective=0.983467
  Tested: params=(30, 2, 18, 21, 4, 4, 2, 3)
  validation: F_1/7=0.983468, precision=0.984206, recall=0.948606, good=252997, bad=4060, missed=13707, trie_nodes=1790, patterns=1158, objective=0.983467
  Tested: params=(30, 18, 17, 21, 4, 5, 2, 3)
  validation: F_1/7=0.983363, precision=0.984099, recall=0.948625, good=253002, bad=4088, missed=13702, trie_nodes=1819, patterns=1143, objective=0.983362
  Tested: params=(30, 26, 17, 21, 4, 5, 2, 3)
  validation: F_1/7=0.983363, precision=0.984099, recall=0.948625, good=253002, bad=4088, missed=13702, trie_nodes=1825, patterns=1147, objective=0.983362
  Tested: params=(30, 2, 17, 21, 4, 4, 2, 3)
  validation: F_1/7=0.983468, precision=0.984206, recall=0.948606, good=252997, bad=4060, missed=13707, trie_nodes=1790, patterns=1158, objective=0.983467
  Best so far: params=(28, 1, 15, 11, 4, 4, 2, 3), score=0.983819, elapsed=2106.1s

============================================================
Round 30/30
  Tested: params=(28, 1, 16, 17, 4, 4, 2, 3)
  validation: F_1/7=0.983820, precision=0.984566, recall=0.948602, good=252996, bad=3966, missed=13708, trie_nodes=1824, patterns=1201, objective=0.983819
  Tested: params=(28, 1, 16, 18, 4, 4, 2, 3)
  validation: F_1/7=0.983820, precision=0.984566, recall=0.948602, good=252996, bad=3966, missed=13708, trie_nodes=1824, patterns=1201, objective=0.983819
  Tested: params=(28, 1, 16, 17, 4, 4, 2, 3)
  validation: F_1/7=0.983820, precision=0.984566, recall=0.948602, good=252996, bad=3966, missed=13708, trie_nodes=1824, patterns=1201, objective=0.983819
  Tested: params=(28, 1, 16, 17, 4, 4, 2, 3)
  validation: F_1/7=0.983820, precision=0.984566, recall=0.948602, good=252996, bad=3966, missed=13708, trie_nodes=1824, patterns=1201, objective=0.983819
  Tested: params=(28, 1, 16, 17, 4, 4, 2, 3)
  validation: F_1/7=0.983820, precision=0.984566, recall=0.948602, good=252996, bad=3966, missed=13708, trie_nodes=1824, patterns=1201, objective=0.983819
  Best so far: params=(28, 1, 15, 11, 4, 4, 2, 3), score=0.983819, elapsed=2180.4s

============================================================
Final phase: 3 evaluations
  Tested: params=(28, 2, 15, 17, 4, 4, 2, 3)
  validation: F_1/7=0.983464, precision=0.984202, recall=0.948606, good=252997, bad=4061, missed=13707, trie_nodes=1771, patterns=1149, objective=0.983463
  Tested: params=(28, 2, 15, 17, 4, 4, 2, 3)
  validation: F_1/7=0.983464, precision=0.984202, recall=0.948606, good=252997, bad=4061, missed=13707, trie_nodes=1771, patterns=1149, objective=0.983463
  Tested: params=(28, 2, 15, 17, 4, 4, 2, 3)
  validation: F_1/7=0.983464, precision=0.984202, recall=0.948606, good=252997, bad=4061, missed=13707, trie_nodes=1771, patterns=1149, objective=0.983463

============================================================
Threshold ablation run complete
Best parameters (b1..b4 thr1..thr4): (28, 1, 15, 11, 4, 4, 2, 3)
Thresholds: {'mode': 'perlayer', 'shared': None, 'per_level': [4, 4, 2, 3]}
  validation-selected: F_1/7=0.983820, precision=0.984566, recall=0.948602, good=252996, bad=3966, missed=13708, trie_nodes=1824, patterns=1201, objective=0.983819
  held-out test: F_1/7=0.983435, precision=0.984173, recall=0.948596, good=253203, bad=4072, missed=13721, trie_nodes=1824, patterns=1201
Summary: results/threshold_ablation/es/wiktionary/perlayer_tpe/summary.json
History: results/threshold_ablation/es/wiktionary/perlayer_tpe/history.csv
Wall time: 2251.0s
