Proportional trie_normalizer for es/wiktionary: |D| = 816723
Objective: F17+Trie(w=0.0005)
Dataset: /home/dev/hyph-bench/data/es/wiktionary/es_wiktionary.wlh_dis.wlh
Translate: /home/dev/hyph-bench/data/es/wiktionary/es_wiktionary.wlh_dis.wlh.tra
Method: tpe | Threshold mode: shared
Search space (5-D): [(1, 30), (1, 30), (1, 30), (1, 30), (1, 5)]
Split counts: train=653379, validation=81672, test=81672
Pattern ranges: [(1, 4), (2, 5), (2, 6), (2, 7)]
Budget: 30 rounds x 5 + 3 final = 153 patgen evaluations; 3 parallel workers

============================================================
Round 1/30
  Tested: params=(12, 29, 22, 18, 1)
  validation: F_1/7=0.967977, precision=0.968381, recall=0.948625, good=253002, bad=8261, missed=13702, trie_nodes=1822, patterns=1156, objective=0.967976
  Tested: params=(5, 2, 26, 19, 4)
  validation: F_1/7=0.925042, precision=0.924573, recall=0.948625, good=253002, bad=20640, missed=13702, trie_nodes=911, patterns=596, objective=0.925042
  Tested: params=(1, 30, 25, 7, 1)
  validation: F_1/7=0.827475, precision=0.825324, recall=0.948647, good=253008, bad=53548, missed=13696, trie_nodes=1690, patterns=982, objective=0.827474
  Tested: params=(6, 10, 16, 13, 2)
  validation: F_1/7=0.925337, precision=0.924874, recall=0.948628, good=253003, bad=20551, missed=13701, trie_nodes=1630, patterns=1029, objective=0.925336
  Tested: params=(19, 5, 9, 11, 3)
  validation: F_1/7=0.974731, precision=0.975279, recall=0.948617, good=253000, bad=6413, missed=13704, trie_nodes=1780, patterns=1131, objective=0.974730
  Best so far: params=(19, 5, 9, 11, 3), score=0.974730, elapsed=73.3s

============================================================
Round 2/30
  Tested: params=(24, 6, 16, 18, 1)
  validation: F_1/7=0.974764, precision=0.975313, recall=0.948617, good=253000, bad=6404, missed=13704, trie_nodes=1820, patterns=1165, objective=0.974763
  Tested: params=(19, 6, 2, 29, 5)
  validation: F_1/7=0.974706, precision=0.975253, recall=0.948628, good=253003, bad=6420, missed=13701, trie_nodes=1029, patterns=654, objective=0.974705
  Tested: params=(25, 10, 3, 21, 3)
  validation: F_1/7=0.974801, precision=0.975351, recall=0.948628, good=253003, bad=6394, missed=13701, trie_nodes=1856, patterns=1167, objective=0.974800
  Tested: params=(4, 15, 2, 28, 2)
  validation: F_1/7=0.897757, precision=0.896775, recall=0.948651, good=253009, bad=29123, missed=13695, trie_nodes=1601, patterns=974, objective=0.897756
  Tested: params=(20, 10, 16, 17, 1)
  validation: F_1/7=0.974728, precision=0.975275, recall=0.948625, good=253002, bad=6414, missed=13702, trie_nodes=1793, patterns=1130, objective=0.974726
  Best so far: params=(25, 10, 3, 21, 3), score=0.974800, elapsed=149.6s

============================================================
Round 3/30
  Tested: params=(30, 22, 8, 1, 4)
  validation: F_1/7=0.983456, precision=0.984194, recall=0.948595, good=252994, bad=4063, missed=13710, trie_nodes=1125, patterns=723, objective=0.983455
  Tested: params=(28, 22, 9, 24, 4)
  validation: F_1/7=0.983318, precision=0.984053, recall=0.948617, good=253000, bad=4100, missed=13704, trie_nodes=1077, patterns=693, objective=0.983318
  Tested: params=(30, 21, 9, 24, 4)
  validation: F_1/7=0.983322, precision=0.984057, recall=0.948617, good=253000, bad=4099, missed=13704, trie_nodes=1099, patterns=705, objective=0.983321
  Tested: params=(29, 22, 8, 1, 4)
  validation: F_1/7=0.983456, precision=0.984194, recall=0.948595, good=252994, bad=4063, missed=13710, trie_nodes=1123, patterns=723, objective=0.983455
  Tested: params=(30, 21, 8, 24, 4)
  validation: F_1/7=0.983322, precision=0.984057, recall=0.948617, good=253000, bad=4099, missed=13704, trie_nodes=1100, patterns=706, objective=0.983321
  Best so far: params=(29, 22, 8, 1, 4), score=0.983455, elapsed=229.2s

============================================================
Round 4/30
  Tested: params=(13, 24, 6, 3, 5)
  validation: F_1/7=0.967935, precision=0.968337, recall=0.948647, good=253008, bad=8273, missed=13696, trie_nodes=1027, patterns=656, objective=0.967934
  Tested: params=(13, 26, 12, 1, 5)
  validation: F_1/7=0.967953, precision=0.968355, recall=0.948636, good=253005, bad=8268, missed=13699, trie_nodes=1040, patterns=665, objective=0.967952
  Tested: params=(25, 26, 12, 1, 5)
  validation: F_1/7=0.974797, precision=0.975347, recall=0.948621, good=253001, bad=6395, missed=13703, trie_nodes=1085, patterns=688, objective=0.974797
  Tested: params=(13, 25, 12, 2, 5)
  validation: F_1/7=0.967939, precision=0.968340, recall=0.948647, good=253008, bad=8272, missed=13696, trie_nodes=1030, patterns=658, objective=0.967938
  Tested: params=(13, 26, 6, 1, 5)
  validation: F_1/7=0.967953, precision=0.968355, recall=0.948636, good=253005, bad=8268, missed=13699, trie_nodes=1040, patterns=665, objective=0.967952
  Best so far: params=(29, 22, 8, 1, 4), score=0.983455, elapsed=303.0s

============================================================
Round 5/30
  Tested: params=(22, 17, 21, 6, 3)
  validation: F_1/7=0.974750, precision=0.975298, recall=0.948625, good=253002, bad=6408, missed=13702, trie_nodes=1869, patterns=1177, objective=0.974748
  Tested: params=(22, 17, 30, 6, 3)
  validation: F_1/7=0.974750, precision=0.975298, recall=0.948625, good=253002, bad=6408, missed=13702, trie_nodes=1869, patterns=1177, objective=0.974748
  Tested: params=(22, 17, 20, 6, 3)
  validation: F_1/7=0.974750, precision=0.975298, recall=0.948625, good=253002, bad=6408, missed=13702, trie_nodes=1869, patterns=1177, objective=0.974748
  Tested: params=(22, 18, 21, 7, 3)
  validation: F_1/7=0.974750, precision=0.975298, recall=0.948625, good=253002, bad=6408, missed=13702, trie_nodes=1869, patterns=1177, objective=0.974748
  Tested: params=(23, 18, 19, 6, 3)
  validation: F_1/7=0.974750, precision=0.975298, recall=0.948625, good=253002, bad=6408, missed=13702, trie_nodes=1869, patterns=1177, objective=0.974748
  Best so far: params=(29, 22, 8, 1, 4), score=0.983455, elapsed=378.3s

============================================================
Round 6/30
  Tested: params=(30, 22, 5, 11, 4)
  validation: F_1/7=0.983322, precision=0.984057, recall=0.948617, good=253000, bad=4099, missed=13704, trie_nodes=1100, patterns=707, objective=0.983321
  Tested: params=(30, 21, 5, 11, 4)
  validation: F_1/7=0.983322, precision=0.984057, recall=0.948617, good=253000, bad=4099, missed=13704, trie_nodes=1100, patterns=707, objective=0.983321
  Tested: params=(30, 21, 5, 10, 4)
  validation: F_1/7=0.983322, precision=0.984057, recall=0.948617, good=253000, bad=4099, missed=13704, trie_nodes=1100, patterns=707, objective=0.983321
  Tested: params=(28, 21, 5, 13, 4)
  validation: F_1/7=0.983318, precision=0.984053, recall=0.948617, good=253000, bad=4100, missed=13704, trie_nodes=1078, patterns=695, objective=0.983318
  Tested: params=(30, 21, 5, 11, 4)
  validation: F_1/7=0.983322, precision=0.984057, recall=0.948617, good=253000, bad=4099, missed=13704, trie_nodes=1100, patterns=707, objective=0.983321
  Best so far: params=(29, 22, 8, 1, 4), score=0.983455, elapsed=454.5s

============================================================
Round 7/30
  Tested: params=(27, 14, 14, 4, 2)
  validation: F_1/7=0.983352, precision=0.984087, recall=0.948621, good=253001, bad=4091, missed=13703, trie_nodes=1864, patterns=1197, objective=0.983351
  Tested: params=(27, 28, 14, 4, 2)
  validation: F_1/7=0.983352, precision=0.984087, recall=0.948621, good=253001, bad=4091, missed=13703, trie_nodes=1879, patterns=1201, objective=0.983351
  Tested: params=(27, 15, 11, 4, 2)
  validation: F_1/7=0.983352, precision=0.984087, recall=0.948621, good=253001, bad=4091, missed=13703, trie_nodes=1864, patterns=1197, objective=0.983351
  Tested: params=(27, 28, 11, 4, 2)
  validation: F_1/7=0.983352, precision=0.984087, recall=0.948621, good=253001, bad=4091, missed=13703, trie_nodes=1879, patterns=1201, objective=0.983351
  Tested: params=(27, 13, 11, 22, 2)
  validation: F_1/7=0.983352, precision=0.984087, recall=0.948625, good=253002, bad=4091, missed=13702, trie_nodes=1862, patterns=1195, objective=0.983351
  Best so far: params=(29, 22, 8, 1, 4), score=0.983455, elapsed=531.3s

============================================================
Round 8/30
  Tested: params=(10, 13, 15, 20, 2)
  validation: F_1/7=0.967909, precision=0.968310, recall=0.948628, good=253003, bad=8280, missed=13701, trie_nodes=1775, patterns=1141, objective=0.967908
  Tested: params=(17, 12, 14, 20, 2)
  validation: F_1/7=0.969730, precision=0.970170, recall=0.948625, good=253002, bad=7779, missed=13702, trie_nodes=1813, patterns=1146, objective=0.969729
  Tested: params=(17, 13, 18, 21, 2)
  validation: F_1/7=0.969730, precision=0.970170, recall=0.948625, good=253002, bad=7779, missed=13702, trie_nodes=1813, patterns=1146, objective=0.969729
  Tested: params=(9, 13, 14, 9, 2)
  validation: F_1/7=0.966970, precision=0.967351, recall=0.948628, good=253003, bad=8539, missed=13701, trie_nodes=1747, patterns=1117, objective=0.966969
  Tested: params=(16, 13, 14, 21, 2)
  validation: F_1/7=0.969730, precision=0.970170, recall=0.948625, good=253002, bad=7779, missed=13702, trie_nodes=1801, patterns=1145, objective=0.969729
  Best so far: params=(29, 22, 8, 1, 4), score=0.983455, elapsed=606.9s

============================================================
Round 9/30
  Tested: params=(25, 8, 8, 14, 1)
  validation: F_1/7=0.974819, precision=0.975369, recall=0.948617, good=253000, bad=6389, missed=13704, trie_nodes=1819, patterns=1153, objective=0.974818
  Tested: params=(25, 7, 8, 14, 1)
  validation: F_1/7=0.974819, precision=0.975369, recall=0.948617, good=253000, bad=6389, missed=13704, trie_nodes=1814, patterns=1152, objective=0.974818
  Tested: params=(25, 8, 8, 16, 1)
  validation: F_1/7=0.974819, precision=0.975369, recall=0.948617, good=253000, bad=6389, missed=13704, trie_nodes=1819, patterns=1153, objective=0.974818
  Tested: params=(25, 7, 24, 15, 1)
  validation: F_1/7=0.974819, precision=0.975369, recall=0.948617, good=253000, bad=6389, missed=13704, trie_nodes=1814, patterns=1152, objective=0.974818
  Tested: params=(25, 3, 7, 16, 1)
  validation: F_1/7=0.974911, precision=0.975463, recall=0.948606, good=252997, bad=6364, missed=13707, trie_nodes=1821, patterns=1183, objective=0.974910
  Best so far: params=(29, 22, 8, 1, 4), score=0.983455, elapsed=682.0s

============================================================
Round 10/30
  Tested: params=(28, 11, 10, 4, 2)
  validation: F_1/7=0.983356, precision=0.984091, recall=0.948621, good=253001, bad=4090, missed=13703, trie_nodes=1861, patterns=1194, objective=0.983355
  Tested: params=(28, 15, 10, 4, 2)
  validation: F_1/7=0.983356, precision=0.984091, recall=0.948621, good=253001, bad=4090, missed=13703, trie_nodes=1864, patterns=1196, objective=0.983355
  Tested: params=(28, 15, 10, 4, 2)
  validation: F_1/7=0.983356, precision=0.984091, recall=0.948621, good=253001, bad=4090, missed=13703, trie_nodes=1864, patterns=1196, objective=0.983355
  Tested: params=(28, 15, 10, 4, 2)
  validation: F_1/7=0.983356, precision=0.984091, recall=0.948621, good=253001, bad=4090, missed=13703, trie_nodes=1864, patterns=1196, objective=0.983355
  Tested: params=(27, 15, 10, 4, 2)
  validation: F_1/7=0.983352, precision=0.984087, recall=0.948621, good=253001, bad=4091, missed=13703, trie_nodes=1864, patterns=1197, objective=0.983351
  Best so far: params=(29, 22, 8, 1, 4), score=0.983455, elapsed=759.4s

============================================================
Round 11/30
  Tested: params=(1, 19, 1, 8, 3)
  validation: F_1/7=0.830786, precision=0.828685, recall=0.948651, good=253009, bad=52305, missed=13695, trie_nodes=1617, patterns=970, objective=0.830785
  Tested: params=(1, 19, 3, 8, 3)
  validation: F_1/7=0.830788, precision=0.828687, recall=0.948651, good=253009, bad=52304, missed=13695, trie_nodes=1610, patterns=951, objective=0.830787
  Tested: params=(29, 10, 3, 8, 3)
  validation: F_1/7=0.983352, precision=0.984088, recall=0.948628, good=253003, bad=4091, missed=13701, trie_nodes=1896, patterns=1213, objective=0.983351
  Tested: params=(29, 11, 1, 8, 3)
  validation: F_1/7=0.983349, precision=0.984084, recall=0.948628, good=253003, bad=4092, missed=13701, trie_nodes=1912, patterns=1223, objective=0.983347
  Tested: params=(29, 19, 3, 8, 3)
  validation: F_1/7=0.983349, precision=0.984084, recall=0.948628, good=253003, bad=4092, missed=13701, trie_nodes=1909, patterns=1219, objective=0.983347
  Best so far: params=(29, 22, 8, 1, 4), score=0.983455, elapsed=836.9s

============================================================
Round 12/30
  Tested: params=(28, 23, 10, 2, 2)
  validation: F_1/7=0.983352, precision=0.984087, recall=0.948621, good=253001, bad=4091, missed=13703, trie_nodes=1874, patterns=1201, objective=0.983351
  Tested: params=(28, 16, 10, 2, 2)
  validation: F_1/7=0.983356, precision=0.984091, recall=0.948621, good=253001, bad=4090, missed=13703, trie_nodes=1864, patterns=1197, objective=0.983355
  Tested: params=(28, 23, 10, 2, 2)
  validation: F_1/7=0.983352, precision=0.984087, recall=0.948621, good=253001, bad=4091, missed=13703, trie_nodes=1874, patterns=1201, objective=0.983351
  Tested: params=(28, 16, 10, 2, 2)
  validation: F_1/7=0.983356, precision=0.984091, recall=0.948621, good=253001, bad=4090, missed=13703, trie_nodes=1864, patterns=1197, objective=0.983355
  Tested: params=(28, 23, 10, 2, 2)
  validation: F_1/7=0.983352, precision=0.984087, recall=0.948621, good=253001, bad=4091, missed=13703, trie_nodes=1874, patterns=1201, objective=0.983351
  Best so far: params=(29, 22, 8, 1, 4), score=0.983455, elapsed=911.6s

============================================================
Round 13/30
  Tested: params=(20, 11, 7, 5, 4)
  validation: F_1/7=0.974691, precision=0.975238, recall=0.948632, good=253004, bad=6424, missed=13700, trie_nodes=1040, patterns=654, objective=0.974690
  Tested: params=(23, 11, 7, 5, 4)
  validation: F_1/7=0.974728, precision=0.975275, recall=0.948632, good=253004, bad=6414, missed=13700, trie_nodes=1064, patterns=681, objective=0.974727
  Tested: params=(20, 18, 7, 5, 4)
  validation: F_1/7=0.974695, precision=0.975242, recall=0.948636, good=253005, bad=6423, missed=13699, trie_nodes=1051, patterns=658, objective=0.974694
  Tested: params=(20, 11, 7, 5, 4)
  validation: F_1/7=0.974691, precision=0.975238, recall=0.948632, good=253004, bad=6424, missed=13700, trie_nodes=1040, patterns=654, objective=0.974690
  Tested: params=(20, 30, 7, 5, 4)
  validation: F_1/7=0.974691, precision=0.975238, recall=0.948636, good=253005, bad=6424, missed=13699, trie_nodes=1056, patterns=657, objective=0.974691
  Best so far: params=(29, 22, 8, 1, 4), score=0.983455, elapsed=987.6s

============================================================
Round 14/30
  Tested: params=(26, 16, 12, 1, 2)
  validation: F_1/7=0.978889, precision=0.979527, recall=0.948621, good=253001, bad=5288, missed=13703, trie_nodes=1859, patterns=1175, objective=0.978888
  Tested: params=(26, 15, 12, 1, 2)
  validation: F_1/7=0.978889, precision=0.979527, recall=0.948621, good=253001, bad=5288, missed=13703, trie_nodes=1859, patterns=1175, objective=0.978888
  Tested: params=(26, 16, 13, 1, 2)
  validation: F_1/7=0.978889, precision=0.979527, recall=0.948621, good=253001, bad=5288, missed=13703, trie_nodes=1859, patterns=1175, objective=0.978888
  Tested: params=(26, 16, 12, 1, 2)
  validation: F_1/7=0.978889, precision=0.979527, recall=0.948621, good=253001, bad=5288, missed=13703, trie_nodes=1859, patterns=1175, objective=0.978888
  Tested: params=(26, 16, 12, 1, 2)
  validation: F_1/7=0.978889, precision=0.979527, recall=0.948621, good=253001, bad=5288, missed=13703, trie_nodes=1859, patterns=1175, objective=0.978888
  Best so far: params=(29, 22, 8, 1, 4), score=0.983455, elapsed=1064.0s

============================================================
Round 15/30
  Tested: params=(29, 20, 9, 3, 5)
  validation: F_1/7=0.983337, precision=0.984072, recall=0.948613, good=252999, bad=4095, missed=13705, trie_nodes=1104, patterns=710, objective=0.983336
  Tested: params=(29, 20, 9, 3, 5)
  validation: F_1/7=0.983337, precision=0.984072, recall=0.948613, good=252999, bad=4095, missed=13705, trie_nodes=1104, patterns=710, objective=0.983336
  Tested: params=(29, 20, 17, 3, 1)
  validation: F_1/7=0.983356, precision=0.984091, recall=0.948621, good=253001, bad=4090, missed=13703, trie_nodes=1898, patterns=1214, objective=0.983355
  Tested: params=(29, 20, 9, 3, 1)
  validation: F_1/7=0.983356, precision=0.984091, recall=0.948621, good=253001, bad=4090, missed=13703, trie_nodes=1898, patterns=1214, objective=0.983355
  Tested: params=(29, 14, 9, 3, 5)
  validation: F_1/7=0.983337, precision=0.984072, recall=0.948613, good=252999, bad=4095, missed=13705, trie_nodes=1103, patterns=711, objective=0.983336
  Best so far: params=(29, 22, 8, 1, 4), score=0.983455, elapsed=1140.5s

============================================================
Round 16/30
  Tested: params=(30, 14, 11, 27, 2)
  validation: F_1/7=0.983360, precision=0.984095, recall=0.948625, good=253002, bad=4089, missed=13702, trie_nodes=1889, patterns=1210, objective=0.983359
  Tested: params=(23, 17, 11, 30, 2)
  validation: F_1/7=0.974750, precision=0.975298, recall=0.948625, good=253002, bad=6408, missed=13702, trie_nodes=1869, patterns=1177, objective=0.974748
  Tested: params=(24, 17, 13, 7, 2)
  validation: F_1/7=0.974750, precision=0.975298, recall=0.948625, good=253002, bad=6408, missed=13702, trie_nodes=1873, patterns=1181, objective=0.974748
  Tested: params=(24, 17, 11, 27, 2)
  validation: F_1/7=0.974750, precision=0.975298, recall=0.948625, good=253002, bad=6408, missed=13702, trie_nodes=1873, patterns=1181, objective=0.974748
  Tested: params=(24, 17, 11, 7, 2)
  validation: F_1/7=0.974750, precision=0.975298, recall=0.948625, good=253002, bad=6408, missed=13702, trie_nodes=1873, patterns=1181, objective=0.974748
  Best so far: params=(29, 22, 8, 1, 4), score=0.983455, elapsed=1216.5s

============================================================
Round 17/30
  Tested: params=(30, 14, 6, 26, 3)
  validation: F_1/7=0.983360, precision=0.984095, recall=0.948625, good=253002, bad=4089, missed=13702, trie_nodes=1889, patterns=1210, objective=0.983359
  Tested: params=(30, 14, 30, 26, 3)
  validation: F_1/7=0.983360, precision=0.984095, recall=0.948625, good=253002, bad=4089, missed=13702, trie_nodes=1889, patterns=1210, objective=0.983359
  Tested: params=(30, 14, 6, 4, 3)
  validation: F_1/7=0.983360, precision=0.984095, recall=0.948625, good=253002, bad=4089, missed=13702, trie_nodes=1889, patterns=1210, objective=0.983359
  Tested: params=(30, 14, 6, 26, 3)
  validation: F_1/7=0.983360, precision=0.984095, recall=0.948625, good=253002, bad=4089, missed=13702, trie_nodes=1889, patterns=1210, objective=0.983359
  Tested: params=(30, 14, 6, 26, 3)
  validation: F_1/7=0.983360, precision=0.984095, recall=0.948625, good=253002, bad=4089, missed=13702, trie_nodes=1889, patterns=1210, objective=0.983359
  Best so far: params=(29, 22, 8, 1, 4), score=0.983455, elapsed=1293.2s

============================================================
Round 18/30
  Tested: params=(30, 14, 30, 27, 3)
  validation: F_1/7=0.983360, precision=0.984095, recall=0.948625, good=253002, bad=4089, missed=13702, trie_nodes=1889, patterns=1210, objective=0.983359
  Tested: params=(30, 14, 4, 26, 3)
  validation: F_1/7=0.983360, precision=0.984095, recall=0.948625, good=253002, bad=4089, missed=13702, trie_nodes=1889, patterns=1210, objective=0.983359
  Tested: params=(30, 14, 4, 26, 3)
  validation: F_1/7=0.983360, precision=0.984095, recall=0.948625, good=253002, bad=4089, missed=13702, trie_nodes=1889, patterns=1210, objective=0.983359
  Tested: params=(30, 14, 6, 26, 3)
  validation: F_1/7=0.983360, precision=0.984095, recall=0.948625, good=253002, bad=4089, missed=13702, trie_nodes=1889, patterns=1210, objective=0.983359
  Tested: params=(30, 12, 28, 26, 3)
  validation: F_1/7=0.983360, precision=0.984095, recall=0.948625, good=253002, bad=4089, missed=13702, trie_nodes=1886, patterns=1208, objective=0.983359
  Best so far: params=(29, 22, 8, 1, 4), score=0.983455, elapsed=1370.6s

============================================================
Round 19/30
  Tested: params=(30, 12, 28, 24, 3)
  validation: F_1/7=0.983360, precision=0.984095, recall=0.948625, good=253002, bad=4089, missed=13702, trie_nodes=1886, patterns=1208, objective=0.983359
  Tested: params=(30, 12, 28, 24, 3)
  validation: F_1/7=0.983360, precision=0.984095, recall=0.948625, good=253002, bad=4089, missed=13702, trie_nodes=1886, patterns=1208, objective=0.983359
  Tested: params=(30, 12, 29, 23, 3)
  validation: F_1/7=0.983360, precision=0.984095, recall=0.948625, good=253002, bad=4089, missed=13702, trie_nodes=1886, patterns=1208, objective=0.983359
  Tested: params=(30, 12, 26, 23, 3)
  validation: F_1/7=0.983360, precision=0.984095, recall=0.948625, good=253002, bad=4089, missed=13702, trie_nodes=1886, patterns=1208, objective=0.983359
  Tested: params=(30, 12, 28, 23, 3)
  validation: F_1/7=0.983360, precision=0.984095, recall=0.948625, good=253002, bad=4089, missed=13702, trie_nodes=1886, patterns=1208, objective=0.983359
  Best so far: params=(29, 22, 8, 1, 4), score=0.983455, elapsed=1449.7s

============================================================
Round 20/30
  Tested: params=(27, 9, 28, 23, 3)
  validation: F_1/7=0.983363, precision=0.984099, recall=0.948625, good=253002, bad=4088, missed=13702, trie_nodes=1845, patterns=1189, objective=0.983362
  Tested: params=(27, 9, 28, 23, 3)
  validation: F_1/7=0.983363, precision=0.984099, recall=0.948625, good=253002, bad=4088, missed=13702, trie_nodes=1845, patterns=1189, objective=0.983362
  Tested: params=(27, 12, 28, 23, 3)
  validation: F_1/7=0.983352, precision=0.984087, recall=0.948625, good=253002, bad=4091, missed=13702, trie_nodes=1862, patterns=1195, objective=0.983351
  Tested: params=(27, 9, 28, 23, 3)
  validation: F_1/7=0.983363, precision=0.984099, recall=0.948625, good=253002, bad=4088, missed=13702, trie_nodes=1845, patterns=1189, objective=0.983362
  Tested: params=(27, 9, 28, 24, 3)
  validation: F_1/7=0.983363, precision=0.984099, recall=0.948625, good=253002, bad=4088, missed=13702, trie_nodes=1845, patterns=1189, objective=0.983362
  Best so far: params=(29, 22, 8, 1, 4), score=0.983455, elapsed=1524.7s

============================================================
Round 21/30
  Tested: params=(27, 9, 28, 24, 3)
  validation: F_1/7=0.983363, precision=0.984099, recall=0.948625, good=253002, bad=4088, missed=13702, trie_nodes=1845, patterns=1189, objective=0.983362
  Tested: params=(27, 9, 28, 24, 3)
  validation: F_1/7=0.983363, precision=0.984099, recall=0.948625, good=253002, bad=4088, missed=13702, trie_nodes=1845, patterns=1189, objective=0.983362
  Tested: params=(27, 9, 28, 24, 3)
  validation: F_1/7=0.983363, precision=0.984099, recall=0.948625, good=253002, bad=4088, missed=13702, trie_nodes=1845, patterns=1189, objective=0.983362
  Tested: params=(27, 9, 28, 24, 3)
  validation: F_1/7=0.983363, precision=0.984099, recall=0.948625, good=253002, bad=4088, missed=13702, trie_nodes=1845, patterns=1189, objective=0.983362
  Tested: params=(27, 9, 28, 24, 3)
  validation: F_1/7=0.983363, precision=0.984099, recall=0.948625, good=253002, bad=4088, missed=13702, trie_nodes=1845, patterns=1189, objective=0.983362
  Best so far: params=(29, 22, 8, 1, 4), score=0.983455, elapsed=1602.2s

============================================================
Round 22/30
  Tested: params=(27, 7, 24, 25, 3)
  validation: F_1/7=0.983363, precision=0.984099, recall=0.948625, good=253002, bad=4088, missed=13702, trie_nodes=1844, patterns=1192, objective=0.983362
  Tested: params=(27, 9, 26, 25, 3)
  validation: F_1/7=0.983363, precision=0.984099, recall=0.948625, good=253002, bad=4088, missed=13702, trie_nodes=1845, patterns=1189, objective=0.983362
  Tested: params=(27, 9, 24, 25, 3)
  validation: F_1/7=0.983363, precision=0.984099, recall=0.948625, good=253002, bad=4088, missed=13702, trie_nodes=1845, patterns=1189, objective=0.983362
  Tested: params=(27, 9, 24, 25, 3)
  validation: F_1/7=0.983363, precision=0.984099, recall=0.948625, good=253002, bad=4088, missed=13702, trie_nodes=1845, patterns=1189, objective=0.983362
  Tested: params=(27, 9, 24, 25, 3)
  validation: F_1/7=0.983363, precision=0.984099, recall=0.948625, good=253002, bad=4088, missed=13702, trie_nodes=1845, patterns=1189, objective=0.983362
  Best so far: params=(29, 22, 8, 1, 4), score=0.983455, elapsed=1682.0s

============================================================
Round 23/30
  Tested: params=(26, 5, 27, 20, 4)
  validation: F_1/7=0.978867, precision=0.979504, recall=0.948625, good=253002, bad=5294, missed=13702, trie_nodes=1056, patterns=684, objective=0.978866
  Tested: params=(26, 6, 27, 22, 4)
  validation: F_1/7=0.978867, precision=0.979504, recall=0.948628, good=253003, bad=5294, missed=13701, trie_nodes=1055, patterns=677, objective=0.978866
  Tested: params=(26, 5, 27, 22, 4)
  validation: F_1/7=0.978867, precision=0.979504, recall=0.948625, good=253002, bad=5294, missed=13702, trie_nodes=1056, patterns=684, objective=0.978866
  Tested: params=(26, 5, 27, 18, 4)
  validation: F_1/7=0.978867, precision=0.979504, recall=0.948625, good=253002, bad=5294, missed=13702, trie_nodes=1056, patterns=684, objective=0.978866
  Tested: params=(26, 5, 27, 22, 4)
  validation: F_1/7=0.978867, precision=0.979504, recall=0.948625, good=253002, bad=5294, missed=13702, trie_nodes=1056, patterns=684, objective=0.978866
  Best so far: params=(29, 22, 8, 1, 4), score=0.983455, elapsed=1756.9s

============================================================
Round 24/30
  Tested: params=(25, 8, 29, 24, 3)
  validation: F_1/7=0.974820, precision=0.975369, recall=0.948625, good=253002, bad=6389, missed=13702, trie_nodes=1828, patterns=1156, objective=0.974818
  Tested: params=(25, 8, 29, 24, 3)
  validation: F_1/7=0.974820, precision=0.975369, recall=0.948625, good=253002, bad=6389, missed=13702, trie_nodes=1828, patterns=1156, objective=0.974818
  Tested: params=(25, 8, 29, 24, 3)
  validation: F_1/7=0.974820, precision=0.975369, recall=0.948625, good=253002, bad=6389, missed=13702, trie_nodes=1828, patterns=1156, objective=0.974818
  Tested: params=(25, 8, 29, 24, 3)
  validation: F_1/7=0.974820, precision=0.975369, recall=0.948625, good=253002, bad=6389, missed=13702, trie_nodes=1828, patterns=1156, objective=0.974818
  Tested: params=(25, 8, 29, 24, 3)
  validation: F_1/7=0.974820, precision=0.975369, recall=0.948625, good=253002, bad=6389, missed=13702, trie_nodes=1828, patterns=1156, objective=0.974818
  Best so far: params=(29, 22, 8, 1, 4), score=0.983455, elapsed=1831.5s

============================================================
Round 25/30
  Tested: params=(28, 10, 25, 21, 3)
  validation: F_1/7=0.983356, precision=0.984091, recall=0.948625, good=253002, bad=4090, missed=13702, trie_nodes=1862, patterns=1194, objective=0.983355
  Tested: params=(28, 10, 26, 21, 3)
  validation: F_1/7=0.983356, precision=0.984091, recall=0.948625, good=253002, bad=4090, missed=13702, trie_nodes=1862, patterns=1194, objective=0.983355
  Tested: params=(28, 10, 25, 21, 3)
  validation: F_1/7=0.983356, precision=0.984091, recall=0.948625, good=253002, bad=4090, missed=13702, trie_nodes=1862, patterns=1194, objective=0.983355
  Tested: params=(28, 10, 25, 21, 3)
  validation: F_1/7=0.983356, precision=0.984091, recall=0.948625, good=253002, bad=4090, missed=13702, trie_nodes=1862, patterns=1194, objective=0.983355
  Tested: params=(28, 10, 25, 21, 3)
  validation: F_1/7=0.983356, precision=0.984091, recall=0.948625, good=253002, bad=4090, missed=13702, trie_nodes=1862, patterns=1194, objective=0.983355
  Best so far: params=(29, 22, 8, 1, 4), score=0.983455, elapsed=1911.2s

============================================================
Round 26/30
  Tested: params=(27, 7, 26, 25, 3)
  validation: F_1/7=0.983363, precision=0.984099, recall=0.948625, good=253002, bad=4088, missed=13702, trie_nodes=1844, patterns=1192, objective=0.983362
  Tested: params=(27, 7, 26, 25, 3)
  validation: F_1/7=0.983363, precision=0.984099, recall=0.948625, good=253002, bad=4088, missed=13702, trie_nodes=1844, patterns=1192, objective=0.983362
  Tested: params=(27, 7, 26, 25, 3)
  validation: F_1/7=0.983363, precision=0.984099, recall=0.948625, good=253002, bad=4088, missed=13702, trie_nodes=1844, patterns=1192, objective=0.983362
  Tested: params=(27, 7, 26, 25, 3)
  validation: F_1/7=0.983363, precision=0.984099, recall=0.948625, good=253002, bad=4088, missed=13702, trie_nodes=1844, patterns=1192, objective=0.983362
  Tested: params=(27, 7, 26, 25, 3)
  validation: F_1/7=0.983363, precision=0.984099, recall=0.948625, good=253002, bad=4088, missed=13702, trie_nodes=1844, patterns=1192, objective=0.983362
  Best so far: params=(29, 22, 8, 1, 4), score=0.983455, elapsed=1987.9s

============================================================
Round 27/30
  Tested: params=(6, 7, 23, 28, 3)
  validation: F_1/7=0.925337, precision=0.924874, recall=0.948628, good=253003, bad=20551, missed=13701, trie_nodes=1630, patterns=1031, objective=0.925336
  Tested: params=(29, 7, 23, 28, 3)
  validation: F_1/7=0.983371, precision=0.984107, recall=0.948625, good=253002, bad=4086, missed=13702, trie_nodes=1869, patterns=1205, objective=0.983370
  Tested: params=(29, 7, 23, 27, 3)
  validation: F_1/7=0.983371, precision=0.984107, recall=0.948625, good=253002, bad=4086, missed=13702, trie_nodes=1869, patterns=1205, objective=0.983370
  Tested: params=(8, 7, 23, 28, 3)
  validation: F_1/7=0.966358, precision=0.966727, recall=0.948628, good=253003, bad=8708, missed=13701, trie_nodes=1713, patterns=1113, objective=0.966357
  Tested: params=(29, 7, 23, 28, 3)
  validation: F_1/7=0.983371, precision=0.984107, recall=0.948625, good=253002, bad=4086, missed=13702, trie_nodes=1869, patterns=1205, objective=0.983370
  Best so far: params=(29, 22, 8, 1, 4), score=0.983455, elapsed=2063.7s

============================================================
Round 28/30
  Tested: params=(29, 6, 21, 30, 3)
  validation: F_1/7=0.983371, precision=0.984106, recall=0.948617, good=253000, bad=4086, missed=13704, trie_nodes=1855, patterns=1201, objective=0.983370
  Tested: params=(29, 6, 21, 29, 3)
  validation: F_1/7=0.983371, precision=0.984106, recall=0.948617, good=253000, bad=4086, missed=13704, trie_nodes=1855, patterns=1201, objective=0.983370
  Tested: params=(12, 6, 21, 30, 3)
  validation: F_1/7=0.967988, precision=0.968391, recall=0.948617, good=253000, bad=8258, missed=13704, trie_nodes=1754, patterns=1141, objective=0.967987
  Tested: params=(29, 3, 21, 30, 3)
  validation: F_1/7=0.983460, precision=0.984198, recall=0.948606, good=252997, bad=4062, missed=13707, trie_nodes=1864, patterns=1222, objective=0.983459
  Tested: params=(29, 6, 22, 29, 3)
  validation: F_1/7=0.983371, precision=0.984106, recall=0.948617, good=253000, bad=4086, missed=13704, trie_nodes=1855, patterns=1201, objective=0.983370
  Best so far: params=(29, 3, 21, 30, 3), score=0.983459, elapsed=2138.9s

============================================================
Round 29/30
  Tested: params=(29, 3, 22, 29, 3)
  validation: F_1/7=0.983460, precision=0.984198, recall=0.948606, good=252997, bad=4062, missed=13707, trie_nodes=1864, patterns=1222, objective=0.983459
  Tested: params=(29, 3, 20, 29, 3)
  validation: F_1/7=0.983460, precision=0.984198, recall=0.948606, good=252997, bad=4062, missed=13707, trie_nodes=1864, patterns=1222, objective=0.983459
  Tested: params=(29, 3, 22, 29, 3)
  validation: F_1/7=0.983460, precision=0.984198, recall=0.948606, good=252997, bad=4062, missed=13707, trie_nodes=1864, patterns=1222, objective=0.983459
  Tested: params=(29, 3, 20, 29, 3)
  validation: F_1/7=0.983460, precision=0.984198, recall=0.948606, good=252997, bad=4062, missed=13707, trie_nodes=1864, patterns=1222, objective=0.983459
  Tested: params=(29, 3, 22, 29, 3)
  validation: F_1/7=0.983460, precision=0.984198, recall=0.948606, good=252997, bad=4062, missed=13707, trie_nodes=1864, patterns=1222, objective=0.983459
  Best so far: params=(29, 3, 21, 30, 3), score=0.983459, elapsed=2217.1s

============================================================
Round 30/30
  Tested: params=(29, 2, 20, 29, 3)
  validation: F_1/7=0.983460, precision=0.984198, recall=0.948598, good=252995, bad=4062, missed=13709, trie_nodes=1867, patterns=1225, objective=0.983459
  Tested: params=(29, 2, 20, 29, 3)
  validation: F_1/7=0.983460, precision=0.984198, recall=0.948598, good=252995, bad=4062, missed=13709, trie_nodes=1867, patterns=1225, objective=0.983459
  Tested: params=(29, 2, 20, 29, 3)
  validation: F_1/7=0.983460, precision=0.984198, recall=0.948598, good=252995, bad=4062, missed=13709, trie_nodes=1867, patterns=1225, objective=0.983459
  Tested: params=(29, 2, 20, 29, 3)
  validation: F_1/7=0.983460, precision=0.984198, recall=0.948598, good=252995, bad=4062, missed=13709, trie_nodes=1867, patterns=1225, objective=0.983459
  Tested: params=(29, 2, 20, 29, 3)
  validation: F_1/7=0.983460, precision=0.984198, recall=0.948598, good=252995, bad=4062, missed=13709, trie_nodes=1867, patterns=1225, objective=0.983459
  Best so far: params=(29, 3, 21, 30, 3), score=0.983459, elapsed=2293.9s

============================================================
Final phase: 3 evaluations
  Tested: params=(29, 1, 19, 29, 3)
  validation: F_1/7=0.983808, precision=0.984554, recall=0.948598, good=252995, bad=3969, missed=13709, trie_nodes=1933, patterns=1303, objective=0.983807
  Tested: params=(29, 1, 19, 29, 3)
  validation: F_1/7=0.983808, precision=0.984554, recall=0.948598, good=252995, bad=3969, missed=13709, trie_nodes=1933, patterns=1303, objective=0.983807
  Tested: params=(29, 1, 19, 29, 3)
  validation: F_1/7=0.983808, precision=0.984554, recall=0.948598, good=252995, bad=3969, missed=13709, trie_nodes=1933, patterns=1303, objective=0.983807

============================================================
Threshold ablation run complete
Best parameters (b1 b2 b3 b4 thr): (29, 1, 19, 29, 3)
Thresholds: {'mode': 'shared', 'shared': 3, 'per_level': [3, 3, 3, 3]}
  validation-selected: F_1/7=0.983808, precision=0.984554, recall=0.948598, good=252995, bad=3969, missed=13709, trie_nodes=1933, patterns=1303, objective=0.983807
  held-out test: F_1/7=0.983427, precision=0.984165, recall=0.948588, good=253201, bad=4074, missed=13723, trie_nodes=1933, patterns=1303
Summary: results/threshold_ablation/es/wiktionary/shared_tpe/summary.json
History: results/threshold_ablation/es/wiktionary/shared_tpe/history.csv
Wall time: 2367.6s
