Proportional trie_normalizer for is/hyphenation-is: |D| = 218308
Objective: F17+Trie(w=0.0005)
Dataset: /home/dev/hyph-bench/data/is/hyphenation-is/hyph_is_list.wlh
Translate: /home/dev/hyph-bench/data/is/hyphenation-is/hyph_is_list.wlh.tra
Method: random | Threshold mode: shared
Search space (5-D): [(1, 30), (1, 30), (1, 30), (1, 30), (1, 5)]
Split counts: train=174648, validation=21830, test=21830
Pattern ranges: [(1, 4), (2, 5), (2, 6), (2, 7)]
Budget: 30 rounds x 5 + 3 final = 153 patgen evaluations; 3 parallel workers

============================================================
Round 1/30
  Tested: params=(12, 29, 22, 18, 1)
  validation: F_1/7=0.915954, precision=0.915180, recall=0.955540, good=39911, bad=3699, missed=1857, trie_nodes=29028, patterns=23502, objective=0.915887
  Tested: params=(5, 2, 26, 19, 4)
  validation: F_1/7=0.882060, precision=0.880778, recall=0.949818, good=39672, bad=5370, missed=2096, trie_nodes=17467, patterns=13781, objective=0.882020
  Tested: params=(1, 30, 25, 7, 1)
  validation: F_1/7=0.815912, precision=0.813441, recall=0.958629, good=40040, bad=9183, missed=1728, trie_nodes=27116, patterns=23995, objective=0.815850
  Tested: params=(6, 10, 16, 13, 2)
  validation: F_1/7=0.895099, precision=0.893918, recall=0.957096, good=39976, bad=4744, missed=1792, trie_nodes=25658, patterns=22250, objective=0.895041
  Tested: params=(19, 5, 9, 11, 3)
  validation: F_1/7=0.924670, precision=0.924060, recall=0.955564, good=39912, bad=3280, missed=1856, trie_nodes=30605, patterns=24559, objective=0.924600
  Best so far: params=(19, 5, 9, 11, 3), score=0.924600, elapsed=30.2s

============================================================
Round 2/30
  Tested: params=(24, 6, 16, 18, 1)
  validation: F_1/7=0.937470, precision=0.937127, recall=0.954582, good=39871, bad=2675, missed=1897, trie_nodes=32368, patterns=25180, objective=0.937396
  Tested: params=(19, 6, 2, 29, 5)
  validation: F_1/7=0.928149, precision=0.927596, recall=0.956067, good=39933, bad=3117, missed=1835, trie_nodes=17225, patterns=13810, objective=0.928109
  Tested: params=(25, 10, 3, 21, 3)
  validation: F_1/7=0.936859, precision=0.936448, recall=0.957455, good=39991, bad=2714, missed=1777, trie_nodes=29742, patterns=25685, objective=0.936791
  Tested: params=(4, 15, 2, 28, 2)
  validation: F_1/7=0.885327, precision=0.883939, recall=0.959131, good=40061, bad=5260, missed=1707, trie_nodes=24856, patterns=23194, objective=0.885270
  Tested: params=(20, 10, 16, 17, 1)
  validation: F_1/7=0.923780, precision=0.923164, recall=0.955013, good=39889, bad=3320, missed=1879, trie_nodes=31460, patterns=24672, objective=0.923708
  Best so far: params=(24, 6, 16, 18, 1), score=0.937396, elapsed=57.7s

============================================================
Round 3/30
  Tested: params=(30, 24, 29, 27, 3)
  validation: F_1/7=0.939641, precision=0.939362, recall=0.953553, good=39828, bad=2571, missed=1940, trie_nodes=34832, patterns=26221, objective=0.939562
  Tested: params=(28, 3, 6, 2, 2)
  validation: F_1/7=0.939309, precision=0.939008, recall=0.954295, good=39859, bad=2589, missed=1909, trie_nodes=31028, patterns=25351, objective=0.939238
  Tested: params=(12, 9, 25, 11, 2)
  validation: F_1/7=0.915855, precision=0.915079, recall=0.955588, good=39913, bad=3704, missed=1855, trie_nodes=28823, patterns=23300, objective=0.915789
  Tested: params=(17, 5, 25, 3, 5)
  validation: F_1/7=0.932853, precision=0.932529, recall=0.949028, good=39639, bad=2868, missed=2129, trie_nodes=18891, patterns=13160, objective=0.932810
  Tested: params=(24, 6, 1, 25, 4)
  validation: F_1/7=0.935075, precision=0.934610, recall=0.958485, good=40034, bad=2801, missed=1734, trie_nodes=18891, patterns=16270, objective=0.935032
  Best so far: params=(30, 24, 29, 27, 3), score=0.939562, elapsed=86.5s

============================================================
Round 4/30
  Tested: params=(22, 24, 3, 11, 1)
  validation: F_1/7=0.936527, precision=0.936117, recall=0.957072, good=39975, bad=2728, missed=1793, trie_nodes=29272, patterns=25315, objective=0.936460
  Tested: params=(26, 19, 10, 2, 2)
  validation: F_1/7=0.938691, precision=0.938375, recall=0.954439, good=39865, bad=2618, missed=1903, trie_nodes=31685, patterns=25126, objective=0.938619
  Tested: params=(10, 22, 20, 27, 3)
  validation: F_1/7=0.911587, precision=0.910725, recall=0.955947, good=39928, bad=3914, missed=1840, trie_nodes=28146, patterns=23029, objective=0.911523
  Tested: params=(4, 22, 23, 17, 4)
  validation: F_1/7=0.886841, precision=0.885527, recall=0.956402, good=39947, bad=5164, missed=1821, trie_nodes=14871, patterns=11820, objective=0.886807
  Tested: params=(15, 16, 13, 1, 1)
  validation: F_1/7=0.922177, precision=0.921559, recall=0.953529, good=39827, bad=3390, missed=1941, trie_nodes=29600, patterns=23777, objective=0.922109
  Best so far: params=(30, 24, 29, 27, 3), score=0.939562, elapsed=117.8s

============================================================
Round 5/30
  Tested: params=(1, 20, 10, 16, 5)
  validation: F_1/7=0.813931, precision=0.811422, recall=0.959299, good=40068, bad=9312, missed=1700, trie_nodes=15068, patterns=12196, objective=0.813896
  Tested: params=(8, 13, 23, 7, 1)
  validation: F_1/7=0.905547, precision=0.904574, recall=0.955923, good=39927, bad=4212, missed=1841, trie_nodes=26790, patterns=22560, objective=0.905486
  Tested: params=(9, 5, 28, 25, 4)
  validation: F_1/7=0.909121, precision=0.908319, recall=0.950225, good=39689, bad=4006, missed=2079, trie_nodes=16335, patterns=12154, objective=0.909083
  Tested: params=(27, 25, 6, 27, 3)
  validation: F_1/7=0.938130, precision=0.937770, recall=0.956091, good=39934, bad=2650, missed=1834, trie_nodes=31129, patterns=25334, objective=0.938058
  Tested: params=(25, 27, 10, 4, 2)
  validation: F_1/7=0.937542, precision=0.937193, recall=0.954942, good=39886, bad=2673, missed=1882, trie_nodes=31621, patterns=25136, objective=0.937469
  Best so far: params=(30, 24, 29, 27, 3), score=0.939562, elapsed=147.5s

============================================================
Round 6/30
  Tested: params=(13, 25, 26, 1, 3)
  validation: F_1/7=0.920640, precision=0.919974, recall=0.954511, good=39868, bad=3468, missed=1900, trie_nodes=29604, patterns=23677, objective=0.920573
  Tested: params=(13, 7, 4, 11, 5)
  validation: F_1/7=0.924976, precision=0.924387, recall=0.954774, good=39879, bad=3262, missed=1889, trie_nodes=16380, patterns=12566, objective=0.924939
  Tested: params=(10, 16, 22, 11, 5)
  validation: F_1/7=0.915153, precision=0.914418, recall=0.952643, good=39790, bad=3724, missed=1978, trie_nodes=16447, patterns=12068, objective=0.915115
  Tested: params=(29, 8, 15, 10, 2)
  validation: F_1/7=0.938390, precision=0.938068, recall=0.954463, good=39866, bad=2632, missed=1902, trie_nodes=32962, patterns=25511, objective=0.938315
  Tested: params=(2, 19, 16, 2, 2)
  validation: F_1/7=0.865558, precision=0.863857, recall=0.957982, good=40013, bad=6306, missed=1755, trie_nodes=25124, patterns=22569, objective=0.865501
  Best so far: params=(30, 24, 29, 27, 3), score=0.939562, elapsed=175.0s

============================================================
Round 7/30
  Tested: params=(28, 8, 5, 15, 5)
  validation: F_1/7=0.945239, precision=0.945088, recall=0.952691, good=39792, bad=2312, missed=1976, trie_nodes=18695, patterns=13690, objective=0.945196
  Tested: params=(8, 21, 23, 8, 4)
  validation: F_1/7=0.908662, precision=0.907792, recall=0.953433, good=39823, bad=4045, missed=1945, trie_nodes=15879, patterns=12000, objective=0.908625
  Tested: params=(12, 19, 20, 17, 1)
  validation: F_1/7=0.915744, precision=0.914963, recall=0.955708, good=39918, bad=3710, missed=1850, trie_nodes=28824, patterns=23353, objective=0.915678
  Tested: params=(26, 10, 6, 2, 3)
  validation: F_1/7=0.938728, precision=0.938398, recall=0.955181, good=39896, bad=2619, missed=1872, trie_nodes=30701, patterns=25007, objective=0.938658
  Tested: params=(21, 1, 16, 7, 4)
  validation: F_1/7=0.937549, precision=0.937365, recall=0.946634, good=39539, bad=2642, missed=2229, trie_nodes=20274, patterns=14618, objective=0.937502
  Best so far: params=(28, 8, 5, 15, 5), score=0.945196, elapsed=203.0s

============================================================
Round 8/30
  Tested: params=(6, 21, 12, 29, 1)
  validation: F_1/7=0.894804, precision=0.893611, recall=0.957432, good=39990, bad=4761, missed=1778, trie_nodes=26005, patterns=22374, objective=0.894745
  Tested: params=(11, 4, 28, 27, 2)
  validation: F_1/7=0.910683, precision=0.909827, recall=0.954678, good=39875, bad=3952, missed=1893, trie_nodes=28900, patterns=23708, objective=0.910617
  Tested: params=(20, 25, 17, 16, 2)
  validation: F_1/7=0.923245, precision=0.922621, recall=0.954894, good=39884, bad=3345, missed=1884, trie_nodes=32147, patterns=24946, objective=0.923172
  Tested: params=(3, 27, 28, 19, 2)
  validation: F_1/7=0.866754, precision=0.865075, recall=0.957862, good=40008, bad=6240, missed=1760, trie_nodes=25656, patterns=22666, objective=0.866696
  Tested: params=(11, 22, 27, 27, 4)
  validation: F_1/7=0.914630, precision=0.913887, recall=0.952571, good=39787, bad=3749, missed=1981, trie_nodes=16858, patterns=12320, objective=0.914592
  Best so far: params=(28, 8, 5, 15, 5), score=0.945196, elapsed=232.8s

============================================================
Round 9/30
  Tested: params=(20, 3, 5, 27, 4)
  validation: F_1/7=0.929050, precision=0.928573, recall=0.953050, good=39807, bad=3062, missed=1961, trie_nodes=17740, patterns=13456, objective=0.929010
  Tested: params=(1, 4, 20, 1, 1)
  validation: F_1/7=0.870741, precision=0.869285, recall=0.948621, good=39622, bad=5958, missed=2146, trie_nodes=29553, patterns=25992, objective=0.870674
  Tested: params=(17, 21, 20, 7, 4)
  validation: F_1/7=0.933731, precision=0.933394, recall=0.950512, good=39701, bad=2833, missed=2067, trie_nodes=18753, patterns=13134, objective=0.933688
  Tested: params=(8, 10, 23, 20, 5)
  validation: F_1/7=0.909466, precision=0.908634, recall=0.952164, good=39770, bad=3999, missed=1998, trie_nodes=15805, patterns=11846, objective=0.909429
  Tested: params=(20, 18, 3, 12, 2)
  validation: F_1/7=0.923142, precision=0.922468, recall=0.957408, good=39989, bad=3361, missed=1779, trie_nodes=28963, patterns=25056, objective=0.923076
  Best so far: params=(28, 8, 5, 15, 5), score=0.945196, elapsed=263.6s

============================================================
Round 10/30
  Tested: params=(8, 30, 12, 27, 4)
  validation: F_1/7=0.908067, precision=0.907176, recall=0.953960, good=39845, bad=4077, missed=1923, trie_nodes=15973, patterns=12107, objective=0.908030
  Tested: params=(24, 16, 18, 15, 1)
  validation: F_1/7=0.936875, precision=0.936524, recall=0.954439, good=39865, bad=2702, missed=1903, trie_nodes=32951, patterns=25370, objective=0.936800
  Tested: params=(22, 9, 1, 20, 1)
  validation: F_1/7=0.931672, precision=0.931163, recall=0.957336, good=39986, bad=2956, missed=1782, trie_nodes=29743, patterns=29061, objective=0.931604
  Tested: params=(29, 29, 28, 12, 1)
  validation: F_1/7=0.936925, precision=0.936583, recall=0.953984, good=39846, bad=2698, missed=1922, trie_nodes=34314, patterns=26001, objective=0.936847
  Tested: params=(28, 13, 29, 29, 5)
  validation: F_1/7=0.946715, precision=0.946688, recall=0.948070, good=39599, bad=2230, missed=2169, trie_nodes=21091, patterns=14256, objective=0.946667
  Best so far: params=(28, 13, 29, 29, 5), score=0.946667, elapsed=291.8s

============================================================
Round 11/30
  Tested: params=(9, 12, 26, 10, 1)
  validation: F_1/7=0.907175, precision=0.906233, recall=0.955875, good=39925, bad=4131, missed=1843, trie_nodes=27321, patterns=22673, objective=0.907113
  Tested: params=(17, 29, 21, 18, 1)
  validation: F_1/7=0.926580, precision=0.926012, recall=0.955277, good=39900, bad=3188, missed=1868, trie_nodes=30964, patterns=24329, objective=0.926509
  Tested: params=(19, 30, 5, 16, 5)
  validation: F_1/7=0.930614, precision=0.930160, recall=0.953409, good=39822, bad=2990, missed=1946, trie_nodes=17815, patterns=13155, objective=0.930573
  Tested: params=(23, 21, 22, 11, 2)
  validation: F_1/7=0.935925, precision=0.935555, recall=0.954415, good=39864, bad=2746, missed=1904, trie_nodes=32979, patterns=25325, objective=0.935849
  Tested: params=(25, 25, 27, 28, 3)
  validation: F_1/7=0.936188, precision=0.935827, recall=0.954199, good=39855, bad=2733, missed=1913, trie_nodes=33705, patterns=25692, objective=0.936110
  Best so far: params=(28, 13, 29, 29, 5), score=0.946667, elapsed=320.8s

============================================================
Round 12/30
  Tested: params=(16, 24, 20, 22, 4)
  validation: F_1/7=0.933257, precision=0.932901, recall=0.951015, good=39722, bad=2857, missed=2046, trie_nodes=18487, patterns=12988, objective=0.933214
  Tested: params=(27, 11, 12, 3, 3)
  validation: F_1/7=0.938002, precision=0.937672, recall=0.954487, good=39867, bad=2650, missed=1901, trie_nodes=32221, patterns=25251, objective=0.937929
  Tested: params=(2, 14, 17, 9, 3)
  validation: F_1/7=0.866144, precision=0.864450, recall=0.958102, good=40018, bad=6275, missed=1750, trie_nodes=24875, patterns=22284, objective=0.866087
  Tested: params=(1, 2, 25, 11, 1)
  validation: F_1/7=0.887099, precision=0.885833, recall=0.953912, good=39843, bad=5135, missed=1925, trie_nodes=33429, patterns=28470, objective=0.887023
  Tested: params=(16, 24, 7, 19, 1)
  validation: F_1/7=0.926819, precision=0.926227, recall=0.956785, good=39963, bad=3183, missed=1805, trie_nodes=29266, patterns=23998, objective=0.926752
  Best so far: params=(28, 13, 29, 29, 5), score=0.946667, elapsed=351.5s

============================================================
Round 13/30
  Tested: params=(2, 16, 17, 20, 4)
  validation: F_1/7=0.864312, precision=0.862582, recall=0.958509, good=40035, bad=6378, missed=1733, trie_nodes=14673, patterns=11993, objective=0.864278
  Tested: params=(30, 16, 10, 24, 2)
  validation: F_1/7=0.940925, precision=0.940642, recall=0.954966, good=39887, bad=2517, missed=1881, trie_nodes=32482, patterns=25596, objective=0.940850
  Tested: params=(14, 3, 1, 29, 5)
  validation: F_1/7=0.918740, precision=0.917962, recall=0.958533, good=40036, bad=3578, missed=1732, trie_nodes=17249, patterns=15270, objective=0.918700
  Tested: params=(21, 13, 6, 5, 2)
  validation: F_1/7=0.929323, precision=0.928791, recall=0.956187, good=39938, bad=3062, missed=1830, trie_nodes=29978, patterns=24589, objective=0.929255
  Tested: params=(17, 22, 20, 9, 5)
  validation: F_1/7=0.932905, precision=0.932559, recall=0.950153, good=39686, bad=2870, missed=2082, trie_nodes=18872, patterns=13174, objective=0.932862
  Best so far: params=(28, 13, 29, 29, 5), score=0.946667, elapsed=380.0s

============================================================
Round 14/30
  Tested: params=(23, 17, 19, 13, 2)
  validation: F_1/7=0.936036, precision=0.935668, recall=0.954463, good=39866, bad=2741, missed=1902, trie_nodes=32769, patterns=25241, objective=0.935961
  Tested: params=(11, 23, 1, 4, 1)
  validation: F_1/7=0.909386, precision=0.908545, recall=0.952571, good=39787, bad=4005, missed=1981, trie_nodes=26143, patterns=25537, objective=0.909326
  Tested: params=(2, 26, 22, 15, 1)
  validation: F_1/7=0.865179, precision=0.863472, recall=0.958030, good=40015, bad=6327, missed=1753, trie_nodes=25964, patterns=23430, objective=0.865120
  Tested: params=(15, 15, 6, 14, 2)
  validation: F_1/7=0.922220, precision=0.921542, recall=0.956689, good=39959, bad=3402, missed=1809, trie_nodes=28782, patterns=23800, objective=0.922154
  Tested: params=(19, 20, 2, 12, 4)
  validation: F_1/7=0.927964, precision=0.927384, recall=0.957336, good=39986, bad=3131, missed=1782, trie_nodes=17506, patterns=14138, objective=0.927924
  Best so far: params=(28, 13, 29, 29, 5), score=0.946667, elapsed=407.9s

============================================================
Round 15/30
  Tested: params=(16, 26, 20, 5, 1)
  validation: F_1/7=0.926672, precision=0.926109, recall=0.955133, good=39894, bad=3183, missed=1874, trie_nodes=30498, patterns=24063, objective=0.926602
  Tested: params=(20, 1, 18, 29, 3)
  validation: F_1/7=0.922855, precision=0.922261, recall=0.952930, good=39802, bad=3355, missed=1966, trie_nodes=33644, patterns=27089, objective=0.922778
  Tested: params=(12, 20, 14, 17, 5)
  validation: F_1/7=0.920250, precision=0.919630, recall=0.951709, good=39751, bad=3474, missed=2017, trie_nodes=17231, patterns=12459, objective=0.920211
  Tested: params=(12, 29, 28, 6, 1)
  validation: F_1/7=0.915958, precision=0.915187, recall=0.955373, good=39904, bad=3698, missed=1864, trie_nodes=29071, patterns=23512, objective=0.915891
  Tested: params=(4, 1, 3, 21, 1)
  validation: F_1/7=0.887983, precision=0.886748, recall=0.953050, good=39807, bad=5084, missed=1961, trie_nodes=25156, patterns=27946, objective=0.887926
  Best so far: params=(28, 13, 29, 29, 5), score=0.946667, elapsed=438.8s

============================================================
Round 16/30
  Tested: params=(10, 26, 1, 25, 2)
  validation: F_1/7=0.909258, precision=0.908311, recall=0.958198, good=40022, bad=4040, missed=1746, trie_nodes=27126, patterns=25787, objective=0.909196
  Tested: params=(4, 21, 19, 27, 4)
  validation: F_1/7=0.886918, precision=0.885605, recall=0.956402, good=39947, bad=5160, missed=1821, trie_nodes=14851, patterns=11800, objective=0.886884
  Tested: params=(25, 9, 6, 23, 5)
  validation: F_1/7=0.944272, precision=0.944113, recall=0.952093, good=39767, bad=2354, missed=2001, trie_nodes=18585, patterns=13487, objective=0.944229
  Tested: params=(30, 13, 12, 24, 2)
  validation: F_1/7=0.940719, precision=0.940441, recall=0.954559, good=39870, bad=2525, missed=1898, trie_nodes=32858, patterns=25618, objective=0.940644
  Tested: params=(28, 26, 13, 23, 4)
  validation: F_1/7=0.945951, precision=0.945874, recall=0.949746, good=39669, bad=2270, missed=2099, trie_nodes=19802, patterns=13824, objective=0.945906
  Best so far: params=(28, 13, 29, 29, 5), score=0.946667, elapsed=467.3s

============================================================
Round 17/30
  Tested: params=(4, 28, 16, 25, 2)
  validation: F_1/7=0.886879, precision=0.885544, recall=0.957671, good=40000, bad=5170, missed=1768, trie_nodes=25923, patterns=22750, objective=0.886820
  Tested: params=(27, 12, 1, 28, 1)
  validation: F_1/7=0.932697, precision=0.932202, recall=0.957623, good=39998, bad=2909, missed=1770, trie_nodes=30740, patterns=29944, objective=0.932627
  Tested: params=(10, 29, 29, 18, 4)
  validation: F_1/7=0.914710, precision=0.913961, recall=0.952954, good=39803, bad=3747, missed=1965, trie_nodes=16646, patterns=12259, objective=0.914671
  Tested: params=(14, 9, 10, 21, 4)
  validation: F_1/7=0.926917, precision=0.926415, recall=0.952188, good=39771, bad=3159, missed=1997, trie_nodes=17310, patterns=12546, objective=0.926877
  Tested: params=(24, 24, 3, 15, 1)
  validation: F_1/7=0.936998, precision=0.936592, recall=0.957312, good=39985, bad=2707, missed=1783, trie_nodes=29674, patterns=25630, objective=0.936930
  Best so far: params=(28, 13, 29, 29, 5), score=0.946667, elapsed=494.9s

============================================================
Round 18/30
  Tested: params=(17, 14, 27, 11, 1)
  validation: F_1/7=0.926643, precision=0.926076, recall=0.955277, good=39900, bad=3185, missed=1868, trie_nodes=30898, patterns=24229, objective=0.926572
  Tested: params=(5, 23, 19, 4, 1)
  validation: F_1/7=0.879265, precision=0.877808, recall=0.957144, good=39978, bad=5565, missed=1790, trie_nodes=25702, patterns=22474, objective=0.879207
  Tested: params=(22, 3, 25, 22, 1)
  validation: F_1/7=0.936166, precision=0.935805, recall=0.954199, good=39855, bad=2734, missed=1913, trie_nodes=33015, patterns=25467, objective=0.936090
  Tested: params=(3, 30, 12, 12, 5)
  validation: F_1/7=0.865377, precision=0.863675, recall=0.957862, good=40008, bad=6315, missed=1760, trie_nodes=15123, patterns=12115, objective=0.865342
  Tested: params=(29, 30, 23, 12, 1)
  validation: F_1/7=0.937302, precision=0.936965, recall=0.954104, good=39851, bad=2681, missed=1917, trie_nodes=34084, patterns=25927, objective=0.937224
  Best so far: params=(28, 13, 29, 29, 5), score=0.946667, elapsed=523.0s

============================================================
Round 19/30
  Tested: params=(24, 17, 13, 28, 1)
  validation: F_1/7=0.936902, precision=0.936539, recall=0.955037, good=39890, bad=2703, missed=1878, trie_nodes=31958, patterns=25108, objective=0.936829
  Tested: params=(15, 1, 15, 2, 1)
  validation: F_1/7=0.919554, precision=0.918914, recall=0.952069, good=39766, bad=3509, missed=2002, trie_nodes=32408, patterns=27691, objective=0.919480
  Tested: params=(4, 20, 23, 18, 5)
  validation: F_1/7=0.887610, precision=0.886312, recall=0.956210, good=39939, bad=5123, missed=1829, trie_nodes=14859, patterns=11764, objective=0.887576
  Tested: params=(12, 9, 27, 7, 5)
  validation: F_1/7=0.921053, precision=0.920463, recall=0.950919, good=39718, bad=3432, missed=2050, trie_nodes=17270, patterns=12420, objective=0.921014
  Tested: params=(1, 30, 2, 27, 3)
  validation: F_1/7=0.817233, precision=0.814768, recall=0.959491, good=40076, bad=9111, missed=1692, trie_nodes=26386, patterns=24129, objective=0.817173
  Best so far: params=(28, 13, 29, 29, 5), score=0.946667, elapsed=553.6s

============================================================
Round 20/30
  Tested: params=(30, 3, 17, 30, 3)
  validation: F_1/7=0.940466, precision=0.940203, recall=0.953529, good=39827, bad=2533, missed=1941, trie_nodes=34116, patterns=26096, objective=0.940388
  Tested: params=(19, 21, 14, 19, 3)
  validation: F_1/7=0.924962, precision=0.924367, recall=0.955085, good=39892, bad=3264, missed=1876, trie_nodes=31441, patterns=24680, objective=0.924890
  Tested: params=(28, 2, 9, 29, 5)
  validation: F_1/7=0.945904, precision=0.945833, recall=0.949411, good=39655, bad=2271, missed=2113, trie_nodes=19494, patterns=13922, objective=0.945860
  Tested: params=(14, 19, 9, 6, 3)
  validation: F_1/7=0.921608, precision=0.920942, recall=0.955492, good=39909, bad=3426, missed=1859, trie_nodes=29185, patterns=23668, objective=0.921541
  Tested: params=(11, 18, 3, 30, 5)
  validation: F_1/7=0.913355, precision=0.912512, recall=0.956665, good=39958, bad=3831, missed=1810, trie_nodes=15920, patterns=12403, objective=0.913319
  Best so far: params=(28, 13, 29, 29, 5), score=0.946667, elapsed=581.6s

============================================================
Round 21/30
  Tested: params=(21, 17, 10, 25, 4)
  validation: F_1/7=0.935052, precision=0.934719, recall=0.951638, good=39748, bad=2776, missed=2020, trie_nodes=18562, patterns=13209, objective=0.935009
  Tested: params=(5, 28, 25, 29, 4)
  validation: F_1/7=0.880268, precision=0.878846, recall=0.956067, good=39933, bad=5505, missed=1835, trie_nodes=15229, patterns=11955, objective=0.880233
  Tested: params=(19, 13, 28, 26, 1)
  validation: F_1/7=0.924603, precision=0.924002, recall=0.955061, good=39891, bad=3281, missed=1877, trie_nodes=31929, patterns=24733, objective=0.924530
  Tested: params=(1, 12, 25, 30, 1)
  validation: F_1/7=0.822059, precision=0.819683, recall=0.958174, good=40021, bad=8804, missed=1747, trie_nodes=26540, patterns=23491, objective=0.821998
  Tested: params=(18, 12, 30, 26, 5)
  validation: F_1/7=0.932902, precision=0.932562, recall=0.949866, good=39674, bad=2869, missed=2094, trie_nodes=19089, patterns=13235, objective=0.932859
  Best so far: params=(28, 13, 29, 29, 5), score=0.946667, elapsed=611.5s

============================================================
Round 22/30
  Tested: params=(15, 13, 9, 2, 5)
  validation: F_1/7=0.927319, precision=0.926848, recall=0.950991, good=39721, bad=3135, missed=2047, trie_nodes=17538, patterns=12722, objective=0.927279
  Tested: params=(25, 30, 30, 17, 4)
  validation: F_1/7=0.945342, precision=0.945274, recall=0.948669, good=39624, bad=2294, missed=2144, trie_nodes=20615, patterns=14046, objective=0.945295
  Tested: params=(29, 26, 8, 14, 1)
  validation: F_1/7=0.937967, precision=0.937607, recall=0.955947, good=39928, bad=2657, missed=1840, trie_nodes=31540, patterns=25409, objective=0.937895
  Tested: params=(29, 19, 7, 21, 4)
  validation: F_1/7=0.945343, precision=0.945208, recall=0.951997, good=39763, bad=2305, missed=2005, trie_nodes=19138, patterns=13777, objective=0.945299
  Tested: params=(11, 4, 21, 16, 4)
  validation: F_1/7=0.915893, precision=0.915225, recall=0.949890, good=39675, bad=3675, missed=2093, trie_nodes=16873, patterns=12404, objective=0.915855
  Best so far: params=(28, 13, 29, 29, 5), score=0.946667, elapsed=640.7s

============================================================
Round 23/30
  Tested: params=(16, 26, 17, 17, 5)
  validation: F_1/7=0.933235, precision=0.932884, recall=0.950752, good=39711, bad=2857, missed=2057, trie_nodes=18545, patterns=13025, objective=0.933192
  Tested: params=(13, 5, 1, 23, 4)
  validation: F_1/7=0.918689, precision=0.917900, recall=0.959084, good=40059, bad=3583, missed=1709, trie_nodes=16993, patterns=14939, objective=0.918650
  Tested: params=(22, 7, 5, 1, 2)
  validation: F_1/7=0.938342, precision=0.938063, recall=0.952212, good=39772, bad=2626, missed=1996, trie_nodes=29655, patterns=24531, objective=0.938274
  Tested: params=(18, 12, 14, 28, 2)
  validation: F_1/7=0.925498, precision=0.924916, recall=0.954966, good=39887, bad=3238, missed=1881, trie_nodes=30895, patterns=24322, objective=0.925428
  Tested: params=(16, 24, 12, 19, 5)
  validation: F_1/7=0.932730, precision=0.932362, recall=0.951135, good=39727, bad=2882, missed=2041, trie_nodes=18224, patterns=12930, objective=0.932688
  Best so far: params=(28, 13, 29, 29, 5), score=0.946667, elapsed=669.7s

============================================================
Round 24/30
  Tested: params=(29, 5, 28, 15, 2)
  validation: F_1/7=0.937770, precision=0.937444, recall=0.954008, good=39847, bad=2659, missed=1921, trie_nodes=34404, patterns=25989, objective=0.937691
  Tested: params=(14, 30, 15, 10, 4)
  validation: F_1/7=0.926777, precision=0.926280, recall=0.951805, good=39755, bad=3164, missed=2013, trie_nodes=17755, patterns=12777, objective=0.926736
  Tested: params=(8, 3, 4, 4, 1)
  validation: F_1/7=0.905574, precision=0.904614, recall=0.955229, good=39898, bad=4207, missed=1870, trie_nodes=25927, patterns=24121, objective=0.905514
  Tested: params=(5, 20, 6, 11, 5)
  validation: F_1/7=0.881756, precision=0.880356, recall=0.956234, good=39940, bad=5428, missed=1828, trie_nodes=14877, patterns=11666, objective=0.881721
  Tested: params=(15, 21, 6, 6, 1)
  validation: F_1/7=0.921952, precision=0.921273, recall=0.956498, good=39951, bad=3414, missed=1817, trie_nodes=28811, patterns=23871, objective=0.921886
  Best so far: params=(28, 13, 29, 29, 5), score=0.946667, elapsed=696.3s

============================================================
Round 25/30
  Tested: params=(6, 9, 6, 3, 1)
  validation: F_1/7=0.895252, precision=0.894080, recall=0.956713, good=39960, bad=4734, missed=1808, trie_nodes=25339, patterns=22320, objective=0.895194
  Tested: params=(14, 7, 11, 16, 4)
  validation: F_1/7=0.927084, precision=0.926591, recall=0.951925, good=39760, bad=3150, missed=2008, trie_nodes=17356, patterns=12593, objective=0.927044
  Tested: params=(2, 24, 19, 3, 5)
  validation: F_1/7=0.865266, precision=0.863563, recall=0.957862, good=40008, bad=6321, missed=1760, trie_nodes=14985, patterns=12199, objective=0.865232
  Tested: params=(28, 2, 9, 25, 4)
  validation: F_1/7=0.946052, precision=0.945986, recall=0.949315, good=39651, bad=2264, missed=2117, trie_nodes=19542, patterns=13995, objective=0.946008
  Tested: params=(6, 7, 12, 15, 4)
  validation: F_1/7=0.897516, precision=0.896447, recall=0.953194, good=39813, bad=4599, missed=1955, trie_nodes=14841, patterns=11662, objective=0.897482
  Best so far: params=(28, 13, 29, 29, 5), score=0.946667, elapsed=724.7s

============================================================
Round 26/30
  Tested: params=(12, 14, 23, 2, 2)
  validation: F_1/7=0.915971, precision=0.915203, recall=0.955301, good=39901, bad=3697, missed=1867, trie_nodes=28787, patterns=23254, objective=0.915906
  Tested: params=(22, 27, 16, 16, 1)
  validation: F_1/7=0.936324, precision=0.935959, recall=0.954559, good=39870, bad=2728, missed=1898, trie_nodes=32039, patterns=25014, objective=0.936251
  Tested: params=(14, 16, 8, 9, 2)
  validation: F_1/7=0.921451, precision=0.920771, recall=0.956043, good=39932, bad=3436, missed=1836, trie_nodes=28904, patterns=23556, objective=0.921385
  Tested: params=(1, 10, 7, 10, 1)
  validation: F_1/7=0.822722, precision=0.820348, recall=0.958676, good=40042, bad=8769, missed=1726, trie_nodes=25006, patterns=23354, objective=0.822665
  Tested: params=(27, 18, 21, 24, 3)
  validation: F_1/7=0.937447, precision=0.937115, recall=0.954032, good=39848, bad=2674, missed=1920, trie_nodes=33805, patterns=25763, objective=0.937370
  Best so far: params=(28, 13, 29, 29, 5), score=0.946667, elapsed=755.6s

============================================================
Round 27/30
  Tested: params=(3, 17, 18, 23, 3)
  validation: F_1/7=0.866723, precision=0.865038, recall=0.958174, good=40021, bad=6244, missed=1747, trie_nodes=25070, patterns=22225, objective=0.866666
  Tested: params=(4, 9, 11, 20, 3)
  validation: F_1/7=0.886661, precision=0.885325, recall=0.957455, good=39991, bad=5180, missed=1777, trie_nodes=25256, patterns=22327, objective=0.886603
  Tested: params=(11, 30, 19, 8, 1)
  validation: F_1/7=0.910956, precision=0.910086, recall=0.955756, good=39920, bad=3944, missed=1848, trie_nodes=28363, patterns=23320, objective=0.910891
  Tested: params=(5, 8, 5, 6, 2)
  validation: F_1/7=0.879236, precision=0.877774, recall=0.957360, good=39987, bad=5568, missed=1781, trie_nodes=24995, patterns=22437, objective=0.879179
  Tested: params=(6, 27, 3, 16, 3)
  validation: F_1/7=0.894546, precision=0.893343, recall=0.957743, good=40003, bad=4776, missed=1765, trie_nodes=25876, patterns=22858, objective=0.894487
  Best so far: params=(28, 13, 29, 29, 5), score=0.946667, elapsed=784.9s

============================================================
Round 28/30
  Tested: params=(30, 4, 12, 30, 5)
  validation: F_1/7=0.949544, precision=0.949553, recall=0.949076, good=39641, bad=2106, missed=2127, trie_nodes=20016, patterns=13930, objective=0.949498
  Tested: params=(25, 8, 6, 21, 5)
  validation: F_1/7=0.944301, precision=0.944141, recall=0.952188, good=39771, bad=2353, missed=1997, trie_nodes=18552, patterns=13473, objective=0.944258
  Tested: params=(17, 18, 9, 24, 1)
  validation: F_1/7=0.926671, precision=0.926094, recall=0.955827, good=39923, bad=3186, missed=1845, trie_nodes=29981, patterns=24093, objective=0.926602
  Tested: params=(10, 13, 16, 8, 1)
  validation: F_1/7=0.911397, precision=0.910532, recall=0.955875, good=39925, bad=3923, missed=1843, trie_nodes=27477, patterns=22717, objective=0.911334
  Tested: params=(19, 9, 18, 5, 3)
  validation: F_1/7=0.924619, precision=0.924023, recall=0.954774, good=39879, bad=3279, missed=1889, trie_nodes=32048, patterns=24804, objective=0.924546
  Best so far: params=(30, 4, 12, 30, 5), score=0.949498, elapsed=809.5s

============================================================
Round 29/30
  Tested: params=(16, 2, 11, 5, 1)
  validation: F_1/7=0.925420, precision=0.924839, recall=0.954798, good=39880, bad=3241, missed=1888, trie_nodes=31061, patterns=25747, objective=0.925349
  Tested: params=(30, 10, 25, 8, 4)
  validation: F_1/7=0.949888, precision=0.949928, recall=0.947927, good=39593, bad=2087, missed=2175, trie_nodes=21322, patterns=14379, objective=0.949839
  Tested: params=(23, 18, 15, 13, 2)
  validation: F_1/7=0.936369, precision=0.936005, recall=0.954582, good=39871, bad=2726, missed=1897, trie_nodes=32107, patterns=25068, objective=0.936296
  Tested: params=(28, 25, 29, 4, 4)
  validation: F_1/7=0.946763, precision=0.946742, recall=0.947807, good=39588, bad=2227, missed=2180, trie_nodes=21067, patterns=14296, objective=0.946715
  Tested: params=(29, 6, 2, 23, 3)
  validation: F_1/7=0.937007, precision=0.936594, recall=0.957695, good=40001, bad=2708, missed=1767, trie_nodes=30039, patterns=26689, objective=0.936938
  Best so far: params=(30, 10, 25, 8, 4), score=0.949839, elapsed=836.1s

============================================================
Round 30/30
  Tested: params=(26, 5, 24, 7, 1)
  validation: F_1/7=0.937856, precision=0.937532, recall=0.954008, good=39847, bad=2655, missed=1921, trie_nodes=33640, patterns=25674, objective=0.937779
  Tested: params=(5, 25, 20, 16, 2)
  validation: F_1/7=0.879804, precision=0.878349, recall=0.957503, good=39993, bad=5539, missed=1775, trie_nodes=25947, patterns=22459, objective=0.879744
  Tested: params=(27, 12, 25, 14, 2)
  validation: F_1/7=0.937339, precision=0.937005, recall=0.954032, good=39848, bad=2679, missed=1920, trie_nodes=33915, patterns=25745, objective=0.937262
  Tested: params=(14, 10, 23, 16, 2)
  validation: F_1/7=0.921525, precision=0.920861, recall=0.955277, good=39900, bad=3429, missed=1868, trie_nodes=29653, patterns=23641, objective=0.921457
  Tested: params=(27, 12, 17, 28, 4)
  validation: F_1/7=0.946524, precision=0.946471, recall=0.949100, good=39642, bad=2242, missed=2126, trie_nodes=20237, patterns=13926, objective=0.946477
  Best so far: params=(30, 10, 25, 8, 4), score=0.949839, elapsed=863.9s

============================================================
Final phase: 3 evaluations
  Tested: params=(4, 29, 19, 11, 1)
  validation: F_1/7=0.886484, precision=0.885140, recall=0.957743, good=40003, bad=5191, missed=1765, trie_nodes=25889, patterns=22780, objective=0.886424
  Tested: params=(24, 19, 17, 27, 4)
  validation: F_1/7=0.945364, precision=0.945279, recall=0.949579, good=39662, bad=2296, missed=2106, trie_nodes=19825, patterns=13715, objective=0.945319
  Tested: params=(5, 10, 8, 23, 1)
  validation: F_1/7=0.879290, precision=0.877832, recall=0.957192, good=39980, bad=5564, missed=1788, trie_nodes=25146, patterns=22512, objective=0.879233

============================================================
Threshold ablation run complete
Best parameters (b1 b2 b3 b4 thr): (30, 10, 25, 8, 4)
Thresholds: {'mode': 'shared', 'shared': 4, 'per_level': [4, 4, 4, 4]}
  validation-selected: F_1/7=0.949888, precision=0.949928, recall=0.947927, good=39593, bad=2087, missed=2175, trie_nodes=21322, patterns=14379, objective=0.949839
  held-out test: F_1/7=0.949134, precision=0.949189, recall=0.946436, good=39491, bad=2114, missed=2235, trie_nodes=21322, patterns=14379
Summary: results/threshold_ablation/is/hyphenation-is/shared_random/summary.json
History: results/threshold_ablation/is/hyphenation-is/shared_random/history.csv
Wall time: 891.1s
