Proportional trie_normalizer for is/hyphenation-is: |D| = 218308
Objective: F17+Trie(w=0.0005)
Dataset: /home/dev/hyph-bench/data/is/hyphenation-is/hyph_is_list.wlh
Translate: /home/dev/hyph-bench/data/is/hyphenation-is/hyph_is_list.wlh.tra
Method: random | Threshold mode: perlayer
Search space (8-D): [(1, 30), (1, 30), (1, 30), (1, 30), (1, 5), (1, 5), (1, 5), (1, 5)]
Split counts: train=174648, validation=21830, test=21830
Pattern ranges: [(1, 4), (2, 5), (2, 6), (2, 7)]
Budget: 30 rounds x 5 + 3 final = 153 patgen evaluations; 3 parallel workers

============================================================
Round 1/30
  Tested: params=(12, 29, 22, 18, 1, 1, 1, 5)
  validation: F_1/7=0.915776, precision=0.914994, recall=0.955827, good=39923, bad=3709, missed=1845, trie_nodes=28558, patterns=23218, objective=0.915711
  Tested: params=(19, 22, 1, 30, 5, 2, 1, 1)
  validation: F_1/7=0.920955, precision=0.920232, recall=0.957862, good=40008, bad=3468, missed=1760, trie_nodes=27359, patterns=27070, objective=0.920893
  Tested: params=(10, 16, 13, 9, 4, 1, 2, 2)
  validation: F_1/7=0.912381, precision=0.911541, recall=0.955516, good=39910, bad=3873, missed=1858, trie_nodes=26469, patterns=21355, objective=0.912320
  Tested: params=(14, 24, 6, 16, 3, 1, 4, 1)
  validation: F_1/7=0.923296, precision=0.922697, recall=0.953625, good=39831, bad=3337, missed=1937, trie_nodes=24886, patterns=20764, objective=0.923239
  Tested: params=(2, 29, 29, 25, 2, 1, 4, 3)
  validation: F_1/7=0.866739, precision=0.865097, recall=0.955588, good=39913, bad=6224, missed=1855, trie_nodes=23891, patterns=20917, objective=0.866684
  Best so far: params=(14, 24, 6, 16, 3, 1, 4, 1), score=0.923239, elapsed=31.7s

============================================================
Round 2/30
  Tested: params=(4, 15, 2, 28, 2, 4, 2, 3)
  validation: F_1/7=0.884984, precision=0.883568, recall=0.960400, good=40114, bad=5286, missed=1654, trie_nodes=23525, patterns=20893, objective=0.884930
  Tested: params=(17, 6, 30, 24, 5, 5, 3, 5)
  validation: F_1/7=0.923467, precision=0.922823, recall=0.956163, good=39937, bad=3340, missed=1831, trie_nodes=28140, patterns=20015, objective=0.923402
  Tested: params=(3, 6, 2, 10, 2, 2, 5, 2)
  validation: F_1/7=0.869013, precision=0.867411, recall=0.955444, good=39907, bad=6100, missed=1861, trie_nodes=20595, patterns=20005, objective=0.868966
  Tested: params=(9, 17, 5, 25, 1, 5, 4, 1)
  validation: F_1/7=0.908288, precision=0.907377, recall=0.955301, good=39901, bad=4073, missed=1867, trie_nodes=22438, patterns=18509, objective=0.908237
  Tested: params=(1, 25, 22, 22, 4, 1, 2, 1)
  validation: F_1/7=0.816940, precision=0.814486, recall=0.958437, good=40032, bad=9118, missed=1736, trie_nodes=26258, patterns=22794, objective=0.816880
  Best so far: params=(17, 6, 30, 24, 5, 5, 3, 5), score=0.923402, elapsed=60.1s

============================================================
Round 3/30
  Tested: params=(26, 19, 10, 2, 2, 2, 4, 4)
  validation: F_1/7=0.940275, precision=0.940040, recall=0.951901, good=39759, bad=2536, missed=2009, trie_nodes=26078, patterns=20940, objective=0.940215
  Tested: params=(27, 15, 4, 22, 4, 3, 4, 3)
  validation: F_1/7=0.948038, precision=0.947976, recall=0.951063, good=39724, bad=2180, missed=2044, trie_nodes=21863, patterns=17707, objective=0.947988
  Tested: params=(16, 13, 1, 4, 1, 4, 2, 3)
  validation: F_1/7=0.925295, precision=0.924766, recall=0.952021, good=39764, bad=3235, missed=2004, trie_nodes=26585, patterns=24465, objective=0.925235
  Tested: params=(28, 8, 13, 23, 2, 1, 2, 1)
  validation: F_1/7=0.937882, precision=0.937541, recall=0.954870, good=39883, bad=2657, missed=1885, trie_nodes=32557, patterns=25403, objective=0.937807
  Tested: params=(28, 25, 20, 27, 5, 1, 5, 3)
  validation: F_1/7=0.949096, precision=0.949149, recall=0.946490, good=39533, bad=2118, missed=2235, trie_nodes=23162, patterns=16613, objective=0.949043
  Best so far: params=(28, 25, 20, 27, 5, 1, 5, 3), score=0.949043, elapsed=87.8s

============================================================
Round 4/30
  Tested: params=(25, 27, 10, 4, 2, 3, 5, 5)
  validation: F_1/7=0.938844, precision=0.938569, recall=0.952523, good=39785, bad=2604, missed=1983, trie_nodes=26062, patterns=20960, objective=0.938784
  Tested: params=(1, 16, 13, 7, 1, 2, 5, 2)
  validation: F_1/7=0.819232, precision=0.816862, recall=0.955013, good=39889, bad=8943, missed=1879, trie_nodes=22340, patterns=19393, objective=0.819181
  Tested: params=(16, 22, 11, 30, 5, 2, 3, 2)
  validation: F_1/7=0.927606, precision=0.927073, recall=0.954463, good=39866, bad=3136, missed=1902, trie_nodes=28669, patterns=22363, objective=0.927540
  Tested: params=(9, 2, 19, 16, 1, 2, 5, 2)
  validation: F_1/7=0.909983, precision=0.909208, recall=0.949674, good=39666, bad=3961, missed=2102, trie_nodes=22985, patterns=19301, objective=0.909930
  Tested: params=(5, 15, 30, 8, 4, 4, 2, 4)
  validation: F_1/7=0.877219, precision=0.875660, recall=0.961071, good=40142, bad=5700, missed=1626, trie_nodes=21161, patterns=16129, objective=0.877171
  Best so far: params=(28, 25, 20, 27, 5, 1, 5, 3), score=0.949043, elapsed=117.6s

============================================================
Round 5/30
  Tested: params=(12, 19, 20, 17, 1, 5, 2, 1)
  validation: F_1/7=0.915340, precision=0.914531, recall=0.956833, good=39965, bad=3735, missed=1803, trie_nodes=28257, patterns=22062, objective=0.915276
  Tested: params=(2, 18, 21, 1, 3, 2, 4, 1)
  validation: F_1/7=0.868183, precision=0.866620, recall=0.952332, good=39777, bad=6122, missed=1991, trie_nodes=22129, patterns=19643, objective=0.868132
  Tested: params=(21, 12, 29, 5, 2, 1, 5, 5)
  validation: F_1/7=0.931125, precision=0.930725, recall=0.951159, good=39728, bad=2957, missed=2040, trie_nodes=26107, patterns=20654, objective=0.931065
  Tested: params=(8, 20, 25, 17, 3, 2, 1, 5)
  validation: F_1/7=0.905953, precision=0.904977, recall=0.956522, good=39952, bad=4195, missed=1816, trie_nodes=26727, patterns=22450, objective=0.905892
  Tested: params=(28, 19, 11, 11, 4, 5, 5, 4)
  validation: F_1/7=0.946120, precision=0.946042, recall=0.949938, good=39677, bad=2263, missed=2091, trie_nodes=19636, patterns=13756, objective=0.946075
  Best so far: params=(28, 25, 20, 27, 5, 1, 5, 3), score=0.949043, elapsed=145.9s

============================================================
Round 6/30
  Tested: params=(20, 3, 5, 27, 4, 1, 1, 4)
  validation: F_1/7=0.924488, precision=0.923847, recall=0.957025, good=39973, bad=3295, missed=1795, trie_nodes=26504, patterns=21431, objective=0.924427
  Tested: params=(1, 5, 17, 21, 4, 2, 4, 2)
  validation: F_1/7=0.851012, precision=0.849202, recall=0.950249, good=39690, bad=7048, missed=2078, trie_nodes=20541, patterns=17468, objective=0.850965
  Tested: params=(10, 23, 20, 26, 4, 3, 1, 2)
  validation: F_1/7=0.912150, precision=0.911311, recall=0.955253, good=39899, bad=3883, missed=1869, trie_nodes=26729, patterns=21572, objective=0.912089
  Tested: params=(8, 8, 30, 12, 5, 4, 4, 3)
  validation: F_1/7=0.912544, precision=0.911806, recall=0.950249, good=39690, bad=3839, missed=2078, trie_nodes=18647, patterns=14159, objective=0.912502
  Tested: params=(18, 15, 6, 22, 2, 1, 4, 1)
  validation: F_1/7=0.928006, precision=0.927491, recall=0.953960, good=39845, bad=3115, missed=1923, trie_nodes=25438, patterns=21009, objective=0.927947
  Best so far: params=(28, 25, 20, 27, 5, 1, 5, 3), score=0.949043, elapsed=175.3s

============================================================
Round 7/30
  Tested: params=(29, 29, 28, 12, 1, 5, 3, 5)
  validation: F_1/7=0.934089, precision=0.933650, recall=0.956115, good=39935, bad=2838, missed=1833, trie_nodes=33043, patterns=23622, objective=0.934013
  Tested: params=(29, 26, 9, 12, 5, 2, 1, 3)
  validation: F_1/7=0.940554, precision=0.940276, recall=0.954391, good=39863, bad=2532, missed=1905, trie_nodes=29912, patterns=23291, objective=0.940486
  Tested: params=(29, 21, 18, 3, 4, 5, 1, 3)
  validation: F_1/7=0.939446, precision=0.939162, recall=0.953553, good=39828, bad=2580, missed=1940, trie_nodes=31516, patterns=23094, objective=0.939374
  Tested: params=(27, 23, 21, 22, 2, 2, 5, 5)
  validation: F_1/7=0.940069, precision=0.939855, recall=0.950656, good=39707, bad=2541, missed=2061, trie_nodes=27348, patterns=21362, objective=0.940006
  Tested: params=(27, 28, 16, 16, 4, 4, 4, 4)
  validation: F_1/7=0.946156, precision=0.946094, recall=0.949219, good=39647, bad=2259, missed=2121, trie_nodes=20195, patterns=13955, objective=0.946110
  Best so far: params=(28, 25, 20, 27, 5, 1, 5, 3), score=0.949043, elapsed=202.7s

============================================================
Round 8/30
  Tested: params=(27, 11, 12, 3, 3, 1, 3, 3)
  validation: F_1/7=0.938177, precision=0.937850, recall=0.954511, good=39868, bad=2642, missed=1900, trie_nodes=32217, patterns=25257, objective=0.938104
  Tested: params=(9, 18, 1, 2, 5, 2, 1, 3)
  validation: F_1/7=0.906226, precision=0.905510, recall=0.942755, good=39377, bad=4109, missed=2391, trie_nodes=23224, patterns=22666, objective=0.906173
  Tested: params=(24, 7, 19, 3, 1, 3, 3, 4)
  validation: F_1/7=0.936553, precision=0.936190, recall=0.954726, good=39877, bad=2718, missed=1891, trie_nodes=32654, patterns=25035, objective=0.936479
  Tested: params=(22, 30, 16, 10, 4, 2, 3, 1)
  validation: F_1/7=0.937391, precision=0.937066, recall=0.953601, good=39830, bad=2675, missed=1938, trie_nodes=30406, patterns=23187, objective=0.937322
  Tested: params=(1, 29, 26, 21, 3, 1, 1, 2)
  validation: F_1/7=0.816789, precision=0.814329, recall=0.958700, good=40043, bad=9130, missed=1725, trie_nodes=26764, patterns=23417, objective=0.816728
  Best so far: params=(28, 25, 20, 27, 5, 1, 5, 3), score=0.949043, elapsed=233.0s

============================================================
Round 9/30
  Tested: params=(17, 22, 20, 9, 5, 4, 3, 4)
  validation: F_1/7=0.923884, precision=0.923244, recall=0.956378, good=39946, bad=3321, missed=1822, trie_nodes=27766, patterns=19642, objective=0.923821
  Tested: params=(13, 8, 11, 23, 1, 1, 1, 1)
  validation: F_1/7=0.921052, precision=0.920374, recall=0.955564, good=39912, bad=3453, missed=1856, trie_nodes=28741, patterns=23417, objective=0.920986
  Tested: params=(26, 22, 15, 3, 3, 3, 1, 3)
  validation: F_1/7=0.937774, precision=0.937447, recall=0.954056, good=39849, bad=2659, missed=1919, trie_nodes=32623, patterns=25356, objective=0.937699
  Tested: params=(12, 19, 20, 2, 2, 4, 3, 5)
  validation: F_1/7=0.912764, precision=0.911891, recall=0.957695, good=40001, bad=3865, missed=1767, trie_nodes=26674, patterns=19699, objective=0.912703
  Tested: params=(20, 5, 3, 20, 1, 3, 5, 3)
  validation: F_1/7=0.926267, precision=0.925706, recall=0.954606, good=39872, bad=3200, missed=1896, trie_nodes=25185, patterns=21802, objective=0.926209
  Best so far: params=(28, 25, 20, 27, 5, 1, 5, 3), score=0.949043, elapsed=260.6s

============================================================
Round 10/30
  Tested: params=(12, 20, 14, 17, 5, 2, 5, 5)
  validation: F_1/7=0.923754, precision=0.923253, recall=0.949004, good=39638, bad=3295, missed=2130, trie_nodes=20419, patterns=15811, objective=0.923707
  Tested: params=(6, 3, 4, 1, 1, 4, 1, 2)
  validation: F_1/7=0.896382, precision=0.895521, recall=0.940696, good=39291, bad=4584, missed=2477, trie_nodes=23761, patterns=21960, objective=0.896328
  Tested: params=(26, 1, 25, 9, 1, 4, 4, 5)
  validation: F_1/7=0.939816, precision=0.939629, recall=0.949100, good=39642, bad=2547, missed=2126, trie_nodes=26473, patterns=19957, objective=0.939756
  Tested: params=(23, 25, 9, 6, 4, 5, 5, 3)
  validation: F_1/7=0.946408, precision=0.946354, recall=0.949028, good=39639, bad=2247, missed=2129, trie_nodes=21133, patterns=15670, objective=0.946359
  Tested: params=(12, 24, 11, 28, 5, 3, 4, 4)
  validation: F_1/7=0.923402, precision=0.922884, recall=0.949531, good=39660, bad=3314, missed=2108, trie_nodes=20429, patterns=15877, objective=0.923355
  Best so far: params=(28, 25, 20, 27, 5, 1, 5, 3), score=0.949043, elapsed=292.8s

============================================================
Round 11/30
  Tested: params=(4, 28, 16, 25, 2, 5, 2, 1)
  validation: F_1/7=0.885805, precision=0.884417, recall=0.959586, good=40080, bad=5238, missed=1688, trie_nodes=24230, patterns=20248, objective=0.885749
  Tested: params=(28, 3, 10, 29, 5, 3, 4, 3)
  validation: F_1/7=0.948868, precision=0.948898, recall=0.947376, good=39570, bad=2131, missed=2198, trie_nodes=21746, patterns=16346, objective=0.948818
  Tested: params=(9, 10, 21, 23, 4, 4, 1, 3)
  validation: F_1/7=0.905291, precision=0.904309, recall=0.956163, good=39937, bad=4226, missed=1831, trie_nodes=25436, patterns=19865, objective=0.905233
  Tested: params=(2, 17, 14, 27, 2, 1, 1, 4)
  validation: F_1/7=0.865068, precision=0.863341, recall=0.959084, good=40059, bad=6341, missed=1709, trie_nodes=24337, patterns=22067, objective=0.865012
  Tested: params=(19, 4, 3, 22, 1, 5, 4, 1)
  validation: F_1/7=0.927768, precision=0.927231, recall=0.954870, good=39883, bad=3130, missed=1885, trie_nodes=24738, patterns=20838, objective=0.927712
  Best so far: params=(28, 25, 20, 27, 5, 1, 5, 3), score=0.949043, elapsed=325.0s

============================================================
Round 12/30
  Tested: params=(3, 30, 12, 12, 5, 5, 5, 4)
  validation: F_1/7=0.865377, precision=0.863675, recall=0.957862, good=40008, bad=6315, missed=1760, trie_nodes=15123, patterns=12115, objective=0.865342
  Tested: params=(12, 3, 24, 17, 3, 5, 1, 3)
  validation: F_1/7=0.916049, precision=0.915283, recall=0.955253, good=39899, bad=3693, missed=1869, trie_nodes=29106, patterns=23161, objective=0.915983
  Tested: params=(1, 15, 2, 4, 1, 4, 4, 3)
  validation: F_1/7=0.817783, precision=0.815383, recall=0.955588, good=39913, bad=9037, missed=1855, trie_nodes=19733, patterns=18067, objective=0.817738
  Tested: params=(29, 12, 9, 27, 2, 5, 1, 5)
  validation: F_1/7=0.934921, precision=0.934464, recall=0.957910, good=40010, bad=2806, missed=1758, trie_nodes=30440, patterns=22426, objective=0.934852
  Tested: params=(2, 27, 16, 30, 1, 3, 5, 3)
  validation: F_1/7=0.866707, precision=0.865062, recall=0.955756, good=39920, bad=6227, missed=1848, trie_nodes=24182, patterns=21439, objective=0.866651
  Best so far: params=(28, 25, 20, 27, 5, 1, 5, 3), score=0.949043, elapsed=357.0s

============================================================
Round 13/30
  Tested: params=(19, 21, 14, 19, 3, 5, 1, 2)
  validation: F_1/7=0.924791, precision=0.924172, recall=0.956210, good=39939, bad=3277, missed=1829, trie_nodes=30880, patterns=23704, objective=0.924721
  Tested: params=(29, 27, 14, 19, 2, 1, 3, 2)
  validation: F_1/7=0.937625, precision=0.937290, recall=0.954367, good=39862, bad=2667, missed=1906, trie_nodes=33041, patterns=25615, objective=0.937550
  Tested: params=(18, 3, 30, 30, 4, 3, 2, 5)
  validation: F_1/7=0.926050, precision=0.925508, recall=0.953361, good=39820, bad=3205, missed=1948, trie_nodes=30290, patterns=23103, objective=0.925980
  Tested: params=(21, 5, 28, 25, 5, 4, 4, 3)
  validation: F_1/7=0.938901, precision=0.938734, recall=0.947184, good=39562, bad=2582, missed=2206, trie_nodes=21571, patterns=15211, objective=0.938852
  Tested: params=(28, 26, 2, 1, 2, 5, 5, 1)
  validation: F_1/7=0.942354, precision=0.942768, recall=0.922477, good=38530, bad=2339, missed=3238, trie_nodes=24441, patterns=21137, objective=0.942298
  Best so far: params=(28, 25, 20, 27, 5, 1, 5, 3), score=0.949043, elapsed=385.2s

============================================================
Round 14/30
  Tested: params=(18, 12, 30, 26, 5, 3, 3, 2)
  validation: F_1/7=0.926244, precision=0.925701, recall=0.953649, good=39832, bad=3197, missed=1936, trie_nodes=29941, patterns=22788, objective=0.926176
  Tested: params=(2, 26, 25, 30, 5, 3, 4, 5)
  validation: F_1/7=0.869093, precision=0.867513, recall=0.954247, good=39857, bad=6087, missed=1911, trie_nodes=21337, patterns=18176, objective=0.869044
  Tested: params=(26, 8, 14, 4, 5, 4, 2, 4)
  validation: F_1/7=0.937455, precision=0.937089, recall=0.955756, good=39920, bad=2680, missed=1848, trie_nodes=29070, patterns=20691, objective=0.937389
  Tested: params=(19, 11, 4, 21, 3, 4, 3, 5)
  validation: F_1/7=0.921616, precision=0.920868, recall=0.959826, good=40090, bad=3445, missed=1678, trie_nodes=27194, patterns=20727, objective=0.921554
  Tested: params=(17, 17, 27, 13, 1, 1, 4, 4)
  validation: F_1/7=0.929794, precision=0.929346, recall=0.952308, good=39776, bad=3024, missed=1992, trie_nodes=25146, patterns=20293, objective=0.929737
  Best so far: params=(28, 25, 20, 27, 5, 1, 5, 3), score=0.949043, elapsed=412.2s

============================================================
Round 15/30
  Tested: params=(22, 7, 5, 1, 2, 3, 2, 3)
  validation: F_1/7=0.937812, precision=0.937493, recall=0.953721, good=39835, bad=2656, missed=1933, trie_nodes=29700, patterns=24490, objective=0.937744
  Tested: params=(28, 11, 16, 24, 2, 4, 5, 5)
  validation: F_1/7=0.937812, precision=0.937509, recall=0.952907, good=39801, bad=2653, missed=1967, trie_nodes=25552, patterns=19069, objective=0.937753
  Tested: params=(5, 28, 15, 8, 3, 5, 3, 2)
  validation: F_1/7=0.879460, precision=0.877969, recall=0.959275, good=40067, bad=5569, missed=1701, trie_nodes=24489, patterns=20157, objective=0.879404
  Tested: params=(20, 8, 3, 4, 1, 1, 1, 4)
  validation: F_1/7=0.922068, precision=0.921359, recall=0.958198, good=40022, bad=3416, missed=1746, trie_nodes=27502, patterns=23118, objective=0.922005
  Tested: params=(6, 11, 27, 15, 4, 1, 1, 1)
  validation: F_1/7=0.895618, precision=0.894460, recall=0.956306, good=39943, bad=4713, missed=1825, trie_nodes=24970, patterns=20936, objective=0.895561
  Best so far: params=(28, 25, 20, 27, 5, 1, 5, 3), score=0.949043, elapsed=443.4s

============================================================
Round 16/30
  Tested: params=(6, 9, 6, 3, 1, 3, 2, 2)
  validation: F_1/7=0.895252, precision=0.894080, recall=0.956713, good=39960, bad=4734, missed=1808, trie_nodes=25339, patterns=22320, objective=0.895194
  Tested: params=(16, 21, 2, 24, 4, 1, 5, 5)
  validation: F_1/7=0.931239, precision=0.930767, recall=0.954989, good=39888, bad=2967, missed=1880, trie_nodes=19463, patterns=16231, objective=0.931194
  Tested: params=(2, 9, 25, 23, 1, 2, 2, 3)
  validation: F_1/7=0.864739, precision=0.863035, recall=0.957360, good=39987, bad=6346, missed=1781, trie_nodes=25372, patterns=23154, objective=0.864681
  Tested: params=(19, 12, 14, 23, 1, 2, 4, 5)
  validation: F_1/7=0.927720, precision=0.927229, recall=0.952404, good=39780, bad=3122, missed=1988, trie_nodes=25265, patterns=20323, objective=0.927662
  Tested: params=(16, 16, 4, 14, 3, 2, 2, 2)
  validation: F_1/7=0.926237, precision=0.925623, recall=0.957336, good=39986, bad=3213, missed=1782, trie_nodes=28424, patterns=24166, objective=0.926172
  Best so far: params=(28, 25, 20, 27, 5, 1, 5, 3), score=0.949043, elapsed=473.8s

============================================================
Round 17/30
  Tested: params=(1, 10, 7, 10, 1, 5, 3, 4)
  validation: F_1/7=0.818540, precision=0.816057, recall=0.962004, good=40181, bad=9057, missed=1587, trie_nodes=20814, patterns=17443, objective=0.818493
  Tested: params=(24, 15, 3, 17, 3, 4, 3, 1)
  validation: F_1/7=0.936629, precision=0.936202, recall=0.958078, good=40017, bad=2727, missed=1751, trie_nodes=29248, patterns=24582, objective=0.936562
  Tested: params=(9, 11, 20, 18, 2, 5, 4, 2)
  validation: F_1/7=0.908745, precision=0.907876, recall=0.953457, good=39824, bad=4041, missed=1944, trie_nodes=22173, patterns=17900, objective=0.908695
  Tested: params=(4, 5, 8, 5, 1, 2, 1, 5)
  validation: F_1/7=0.884886, precision=0.883514, recall=0.957719, good=40002, bad=5274, missed=1766, trie_nodes=24329, patterns=22211, objective=0.884830
  Tested: params=(3, 16, 13, 30, 1, 2, 5, 5)
  validation: F_1/7=0.868560, precision=0.866956, recall=0.955109, good=39893, bad=6122, missed=1875, trie_nodes=21147, patterns=18879, objective=0.868511
  Best so far: params=(28, 25, 20, 27, 5, 1, 5, 3), score=0.949043, elapsed=501.7s

============================================================
Round 18/30
  Tested: params=(25, 8, 6, 21, 5, 3, 3, 2)
  validation: F_1/7=0.939485, precision=0.939165, recall=0.955444, good=39907, bad=2585, missed=1861, trie_nodes=28521, patterns=22877, objective=0.939420
  Tested: params=(24, 6, 10, 13, 3, 2, 1, 4)
  validation: F_1/7=0.936479, precision=0.936085, recall=0.956210, good=39939, bad=2727, missed=1829, trie_nodes=30792, patterns=24137, objective=0.936409
  Tested: params=(9, 18, 5, 15, 3, 1, 2, 1)
  validation: F_1/7=0.907137, precision=0.906176, recall=0.956857, good=39966, bad=4138, missed=1802, trie_nodes=26795, patterns=22815, objective=0.907076
  Tested: params=(2, 30, 10, 25, 2, 4, 4, 3)
  validation: F_1/7=0.864910, precision=0.863199, recall=0.957934, good=40011, bad=6341, missed=1757, trie_nodes=21586, patterns=18086, objective=0.864860
  Tested: params=(15, 13, 11, 28, 5, 5, 1, 4)
  validation: F_1/7=0.919200, precision=0.918455, recall=0.957288, good=39984, bad=3550, missed=1784, trie_nodes=25956, patterns=18753, objective=0.919141
  Best so far: params=(28, 25, 20, 27, 5, 1, 5, 3), score=0.949043, elapsed=530.6s

============================================================
Round 19/30
  Tested: params=(29, 6, 2, 23, 3, 5, 1, 4)
  validation: F_1/7=0.928884, precision=0.928240, recall=0.961597, good=40164, bad=3105, missed=1604, trie_nodes=27414, patterns=22774, objective=0.928821
  Tested: params=(7, 5, 5, 25, 4, 3, 2, 5)
  validation: F_1/7=0.899263, precision=0.898161, recall=0.956737, good=39961, bad=4531, missed=1807, trie_nodes=24395, patterns=20675, objective=0.899207
  Tested: params=(12, 25, 14, 12, 3, 2, 4, 3)
  validation: F_1/7=0.918287, precision=0.917610, recall=0.952739, good=39794, bad=3573, missed=1974, trie_nodes=24584, patterns=20284, objective=0.918231
  Tested: params=(7, 27, 12, 17, 5, 4, 1, 5)
  validation: F_1/7=0.896283, precision=0.895069, recall=0.960065, good=40100, bad=4701, missed=1668, trie_nodes=22344, patterns=16667, objective=0.896232
  Tested: params=(19, 11, 5, 24, 4, 3, 5, 4)
  validation: F_1/7=0.933055, precision=0.932687, recall=0.951422, good=39739, bad=2868, missed=2029, trie_nodes=19979, patterns=15475, objective=0.933009
  Best so far: params=(28, 25, 20, 27, 5, 1, 5, 3), score=0.949043, elapsed=560.4s

============================================================
Round 20/30
  Tested: params=(5, 10, 8, 23, 1, 3, 4, 5)
  validation: F_1/7=0.880943, precision=0.879558, recall=0.954630, good=39873, bad=5460, missed=1895, trie_nodes=20872, patterns=18556, objective=0.880896
  Tested: params=(11, 25, 4, 26, 1, 2, 4, 1)
  validation: F_1/7=0.912679, precision=0.911865, recall=0.954415, good=39864, bad=3853, missed=1904, trie_nodes=24083, patterns=20816, objective=0.912624
  Tested: params=(7, 22, 22, 20, 4, 3, 2, 2)
  validation: F_1/7=0.899972, precision=0.898897, recall=0.955971, good=39929, bad=4491, missed=1839, trie_nodes=25702, patterns=21314, objective=0.899913
  Tested: params=(6, 28, 18, 13, 3, 5, 1, 3)
  validation: F_1/7=0.894401, precision=0.893176, recall=0.958868, good=40050, bad=4790, missed=1718, trie_nodes=24959, patterns=20407, objective=0.894344
  Tested: params=(16, 19, 1, 27, 5, 3, 4, 5)
  validation: F_1/7=0.925997, precision=0.925362, recall=0.958174, good=40021, bad=3228, missed=1747, trie_nodes=20230, patterns=17996, objective=0.925950
  Best so far: params=(28, 25, 20, 27, 5, 1, 5, 3), score=0.949043, elapsed=589.8s

============================================================
Round 21/30
  Tested: params=(22, 5, 18, 19, 3, 4, 5, 5)
  validation: F_1/7=0.936305, precision=0.935976, recall=0.952715, good=39793, bad=2722, missed=1975, trie_nodes=24812, patterns=18500, objective=0.936248
  Tested: params=(14, 4, 30, 26, 1, 5, 5, 3)
  validation: F_1/7=0.923766, precision=0.923209, recall=0.951877, good=39758, bad=3307, missed=2010, trie_nodes=23936, patterns=18807, objective=0.923711
  Tested: params=(18, 12, 2, 11, 5, 1, 2, 2)
  validation: F_1/7=0.926592, precision=0.925990, recall=0.957072, good=39975, bad=3195, missed=1793, trie_nodes=25961, patterns=23116, objective=0.926533
  Tested: params=(17, 28, 11, 11, 4, 3, 2, 3)
  validation: F_1/7=0.927637, precision=0.927108, recall=0.954343, good=39861, bad=3134, missed=1907, trie_nodes=28862, patterns=22524, objective=0.927571
  Tested: params=(5, 6, 15, 13, 5, 2, 3, 4)
  validation: F_1/7=0.879232, precision=0.877778, recall=0.956881, good=39967, bad=5565, missed=1801, trie_nodes=24723, patterns=20904, objective=0.879175
  Best so far: params=(28, 25, 20, 27, 5, 1, 5, 3), score=0.949043, elapsed=617.3s

============================================================
Round 22/30
  Tested: params=(1, 20, 6, 29, 1, 3, 1, 5)
  validation: F_1/7=0.815409, precision=0.812909, recall=0.960065, good=40100, bad=9229, missed=1668, trie_nodes=24809, patterns=22482, objective=0.815352
  Tested: params=(16, 18, 3, 23, 2, 5, 2, 1)
  validation: F_1/7=0.925913, precision=0.925273, recall=0.958413, good=40031, bad=3233, missed=1737, trie_nodes=27764, patterns=23235, objective=0.925849
  Tested: params=(2, 15, 17, 2, 4, 3, 3, 3)
  validation: F_1/7=0.866398, precision=0.864721, recall=0.957408, good=39989, bad=6256, missed=1779, trie_nodes=24357, patterns=21471, objective=0.866342
  Tested: params=(13, 17, 5, 6, 5, 5, 2, 2)
  validation: F_1/7=0.922576, precision=0.921901, recall=0.956929, good=39969, bad=3386, missed=1799, trie_nodes=25693, patterns=20495, objective=0.922517
  Tested: params=(20, 13, 1, 5, 4, 4, 1, 2)
  validation: F_1/7=0.923201, precision=0.922646, recall=0.951231, good=39731, bad=3331, missed=2037, trie_nodes=24727, patterns=23542, objective=0.923145
  Best so far: params=(28, 25, 20, 27, 5, 1, 5, 3), score=0.949043, elapsed=646.5s

============================================================
Round 23/30
  Tested: params=(7, 21, 1, 4, 4, 1, 4, 2)
  validation: F_1/7=0.902020, precision=0.901046, recall=0.952476, good=39783, bad=4369, missed=1985, trie_nodes=21072, patterns=19401, objective=0.901972
  Tested: params=(3, 8, 22, 26, 5, 2, 4, 2)
  validation: F_1/7=0.870945, precision=0.869447, recall=0.951255, good=39732, bad=5966, missed=2036, trie_nodes=19333, patterns=16022, objective=0.870901
  Tested: params=(9, 27, 1, 3, 2, 1, 1, 3)
  validation: F_1/7=0.906869, precision=0.906013, recall=0.950871, good=39716, bad=4120, missed=2052, trie_nodes=25717, patterns=24811, objective=0.906810
  Tested: params=(13, 27, 25, 11, 2, 2, 3, 2)
  validation: F_1/7=0.920368, precision=0.919685, recall=0.955157, good=39895, bad=3484, missed=1873, trie_nodes=29464, patterns=23645, objective=0.920301
  Tested: params=(19, 13, 17, 14, 2, 5, 4, 1)
  validation: F_1/7=0.928152, precision=0.927664, recall=0.952739, good=39794, bad=3103, missed=1974, trie_nodes=25841, patterns=19937, objective=0.928093
  Best so far: params=(28, 25, 20, 27, 5, 1, 5, 3), score=0.949043, elapsed=676.6s

============================================================
Round 24/30
  Tested: params=(27, 15, 27, 24, 3, 1, 2, 3)
  validation: F_1/7=0.937182, precision=0.936846, recall=0.953960, good=39845, bad=2686, missed=1923, trie_nodes=33999, patterns=25802, objective=0.937104
  Tested: params=(20, 8, 5, 26, 5, 3, 1, 2)
  validation: F_1/7=0.927061, precision=0.926490, recall=0.955947, good=39928, bad=3168, missed=1840, trie_nodes=27300, patterns=22665, objective=0.926999
  Tested: params=(1, 28, 4, 18, 2, 3, 4, 5)
  validation: F_1/7=0.816532, precision=0.814088, recall=0.957384, good=39988, bad=9132, missed=1780, trie_nodes=23292, patterns=20493, objective=0.816479
  Tested: params=(7, 1, 5, 28, 5, 3, 4, 4)
  validation: F_1/7=0.902390, precision=0.901448, recall=0.951087, good=39725, bad=4343, missed=2043, trie_nodes=17522, patterns=15912, objective=0.902350
  Tested: params=(6, 28, 13, 12, 3, 1, 1, 4)
  validation: F_1/7=0.894596, precision=0.893396, recall=0.957671, good=40000, bad=4773, missed=1768, trie_nodes=25558, patterns=22116, objective=0.894538
  Best so far: params=(28, 25, 20, 27, 5, 1, 5, 3), score=0.949043, elapsed=705.2s

============================================================
Round 25/30
  Tested: params=(3, 19, 8, 12, 2, 2, 4, 2)
  validation: F_1/7=0.868556, precision=0.866954, recall=0.955085, good=39892, bad=6122, missed=1876, trie_nodes=22297, patterns=19668, objective=0.868505
  Tested: params=(17, 15, 20, 29, 4, 2, 1, 2)
  validation: F_1/7=0.927557, precision=0.927034, recall=0.953912, good=39843, bad=3136, missed=1925, trie_nodes=29420, patterns=22580, objective=0.927489
  Tested: params=(18, 2, 15, 18, 2, 4, 1, 1)
  validation: F_1/7=0.925858, precision=0.925291, recall=0.954511, good=39868, bad=3219, missed=1900, trie_nodes=31505, patterns=24690, objective=0.925785
  Tested: params=(22, 15, 21, 14, 2, 5, 4, 4)
  validation: F_1/7=0.935577, precision=0.935216, recall=0.953577, good=39829, bad=2759, missed=1939, trie_nodes=24806, patterns=18472, objective=0.935520
  Tested: params=(9, 18, 11, 3, 5, 1, 5, 3)
  validation: F_1/7=0.911101, precision=0.910351, recall=0.949387, good=39654, bad=3905, missed=2114, trie_nodes=20472, patterns=16086, objective=0.911054
  Best so far: params=(28, 25, 20, 27, 5, 1, 5, 3), score=0.949043, elapsed=732.5s

============================================================
Round 26/30
  Tested: params=(6, 17, 27, 22, 5, 4, 4, 5)
  validation: F_1/7=0.897190, precision=0.896091, recall=0.954511, good=39868, bad=4623, missed=1900, trie_nodes=15066, patterns=11590, objective=0.897155
  Tested: params=(8, 15, 7, 30, 5, 1, 4, 5)
  validation: F_1/7=0.911637, precision=0.910867, recall=0.951015, good=39722, bad=3887, missed=2046, trie_nodes=19415, patterns=15598, objective=0.911592
  Tested: params=(6, 18, 28, 2, 4, 2, 5, 5)
  validation: F_1/7=0.900156, precision=0.899178, recall=0.950824, good=39714, bad=4453, missed=2054, trie_nodes=19550, patterns=16006, objective=0.900111
  Tested: params=(29, 15, 26, 26, 2, 5, 1, 3)
  validation: F_1/7=0.937385, precision=0.937035, recall=0.954870, good=39883, bad=2680, missed=1885, trie_nodes=34056, patterns=25295, objective=0.937307
  Tested: params=(7, 4, 3, 21, 2, 4, 1, 2)
  validation: F_1/7=0.897445, precision=0.896292, recall=0.957815, good=40006, bad=4629, missed=1762, trie_nodes=25158, patterns=22747, objective=0.897387
  Best so far: params=(28, 25, 20, 27, 5, 1, 5, 3), score=0.949043, elapsed=762.4s

============================================================
Round 27/30
  Tested: params=(17, 24, 10, 19, 5, 4, 2, 1)
  validation: F_1/7=0.926603, precision=0.926031, recall=0.955540, good=39911, bad=3188, missed=1857, trie_nodes=28097, patterns=21454, objective=0.926539
  Tested: params=(27, 1, 27, 16, 5, 4, 5, 2)
  validation: F_1/7=0.949221, precision=0.949332, recall=0.943809, good=39421, bad=2104, missed=2347, trie_nodes=22882, patterns=16231, objective=0.949168
  Tested: params=(24, 13, 15, 19, 5, 5, 4, 3)
  validation: F_1/7=0.948394, precision=0.948397, recall=0.948238, good=39606, bad=2155, missed=2162, trie_nodes=21699, patterns=15580, objective=0.948344
  Tested: params=(13, 23, 8, 4, 2, 2, 2, 2)
  validation: F_1/7=0.920476, precision=0.919785, recall=0.955636, good=39915, bad=3481, missed=1853, trie_nodes=28707, patterns=23511, objective=0.920410
  Tested: params=(2, 1, 30, 13, 2, 4, 2, 5)
  validation: F_1/7=0.902032, precision=0.901000, recall=0.955684, good=39917, bad=4386, missed=1851, trie_nodes=33213, patterns=27825, objective=0.901956
  Best so far: params=(27, 1, 27, 16, 5, 4, 5, 2), score=0.949168, elapsed=793.4s

============================================================
Round 28/30
  Tested: params=(24, 3, 13, 27, 5, 3, 4, 1)
  validation: F_1/7=0.948225, precision=0.948254, recall=0.946801, good=39546, bad=2158, missed=2222, trie_nodes=21701, patterns=16100, objective=0.948176
  Tested: params=(30, 7, 29, 20, 4, 3, 2, 1)
  validation: F_1/7=0.941513, precision=0.941288, recall=0.952691, good=39792, bad=2482, missed=1976, trie_nodes=33053, patterns=24266, objective=0.941437
  Tested: params=(7, 6, 24, 11, 1, 5, 5, 5)
  validation: F_1/7=0.897728, precision=0.896623, recall=0.955420, good=39906, bad=4601, missed=1862, trie_nodes=18732, patterns=14968, objective=0.897685
  Tested: params=(30, 6, 12, 23, 4, 1, 5, 2)
  validation: F_1/7=0.952093, precision=0.952195, recall=0.947089, good=39558, bad=1986, missed=2210, trie_nodes=22288, patterns=16392, objective=0.952042
  Tested: params=(7, 17, 18, 18, 1, 5, 2, 1)
  validation: F_1/7=0.897821, precision=0.896668, recall=0.958174, good=40021, bad=4612, missed=1747, trie_nodes=25438, patterns=20613, objective=0.897763
  Best so far: params=(30, 6, 12, 23, 4, 1, 5, 2), score=0.952042, elapsed=820.2s

============================================================
Round 29/30
  Tested: params=(27, 29, 26, 25, 4, 3, 1, 3)
  validation: F_1/7=0.938720, precision=0.938436, recall=0.952883, good=39800, bad=2611, missed=1968, trie_nodes=32328, patterns=24043, objective=0.938646
  Tested: params=(12, 8, 22, 15, 1, 2, 4, 1)
  validation: F_1/7=0.918684, precision=0.918018, recall=0.952547, good=39786, bad=3553, missed=1982, trie_nodes=23939, patterns=19581, objective=0.918630
  Tested: params=(26, 15, 15, 18, 5, 2, 4, 3)
  validation: F_1/7=0.949290, precision=0.949336, recall=0.947041, good=39556, bad=2111, missed=2212, trie_nodes=22504, patterns=16473, objective=0.949239
  Tested: params=(9, 27, 24, 20, 5, 5, 4, 5)
  validation: F_1/7=0.907381, precision=0.906495, recall=0.953026, good=39806, bad=4106, missed=1962, trie_nodes=16342, patterns=12136, objective=0.907343
  Tested: params=(21, 21, 19, 23, 1, 5, 5, 1)
  validation: F_1/7=0.931076, precision=0.930652, recall=0.952332, good=39777, bad=2964, missed=1991, trie_nodes=26322, patterns=20255, objective=0.931016
  Best so far: params=(30, 6, 12, 23, 4, 1, 5, 2), score=0.952042, elapsed=845.4s

============================================================
Round 30/30
  Tested: params=(25, 4, 11, 23, 1, 5, 5, 3)
  validation: F_1/7=0.940364, precision=0.940131, recall=0.951925, good=39760, bad=2532, missed=2008, trie_nodes=26183, patterns=20513, objective=0.940304
  Tested: params=(1, 9, 19, 30, 4, 2, 4, 3)
  validation: F_1/7=0.831321, precision=0.829174, recall=0.952116, good=39768, bad=8193, missed=2000, trie_nodes=20349, patterns=17153, objective=0.831274
  Tested: params=(24, 4, 23, 17, 5, 2, 4, 5)
  validation: F_1/7=0.947958, precision=0.947995, recall=0.946179, good=39520, bad=2168, missed=2248, trie_nodes=21975, patterns=15808, objective=0.947908
  Tested: params=(4, 29, 21, 3, 2, 4, 1, 3)
  validation: F_1/7=0.886158, precision=0.884791, recall=0.958700, good=40043, bad=5214, missed=1725, trie_nodes=23846, patterns=19953, objective=0.886103
  Tested: params=(11, 19, 2, 27, 5, 5, 4, 1)
  validation: F_1/7=0.915907, precision=0.915138, recall=0.955277, good=39900, bad=3700, missed=1868, trie_nodes=20179, patterns=16994, objective=0.915861
  Best so far: params=(30, 6, 12, 23, 4, 1, 5, 2), score=0.952042, elapsed=874.1s

============================================================
Final phase: 3 evaluations
  Tested: params=(23, 1, 1, 10, 3, 4, 4, 3)
  validation: F_1/7=0.931317, precision=0.930906, recall=0.951901, good=39759, bad=2951, missed=2009, trie_nodes=27059, patterns=25746, objective=0.931255
  Tested: params=(9, 30, 13, 14, 1, 4, 4, 2)
  validation: F_1/7=0.908366, precision=0.907471, recall=0.954487, good=39867, bad=4065, missed=1901, trie_nodes=22774, patterns=18414, objective=0.908313
  Tested: params=(3, 21, 20, 9, 5, 1, 3, 5)
  validation: F_1/7=0.867336, precision=0.865663, recall=0.958078, good=40017, bad=6210, missed=1751, trie_nodes=24001, patterns=20897, objective=0.867281

============================================================
Threshold ablation run complete
Best parameters (b1..b4 thr1..thr4): (30, 6, 12, 23, 4, 1, 5, 2)
Thresholds: {'mode': 'perlayer', 'shared': None, 'per_level': [4, 1, 5, 2]}
  validation-selected: F_1/7=0.952093, precision=0.952195, recall=0.947089, good=39558, bad=1986, missed=2210, trie_nodes=22288, patterns=16392, objective=0.952042
  held-out test: F_1/7=0.951395, precision=0.951497, recall=0.946412, good=39490, bad=2013, missed=2236, trie_nodes=22288, patterns=16392
Summary: results/threshold_ablation/is/hyphenation-is/perlayer_random/summary.json
History: results/threshold_ablation/is/hyphenation-is/perlayer_random/history.csv
Wall time: 901.9s
