Proportional trie_normalizer for it/wiktionary: |D| = 77351
Objective: F17+Trie(w=0.0005)
Dataset: /home/dev/hyph-bench/data/it/wiktionary/it_wiktionary.wlh_dis.wlh
Translate: /home/dev/hyph-bench/data/it/wiktionary/it_wiktionary.wlh_dis.wlh.tra
Method: random | Threshold mode: perlayer
Search space (8-D): [(1, 30), (1, 30), (1, 30), (1, 30), (1, 5), (1, 5), (1, 5), (1, 5)]
Split counts: train=61881, validation=7735, test=7735
Pattern ranges: [(1, 4), (2, 5), (2, 6), (2, 7)]
Budget: 30 rounds x 5 + 3 final = 153 patgen evaluations; 3 parallel workers

============================================================
Round 1/30
  Tested: params=(12, 29, 22, 18, 1, 1, 1, 5)
  validation: F_1/7=0.995349, precision=0.996190, recall=0.955822, good=21441, bad=82, missed=991, trie_nodes=1855, patterns=1013, objective=0.995337
  Tested: params=(19, 22, 1, 30, 5, 2, 1, 1)
  validation: F_1/7=0.994263, precision=0.995080, recall=0.955777, good=21440, bad=106, missed=992, trie_nodes=2264, patterns=1348, objective=0.994248
  Tested: params=(10, 16, 13, 9, 4, 1, 2, 2)
  validation: F_1/7=0.995361, precision=0.996192, recall=0.956268, good=21451, bad=82, missed=981, trie_nodes=1778, patterns=868, objective=0.995349
  Tested: params=(14, 24, 6, 16, 3, 1, 4, 1)
  validation: F_1/7=0.995613, precision=0.996467, recall=0.955510, good=21434, bad=76, missed=998, trie_nodes=1645, patterns=920, objective=0.995603
  Tested: params=(2, 29, 29, 25, 2, 1, 4, 3)
  validation: F_1/7=0.989834, precision=0.990505, recall=0.958006, good=21490, bad=206, missed=942, trie_nodes=1746, patterns=843, objective=0.989822
  Best so far: params=(14, 24, 6, 16, 3, 1, 4, 1), score=0.995603, elapsed=6.0s

============================================================
Round 2/30
  Tested: params=(4, 15, 2, 28, 2, 4, 2, 3)
  validation: F_1/7=0.991346, precision=0.992057, recall=0.957694, good=21483, bad=172, missed=949, trie_nodes=1784, patterns=864, objective=0.991334
  Tested: params=(17, 6, 30, 24, 5, 5, 3, 5)
  validation: F_1/7=0.994937, precision=0.995773, recall=0.955644, good=21437, bad=91, missed=995, trie_nodes=1754, patterns=889, objective=0.994926
  Tested: params=(3, 6, 2, 10, 2, 2, 5, 2)
  validation: F_1/7=0.993292, precision=0.994070, recall=0.956580, good=21458, bad=128, missed=974, trie_nodes=1509, patterns=759, objective=0.993282
  Tested: params=(9, 17, 5, 25, 1, 5, 4, 1)
  validation: F_1/7=0.994781, precision=0.995592, recall=0.956580, good=21458, bad=95, missed=974, trie_nodes=1520, patterns=771, objective=0.994771
  Tested: params=(1, 25, 22, 22, 4, 1, 2, 1)
  validation: F_1/7=0.989444, precision=0.990099, recall=0.958408, good=21499, bad=215, missed=933, trie_nodes=1921, patterns=936, objective=0.989432
  Best so far: params=(14, 24, 6, 16, 3, 1, 4, 1), score=0.995603, elapsed=13.5s

============================================================
Round 3/30
  Tested: params=(26, 19, 10, 2, 2, 2, 4, 4)
  validation: F_1/7=0.995873, precision=0.996743, recall=0.955020, good=21423, bad=70, missed=1009, trie_nodes=1676, patterns=990, objective=0.995862
  Tested: params=(27, 15, 4, 22, 4, 3, 4, 3)
  validation: F_1/7=0.995773, precision=0.996649, recall=0.954663, good=21415, bad=72, missed=1017, trie_nodes=1571, patterns=892, objective=0.995763
  Tested: params=(16, 13, 1, 4, 1, 4, 2, 3)
  validation: F_1/7=0.994878, precision=0.995724, recall=0.955109, good=21425, bad=92, missed=1007, trie_nodes=1916, patterns=1122, objective=0.994866
  Tested: params=(28, 8, 13, 23, 2, 1, 2, 1)
  validation: F_1/7=0.996380, precision=0.997254, recall=0.955332, good=21430, bad=59, missed=1002, trie_nodes=2055, patterns=1150, objective=0.996367
  Tested: params=(28, 25, 20, 27, 5, 1, 5, 3)
  validation: F_1/7=0.997083, precision=0.997995, recall=0.954351, good=21408, bad=43, missed=1024, trie_nodes=1541, patterns=827, objective=0.997073
  Best so far: params=(28, 25, 20, 27, 5, 1, 5, 3), score=0.997073, elapsed=20.7s

============================================================
Round 4/30
  Tested: params=(25, 27, 10, 4, 2, 3, 5, 5)
  validation: F_1/7=0.995873, precision=0.996743, recall=0.955020, good=21423, bad=70, missed=1009, trie_nodes=1684, patterns=980, objective=0.995862
  Tested: params=(1, 16, 13, 7, 1, 2, 5, 2)
  validation: F_1/7=0.990241, precision=0.990918, recall=0.958185, good=21494, bad=197, missed=938, trie_nodes=1721, patterns=860, objective=0.990230
  Tested: params=(16, 22, 11, 30, 5, 2, 3, 2)
  validation: F_1/7=0.995570, precision=0.996421, recall=0.955599, good=21436, bad=77, missed=996, trie_nodes=1908, patterns=1008, objective=0.995558
  Tested: params=(9, 2, 19, 16, 1, 2, 5, 2)
  validation: F_1/7=0.995130, precision=0.995960, recall=0.956090, good=21447, bad=87, missed=985, trie_nodes=1468, patterns=777, objective=0.995120
  Tested: params=(5, 15, 30, 8, 4, 4, 2, 4)
  validation: F_1/7=0.991439, precision=0.992150, recall=0.957828, good=21486, bad=170, missed=946, trie_nodes=1370, patterns=640, objective=0.991431
  Best so far: params=(28, 25, 20, 27, 5, 1, 5, 3), score=0.997073, elapsed=27.6s

============================================================
Round 5/30
  Tested: params=(12, 19, 20, 17, 1, 5, 2, 1)
  validation: F_1/7=0.995306, precision=0.996144, recall=0.955911, good=21443, bad=83, missed=989, trie_nodes=1883, patterns=1009, objective=0.995294
  Tested: params=(2, 18, 21, 1, 3, 2, 4, 1)
  validation: F_1/7=0.991548, precision=0.992280, recall=0.956937, good=21466, bad=167, missed=966, trie_nodes=1564, patterns=776, objective=0.991538
  Tested: params=(21, 12, 29, 5, 2, 1, 5, 5)
  validation: F_1/7=0.995873, precision=0.996743, recall=0.955020, good=21423, bad=70, missed=1009, trie_nodes=1689, patterns=971, objective=0.995862
  Tested: params=(8, 20, 25, 17, 3, 2, 1, 5)
  validation: F_1/7=0.994560, precision=0.995362, recall=0.956758, good=21462, bad=100, missed=970, trie_nodes=1670, patterns=842, objective=0.994549
  Tested: params=(28, 19, 11, 11, 4, 5, 5, 4)
  validation: F_1/7=0.996724, precision=0.997624, recall=0.954529, good=21412, bad=51, missed=1020, trie_nodes=1378, patterns=732, objective=0.996715
  Best so far: params=(28, 25, 20, 27, 5, 1, 5, 3), score=0.997073, elapsed=34.1s

============================================================
Round 6/30
  Tested: params=(20, 3, 5, 27, 4, 1, 1, 4)
  validation: F_1/7=0.995300, precision=0.996143, recall=0.955644, good=21437, bad=83, missed=995, trie_nodes=1809, patterns=1045, objective=0.995288
  Tested: params=(1, 5, 17, 21, 4, 2, 4, 2)
  validation: F_1/7=0.991778, precision=0.992511, recall=0.957115, good=21470, bad=162, missed=962, trie_nodes=1411, patterns=698, objective=0.991768
  Tested: params=(10, 23, 20, 26, 4, 3, 1, 2)
  validation: F_1/7=0.995317, precision=0.996146, recall=0.956312, good=21452, bad=83, missed=980, trie_nodes=1785, patterns=869, objective=0.995305
  Tested: params=(8, 8, 30, 12, 5, 4, 4, 3)
  validation: F_1/7=0.995128, precision=0.995960, recall=0.956000, good=21445, bad=87, missed=987, trie_nodes=1336, patterns=637, objective=0.995119
  Tested: params=(18, 15, 6, 22, 2, 1, 4, 1)
  validation: F_1/7=0.995566, precision=0.996420, recall=0.955421, good=21432, bad=77, missed=1000, trie_nodes=1659, patterns=937, objective=0.995555
  Best so far: params=(28, 25, 20, 27, 5, 1, 5, 3), score=0.997073, elapsed=40.9s

============================================================
Round 7/30
  Tested: params=(29, 29, 28, 12, 1, 5, 3, 5)
  validation: F_1/7=0.996064, precision=0.996930, recall=0.955421, good=21432, bad=66, missed=1000, trie_nodes=1967, patterns=1068, objective=0.996052
  Tested: params=(29, 26, 9, 12, 5, 2, 1, 3)
  validation: F_1/7=0.996518, precision=0.997394, recall=0.955421, good=21432, bad=56, missed=1000, trie_nodes=2030, patterns=1128, objective=0.996505
  Tested: params=(29, 21, 18, 3, 4, 5, 1, 3)
  validation: F_1/7=0.996469, precision=0.997347, recall=0.955243, good=21428, bad=57, missed=1004, trie_nodes=2027, patterns=1109, objective=0.996455
  Tested: params=(27, 23, 21, 22, 2, 2, 5, 5)
  validation: F_1/7=0.996010, precision=0.996882, recall=0.955064, good=21424, bad=67, missed=1008, trie_nodes=1746, patterns=1012, objective=0.995999
  Tested: params=(27, 28, 16, 16, 4, 4, 4, 4)
  validation: F_1/7=0.995775, precision=0.996649, recall=0.954752, good=21417, bad=72, missed=1015, trie_nodes=1394, patterns=736, objective=0.995766
  Best so far: params=(28, 25, 20, 27, 5, 1, 5, 3), score=0.997073, elapsed=48.5s

============================================================
Round 8/30
  Tested: params=(27, 11, 12, 3, 3, 1, 3, 3)
  validation: F_1/7=0.995747, precision=0.996605, recall=0.955421, good=21432, bad=73, missed=1000, trie_nodes=2030, patterns=1142, objective=0.995734
  Tested: params=(9, 18, 1, 2, 5, 2, 1, 3)
  validation: F_1/7=0.994808, precision=0.995674, recall=0.954173, good=21404, bad=93, missed=1028, trie_nodes=1615, patterns=925, objective=0.994798
  Tested: params=(24, 7, 19, 3, 1, 3, 3, 4)
  validation: F_1/7=0.995611, precision=0.996466, recall=0.955421, good=21432, bad=76, missed=1000, trie_nodes=1980, patterns=1104, objective=0.995598
  Tested: params=(22, 30, 16, 10, 4, 2, 3, 1)
  validation: F_1/7=0.995701, precision=0.996559, recall=0.955376, good=21431, bad=74, missed=1001, trie_nodes=1984, patterns=1079, objective=0.995688
  Tested: params=(1, 29, 26, 21, 3, 1, 1, 2)
  validation: F_1/7=0.989227, precision=0.989872, recall=0.958586, good=21503, bad=220, missed=929, trie_nodes=1953, patterns=957, objective=0.989214
  Best so far: params=(28, 25, 20, 27, 5, 1, 5, 3), score=0.997073, elapsed=56.4s

============================================================
Round 9/30
  Tested: params=(17, 22, 20, 9, 5, 4, 3, 4)
  validation: F_1/7=0.994939, precision=0.995773, recall=0.955688, good=21438, bad=91, missed=994, trie_nodes=1742, patterns=882, objective=0.994927
  Tested: params=(13, 8, 11, 23, 1, 1, 1, 1)
  validation: F_1/7=0.995438, precision=0.996282, recall=0.955733, good=21439, bad=80, missed=993, trie_nodes=1902, patterns=1027, objective=0.995425
  Tested: params=(26, 22, 15, 3, 3, 3, 1, 3)
  validation: F_1/7=0.995703, precision=0.996559, recall=0.955465, good=21433, bad=74, missed=999, trie_nodes=2048, patterns=1147, objective=0.995690
  Tested: params=(12, 19, 20, 2, 2, 4, 3, 5)
  validation: F_1/7=0.994809, precision=0.995635, recall=0.955911, good=21443, bad=94, missed=989, trie_nodes=1689, patterns=881, objective=0.994798
  Tested: params=(20, 5, 3, 20, 1, 3, 5, 3)
  validation: F_1/7=0.995606, precision=0.996466, recall=0.955243, good=21428, bad=76, missed=1004, trie_nodes=1745, patterns=1034, objective=0.995595
  Best so far: params=(28, 25, 20, 27, 5, 1, 5, 3), score=0.997073, elapsed=62.9s

============================================================
Round 10/30
  Tested: params=(12, 20, 14, 17, 5, 2, 5, 5)
  validation: F_1/7=0.995918, precision=0.996790, recall=0.955020, good=21423, bad=69, missed=1009, trie_nodes=1407, patterns=749, objective=0.995909
  Tested: params=(6, 3, 4, 1, 1, 4, 1, 2)
  validation: F_1/7=0.994422, precision=0.995223, recall=0.956669, good=21460, bad=103, missed=972, trie_nodes=1694, patterns=923, objective=0.994411
  Tested: params=(26, 1, 25, 9, 1, 4, 4, 5)
  validation: F_1/7=0.995693, precision=0.996558, recall=0.955064, good=21424, bad=74, missed=1008, trie_nodes=1631, patterns=933, objective=0.995682
  Tested: params=(23, 25, 9, 6, 4, 5, 5, 3)
  validation: F_1/7=0.996180, precision=0.997066, recall=0.954574, good=21413, bad=63, missed=1019, trie_nodes=1522, patterns=812, objective=0.996170
  Tested: params=(12, 24, 11, 28, 5, 3, 4, 4)
  validation: F_1/7=0.995872, precision=0.996743, recall=0.954975, good=21422, bad=70, missed=1010, trie_nodes=1415, patterns=757, objective=0.995863
  Best so far: params=(28, 25, 20, 27, 5, 1, 5, 3), score=0.997073, elapsed=69.6s

============================================================
Round 11/30
  Tested: params=(4, 28, 16, 25, 2, 5, 2, 1)
  validation: F_1/7=0.989957, precision=0.990639, recall=0.957650, good=21482, bad=203, missed=950, trie_nodes=1758, patterns=844, objective=0.989945
  Tested: params=(28, 3, 10, 29, 5, 3, 4, 3)
  validation: F_1/7=0.997036, precision=0.997949, recall=0.954262, good=21406, bad=44, missed=1026, trie_nodes=1533, patterns=833, objective=0.997026
  Tested: params=(9, 10, 21, 23, 4, 4, 1, 3)
  validation: F_1/7=0.994921, precision=0.995732, recall=0.956758, good=21462, bad=92, missed=970, trie_nodes=1733, patterns=838, objective=0.994910
  Tested: params=(2, 17, 14, 27, 2, 1, 1, 4)
  validation: F_1/7=0.990866, precision=0.991557, recall=0.958140, good=21493, bad=183, missed=939, trie_nodes=1719, patterns=842, objective=0.990855
  Tested: params=(19, 4, 3, 22, 1, 5, 4, 1)
  validation: F_1/7=0.995202, precision=0.996049, recall=0.955376, good=21431, bad=85, missed=1001, trie_nodes=1721, patterns=980, objective=0.995191
  Best so far: params=(28, 25, 20, 27, 5, 1, 5, 3), score=0.997073, elapsed=77.3s

============================================================
Round 12/30
  Tested: params=(3, 30, 12, 12, 5, 5, 5, 4)
  validation: F_1/7=0.989114, precision=0.989773, recall=0.957828, good=21486, bad=222, missed=946, trie_nodes=1088, patterns=465, objective=0.989107
  Tested: params=(12, 3, 24, 17, 3, 5, 1, 3)
  validation: F_1/7=0.995303, precision=0.996144, recall=0.955777, good=21440, bad=83, missed=992, trie_nodes=1890, patterns=1018, objective=0.995291
  Tested: params=(1, 15, 2, 4, 1, 4, 4, 3)
  validation: F_1/7=0.990060, precision=0.990734, recall=0.958096, good=21492, bad=201, missed=940, trie_nodes=1636, patterns=814, objective=0.990049
  Tested: params=(29, 12, 9, 27, 2, 5, 1, 5)
  validation: F_1/7=0.995887, precision=0.996745, recall=0.955599, good=21436, bad=70, missed=996, trie_nodes=1898, patterns=1048, objective=0.995875
  Tested: params=(2, 27, 16, 30, 1, 3, 5, 3)
  validation: F_1/7=0.989068, precision=0.989727, recall=0.957784, good=21485, bad=223, missed=947, trie_nodes=1788, patterns=875, objective=0.989056
  Best so far: params=(28, 25, 20, 27, 5, 1, 5, 3), score=0.997073, elapsed=85.2s

============================================================
Round 13/30
  Tested: params=(19, 21, 14, 19, 3, 5, 1, 2)
  validation: F_1/7=0.995390, precision=0.996236, recall=0.955644, good=21437, bad=81, missed=995, trie_nodes=1975, patterns=1067, objective=0.995377
  Tested: params=(29, 27, 14, 19, 2, 1, 3, 2)
  validation: F_1/7=0.996380, precision=0.997254, recall=0.955332, good=21430, bad=59, missed=1002, trie_nodes=2063, patterns=1150, objective=0.996367
  Tested: params=(18, 3, 30, 30, 4, 3, 2, 5)
  validation: F_1/7=0.995431, precision=0.996281, recall=0.955465, good=21433, bad=80, missed=999, trie_nodes=1903, patterns=1024, objective=0.995419
  Tested: params=(21, 5, 28, 25, 5, 4, 4, 3)
  validation: F_1/7=0.996177, precision=0.997066, recall=0.954485, good=21411, bad=63, missed=1021, trie_nodes=1510, patterns=805, objective=0.996168
  Tested: params=(28, 26, 2, 1, 2, 5, 5, 1)
  validation: F_1/7=0.996764, precision=0.997712, recall=0.952434, good=21365, bad=49, missed=1067, trie_nodes=1633, patterns=1025, objective=0.996754
  Best so far: params=(28, 25, 20, 27, 5, 1, 5, 3), score=0.997073, elapsed=94.8s

============================================================
Round 14/30
  Tested: params=(18, 12, 30, 26, 5, 3, 3, 2)
  validation: F_1/7=0.995524, precision=0.996374, recall=0.955555, good=21435, bad=78, missed=997, trie_nodes=1935, patterns=1022, objective=0.995511
  Tested: params=(2, 26, 25, 30, 5, 3, 4, 5)
  validation: F_1/7=0.990007, precision=0.990686, recall=0.957828, good=21486, bad=202, missed=946, trie_nodes=1550, patterns=748, objective=0.989997
  Tested: params=(26, 8, 14, 4, 5, 4, 2, 4)
  validation: F_1/7=0.995253, precision=0.996097, recall=0.955599, good=21436, bad=84, missed=996, trie_nodes=1859, patterns=1005, objective=0.995241
  Tested: params=(19, 11, 4, 21, 3, 4, 3, 5)
  validation: F_1/7=0.994359, precision=0.995174, recall=0.956000, good=21445, bad=104, missed=987, trie_nodes=1703, patterns=916, objective=0.994348
  Tested: params=(17, 17, 27, 13, 1, 1, 4, 4)
  validation: F_1/7=0.995698, precision=0.996559, recall=0.955287, good=21429, bad=74, missed=1003, trie_nodes=1599, patterns=885, objective=0.995688
  Best so far: params=(28, 25, 20, 27, 5, 1, 5, 3), score=0.997073, elapsed=101.6s

============================================================
Round 15/30
  Tested: params=(22, 7, 5, 1, 2, 3, 2, 3)
  validation: F_1/7=0.995610, precision=0.996466, recall=0.955376, good=21431, bad=76, missed=1001, trie_nodes=1974, patterns=1118, objective=0.995597
  Tested: params=(28, 11, 16, 24, 2, 4, 5, 5)
  validation: F_1/7=0.996237, precision=0.997114, recall=0.955064, good=21424, bad=62, missed=1008, trie_nodes=1636, patterns=923, objective=0.996227
  Tested: params=(5, 28, 15, 8, 3, 5, 3, 2)
  validation: F_1/7=0.990711, precision=0.991414, recall=0.957427, good=21477, bad=186, missed=955, trie_nodes=1737, patterns=853, objective=0.990699
  Tested: params=(20, 8, 3, 4, 1, 1, 1, 4)
  validation: F_1/7=0.995024, precision=0.995865, recall=0.955510, good=21434, bad=89, missed=998, trie_nodes=1840, patterns=1078, objective=0.995013
  Tested: params=(6, 11, 27, 15, 4, 1, 1, 1)
  validation: F_1/7=0.992719, precision=0.993475, recall=0.957026, good=21468, bad=141, missed=964, trie_nodes=1718, patterns=849, objective=0.992708
  Best so far: params=(28, 25, 20, 27, 5, 1, 5, 3), score=0.997073, elapsed=108.9s

============================================================
Round 16/30
  Tested: params=(6, 9, 6, 3, 1, 3, 2, 2)
  validation: F_1/7=0.992495, precision=0.993245, recall=0.957070, good=21469, bad=146, missed=963, trie_nodes=1744, patterns=884, objective=0.992484
  Tested: params=(16, 21, 2, 24, 4, 1, 5, 5)
  validation: F_1/7=0.995204, precision=0.996050, recall=0.955465, good=21433, bad=85, missed=999, trie_nodes=1370, patterns=761, objective=0.995196
  Tested: params=(2, 9, 25, 23, 1, 2, 2, 3)
  validation: F_1/7=0.990260, precision=0.990956, recall=0.957338, good=21475, bad=196, missed=957, trie_nodes=1817, patterns=906, objective=0.990248
  Tested: params=(19, 12, 14, 23, 1, 2, 4, 5)
  validation: F_1/7=0.995605, precision=0.996466, recall=0.955198, good=21427, bad=76, missed=1005, trie_nodes=1638, patterns=923, objective=0.995595
  Tested: params=(16, 16, 4, 14, 3, 2, 2, 2)
  validation: F_1/7=0.995165, precision=0.996004, recall=0.955688, good=21438, bad=86, missed=994, trie_nodes=1925, patterns=1048, objective=0.995152
  Best so far: params=(28, 25, 20, 27, 5, 1, 5, 3), score=0.997073, elapsed=116.5s

============================================================
Round 17/30
  Tested: params=(1, 10, 7, 10, 1, 5, 3, 4)
  validation: F_1/7=0.981890, precision=0.982371, recall=0.958898, good=21510, bad=386, missed=922, trie_nodes=1349, patterns=640, objective=0.981882
  Tested: params=(24, 15, 3, 17, 3, 4, 3, 1)
  validation: F_1/7=0.995159, precision=0.996004, recall=0.955465, good=21433, bad=86, missed=999, trie_nodes=2019, patterns=1143, objective=0.995146
  Tested: params=(9, 11, 20, 18, 2, 5, 4, 2)
  validation: F_1/7=0.994915, precision=0.995731, recall=0.956535, good=21457, bad=92, missed=975, trie_nodes=1483, patterns=748, objective=0.994906
  Tested: params=(4, 5, 8, 5, 1, 2, 1, 5)
  validation: F_1/7=0.991645, precision=0.992374, recall=0.957204, good=21472, bad=165, missed=960, trie_nodes=1631, patterns=837, objective=0.991635
  Tested: params=(3, 16, 13, 30, 1, 2, 5, 5)
  validation: F_1/7=0.991558, precision=0.992283, recall=0.957293, good=21474, bad=167, missed=958, trie_nodes=1485, patterns=717, objective=0.991549
  Best so far: params=(28, 25, 20, 27, 5, 1, 5, 3), score=0.997073, elapsed=123.7s

============================================================
Round 18/30
  Tested: params=(25, 8, 6, 21, 5, 3, 3, 2)
  validation: F_1/7=0.995476, precision=0.996328, recall=0.955465, good=21433, bad=79, missed=999, trie_nodes=1971, patterns=1108, objective=0.995463
  Tested: params=(24, 6, 10, 13, 3, 2, 1, 4)
  validation: F_1/7=0.995475, precision=0.996327, recall=0.955421, good=21432, bad=79, missed=1000, trie_nodes=1929, patterns=1094, objective=0.995463
  Tested: params=(9, 18, 5, 15, 3, 1, 2, 1)
  validation: F_1/7=0.994651, precision=0.995455, recall=0.956803, good=21463, bad=98, missed=969, trie_nodes=1769, patterns=885, objective=0.994640
  Tested: params=(2, 30, 10, 25, 2, 4, 4, 3)
  validation: F_1/7=0.989430, precision=0.990094, recall=0.957962, good=21489, bad=215, missed=943, trie_nodes=1695, patterns=797, objective=0.989419
  Tested: params=(15, 13, 11, 28, 5, 5, 1, 4)
  validation: F_1/7=0.994759, precision=0.995588, recall=0.955733, good=21439, bad=95, missed=993, trie_nodes=1664, patterns=849, objective=0.994748
  Best so far: params=(28, 25, 20, 27, 5, 1, 5, 3), score=0.997073, elapsed=130.6s

============================================================
Round 19/30
  Tested: params=(29, 6, 2, 23, 3, 5, 1, 4)
  validation: F_1/7=0.994317, precision=0.995128, recall=0.956134, good=21448, bad=105, missed=984, trie_nodes=1870, patterns=1087, objective=0.994305
  Tested: params=(7, 5, 5, 25, 4, 3, 2, 5)
  validation: F_1/7=0.994384, precision=0.995178, recall=0.956937, good=21466, bad=104, missed=966, trie_nodes=1622, patterns=831, objective=0.994373
  Tested: params=(12, 25, 14, 12, 3, 2, 4, 3)
  validation: F_1/7=0.995659, precision=0.996513, recall=0.955510, good=21434, bad=75, missed=998, trie_nodes=1626, patterns=906, objective=0.995648
  Tested: params=(7, 27, 12, 17, 5, 4, 1, 5)
  validation: F_1/7=0.993677, precision=0.994444, recall=0.957471, good=21478, bad=120, missed=954, trie_nodes=1427, patterns=672, objective=0.993667
  Tested: params=(19, 11, 5, 24, 4, 3, 5, 4)
  validation: F_1/7=0.995601, precision=0.996465, recall=0.955020, good=21423, bad=76, missed=1009, trie_nodes=1414, patterns=775, objective=0.995592
  Best so far: params=(28, 25, 20, 27, 5, 1, 5, 3), score=0.997073, elapsed=137.8s

============================================================
Round 20/30
  Tested: params=(5, 10, 8, 23, 1, 3, 4, 5)
  validation: F_1/7=0.992259, precision=0.993013, recall=0.956669, good=21460, bad=151, missed=972, trie_nodes=1459, patterns=774, objective=0.992249
  Tested: params=(11, 25, 4, 26, 1, 2, 4, 1)
  validation: F_1/7=0.995218, precision=0.996052, recall=0.956000, good=21445, bad=85, missed=987, trie_nodes=1594, patterns=865, objective=0.995208
  Tested: params=(7, 22, 22, 20, 4, 3, 2, 2)
  validation: F_1/7=0.994568, precision=0.995364, recall=0.957070, good=21469, bad=100, missed=963, trie_nodes=1749, patterns=860, objective=0.994557
  Tested: params=(6, 28, 18, 13, 3, 5, 1, 3)
  validation: F_1/7=0.990804, precision=0.991507, recall=0.957561, good=21480, bad=184, missed=952, trie_nodes=1743, patterns=850, objective=0.990793
  Tested: params=(16, 19, 1, 27, 5, 3, 4, 5)
  validation: F_1/7=0.993043, precision=0.993835, recall=0.955733, good=21439, bad=133, missed=993, trie_nodes=1497, patterns=840, objective=0.993033
  Best so far: params=(28, 25, 20, 27, 5, 1, 5, 3), score=0.997073, elapsed=144.3s

============================================================
Round 21/30
  Tested: params=(22, 5, 18, 19, 3, 4, 5, 5)
  validation: F_1/7=0.995422, precision=0.996280, recall=0.955109, good=21425, bad=80, missed=1007, trie_nodes=1560, patterns=869, objective=0.995412
  Tested: params=(14, 4, 30, 26, 1, 5, 5, 3)
  validation: F_1/7=0.995610, precision=0.996466, recall=0.955376, good=21431, bad=76, missed=1001, trie_nodes=1588, patterns=880, objective=0.995600
  Tested: params=(18, 12, 2, 11, 5, 1, 2, 2)
  validation: F_1/7=0.995164, precision=0.996004, recall=0.955644, good=21437, bad=86, missed=995, trie_nodes=1965, patterns=1098, objective=0.995151
  Tested: params=(17, 28, 11, 11, 4, 3, 2, 3)
  validation: F_1/7=0.995568, precision=0.996420, recall=0.955510, good=21434, bad=77, missed=998, trie_nodes=1914, patterns=1009, objective=0.995556
  Tested: params=(5, 6, 15, 13, 5, 2, 3, 4)
  validation: F_1/7=0.994077, precision=0.994858, recall=0.957293, good=21474, bad=111, missed=958, trie_nodes=1642, patterns=843, objective=0.994067
  Best so far: params=(28, 25, 20, 27, 5, 1, 5, 3), score=0.997073, elapsed=150.8s

============================================================
Round 22/30
  Tested: params=(1, 20, 6, 29, 1, 3, 1, 5)
  validation: F_1/7=0.988557, precision=0.989189, recall=0.958541, good=21502, bad=235, missed=930, trie_nodes=1797, patterns=926, objective=0.988545
  Tested: params=(16, 18, 3, 23, 2, 5, 2, 1)
  validation: F_1/7=0.995028, precision=0.995865, recall=0.955644, good=21437, bad=89, missed=995, trie_nodes=1940, patterns=1057, objective=0.995015
  Tested: params=(2, 15, 17, 2, 4, 3, 3, 3)
  validation: F_1/7=0.991081, precision=0.991784, recall=0.957828, good=21486, bad=178, missed=946, trie_nodes=1773, patterns=845, objective=0.991069
  Tested: params=(13, 17, 5, 6, 5, 5, 2, 2)
  validation: F_1/7=0.995257, precision=0.996097, recall=0.955733, good=21439, bad=84, missed=993, trie_nodes=1861, patterns=995, objective=0.995244
  Tested: params=(20, 13, 1, 5, 4, 4, 1, 2)
  validation: F_1/7=0.995005, precision=0.995862, recall=0.954752, good=21417, bad=89, missed=1015, trie_nodes=1964, patterns=1231, objective=0.994992
  Best so far: params=(28, 25, 20, 27, 5, 1, 5, 3), score=0.997073, elapsed=158.2s

============================================================
Round 23/30
  Tested: params=(7, 21, 1, 4, 4, 1, 4, 2)
  validation: F_1/7=0.994726, precision=0.995544, recall=0.956223, good=21450, bad=96, missed=982, trie_nodes=1506, patterns=779, objective=0.994717
  Tested: params=(3, 8, 22, 26, 5, 2, 4, 2)
  validation: F_1/7=0.991997, precision=0.992739, recall=0.956937, good=21466, bad=157, missed=966, trie_nodes=1415, patterns=674, objective=0.991988
  Tested: params=(9, 27, 1, 3, 2, 1, 1, 3)
  validation: F_1/7=0.994672, precision=0.995497, recall=0.955867, good=21442, bad=97, missed=990, trie_nodes=1819, patterns=1016, objective=0.994660
  Tested: params=(13, 27, 25, 11, 2, 2, 3, 2)
  validation: F_1/7=0.995440, precision=0.996283, recall=0.955822, good=21441, bad=80, missed=991, trie_nodes=1910, patterns=1025, objective=0.995428
  Tested: params=(19, 13, 17, 14, 2, 5, 4, 1)
  validation: F_1/7=0.995606, precision=0.996466, recall=0.955243, good=21428, bad=76, missed=1004, trie_nodes=1682, patterns=929, objective=0.995596
  Best so far: params=(28, 25, 20, 27, 5, 1, 5, 3), score=0.997073, elapsed=165.3s

============================================================
Round 24/30
  Tested: params=(27, 15, 27, 24, 3, 1, 2, 3)
  validation: F_1/7=0.995747, precision=0.996605, recall=0.955421, good=21432, bad=73, missed=1000, trie_nodes=2055, patterns=1147, objective=0.995734
  Tested: params=(20, 8, 5, 26, 5, 3, 1, 2)
  validation: F_1/7=0.995569, precision=0.996421, recall=0.955555, good=21435, bad=77, missed=997, trie_nodes=1940, patterns=1099, objective=0.995557
  Tested: params=(1, 28, 4, 18, 2, 3, 4, 5)
  validation: F_1/7=0.988458, precision=0.989094, recall=0.958229, good=21495, bad=237, missed=937, trie_nodes=1721, patterns=866, objective=0.988447
  Tested: params=(7, 1, 5, 28, 5, 3, 4, 4)
  validation: F_1/7=0.994422, precision=0.995223, recall=0.956669, good=21460, bad=103, missed=972, trie_nodes=1249, patterns=739, objective=0.994414
  Tested: params=(6, 28, 13, 12, 3, 1, 1, 4)
  validation: F_1/7=0.991027, precision=0.991735, recall=0.957516, good=21479, bad=179, missed=953, trie_nodes=1710, patterns=860, objective=0.991016
  Best so far: params=(28, 25, 20, 27, 5, 1, 5, 3), score=0.997073, elapsed=171.9s

============================================================
Round 25/30
  Tested: params=(3, 19, 8, 12, 2, 2, 4, 2)
  validation: F_1/7=0.991469, precision=0.992191, recall=0.957293, good=21474, bad=169, missed=958, trie_nodes=1619, patterns=778, objective=0.991458
  Tested: params=(17, 15, 20, 29, 4, 2, 1, 2)
  validation: F_1/7=0.995523, precision=0.996374, recall=0.955510, good=21434, bad=78, missed=998, trie_nodes=1905, patterns=1001, objective=0.995510
  Tested: params=(18, 2, 15, 18, 2, 4, 1, 1)
  validation: F_1/7=0.995478, precision=0.996328, recall=0.955555, good=21435, bad=79, missed=997, trie_nodes=1942, patterns=1053, objective=0.995466
  Tested: params=(22, 15, 21, 14, 2, 5, 4, 4)
  validation: F_1/7=0.995424, precision=0.996280, recall=0.955198, good=21427, bad=80, missed=1005, trie_nodes=1562, patterns=865, objective=0.995414
  Tested: params=(9, 18, 11, 3, 5, 1, 5, 3)
  validation: F_1/7=0.995444, precision=0.996283, recall=0.956000, good=21445, bad=80, missed=987, trie_nodes=1363, patterns=652, objective=0.995436
  Best so far: params=(28, 25, 20, 27, 5, 1, 5, 3), score=0.997073, elapsed=178.6s

============================================================
Round 26/30
  Tested: params=(6, 17, 27, 22, 5, 4, 4, 5)
  validation: F_1/7=0.990659, precision=0.991366, recall=0.957204, good=21472, bad=187, missed=960, trie_nodes=1064, patterns=477, objective=0.990652
  Tested: params=(8, 15, 7, 30, 5, 1, 4, 5)
  validation: F_1/7=0.995041, precision=0.995868, recall=0.956134, good=21448, bad=89, missed=984, trie_nodes=1288, patterns=638, objective=0.995032
  Tested: params=(6, 18, 28, 2, 4, 2, 5, 5)
  validation: F_1/7=0.991588, precision=0.992325, recall=0.956758, good=21462, bad=166, missed=970, trie_nodes=1376, patterns=667, objective=0.991579
  Tested: params=(29, 15, 26, 26, 2, 5, 1, 3)
  validation: F_1/7=0.996471, precision=0.997347, recall=0.955332, good=21430, bad=57, missed=1002, trie_nodes=2074, patterns=1151, objective=0.996457
  Tested: params=(7, 4, 3, 21, 2, 4, 1, 2)
  validation: F_1/7=0.994301, precision=0.995088, recall=0.957204, good=21472, bad=106, missed=960, trie_nodes=1776, patterns=910, objective=0.994289
  Best so far: params=(28, 25, 20, 27, 5, 1, 5, 3), score=0.997073, elapsed=185.7s

============================================================
Round 27/30
  Tested: params=(17, 24, 10, 19, 5, 4, 2, 1)
  validation: F_1/7=0.995433, precision=0.996282, recall=0.955555, good=21435, bad=80, missed=997, trie_nodes=1917, patterns=1010, objective=0.995421
  Tested: params=(27, 1, 27, 16, 5, 4, 5, 2)
  validation: F_1/7=0.996403, precision=0.997298, recall=0.954440, good=21410, bad=58, missed=1022, trie_nodes=1547, patterns=843, objective=0.996393
  Tested: params=(24, 13, 15, 19, 5, 5, 4, 3)
  validation: F_1/7=0.996181, precision=0.997067, recall=0.954618, good=21414, bad=63, missed=1018, trie_nodes=1523, patterns=804, objective=0.996171
  Tested: params=(13, 23, 8, 4, 2, 2, 2, 2)
  validation: F_1/7=0.995392, precision=0.996236, recall=0.955733, good=21439, bad=81, missed=993, trie_nodes=1917, patterns=1035, objective=0.995380
  Tested: params=(2, 1, 30, 13, 2, 4, 2, 5)
  validation: F_1/7=0.994738, precision=0.995546, recall=0.956669, good=21460, bad=96, missed=972, trie_nodes=1776, patterns=1011, objective=0.994727
  Best so far: params=(28, 25, 20, 27, 5, 1, 5, 3), score=0.997073, elapsed=192.7s

============================================================
Round 28/30
  Tested: params=(24, 3, 13, 27, 5, 3, 4, 1)
  validation: F_1/7=0.996130, precision=0.997020, recall=0.954396, good=21409, bad=64, missed=1023, trie_nodes=1521, patterns=815, objective=0.996120
  Tested: params=(30, 7, 29, 20, 4, 3, 2, 1)
  validation: F_1/7=0.996650, precision=0.997533, recall=0.955243, good=21428, bad=53, missed=1004, trie_nodes=2041, patterns=1121, objective=0.996637
  Tested: params=(7, 6, 24, 11, 1, 5, 5, 5)
  validation: F_1/7=0.993974, precision=0.994763, recall=0.956803, good=21463, bad=113, missed=969, trie_nodes=1164, patterns=575, objective=0.993966
  Tested: params=(30, 6, 12, 23, 4, 1, 5, 2)
  validation: F_1/7=0.997217, precision=0.998135, recall=0.954217, good=21405, bad=40, missed=1027, trie_nodes=1535, patterns=825, objective=0.997207
  Tested: params=(7, 17, 18, 18, 1, 5, 2, 1)
  validation: F_1/7=0.994209, precision=0.994995, recall=0.957159, good=21471, bad=108, missed=961, trie_nodes=1715, patterns=852, objective=0.994198
  Best so far: params=(30, 6, 12, 23, 4, 1, 5, 2), score=0.997207, elapsed=199.3s

============================================================
Round 29/30
  Tested: params=(27, 29, 26, 25, 4, 3, 1, 3)
  validation: F_1/7=0.995792, precision=0.996652, recall=0.955421, good=21432, bad=72, missed=1000, trie_nodes=2034, patterns=1123, objective=0.995779
  Tested: params=(12, 8, 22, 15, 1, 2, 4, 1)
  validation: F_1/7=0.995654, precision=0.996512, recall=0.955332, good=21430, bad=75, missed=1002, trie_nodes=1608, patterns=896, objective=0.995644
  Tested: params=(26, 15, 15, 18, 5, 2, 4, 3)
  validation: F_1/7=0.996268, precision=0.997159, recall=0.954485, good=21411, bad=61, missed=1021, trie_nodes=1547, patterns=837, objective=0.996258
  Tested: params=(9, 27, 24, 20, 5, 5, 4, 5)
  validation: F_1/7=0.994724, precision=0.995544, recall=0.956134, good=21448, bad=96, missed=984, trie_nodes=1131, patterns=515, objective=0.994717
  Tested: params=(21, 21, 19, 23, 1, 5, 5, 1)
  validation: F_1/7=0.995876, precision=0.996744, recall=0.955153, good=21426, bad=70, missed=1006, trie_nodes=1725, patterns=980, objective=0.995865
  Best so far: params=(30, 6, 12, 23, 4, 1, 5, 2), score=0.997207, elapsed=206.2s

============================================================
Round 30/30
  Tested: params=(25, 4, 11, 23, 1, 5, 5, 3)
  validation: F_1/7=0.995919, precision=0.996790, recall=0.955064, good=21424, bad=69, missed=1008, trie_nodes=1719, patterns=982, objective=0.995908
  Tested: params=(1, 9, 19, 30, 4, 2, 4, 3)
  validation: F_1/7=0.991152, precision=0.991870, recall=0.957204, good=21472, bad=176, missed=960, trie_nodes=1555, patterns=760, objective=0.991142
  Tested: params=(24, 4, 23, 17, 5, 2, 4, 5)
  validation: F_1/7=0.996130, precision=0.997020, recall=0.954396, good=21409, bad=64, missed=1023, trie_nodes=1495, patterns=804, objective=0.996120
  Tested: params=(4, 29, 21, 3, 2, 4, 1, 3)
  validation: F_1/7=0.991326, precision=0.992052, recall=0.957026, good=21468, bad=172, missed=964, trie_nodes=1685, patterns=819, objective=0.991315
  Tested: params=(11, 19, 2, 27, 5, 5, 4, 1)
  validation: F_1/7=0.995260, precision=0.996098, recall=0.955867, good=21442, bad=84, missed=990, trie_nodes=1532, patterns=791, objective=0.995250
  Best so far: params=(30, 6, 12, 23, 4, 1, 5, 2), score=0.997207, elapsed=215.0s

============================================================
Final phase: 3 evaluations
  Tested: params=(23, 1, 1, 10, 3, 4, 4, 3)
  validation: F_1/7=0.993535, precision=0.994341, recall=0.955599, good=21436, bad=122, missed=996, trie_nodes=1948, patterns=1189, objective=0.993523
  Tested: params=(9, 30, 13, 14, 1, 4, 4, 2)
  validation: F_1/7=0.994872, precision=0.995685, recall=0.956624, good=21459, bad=93, missed=973, trie_nodes=1499, patterns=756, objective=0.994863
  Tested: params=(3, 21, 20, 9, 5, 1, 3, 5)
  validation: F_1/7=0.990186, precision=0.990869, recall=0.957828, good=21486, bad=198, missed=946, trie_nodes=1701, patterns=823, objective=0.990175

============================================================
Threshold ablation run complete
Best parameters (b1..b4 thr1..thr4): (30, 6, 12, 23, 4, 1, 5, 2)
Thresholds: {'mode': 'perlayer', 'shared': None, 'per_level': [4, 1, 5, 2]}
  validation-selected: F_1/7=0.997217, precision=0.998135, recall=0.954217, good=21405, bad=40, missed=1027, trie_nodes=1535, patterns=825, objective=0.997207
  held-out test: F_1/7=0.996760, precision=0.997673, recall=0.953951, good=21441, bad=50, missed=1035, trie_nodes=1535, patterns=825
Summary: results/threshold_ablation/it/wiktionary/perlayer_random/summary.json
History: results/threshold_ablation/it/wiktionary/perlayer_random/history.csv
Wall time: 221.6s
