Proportional trie_normalizer for it/wiktionary: |D| = 77351
Objective: F17+Trie(w=0.0005)
Dataset: /home/dev/hyph-bench/data/it/wiktionary/it_wiktionary.wlh_dis.wlh
Translate: /home/dev/hyph-bench/data/it/wiktionary/it_wiktionary.wlh_dis.wlh.tra
Method: random | Threshold mode: shared
Search space (5-D): [(1, 30), (1, 30), (1, 30), (1, 30), (1, 5)]
Split counts: train=61881, validation=7735, test=7735
Pattern ranges: [(1, 4), (2, 5), (2, 6), (2, 7)]
Budget: 30 rounds x 5 + 3 final = 153 patgen evaluations; 3 parallel workers

============================================================
Round 1/30
  Tested: params=(12, 29, 22, 18, 1)
  validation: F_1/7=0.995395, precision=0.996236, recall=0.955822, good=21441, bad=81, missed=991, trie_nodes=1902, patterns=1025, objective=0.995382
  Tested: params=(5, 2, 26, 19, 4)
  validation: F_1/7=0.993621, precision=0.994396, recall=0.957070, good=21469, bad=121, missed=963, trie_nodes=1126, patterns=577, objective=0.993613
  Tested: params=(1, 30, 25, 7, 1)
  validation: F_1/7=0.988189, precision=0.988821, recall=0.958185, good=21494, bad=243, missed=938, trie_nodes=1986, patterns=1008, objective=0.988176
  Tested: params=(6, 10, 16, 13, 2)
  validation: F_1/7=0.992541, precision=0.993292, recall=0.957115, good=21470, bad=145, missed=962, trie_nodes=1736, patterns=874, objective=0.992530
  Tested: params=(19, 5, 9, 11, 3)
  validation: F_1/7=0.995391, precision=0.996236, recall=0.955688, good=21438, bad=81, missed=994, trie_nodes=1981, patterns=1087, objective=0.995378
  Best so far: params=(12, 29, 22, 18, 1), score=0.995382, elapsed=7.1s

============================================================
Round 2/30
  Tested: params=(24, 6, 16, 18, 1)
  validation: F_1/7=0.995657, precision=0.996513, recall=0.955465, good=21433, bad=75, missed=999, trie_nodes=2015, patterns=1118, objective=0.995644
  Tested: params=(19, 6, 2, 29, 5)
  validation: F_1/7=0.994346, precision=0.995171, recall=0.955510, good=21434, bad=104, missed=998, trie_nodes=1259, patterns=692, objective=0.994338
  Tested: params=(25, 10, 3, 21, 3)
  validation: F_1/7=0.995293, precision=0.996142, recall=0.955376, good=21431, bad=83, missed=1001, trie_nodes=2059, patterns=1174, objective=0.995279
  Tested: params=(4, 15, 2, 28, 2)
  validation: F_1/7=0.991476, precision=0.992194, recall=0.957561, good=21480, bad=169, missed=952, trie_nodes=1819, patterns=900, objective=0.991465
  Tested: params=(20, 10, 16, 17, 1)
  validation: F_1/7=0.995703, precision=0.996559, recall=0.955465, good=21433, bad=74, missed=999, trie_nodes=1996, patterns=1112, objective=0.995690
  Best so far: params=(20, 10, 16, 17, 1), score=0.995690, elapsed=14.2s

============================================================
Round 3/30
  Tested: params=(30, 24, 29, 27, 3)
  validation: F_1/7=0.996423, precision=0.997301, recall=0.955243, good=21428, bad=58, missed=1004, trie_nodes=2077, patterns=1156, objective=0.996410
  Tested: params=(28, 3, 6, 2, 2)
  validation: F_1/7=0.996110, precision=0.996976, recall=0.955421, good=21432, bad=65, missed=1000, trie_nodes=2035, patterns=1165, objective=0.996097
  Tested: params=(12, 9, 25, 11, 2)
  validation: F_1/7=0.995392, precision=0.996236, recall=0.955733, good=21439, bad=81, missed=993, trie_nodes=1896, patterns=1022, objective=0.995380
  Tested: params=(17, 5, 25, 3, 5)
  validation: F_1/7=0.995365, precision=0.996232, recall=0.954663, good=21415, bad=81, missed=1017, trie_nodes=1277, patterns=635, objective=0.995357
  Tested: params=(24, 6, 1, 25, 4)
  validation: F_1/7=0.992472, precision=0.993240, recall=0.956268, good=21451, bad=146, missed=981, trie_nodes=1439, patterns=823, objective=0.992463
  Best so far: params=(30, 24, 29, 27, 3), score=0.996410, elapsed=20.7s

============================================================
Round 4/30
  Tested: params=(22, 24, 3, 11, 1)
  validation: F_1/7=0.995336, precision=0.996188, recall=0.955287, good=21429, bad=82, missed=1003, trie_nodes=2000, patterns=1139, objective=0.995323
  Tested: params=(26, 19, 10, 2, 2)
  validation: F_1/7=0.995701, precision=0.996559, recall=0.955376, good=21431, bad=74, missed=1001, trie_nodes=2042, patterns=1153, objective=0.995687
  Tested: params=(10, 22, 20, 27, 3)
  validation: F_1/7=0.995182, precision=0.996007, recall=0.956357, good=21453, bad=86, missed=979, trie_nodes=1800, patterns=884, objective=0.995170
  Tested: params=(4, 22, 23, 17, 4)
  validation: F_1/7=0.989416, precision=0.990089, recall=0.957516, good=21479, bad=215, missed=953, trie_nodes=1080, patterns=473, objective=0.989409
  Tested: params=(15, 16, 13, 1, 1)
  validation: F_1/7=0.995558, precision=0.996419, recall=0.955109, good=21425, bad=77, missed=1007, trie_nodes=1907, patterns=1026, objective=0.995545
  Best so far: params=(30, 24, 29, 27, 3), score=0.996410, elapsed=27.3s

============================================================
Round 5/30
  Tested: params=(1, 20, 10, 16, 5)
  validation: F_1/7=0.989627, precision=0.990282, recall=0.958541, good=21502, bad=211, missed=930, trie_nodes=1136, patterns=504, objective=0.989620
  Tested: params=(8, 13, 23, 7, 1)
  validation: F_1/7=0.994602, precision=0.995408, recall=0.956669, good=21460, bad=99, missed=972, trie_nodes=1724, patterns=861, objective=0.994591
  Tested: params=(9, 5, 28, 25, 4)
  validation: F_1/7=0.994812, precision=0.995636, recall=0.956045, good=21446, bad=94, missed=986, trie_nodes=1117, patterns=509, objective=0.994805
  Tested: params=(27, 25, 6, 27, 3)
  validation: F_1/7=0.995389, precision=0.996236, recall=0.955599, good=21436, bad=81, missed=996, trie_nodes=2036, patterns=1167, objective=0.995376
  Tested: params=(25, 27, 10, 4, 2)
  validation: F_1/7=0.995701, precision=0.996559, recall=0.955376, good=21431, bad=74, missed=1001, trie_nodes=2043, patterns=1142, objective=0.995687
  Best so far: params=(30, 24, 29, 27, 3), score=0.996410, elapsed=34.4s

============================================================
Round 6/30
  Tested: params=(13, 25, 26, 1, 3)
  validation: F_1/7=0.995483, precision=0.996329, recall=0.955733, good=21439, bad=79, missed=993, trie_nodes=1917, patterns=1025, objective=0.995471
  Tested: params=(13, 7, 4, 11, 5)
  validation: F_1/7=0.994788, precision=0.995632, recall=0.955109, good=21425, bad=94, missed=1007, trie_nodes=1183, patterns=618, objective=0.994780
  Tested: params=(10, 16, 22, 11, 5)
  validation: F_1/7=0.994983, precision=0.995819, recall=0.955644, good=21437, bad=90, missed=995, trie_nodes=1147, patterns=520, objective=0.994975
  Tested: params=(29, 8, 15, 10, 2)
  validation: F_1/7=0.996380, precision=0.997254, recall=0.955332, good=21430, bad=59, missed=1002, trie_nodes=2065, patterns=1152, objective=0.996367
  Tested: params=(2, 19, 16, 2, 2)
  validation: F_1/7=0.990987, precision=0.991691, recall=0.957694, good=21483, bad=180, missed=949, trie_nodes=1786, patterns=881, objective=0.990976
  Best so far: params=(30, 24, 29, 27, 3), score=0.996410, elapsed=41.3s

============================================================
Round 7/30
  Tested: params=(28, 8, 5, 15, 5)
  validation: F_1/7=0.996279, precision=0.997160, recall=0.954930, good=21421, bad=61, missed=1011, trie_nodes=1342, patterns=738, objective=0.996271
  Tested: params=(8, 21, 23, 8, 4)
  validation: F_1/7=0.994459, precision=0.995268, recall=0.956357, good=21453, bad=102, missed=979, trie_nodes=1093, patterns=504, objective=0.994452
  Tested: params=(12, 19, 20, 17, 1)
  validation: F_1/7=0.995395, precision=0.996236, recall=0.955822, good=21441, bad=81, missed=991, trie_nodes=1892, patterns=1019, objective=0.995382
  Tested: params=(26, 10, 6, 2, 3)
  validation: F_1/7=0.995433, precision=0.996282, recall=0.955555, good=21435, bad=80, missed=997, trie_nodes=2015, patterns=1156, objective=0.995420
  Tested: params=(21, 1, 16, 7, 4)
  validation: F_1/7=0.995769, precision=0.996649, recall=0.954485, good=21411, bad=72, missed=1021, trie_nodes=1354, patterns=736, objective=0.995760
  Best so far: params=(30, 24, 29, 27, 3), score=0.996410, elapsed=47.7s

============================================================
Round 8/30
  Tested: params=(6, 21, 12, 29, 1)
  validation: F_1/7=0.991251, precision=0.991964, recall=0.957516, good=21479, bad=174, missed=953, trie_nodes=1773, patterns=876, objective=0.991239
  Tested: params=(11, 4, 28, 27, 2)
  validation: F_1/7=0.995314, precision=0.996145, recall=0.956223, good=21450, bad=83, missed=982, trie_nodes=1817, patterns=942, objective=0.995303
  Tested: params=(20, 25, 17, 16, 2)
  validation: F_1/7=0.995704, precision=0.996559, recall=0.955510, good=21434, bad=74, missed=998, trie_nodes=2009, patterns=1120, objective=0.995691
  Tested: params=(3, 27, 28, 19, 2)
  validation: F_1/7=0.990046, precision=0.990730, recall=0.957650, good=21482, bad=201, missed=950, trie_nodes=1860, patterns=883, objective=0.990034
  Tested: params=(11, 22, 27, 27, 4)
  validation: F_1/7=0.995166, precision=0.996005, recall=0.955733, good=21439, bad=86, missed=993, trie_nodes=1194, patterns=569, objective=0.995158
  Best so far: params=(30, 24, 29, 27, 3), score=0.996410, elapsed=54.3s

============================================================
Round 9/30
  Tested: params=(20, 3, 5, 27, 4)
  validation: F_1/7=0.995284, precision=0.996141, recall=0.955020, good=21423, bad=83, missed=1009, trie_nodes=1272, patterns=709, objective=0.995275
  Tested: params=(1, 4, 20, 1, 1)
  validation: F_1/7=0.992406, precision=0.993154, recall=0.957115, good=21470, bad=148, missed=962, trie_nodes=1757, patterns=915, objective=0.992395
  Tested: params=(17, 21, 20, 7, 4)
  validation: F_1/7=0.995367, precision=0.996232, recall=0.954752, good=21417, bad=81, missed=1015, trie_nodes=1269, patterns=634, objective=0.995359
  Tested: params=(8, 10, 23, 20, 5)
  validation: F_1/7=0.994547, precision=0.995360, recall=0.956268, good=21451, bad=100, missed=981, trie_nodes=1085, patterns=499, objective=0.994540
  Tested: params=(20, 18, 3, 12, 2)
  validation: F_1/7=0.995337, precision=0.996188, recall=0.955332, good=21430, bad=82, missed=1002, trie_nodes=2007, patterns=1153, objective=0.995324
  Best so far: params=(30, 24, 29, 27, 3), score=0.996410, elapsed=61.4s

============================================================
Round 10/30
  Tested: params=(8, 30, 12, 27, 4)
  validation: F_1/7=0.994461, precision=0.995268, recall=0.956446, good=21455, bad=102, missed=977, trie_nodes=1089, patterns=503, objective=0.994454
  Tested: params=(24, 16, 18, 15, 1)
  validation: F_1/7=0.995656, precision=0.996513, recall=0.955421, good=21432, bad=75, missed=1000, trie_nodes=2017, patterns=1112, objective=0.995643
  Tested: params=(22, 9, 1, 20, 1)
  validation: F_1/7=0.994977, precision=0.995818, recall=0.955421, good=21432, bad=90, missed=1000, trie_nodes=2249, patterns=1356, objective=0.994962
  Tested: params=(29, 29, 28, 12, 1)
  validation: F_1/7=0.996424, precision=0.997301, recall=0.955287, good=21429, bad=58, missed=1003, trie_nodes=2070, patterns=1150, objective=0.996411
  Tested: params=(28, 13, 29, 29, 5)
  validation: F_1/7=0.996813, precision=0.997717, recall=0.954440, good=21410, bad=49, missed=1022, trie_nodes=1431, patterns=751, objective=0.996803
  Best so far: params=(28, 13, 29, 29, 5), score=0.996803, elapsed=68.2s

============================================================
Round 11/30
  Tested: params=(9, 12, 26, 10, 1)
  validation: F_1/7=0.994739, precision=0.995547, recall=0.956714, good=21461, bad=96, missed=971, trie_nodes=1750, patterns=868, objective=0.994728
  Tested: params=(17, 29, 21, 18, 1)
  validation: F_1/7=0.995481, precision=0.996328, recall=0.955644, good=21437, bad=79, missed=995, trie_nodes=1930, patterns=1026, objective=0.995468
  Tested: params=(19, 30, 5, 16, 5)
  validation: F_1/7=0.995019, precision=0.995864, recall=0.955287, good=21429, bad=89, missed=1003, trie_nodes=1274, patterns=673, objective=0.995010
  Tested: params=(23, 21, 22, 11, 2)
  validation: F_1/7=0.995657, precision=0.996513, recall=0.955465, good=21433, bad=75, missed=999, trie_nodes=2012, patterns=1108, objective=0.995644
  Tested: params=(25, 25, 27, 28, 3)
  validation: F_1/7=0.995747, precision=0.996605, recall=0.955421, good=21432, bad=73, missed=1000, trie_nodes=2058, patterns=1138, objective=0.995734
  Best so far: params=(28, 13, 29, 29, 5), score=0.996803, elapsed=74.7s

============================================================
Round 12/30
  Tested: params=(16, 24, 20, 22, 4)
  validation: F_1/7=0.995329, precision=0.996187, recall=0.955020, good=21423, bad=82, missed=1009, trie_nodes=1261, patterns=629, objective=0.995321
  Tested: params=(27, 11, 12, 3, 3)
  validation: F_1/7=0.995747, precision=0.996605, recall=0.955421, good=21432, bad=73, missed=1000, trie_nodes=2030, patterns=1140, objective=0.995734
  Tested: params=(2, 14, 17, 9, 3)
  validation: F_1/7=0.991041, precision=0.991739, recall=0.958006, good=21490, bad=179, missed=942, trie_nodes=1812, patterns=868, objective=0.991030
  Tested: params=(1, 2, 25, 11, 1)
  validation: F_1/7=0.993560, precision=0.994346, recall=0.956491, good=21456, bad=122, missed=976, trie_nodes=1917, patterns=1051, objective=0.993547
  Tested: params=(16, 24, 7, 19, 1)
  validation: F_1/7=0.995210, precision=0.996051, recall=0.955688, good=21438, bad=85, missed=994, trie_nodes=1923, patterns=1043, objective=0.995198
  Best so far: params=(28, 13, 29, 29, 5), score=0.996803, elapsed=81.4s

============================================================
Round 13/30
  Tested: params=(2, 16, 17, 20, 4)
  validation: F_1/7=0.990109, precision=0.990781, recall=0.958229, good=21495, bad=200, missed=937, trie_nodes=1083, patterns=463, objective=0.990102
  Tested: params=(30, 16, 10, 24, 2)
  validation: F_1/7=0.996332, precision=0.997208, recall=0.955243, good=21428, bad=60, missed=1004, trie_nodes=2067, patterns=1163, objective=0.996319
  Tested: params=(14, 3, 1, 29, 5)
  validation: F_1/7=0.993957, precision=0.994759, recall=0.956179, good=21449, bad=113, missed=983, trie_nodes=1308, patterns=706, objective=0.993949
  Tested: params=(21, 13, 6, 5, 2)
  validation: F_1/7=0.995477, precision=0.996328, recall=0.955510, good=21434, bad=79, missed=998, trie_nodes=1992, patterns=1127, objective=0.995464
  Tested: params=(17, 22, 20, 9, 5)
  validation: F_1/7=0.995367, precision=0.996232, recall=0.954752, good=21417, bad=81, missed=1015, trie_nodes=1281, patterns=636, objective=0.995359
  Best so far: params=(28, 13, 29, 29, 5), score=0.996803, elapsed=88.4s

============================================================
Round 14/30
  Tested: params=(23, 17, 19, 13, 2)
  validation: F_1/7=0.995657, precision=0.996513, recall=0.955465, good=21433, bad=75, missed=999, trie_nodes=2014, patterns=1109, objective=0.995644
  Tested: params=(11, 23, 1, 4, 1)
  validation: F_1/7=0.995341, precision=0.996189, recall=0.955510, good=21434, bad=82, missed=998, trie_nodes=1852, patterns=1085, objective=0.995329
  Tested: params=(2, 26, 22, 15, 1)
  validation: F_1/7=0.988935, precision=0.989591, recall=0.957828, good=21486, bad=226, missed=946, trie_nodes=1905, patterns=936, objective=0.988923
  Tested: params=(15, 15, 6, 14, 2)
  validation: F_1/7=0.995301, precision=0.996143, recall=0.955688, good=21438, bad=83, missed=994, trie_nodes=1915, patterns=1036, objective=0.995288
  Tested: params=(19, 20, 2, 12, 4)
  validation: F_1/7=0.994436, precision=0.995264, recall=0.955510, good=21434, bad=102, missed=998, trie_nodes=1268, patterns=700, objective=0.994428
  Best so far: params=(28, 13, 29, 29, 5), score=0.996803, elapsed=95.4s

============================================================
Round 15/30
  Tested: params=(16, 26, 20, 5, 1)
  validation: F_1/7=0.995480, precision=0.996328, recall=0.955599, good=21436, bad=79, missed=996, trie_nodes=1923, patterns=1024, objective=0.995467
  Tested: params=(20, 1, 18, 29, 3)
  validation: F_1/7=0.995699, precision=0.996559, recall=0.955332, good=21430, bad=74, missed=1002, trie_nodes=2006, patterns=1159, objective=0.995686
  Tested: params=(12, 20, 14, 17, 5)
  validation: F_1/7=0.995288, precision=0.996141, recall=0.955198, good=21427, bad=83, missed=1005, trie_nodes=1227, patterns=624, objective=0.995280
  Tested: params=(12, 29, 28, 6, 1)
  validation: F_1/7=0.995394, precision=0.996236, recall=0.955777, good=21440, bad=81, missed=992, trie_nodes=1907, patterns=1028, objective=0.995381
  Tested: params=(4, 1, 3, 21, 1)
  validation: F_1/7=0.993081, precision=0.993843, recall=0.957115, good=21470, bad=133, missed=962, trie_nodes=1937, patterns=1238, objective=0.993069
  Best so far: params=(28, 13, 29, 29, 5), score=0.996803, elapsed=102.1s

============================================================
Round 16/30
  Tested: params=(10, 26, 1, 25, 2)
  validation: F_1/7=0.992746, precision=0.993517, recall=0.956402, good=21454, bad=140, missed=978, trie_nodes=2079, patterns=1115, objective=0.992733
  Tested: params=(4, 21, 19, 27, 4)
  validation: F_1/7=0.989418, precision=0.990090, recall=0.957561, good=21480, bad=215, missed=952, trie_nodes=1075, patterns=472, objective=0.989411
  Tested: params=(25, 9, 6, 23, 5)
  validation: F_1/7=0.995329, precision=0.996187, recall=0.955020, good=21423, bad=82, missed=1009, trie_nodes=1305, patterns=710, objective=0.995320
  Tested: params=(30, 13, 12, 24, 2)
  validation: F_1/7=0.996424, precision=0.997301, recall=0.955287, good=21429, bad=58, missed=1003, trie_nodes=2057, patterns=1151, objective=0.996411
  Tested: params=(28, 26, 13, 23, 4)
  validation: F_1/7=0.996724, precision=0.997624, recall=0.954529, good=21412, bad=51, missed=1020, trie_nodes=1383, patterns=732, objective=0.996715
  Best so far: params=(28, 13, 29, 29, 5), score=0.996803, elapsed=108.7s

============================================================
Round 17/30
  Tested: params=(4, 28, 16, 25, 2)
  validation: F_1/7=0.990221, precision=0.990912, recall=0.957516, good=21479, bad=197, missed=953, trie_nodes=1813, patterns=884, objective=0.990209
  Tested: params=(27, 12, 1, 28, 1)
  validation: F_1/7=0.994349, precision=0.995172, recall=0.955644, good=21437, bad=104, missed=995, trie_nodes=2341, patterns=1429, objective=0.994334
  Tested: params=(10, 29, 29, 18, 4)
  validation: F_1/7=0.994985, precision=0.995820, recall=0.955733, good=21439, bad=90, missed=993, trie_nodes=1156, patterns=522, objective=0.994977
  Tested: params=(14, 9, 10, 21, 4)
  validation: F_1/7=0.995236, precision=0.996094, recall=0.954930, good=21421, bad=84, missed=1011, trie_nodes=1221, patterns=618, objective=0.995228
  Tested: params=(24, 24, 3, 15, 1)
  validation: F_1/7=0.995247, precision=0.996096, recall=0.955376, good=21431, bad=84, missed=1001, trie_nodes=2034, patterns=1156, objective=0.995234
  Best so far: params=(28, 13, 29, 29, 5), score=0.996803, elapsed=115.8s

============================================================
Round 18/30
  Tested: params=(17, 14, 27, 11, 1)
  validation: F_1/7=0.995480, precision=0.996328, recall=0.955599, good=21436, bad=79, missed=996, trie_nodes=1925, patterns=1023, objective=0.995467
  Tested: params=(5, 23, 19, 4, 1)
  validation: F_1/7=0.991022, precision=0.991734, recall=0.957338, good=21475, bad=179, missed=957, trie_nodes=1789, patterns=897, objective=0.991010
  Tested: params=(22, 3, 25, 22, 1)
  validation: F_1/7=0.995610, precision=0.996466, recall=0.955376, good=21431, bad=76, missed=1001, trie_nodes=2011, patterns=1114, objective=0.995597
  Tested: params=(3, 30, 12, 12, 5)
  validation: F_1/7=0.989114, precision=0.989773, recall=0.957828, good=21486, bad=222, missed=946, trie_nodes=1088, patterns=465, objective=0.989107
  Tested: params=(29, 30, 23, 12, 1)
  validation: F_1/7=0.996425, precision=0.997301, recall=0.955332, good=21430, bad=58, missed=1002, trie_nodes=2064, patterns=1147, objective=0.996412
  Best so far: params=(28, 13, 29, 29, 5), score=0.996803, elapsed=122.6s

============================================================
Round 19/30
  Tested: params=(24, 17, 13, 28, 1)
  validation: F_1/7=0.995703, precision=0.996559, recall=0.955465, good=21433, bad=74, missed=999, trie_nodes=2011, patterns=1112, objective=0.995690
  Tested: params=(15, 1, 15, 2, 1)
  validation: F_1/7=0.995519, precision=0.996374, recall=0.955376, good=21431, bad=78, missed=1001, trie_nodes=1961, patterns=1143, objective=0.995507
  Tested: params=(4, 20, 23, 18, 5)
  validation: F_1/7=0.989860, precision=0.990545, recall=0.957427, good=21477, bad=205, missed=955, trie_nodes=1068, patterns=465, objective=0.989853
  Tested: params=(12, 9, 27, 7, 5)
  validation: F_1/7=0.995285, precision=0.996141, recall=0.955064, good=21424, bad=83, missed=1008, trie_nodes=1237, patterns=625, objective=0.995277
  Tested: params=(1, 30, 2, 27, 3)
  validation: F_1/7=0.989044, precision=0.989689, recall=0.958452, good=21500, bad=224, missed=932, trie_nodes=1999, patterns=984, objective=0.989031
  Best so far: params=(28, 13, 29, 29, 5), score=0.996803, elapsed=129.0s

============================================================
Round 20/30
  Tested: params=(30, 3, 17, 30, 3)
  validation: F_1/7=0.996377, precision=0.997254, recall=0.955198, good=21427, bad=59, missed=1005, trie_nodes=2069, patterns=1154, objective=0.996363
  Tested: params=(19, 21, 14, 19, 3)
  validation: F_1/7=0.995388, precision=0.996235, recall=0.955555, good=21435, bad=81, missed=997, trie_nodes=1979, patterns=1068, objective=0.995375
  Tested: params=(28, 2, 9, 29, 5)
  validation: F_1/7=0.996630, precision=0.997531, recall=0.954396, good=21409, bad=53, missed=1023, trie_nodes=1367, patterns=734, objective=0.996621
  Tested: params=(14, 19, 9, 6, 3)
  validation: F_1/7=0.995438, precision=0.996282, recall=0.955733, good=21439, bad=80, missed=993, trie_nodes=1914, patterns=1029, objective=0.995425
  Tested: params=(11, 18, 3, 30, 5)
  validation: F_1/7=0.994679, precision=0.995498, recall=0.956134, good=21448, bad=97, missed=984, trie_nodes=1153, patterns=570, objective=0.994671
  Best so far: params=(28, 13, 29, 29, 5), score=0.996803, elapsed=135.8s

============================================================
Round 21/30
  Tested: params=(21, 17, 10, 25, 4)
  validation: F_1/7=0.995593, precision=0.996464, recall=0.954708, good=21416, bad=76, missed=1016, trie_nodes=1313, patterns=698, objective=0.995584
  Tested: params=(5, 28, 25, 29, 4)
  validation: F_1/7=0.990131, precision=0.990820, recall=0.957516, good=21479, bad=199, missed=953, trie_nodes=1074, patterns=488, objective=0.990124
  Tested: params=(19, 13, 28, 26, 1)
  validation: F_1/7=0.995387, precision=0.996235, recall=0.955510, good=21434, bad=81, missed=998, trie_nodes=1982, patterns=1069, objective=0.995374
  Tested: params=(1, 12, 25, 30, 1)
  validation: F_1/7=0.989935, precision=0.990600, recall=0.958408, good=21499, bad=204, missed=933, trie_nodes=1867, patterns=929, objective=0.989923
  Tested: params=(18, 12, 30, 26, 5)
  validation: F_1/7=0.995368, precision=0.996232, recall=0.954797, good=21418, bad=81, missed=1014, trie_nodes=1304, patterns=649, objective=0.995360
  Best so far: params=(28, 13, 29, 29, 5), score=0.996803, elapsed=142.7s

============================================================
Round 22/30
  Tested: params=(15, 13, 9, 2, 5)
  validation: F_1/7=0.995280, precision=0.996140, recall=0.954886, good=21420, bad=83, missed=1012, trie_nodes=1223, patterns=617, objective=0.995272
  Tested: params=(25, 30, 30, 17, 4)
  validation: F_1/7=0.995821, precision=0.996696, recall=0.954752, good=21417, bad=71, missed=1015, trie_nodes=1411, patterns=731, objective=0.995812
  Tested: params=(29, 26, 8, 14, 1)
  validation: F_1/7=0.996155, precision=0.997023, recall=0.955421, good=21432, bad=64, missed=1000, trie_nodes=2040, patterns=1162, objective=0.996142
  Tested: params=(29, 19, 7, 21, 4)
  validation: F_1/7=0.996459, precision=0.997346, recall=0.954841, good=21419, bad=57, missed=1013, trie_nodes=1336, patterns=731, objective=0.996450
  Tested: params=(11, 4, 21, 16, 4)
  validation: F_1/7=0.995206, precision=0.996050, recall=0.955510, good=21434, bad=85, missed=998, trie_nodes=1163, patterns=560, objective=0.995198
  Best so far: params=(28, 13, 29, 29, 5), score=0.996803, elapsed=149.1s

============================================================
Round 23/30
  Tested: params=(16, 26, 17, 17, 5)
  validation: F_1/7=0.995324, precision=0.996186, recall=0.954841, good=21419, bad=82, missed=1013, trie_nodes=1268, patterns=631, objective=0.995316
  Tested: params=(13, 5, 1, 23, 4)
  validation: F_1/7=0.992384, precision=0.993148, recall=0.956312, good=21452, bad=148, missed=980, trie_nodes=1324, patterns=713, objective=0.992375
  Tested: params=(22, 7, 5, 1, 2)
  validation: F_1/7=0.995603, precision=0.996465, recall=0.955109, good=21425, bad=76, missed=1007, trie_nodes=1958, patterns=1123, objective=0.995590
  Tested: params=(18, 12, 14, 28, 2)
  validation: F_1/7=0.995478, precision=0.996328, recall=0.955555, good=21435, bad=79, missed=997, trie_nodes=1950, patterns=1042, objective=0.995466
  Tested: params=(16, 24, 12, 19, 5)
  validation: F_1/7=0.995325, precision=0.996186, recall=0.954886, good=21420, bad=82, missed=1012, trie_nodes=1259, patterns=629, objective=0.995317
  Best so far: params=(28, 13, 29, 29, 5), score=0.996803, elapsed=155.6s

============================================================
Round 24/30
  Tested: params=(29, 5, 28, 15, 2)
  validation: F_1/7=0.996424, precision=0.997301, recall=0.955287, good=21429, bad=58, missed=1003, trie_nodes=2074, patterns=1156, objective=0.996411
  Tested: params=(14, 30, 15, 10, 4)
  validation: F_1/7=0.995285, precision=0.996141, recall=0.955064, good=21424, bad=83, missed=1008, trie_nodes=1248, patterns=625, objective=0.995277
  Tested: params=(8, 3, 4, 4, 1)
  validation: F_1/7=0.994641, precision=0.995453, recall=0.956402, good=21454, bad=98, missed=978, trie_nodes=1766, patterns=920, objective=0.994629
  Tested: params=(5, 20, 6, 11, 5)
  validation: F_1/7=0.990305, precision=0.991001, recall=0.957338, good=21475, bad=195, missed=957, trie_nodes=1063, patterns=486, objective=0.990298
  Tested: params=(15, 21, 6, 6, 1)
  validation: F_1/7=0.995300, precision=0.996143, recall=0.955644, good=21437, bad=83, missed=995, trie_nodes=1914, patterns=1036, objective=0.995287
  Best so far: params=(28, 13, 29, 29, 5), score=0.996803, elapsed=162.8s

============================================================
Round 25/30
  Tested: params=(6, 9, 6, 3, 1)
  validation: F_1/7=0.992495, precision=0.993245, recall=0.957070, good=21469, bad=146, missed=963, trie_nodes=1744, patterns=884, objective=0.992484
  Tested: params=(14, 7, 11, 16, 4)
  validation: F_1/7=0.995235, precision=0.996094, recall=0.954886, good=21420, bad=84, missed=1012, trie_nodes=1224, patterns=618, objective=0.995227
  Tested: params=(2, 24, 19, 3, 5)
  validation: F_1/7=0.988764, precision=0.989411, recall=0.958051, good=21491, bad=230, missed=941, trie_nodes=1102, patterns=479, objective=0.988757
  Tested: params=(28, 2, 9, 25, 4)
  validation: F_1/7=0.996631, precision=0.997531, recall=0.954440, good=21410, bad=53, missed=1022, trie_nodes=1362, patterns=731, objective=0.996622
  Tested: params=(6, 7, 12, 15, 4)
  validation: F_1/7=0.992213, precision=0.992967, recall=0.956624, good=21459, bad=152, missed=973, trie_nodes=1050, patterns=483, objective=0.992206
  Best so far: params=(28, 13, 29, 29, 5), score=0.996803, elapsed=171.0s

============================================================
Round 26/30
  Tested: params=(12, 14, 23, 2, 2)
  validation: F_1/7=0.995391, precision=0.996236, recall=0.955688, good=21438, bad=81, missed=994, trie_nodes=1894, patterns=1020, objective=0.995379
  Tested: params=(22, 27, 16, 16, 1)
  validation: F_1/7=0.995703, precision=0.996559, recall=0.955465, good=21433, bad=74, missed=999, trie_nodes=2017, patterns=1108, objective=0.995690
  Tested: params=(14, 16, 8, 9, 2)
  validation: F_1/7=0.995438, precision=0.996282, recall=0.955733, good=21439, bad=80, missed=993, trie_nodes=1910, patterns=1025, objective=0.995425
  Tested: params=(1, 10, 7, 10, 1)
  validation: F_1/7=0.990053, precision=0.990732, recall=0.957873, good=21487, bad=201, missed=945, trie_nodes=1849, patterns=941, objective=0.990041
  Tested: params=(27, 18, 21, 24, 3)
  validation: F_1/7=0.995703, precision=0.996559, recall=0.955465, good=21433, bad=74, missed=999, trie_nodes=2047, patterns=1143, objective=0.995690
  Best so far: params=(28, 13, 29, 29, 5), score=0.996803, elapsed=178.6s

============================================================
Round 27/30
  Tested: params=(3, 17, 18, 23, 3)
  validation: F_1/7=0.991387, precision=0.992102, recall=0.957561, good=21480, bad=171, missed=952, trie_nodes=1789, patterns=841, objective=0.991375
  Tested: params=(4, 9, 11, 20, 3)
  validation: F_1/7=0.991869, precision=0.992603, recall=0.957159, good=21471, bad=160, missed=961, trie_nodes=1725, patterns=851, objective=0.991857
  Tested: params=(11, 30, 19, 8, 1)
  validation: F_1/7=0.995316, precision=0.996146, recall=0.956268, good=21451, bad=83, missed=981, trie_nodes=1822, patterns=943, objective=0.995304
  Tested: params=(5, 8, 5, 6, 2)
  validation: F_1/7=0.992406, precision=0.993154, recall=0.957115, good=21470, bad=148, missed=962, trie_nodes=1753, patterns=899, objective=0.992395
  Tested: params=(6, 27, 3, 16, 3)
  validation: F_1/7=0.991068, precision=0.991780, recall=0.957382, good=21476, bad=178, missed=956, trie_nodes=1851, patterns=916, objective=0.991056
  Best so far: params=(28, 13, 29, 29, 5), score=0.996803, elapsed=185.2s

============================================================
Round 28/30
  Tested: params=(30, 4, 12, 30, 5)
  validation: F_1/7=0.996901, precision=0.997809, recall=0.954351, good=21408, bad=47, missed=1024, trie_nodes=1388, patterns=732, objective=0.996892
  Tested: params=(25, 8, 6, 21, 5)
  validation: F_1/7=0.995329, precision=0.996187, recall=0.955020, good=21423, bad=82, missed=1009, trie_nodes=1305, patterns=710, objective=0.995320
  Tested: params=(17, 18, 9, 24, 1)
  validation: F_1/7=0.995439, precision=0.996283, recall=0.955777, good=21440, bad=80, missed=992, trie_nodes=1928, patterns=1034, objective=0.995426
  Tested: params=(10, 13, 16, 8, 1)
  validation: F_1/7=0.995047, precision=0.995869, recall=0.956402, good=21454, bad=89, missed=978, trie_nodes=1790, patterns=888, objective=0.995036
  Tested: params=(19, 9, 18, 5, 3)
  validation: F_1/7=0.995386, precision=0.996235, recall=0.955465, good=21433, bad=81, missed=999, trie_nodes=1978, patterns=1069, objective=0.995373
  Best so far: params=(30, 4, 12, 30, 5), score=0.996892, elapsed=192.4s

============================================================
Round 29/30
  Tested: params=(16, 2, 11, 5, 1)
  validation: F_1/7=0.995432, precision=0.996281, recall=0.955510, good=21434, bad=80, missed=998, trie_nodes=1946, patterns=1081, objective=0.995419
  Tested: params=(30, 10, 25, 8, 4)
  validation: F_1/7=0.997036, precision=0.997949, recall=0.954262, good=21406, bad=44, missed=1026, trie_nodes=1428, patterns=748, objective=0.997027
  Tested: params=(23, 18, 15, 13, 2)
  validation: F_1/7=0.995657, precision=0.996513, recall=0.955465, good=21433, bad=75, missed=999, trie_nodes=2013, patterns=1108, objective=0.995644
  Tested: params=(28, 25, 29, 4, 4)
  validation: F_1/7=0.996813, precision=0.997717, recall=0.954440, good=21410, bad=49, missed=1022, trie_nodes=1425, patterns=748, objective=0.996803
  Tested: params=(29, 6, 2, 23, 3)
  validation: F_1/7=0.995706, precision=0.996560, recall=0.955599, good=21436, bad=74, missed=996, trie_nodes=2136, patterns=1234, objective=0.995692
  Best so far: params=(30, 10, 25, 8, 4), score=0.997027, elapsed=199.5s

============================================================
Round 30/30
  Tested: params=(26, 5, 24, 7, 1)
  validation: F_1/7=0.995656, precision=0.996513, recall=0.955421, good=21432, bad=75, missed=1000, trie_nodes=2052, patterns=1150, objective=0.995643
  Tested: params=(5, 25, 20, 16, 2)
  validation: F_1/7=0.990979, precision=0.991689, recall=0.957427, good=21477, bad=180, missed=955, trie_nodes=1800, patterns=894, objective=0.990968
  Tested: params=(27, 12, 25, 14, 2)
  validation: F_1/7=0.995747, precision=0.996605, recall=0.955421, good=21432, bad=73, missed=1000, trie_nodes=2056, patterns=1146, objective=0.995734
  Tested: params=(14, 10, 23, 16, 2)
  validation: F_1/7=0.995483, precision=0.996329, recall=0.955733, good=21439, bad=79, missed=993, trie_nodes=1906, patterns=1016, objective=0.995471
  Tested: params=(27, 12, 17, 28, 4)
  validation: F_1/7=0.995774, precision=0.996649, recall=0.954708, good=21416, bad=72, missed=1016, trie_nodes=1384, patterns=731, objective=0.995765
  Best so far: params=(30, 10, 25, 8, 4), score=0.997027, elapsed=206.0s

============================================================
Final phase: 3 evaluations
  Tested: params=(4, 29, 19, 11, 1)
  validation: F_1/7=0.990220, precision=0.990911, recall=0.957471, good=21478, bad=197, missed=954, trie_nodes=1815, patterns=889, objective=0.990208
  Tested: params=(24, 19, 17, 27, 4)
  validation: F_1/7=0.995684, precision=0.996557, recall=0.954708, good=21416, bad=74, missed=1016, trie_nodes=1353, patterns=704, objective=0.995675
  Tested: params=(5, 10, 8, 23, 1)
  validation: F_1/7=0.992313, precision=0.993061, recall=0.956981, good=21467, bad=150, missed=965, trie_nodes=1762, patterns=902, objective=0.992301

============================================================
Threshold ablation run complete
Best parameters (b1 b2 b3 b4 thr): (30, 10, 25, 8, 4)
Thresholds: {'mode': 'shared', 'shared': 4, 'per_level': [4, 4, 4, 4]}
  validation-selected: F_1/7=0.997036, precision=0.997949, recall=0.954262, good=21406, bad=44, missed=1026, trie_nodes=1428, patterns=748, objective=0.997027
  held-out test: F_1/7=0.996625, precision=0.997534, recall=0.953995, good=21442, bad=53, missed=1034, trie_nodes=1428, patterns=748
Summary: results/threshold_ablation/it/wiktionary/shared_random/summary.json
History: results/threshold_ablation/it/wiktionary/shared_random/history.csv
Wall time: 212.0s
