Proportional trie_normalizer for ms/wiktionary: |D| = 1247
Objective: F17+Trie(w=0.0005)
Dataset: /home/dev/hyph-bench/data/ms/wiktionary/ms_wiktionary.wlh_dis.wlh
Translate: /home/dev/hyph-bench/data/ms/wiktionary/ms_wiktionary.wlh_dis.wlh.tra
Method: tpe | Threshold mode: perlayer
Search space (8-D): [(1, 30), (1, 30), (1, 30), (1, 30), (1, 5), (1, 5), (1, 5), (1, 5)]
Split counts: train=999, validation=124, test=124
Pattern ranges: [(1, 4), (2, 5), (2, 6), (2, 7)]
Budget: 30 rounds x 5 + 3 final = 153 patgen evaluations; 3 parallel workers

============================================================
Round 1/30
  Tested: params=(12, 29, 22, 18, 1, 1, 1, 5)
  validation: F_1/7=0.804607, precision=0.803150, recall=0.883117, good=204, bad=50, missed=27, trie_nodes=559, patterns=254, objective=0.804383
  Tested: params=(19, 22, 1, 30, 5, 2, 1, 1)
  validation: F_1/7=0.801791, precision=0.800813, recall=0.852814, good=197, bad=49, missed=34, trie_nodes=632, patterns=307, objective=0.801537
  Tested: params=(10, 16, 13, 9, 4, 1, 2, 2)
  validation: F_1/7=0.802075, precision=0.800797, recall=0.870130, good=201, bad=50, missed=30, trie_nodes=559, patterns=235, objective=0.801851
  Tested: params=(14, 24, 6, 16, 3, 1, 4, 1)
  validation: F_1/7=0.826211, precision=0.825203, recall=0.878788, good=203, bad=43, missed=28, trie_nodes=586, patterns=274, objective=0.825976
  Tested: params=(2, 29, 29, 25, 2, 1, 4, 3)
  validation: F_1/7=0.689840, precision=0.686667, recall=0.891775, good=206, bad=94, missed=25, trie_nodes=573, patterns=259, objective=0.689610
  Best so far: params=(14, 24, 6, 16, 3, 1, 4, 1), score=0.825976, elapsed=0.2s

============================================================
Round 2/30
  Tested: params=(4, 15, 2, 28, 2, 4, 2, 3)
  validation: F_1/7=0.740552, precision=0.738182, recall=0.878788, good=203, bad=72, missed=28, trie_nodes=565, patterns=244, objective=0.740325
  Tested: params=(17, 6, 30, 24, 5, 5, 3, 5)
  validation: F_1/7=0.817261, precision=0.816327, recall=0.865801, good=200, bad=45, missed=31, trie_nodes=547, patterns=222, objective=0.817041
  Tested: params=(3, 6, 2, 10, 2, 2, 5, 2)
  validation: F_1/7=0.692229, precision=0.689189, recall=0.883117, good=204, bad=92, missed=27, trie_nodes=552, patterns=256, objective=0.692008
  Tested: params=(9, 17, 5, 25, 1, 5, 4, 1)
  validation: F_1/7=0.785482, precision=0.783784, recall=0.878788, good=203, bad=56, missed=28, trie_nodes=562, patterns=248, objective=0.785257
  Tested: params=(1, 25, 22, 22, 4, 1, 2, 1)
  validation: F_1/7=0.687656, precision=0.684564, recall=0.883117, good=204, bad=94, missed=27, trie_nodes=575, patterns=253, objective=0.687425
  Best so far: params=(14, 24, 6, 16, 3, 1, 4, 1), score=0.825976, elapsed=0.4s

============================================================
Round 3/30
  Tested: params=(28, 1, 10, 1, 3, 3, 5, 4)
  validation: F_1/7=0.851354, precision=0.851064, recall=0.865801, good=200, bad=35, missed=31, trie_nodes=645, patterns=321, objective=0.851095
  Tested: params=(27, 1, 9, 1, 3, 3, 5, 4)
  validation: F_1/7=0.847817, precision=0.847458, recall=0.865801, good=200, bad=36, missed=31, trie_nodes=647, patterns=322, objective=0.847557
  Tested: params=(28, 1, 10, 1, 3, 3, 5, 4)
  validation: F_1/7=0.851354, precision=0.851064, recall=0.865801, good=200, bad=35, missed=31, trie_nodes=645, patterns=321, objective=0.851095
  Tested: params=(28, 11, 10, 1, 3, 3, 5, 4)
  validation: F_1/7=0.847817, precision=0.847458, recall=0.865801, good=200, bad=36, missed=31, trie_nodes=632, patterns=320, objective=0.847563
  Tested: params=(26, 21, 10, 4, 3, 3, 5, 4)
  validation: F_1/7=0.844309, precision=0.843882, recall=0.865801, good=200, bad=37, missed=31, trie_nodes=634, patterns=321, objective=0.844055
  Best so far: params=(28, 1, 10, 1, 3, 3, 5, 4), score=0.851095, elapsed=0.6s

============================================================
Round 4/30
  Tested: params=(22, 1, 17, 7, 4, 4, 4, 4)
  validation: F_1/7=0.877111, precision=0.878505, recall=0.813853, good=188, bad=26, missed=43, trie_nodes=489, patterns=171, objective=0.876915
  Tested: params=(22, 1, 16, 8, 4, 4, 4, 4)
  validation: F_1/7=0.877111, precision=0.878505, recall=0.813853, good=188, bad=26, missed=43, trie_nodes=489, patterns=171, objective=0.876915
  Tested: params=(22, 1, 17, 8, 4, 4, 4, 4)
  validation: F_1/7=0.877111, precision=0.878505, recall=0.813853, good=188, bad=26, missed=43, trie_nodes=489, patterns=171, objective=0.876915
  Tested: params=(30, 1, 16, 8, 4, 4, 4, 4)
  validation: F_1/7=0.879194, precision=0.880952, recall=0.800866, good=185, bad=25, missed=46, trie_nodes=505, patterns=179, objective=0.878992
  Tested: params=(22, 1, 17, 7, 4, 4, 4, 4)
  validation: F_1/7=0.877111, precision=0.878505, recall=0.813853, good=188, bad=26, missed=43, trie_nodes=489, patterns=171, objective=0.876915
  Best so far: params=(30, 1, 16, 8, 4, 4, 4, 4), score=0.878992, elapsed=0.8s

============================================================
Round 5/30
  Tested: params=(30, 6, 21, 12, 5, 5, 3, 5)
  validation: F_1/7=0.841346, precision=0.841202, recall=0.848485, good=196, bad=37, missed=35, trie_nodes=612, patterns=268, objective=0.841101
  Tested: params=(30, 6, 21, 12, 5, 5, 3, 5)
  validation: F_1/7=0.841346, precision=0.841202, recall=0.848485, good=196, bad=37, missed=35, trie_nodes=612, patterns=268, objective=0.841101
  Tested: params=(24, 6, 21, 12, 5, 5, 3, 5)
  validation: F_1/7=0.837822, precision=0.837607, recall=0.848485, good=196, bad=38, missed=35, trie_nodes=604, patterns=261, objective=0.837579
  Tested: params=(30, 7, 21, 11, 5, 5, 3, 5)
  validation: F_1/7=0.841346, precision=0.841202, recall=0.848485, good=196, bad=37, missed=35, trie_nodes=612, patterns=268, objective=0.841101
  Tested: params=(30, 6, 22, 12, 5, 5, 3, 5)
  validation: F_1/7=0.841346, precision=0.841202, recall=0.848485, good=196, bad=37, missed=35, trie_nodes=612, patterns=268, objective=0.841101
  Best so far: params=(30, 1, 16, 8, 4, 4, 4, 4), score=0.878992, elapsed=1.0s

============================================================
Round 6/30
  Tested: params=(20, 9, 14, 5, 4, 4, 4, 3)
  validation: F_1/7=0.878410, precision=0.879630, recall=0.822511, good=190, bad=26, missed=41, trie_nodes=509, patterns=192, objective=0.878206
  Tested: params=(20, 9, 14, 5, 4, 4, 4, 3)
  validation: F_1/7=0.878410, precision=0.879630, recall=0.822511, good=190, bad=26, missed=41, trie_nodes=509, patterns=192, objective=0.878206
  Tested: params=(20, 10, 15, 5, 4, 4, 4, 3)
  validation: F_1/7=0.878410, precision=0.879630, recall=0.822511, good=190, bad=26, missed=41, trie_nodes=509, patterns=192, objective=0.878206
  Tested: params=(19, 9, 15, 5, 4, 4, 4, 3)
  validation: F_1/7=0.870521, precision=0.871560, recall=0.822511, good=190, bad=28, missed=41, trie_nodes=506, patterns=189, objective=0.870319
  Tested: params=(20, 11, 14, 4, 4, 4, 4, 3)
  validation: F_1/7=0.878410, precision=0.879630, recall=0.822511, good=190, bad=26, missed=41, trie_nodes=509, patterns=192, objective=0.878206
  Best so far: params=(30, 1, 16, 8, 4, 4, 4, 4), score=0.878992, elapsed=1.2s

============================================================
Round 7/30
  Tested: params=(15, 13, 13, 19, 4, 2, 3, 2)
  validation: F_1/7=0.833959, precision=0.833333, recall=0.865801, good=200, bad=40, missed=31, trie_nodes=576, patterns=253, objective=0.833728
  Tested: params=(15, 13, 25, 18, 4, 2, 3, 2)
  validation: F_1/7=0.833959, precision=0.833333, recall=0.865801, good=200, bad=40, missed=31, trie_nodes=576, patterns=253, objective=0.833728
  Tested: params=(16, 14, 26, 16, 4, 2, 3, 2)
  validation: F_1/7=0.833959, precision=0.833333, recall=0.865801, good=200, bad=40, missed=31, trie_nodes=581, patterns=257, objective=0.833726
  Tested: params=(15, 13, 12, 19, 4, 4, 3, 2)
  validation: F_1/7=0.833959, precision=0.833333, recall=0.865801, good=200, bad=40, missed=31, trie_nodes=574, patterns=252, objective=0.833729
  Tested: params=(15, 13, 26, 16, 4, 2, 3, 2)
  validation: F_1/7=0.833959, precision=0.833333, recall=0.865801, good=200, bad=40, missed=31, trie_nodes=576, patterns=253, objective=0.833728
  Best so far: params=(30, 1, 16, 8, 4, 4, 4, 4), score=0.878992, elapsed=1.4s

============================================================
Round 8/30
  Tested: params=(12, 4, 19, 5, 3, 4, 4, 3)
  validation: F_1/7=0.800663, precision=0.799213, recall=0.878788, good=203, bad=51, missed=28, trie_nodes=563, patterns=249, objective=0.800437
  Tested: params=(11, 9, 19, 5, 3, 4, 4, 3)
  validation: F_1/7=0.800663, precision=0.799213, recall=0.878788, good=203, bad=51, missed=28, trie_nodes=568, patterns=249, objective=0.800435
  Tested: params=(12, 9, 19, 5, 3, 4, 4, 3)
  validation: F_1/7=0.800663, precision=0.799213, recall=0.878788, good=203, bad=51, missed=28, trie_nodes=568, patterns=249, objective=0.800435
  Tested: params=(10, 4, 19, 5, 3, 4, 4, 3)
  validation: F_1/7=0.794521, precision=0.792969, recall=0.878788, good=203, bad=53, missed=28, trie_nodes=560, patterns=248, objective=0.794296
  Tested: params=(12, 9, 19, 4, 3, 4, 4, 3)
  validation: F_1/7=0.800663, precision=0.799213, recall=0.878788, good=203, bad=51, missed=28, trie_nodes=568, patterns=249, objective=0.800435
  Best so far: params=(30, 1, 16, 8, 4, 4, 4, 4), score=0.878992, elapsed=1.7s

============================================================
Round 9/30
  Tested: params=(18, 19, 7, 14, 2, 3, 1, 3)
  validation: F_1/7=0.825433, precision=0.824490, recall=0.874459, good=202, bad=43, missed=29, trie_nodes=601, patterns=289, objective=0.825192
  Tested: params=(7, 18, 8, 3, 2, 3, 1, 3)
  validation: F_1/7=0.785482, precision=0.783784, recall=0.878788, good=203, bad=56, missed=28, trie_nodes=559, patterns=252, objective=0.785258
  Tested: params=(18, 18, 7, 3, 2, 3, 2, 3)
  validation: F_1/7=0.825433, precision=0.824490, recall=0.874459, good=202, bad=43, missed=29, trie_nodes=601, patterns=289, objective=0.825192
  Tested: params=(18, 18, 12, 14, 2, 3, 1, 3)
  validation: F_1/7=0.825433, precision=0.824490, recall=0.874459, good=202, bad=43, missed=29, trie_nodes=601, patterns=289, objective=0.825192
  Tested: params=(7, 19, 7, 14, 2, 3, 1, 3)
  validation: F_1/7=0.785482, precision=0.783784, recall=0.878788, good=203, bad=56, missed=28, trie_nodes=559, patterns=252, objective=0.785258
  Best so far: params=(30, 1, 16, 8, 4, 4, 4, 4), score=0.878992, elapsed=1.9s

============================================================
Round 10/30
  Tested: params=(20, 11, 14, 7, 4, 4, 5, 3)
  validation: F_1/7=0.878410, precision=0.879630, recall=0.822511, good=190, bad=26, missed=41, trie_nodes=509, patterns=192, objective=0.878206
  Tested: params=(20, 11, 15, 7, 4, 4, 5, 3)
  validation: F_1/7=0.878410, precision=0.879630, recall=0.822511, good=190, bad=26, missed=41, trie_nodes=509, patterns=192, objective=0.878206
  Tested: params=(20, 11, 14, 9, 4, 4, 5, 3)
  validation: F_1/7=0.878410, precision=0.879630, recall=0.822511, good=190, bad=26, missed=41, trie_nodes=509, patterns=192, objective=0.878206
  Tested: params=(20, 11, 14, 9, 4, 4, 5, 3)
  validation: F_1/7=0.878410, precision=0.879630, recall=0.822511, good=190, bad=26, missed=41, trie_nodes=509, patterns=192, objective=0.878206
  Tested: params=(20, 11, 15, 9, 4, 4, 5, 3)
  validation: F_1/7=0.878410, precision=0.879630, recall=0.822511, good=190, bad=26, missed=41, trie_nodes=509, patterns=192, objective=0.878206
  Best so far: params=(30, 1, 16, 8, 4, 4, 4, 4), score=0.878992, elapsed=2.1s

============================================================
Round 11/30
  Tested: params=(24, 3, 12, 3, 1, 5, 4, 4)
  validation: F_1/7=0.845754, precision=0.845188, recall=0.874459, good=202, bad=37, missed=29, trie_nodes=594, patterns=276, objective=0.845516
  Tested: params=(26, 3, 12, 2, 5, 5, 4, 4)
  validation: F_1/7=0.871080, precision=0.872642, recall=0.800866, good=185, bad=27, missed=46, trie_nodes=488, patterns=169, objective=0.870884
  Tested: params=(24, 3, 12, 3, 5, 5, 4, 4)
  validation: F_1/7=0.871080, precision=0.872642, recall=0.800866, good=185, bad=27, missed=46, trie_nodes=488, patterns=169, objective=0.870884
  Tested: params=(24, 16, 12, 3, 1, 5, 4, 4)
  validation: F_1/7=0.845754, precision=0.845188, recall=0.874459, good=202, bad=37, missed=29, trie_nodes=593, patterns=276, objective=0.845517
  Tested: params=(24, 4, 12, 2, 1, 5, 4, 4)
  validation: F_1/7=0.845754, precision=0.845188, recall=0.874459, good=202, bad=37, missed=29, trie_nodes=594, patterns=276, objective=0.845516
  Best so far: params=(30, 1, 16, 8, 4, 4, 4, 4), score=0.878992, elapsed=2.3s

============================================================
Round 12/30
  Tested: params=(21, 8, 17, 6, 4, 4, 5, 2)
  validation: F_1/7=0.877763, precision=0.879070, recall=0.818182, good=189, bad=26, missed=42, trie_nodes=512, patterns=193, objective=0.877558
  Tested: params=(21, 8, 17, 7, 4, 4, 5, 2)
  validation: F_1/7=0.877763, precision=0.879070, recall=0.818182, good=189, bad=26, missed=42, trie_nodes=512, patterns=193, objective=0.877558
  Tested: params=(21, 30, 17, 6, 4, 4, 5, 2)
  validation: F_1/7=0.877763, precision=0.879070, recall=0.818182, good=189, bad=26, missed=42, trie_nodes=512, patterns=193, objective=0.877558
  Tested: params=(21, 8, 17, 6, 4, 4, 5, 2)
  validation: F_1/7=0.877763, precision=0.879070, recall=0.818182, good=189, bad=26, missed=42, trie_nodes=512, patterns=193, objective=0.877558
  Tested: params=(21, 8, 17, 6, 4, 4, 5, 2)
  validation: F_1/7=0.877763, precision=0.879070, recall=0.818182, good=189, bad=26, missed=42, trie_nodes=512, patterns=193, objective=0.877558
  Best so far: params=(30, 1, 16, 8, 4, 4, 4, 4), score=0.878992, elapsed=2.6s

============================================================
Round 13/30
  Tested: params=(17, 27, 14, 10, 5, 3, 4, 1)
  validation: F_1/7=0.855162, precision=0.855856, recall=0.822511, good=190, bad=32, missed=41, trie_nodes=508, patterns=192, objective=0.854959
  Tested: params=(17, 26, 14, 10, 5, 3, 4, 3)
  validation: F_1/7=0.855162, precision=0.855856, recall=0.822511, good=190, bad=32, missed=41, trie_nodes=508, patterns=192, objective=0.854959
  Tested: params=(16, 10, 14, 28, 5, 3, 4, 1)
  validation: F_1/7=0.847684, precision=0.848214, recall=0.822511, good=190, bad=34, missed=41, trie_nodes=507, patterns=192, objective=0.847481
  Tested: params=(17, 10, 14, 29, 5, 3, 4, 1)
  validation: F_1/7=0.855162, precision=0.855856, recall=0.822511, good=190, bad=32, missed=41, trie_nodes=508, patterns=192, objective=0.854959
  Tested: params=(23, 27, 14, 10, 5, 3, 4, 1)
  validation: F_1/7=0.876453, precision=0.877934, recall=0.809524, good=187, bad=26, missed=44, trie_nodes=518, patterns=196, objective=0.876245
  Best so far: params=(30, 1, 16, 8, 4, 4, 4, 4), score=0.878992, elapsed=2.8s

============================================================
Round 14/30
  Tested: params=(19, 15, 10, 8, 4, 4, 5, 3)
  validation: F_1/7=0.870521, precision=0.871560, recall=0.822511, good=190, bad=28, missed=41, trie_nodes=506, patterns=189, objective=0.870319
  Tested: params=(26, 15, 16, 8, 4, 4, 5, 3)
  validation: F_1/7=0.875118, precision=0.876777, recall=0.800866, good=185, bad=26, missed=46, trie_nodes=523, patterns=199, objective=0.874909
  Tested: params=(23, 12, 16, 8, 4, 4, 5, 3)
  validation: F_1/7=0.877111, precision=0.878505, recall=0.813853, good=188, bad=26, missed=43, trie_nodes=516, patterns=197, objective=0.876904
  Tested: params=(19, 12, 16, 8, 4, 4, 5, 3)
  validation: F_1/7=0.870521, precision=0.871560, recall=0.822511, good=190, bad=28, missed=41, trie_nodes=506, patterns=189, objective=0.870319
  Tested: params=(19, 15, 16, 8, 4, 4, 5, 3)
  validation: F_1/7=0.870521, precision=0.871560, recall=0.822511, good=190, bad=28, missed=41, trie_nodes=506, patterns=189, objective=0.870319
  Best so far: params=(30, 1, 16, 8, 4, 4, 4, 4), score=0.878992, elapsed=3.0s

============================================================
Round 15/30
  Tested: params=(23, 7, 11, 4, 3, 4, 4, 3)
  validation: F_1/7=0.849239, precision=0.848739, recall=0.874459, good=202, bad=36, missed=29, trie_nodes=618, patterns=308, objective=0.848991
  Tested: params=(23, 7, 11, 4, 3, 4, 4, 3)
  validation: F_1/7=0.849239, precision=0.848739, recall=0.874459, good=202, bad=36, missed=29, trie_nodes=618, patterns=308, objective=0.848991
  Tested: params=(13, 7, 18, 4, 3, 4, 4, 3)
  validation: F_1/7=0.803769, precision=0.802372, recall=0.878788, good=203, bad=50, missed=28, trie_nodes=576, patterns=255, objective=0.803538
  Tested: params=(14, 7, 11, 4, 3, 4, 4, 3)
  validation: F_1/7=0.822928, precision=0.821862, recall=0.878788, good=203, bad=44, missed=28, trie_nodes=587, patterns=268, objective=0.822693
  Tested: params=(23, 12, 11, 4, 3, 4, 4, 3)
  validation: F_1/7=0.849239, precision=0.848739, recall=0.874459, good=202, bad=36, missed=29, trie_nodes=618, patterns=308, objective=0.848991
  Best so far: params=(30, 1, 16, 8, 4, 4, 4, 4), score=0.878992, elapsed=3.2s

============================================================
Round 16/30
  Tested: params=(20, 14, 13, 7, 4, 1, 5, 3)
  validation: F_1/7=0.878410, precision=0.879630, recall=0.822511, good=190, bad=26, missed=41, trie_nodes=511, patterns=193, objective=0.878205
  Tested: params=(20, 10, 13, 7, 4, 4, 5, 3)
  validation: F_1/7=0.878410, precision=0.879630, recall=0.822511, good=190, bad=26, missed=41, trie_nodes=509, patterns=192, objective=0.878206
  Tested: params=(20, 10, 13, 7, 4, 1, 5, 3)
  validation: F_1/7=0.878410, precision=0.879630, recall=0.822511, good=190, bad=26, missed=41, trie_nodes=511, patterns=193, objective=0.878205
  Tested: params=(18, 14, 13, 7, 4, 4, 5, 3)
  validation: F_1/7=0.870521, precision=0.871560, recall=0.822511, good=190, bad=28, missed=41, trie_nodes=506, patterns=189, objective=0.870319
  Tested: params=(20, 10, 13, 7, 4, 4, 5, 3)
  validation: F_1/7=0.878410, precision=0.879630, recall=0.822511, good=190, bad=26, missed=41, trie_nodes=509, patterns=192, objective=0.878206
  Best so far: params=(30, 1, 16, 8, 4, 4, 4, 4), score=0.878992, elapsed=3.5s

============================================================
Round 17/30
  Tested: params=(22, 11, 15, 9, 4, 4, 3, 4)
  validation: F_1/7=0.840088, precision=0.839662, recall=0.861472, good=199, bad=38, missed=32, trie_nodes=581, patterns=249, objective=0.839855
  Tested: params=(29, 22, 15, 9, 4, 4, 2, 4)
  validation: F_1/7=0.841346, precision=0.841202, recall=0.848485, good=196, bad=37, missed=35, trie_nodes=612, patterns=268, objective=0.841101
  Tested: params=(22, 11, 15, 2, 4, 4, 3, 4)
  validation: F_1/7=0.840088, precision=0.839662, recall=0.861472, good=199, bad=38, missed=32, trie_nodes=581, patterns=249, objective=0.839855
  Tested: params=(22, 5, 15, 2, 4, 4, 3, 4)
  validation: F_1/7=0.840088, precision=0.839662, recall=0.861472, good=199, bad=38, missed=32, trie_nodes=584, patterns=250, objective=0.839854
  Tested: params=(25, 11, 15, 9, 4, 4, 3, 4)
  validation: F_1/7=0.837822, precision=0.837607, recall=0.848485, good=196, bad=38, missed=35, trie_nodes=604, patterns=261, objective=0.837579
  Best so far: params=(30, 1, 16, 8, 4, 4, 4, 4), score=0.878992, elapsed=3.7s

============================================================
Round 18/30
  Tested: params=(18, 9, 18, 11, 4, 5, 5, 3)
  validation: F_1/7=0.870521, precision=0.871560, recall=0.822511, good=190, bad=28, missed=41, trie_nodes=506, patterns=189, objective=0.870319
  Tested: params=(18, 9, 18, 11, 4, 5, 5, 3)
  validation: F_1/7=0.870521, precision=0.871560, recall=0.822511, good=190, bad=28, missed=41, trie_nodes=506, patterns=189, objective=0.870319
  Tested: params=(18, 12, 18, 6, 4, 4, 5, 3)
  validation: F_1/7=0.870521, precision=0.871560, recall=0.822511, good=190, bad=28, missed=41, trie_nodes=506, patterns=189, objective=0.870319
  Tested: params=(18, 12, 18, 11, 4, 5, 5, 3)
  validation: F_1/7=0.870521, precision=0.871560, recall=0.822511, good=190, bad=28, missed=41, trie_nodes=506, patterns=189, objective=0.870319
  Tested: params=(18, 12, 14, 11, 4, 5, 5, 3)
  validation: F_1/7=0.870521, precision=0.871560, recall=0.822511, good=190, bad=28, missed=41, trie_nodes=506, patterns=189, objective=0.870319
  Best so far: params=(30, 1, 16, 8, 4, 4, 4, 4), score=0.878992, elapsed=4.0s

============================================================
Round 19/30
  Tested: params=(16, 13, 1, 5, 4, 4, 4, 3)
  validation: F_1/7=0.832761, precision=0.832618, recall=0.839827, good=194, bad=39, missed=37, trie_nodes=535, patterns=212, objective=0.832546
  Tested: params=(16, 13, 9, 5, 4, 4, 4, 3)
  validation: F_1/7=0.847684, precision=0.848214, recall=0.822511, good=190, bad=34, missed=41, trie_nodes=505, patterns=191, objective=0.847482
  Tested: params=(21, 13, 9, 22, 4, 4, 4, 3)
  validation: F_1/7=0.877763, precision=0.879070, recall=0.818182, good=189, bad=26, missed=42, trie_nodes=512, patterns=193, objective=0.877558
  Tested: params=(27, 13, 9, 5, 4, 4, 4, 3)
  validation: F_1/7=0.879849, precision=0.881517, recall=0.805195, good=186, bad=25, missed=45, trie_nodes=519, patterns=197, objective=0.879641
  Tested: params=(21, 13, 9, 22, 4, 4, 4, 3)
  validation: F_1/7=0.877763, precision=0.879070, recall=0.818182, good=189, bad=26, missed=42, trie_nodes=512, patterns=193, objective=0.877558
  Best so far: params=(27, 13, 9, 5, 4, 4, 4, 3), score=0.879641, elapsed=4.2s

============================================================
Round 20/30
  Tested: params=(27, 11, 3, 6, 4, 4, 4, 5)
  validation: F_1/7=0.861069, precision=0.861607, recall=0.835498, good=193, bad=31, missed=38, trie_nodes=479, patterns=169, objective=0.860877
  Tested: params=(27, 11, 6, 6, 4, 4, 4, 5)
  validation: F_1/7=0.861069, precision=0.861607, recall=0.835498, good=193, bad=31, missed=38, trie_nodes=480, patterns=169, objective=0.860877
  Tested: params=(27, 11, 20, 6, 4, 4, 4, 5)
  validation: F_1/7=0.875118, precision=0.876777, recall=0.800866, good=185, bad=26, missed=46, trie_nodes=486, patterns=168, objective=0.874923
  Tested: params=(27, 11, 14, 6, 4, 4, 4, 3)
  validation: F_1/7=0.879194, precision=0.880952, recall=0.800866, good=185, bad=25, missed=46, trie_nodes=519, patterns=196, objective=0.878986
  Tested: params=(27, 11, 3, 6, 4, 4, 4, 5)
  validation: F_1/7=0.861069, precision=0.861607, recall=0.835498, good=193, bad=31, missed=38, trie_nodes=479, patterns=169, objective=0.860877
  Best so far: params=(27, 13, 9, 5, 4, 4, 4, 3), score=0.879641, elapsed=4.4s

============================================================
Round 21/30
  Tested: params=(29, 16, 16, 1, 4, 4, 4, 2)
  validation: F_1/7=0.879194, precision=0.880952, recall=0.800866, good=185, bad=25, missed=46, trie_nodes=518, patterns=198, objective=0.878986
  Tested: params=(29, 16, 16, 5, 4, 4, 4, 2)
  validation: F_1/7=0.879194, precision=0.880952, recall=0.800866, good=185, bad=25, missed=46, trie_nodes=521, patterns=198, objective=0.878985
  Tested: params=(29, 14, 23, 5, 4, 4, 4, 2)
  validation: F_1/7=0.879194, precision=0.880952, recall=0.800866, good=185, bad=25, missed=46, trie_nodes=521, patterns=198, objective=0.878985
  Tested: params=(29, 14, 16, 1, 4, 4, 4, 2)
  validation: F_1/7=0.879194, precision=0.880952, recall=0.800866, good=185, bad=25, missed=46, trie_nodes=518, patterns=198, objective=0.878986
  Tested: params=(29, 16, 16, 5, 4, 4, 4, 3)
  validation: F_1/7=0.879194, precision=0.880952, recall=0.800866, good=185, bad=25, missed=46, trie_nodes=521, patterns=198, objective=0.878985
  Best so far: params=(27, 13, 9, 5, 4, 4, 4, 3), score=0.879641, elapsed=4.7s

============================================================
Round 22/30
  Tested: params=(29, 16, 24, 1, 4, 4, 4, 2)
  validation: F_1/7=0.879194, precision=0.880952, recall=0.800866, good=185, bad=25, missed=46, trie_nodes=518, patterns=198, objective=0.878986
  Tested: params=(29, 16, 23, 1, 4, 4, 4, 2)
  validation: F_1/7=0.879194, precision=0.880952, recall=0.800866, good=185, bad=25, missed=46, trie_nodes=518, patterns=198, objective=0.878986
  Tested: params=(29, 16, 20, 1, 4, 4, 4, 2)
  validation: F_1/7=0.879194, precision=0.880952, recall=0.800866, good=185, bad=25, missed=46, trie_nodes=518, patterns=198, objective=0.878986
  Tested: params=(29, 16, 16, 1, 4, 4, 4, 2)
  validation: F_1/7=0.879194, precision=0.880952, recall=0.800866, good=185, bad=25, missed=46, trie_nodes=518, patterns=198, objective=0.878986
  Tested: params=(29, 16, 20, 1, 4, 4, 4, 2)
  validation: F_1/7=0.879194, precision=0.880952, recall=0.800866, good=185, bad=25, missed=46, trie_nodes=518, patterns=198, objective=0.878986
  Best so far: params=(27, 13, 9, 5, 4, 4, 4, 3), score=0.879641, elapsed=4.9s

============================================================
Round 23/30
  Tested: params=(28, 17, 23, 1, 4, 4, 4, 2)
  validation: F_1/7=0.879194, precision=0.880952, recall=0.800866, good=185, bad=25, missed=46, trie_nodes=516, patterns=196, objective=0.878987
  Tested: params=(28, 17, 24, 1, 4, 4, 4, 2)
  validation: F_1/7=0.879194, precision=0.880952, recall=0.800866, good=185, bad=25, missed=46, trie_nodes=516, patterns=196, objective=0.878987
  Tested: params=(28, 17, 23, 1, 4, 4, 4, 2)
  validation: F_1/7=0.879194, precision=0.880952, recall=0.800866, good=185, bad=25, missed=46, trie_nodes=516, patterns=196, objective=0.878987
  Tested: params=(28, 17, 24, 1, 4, 4, 4, 2)
  validation: F_1/7=0.879194, precision=0.880952, recall=0.800866, good=185, bad=25, missed=46, trie_nodes=516, patterns=196, objective=0.878987
  Tested: params=(28, 17, 24, 1, 4, 4, 4, 2)
  validation: F_1/7=0.879194, precision=0.880952, recall=0.800866, good=185, bad=25, missed=46, trie_nodes=516, patterns=196, objective=0.878987
  Best so far: params=(27, 13, 9, 5, 4, 4, 4, 3), score=0.879641, elapsed=5.1s

============================================================
Round 24/30
  Tested: params=(28, 17, 24, 1, 4, 4, 4, 2)
  validation: F_1/7=0.879194, precision=0.880952, recall=0.800866, good=185, bad=25, missed=46, trie_nodes=516, patterns=196, objective=0.878987
  Tested: params=(28, 17, 24, 1, 4, 4, 4, 2)
  validation: F_1/7=0.879194, precision=0.880952, recall=0.800866, good=185, bad=25, missed=46, trie_nodes=516, patterns=196, objective=0.878987
  Tested: params=(28, 19, 24, 1, 4, 4, 4, 2)
  validation: F_1/7=0.879194, precision=0.880952, recall=0.800866, good=185, bad=25, missed=46, trie_nodes=516, patterns=196, objective=0.878987
  Tested: params=(28, 17, 24, 1, 4, 4, 4, 2)
  validation: F_1/7=0.879194, precision=0.880952, recall=0.800866, good=185, bad=25, missed=46, trie_nodes=516, patterns=196, objective=0.878987
  Tested: params=(28, 17, 24, 1, 4, 4, 4, 2)
  validation: F_1/7=0.879194, precision=0.880952, recall=0.800866, good=185, bad=25, missed=46, trie_nodes=516, patterns=196, objective=0.878987
  Best so far: params=(27, 13, 9, 5, 4, 4, 4, 3), score=0.879641, elapsed=5.4s

============================================================
Round 25/30
  Tested: params=(28, 19, 27, 2, 4, 4, 4, 2)
  validation: F_1/7=0.879194, precision=0.880952, recall=0.800866, good=185, bad=25, missed=46, trie_nodes=515, patterns=195, objective=0.878987
  Tested: params=(28, 19, 27, 2, 4, 4, 4, 2)
  validation: F_1/7=0.879194, precision=0.880952, recall=0.800866, good=185, bad=25, missed=46, trie_nodes=515, patterns=195, objective=0.878987
  Tested: params=(28, 19, 27, 2, 4, 4, 4, 2)
  validation: F_1/7=0.879194, precision=0.880952, recall=0.800866, good=185, bad=25, missed=46, trie_nodes=515, patterns=195, objective=0.878987
  Tested: params=(28, 19, 27, 2, 4, 4, 4, 2)
  validation: F_1/7=0.879194, precision=0.880952, recall=0.800866, good=185, bad=25, missed=46, trie_nodes=515, patterns=195, objective=0.878987
  Tested: params=(28, 19, 26, 2, 4, 4, 4, 2)
  validation: F_1/7=0.879194, precision=0.880952, recall=0.800866, good=185, bad=25, missed=46, trie_nodes=515, patterns=195, objective=0.878987
  Best so far: params=(27, 13, 9, 5, 4, 4, 4, 3), score=0.879641, elapsed=5.6s

============================================================
Round 26/30
  Tested: params=(30, 20, 28, 2, 4, 4, 4, 2)
  validation: F_1/7=0.879194, precision=0.880952, recall=0.800866, good=185, bad=25, missed=46, trie_nodes=517, patterns=197, objective=0.878987
  Tested: params=(30, 20, 28, 2, 4, 4, 4, 2)
  validation: F_1/7=0.879194, precision=0.880952, recall=0.800866, good=185, bad=25, missed=46, trie_nodes=517, patterns=197, objective=0.878987
  Tested: params=(30, 20, 29, 2, 4, 4, 4, 2)
  validation: F_1/7=0.879194, precision=0.880952, recall=0.800866, good=185, bad=25, missed=46, trie_nodes=517, patterns=197, objective=0.878987
  Tested: params=(30, 20, 28, 2, 4, 4, 4, 2)
  validation: F_1/7=0.879194, precision=0.880952, recall=0.800866, good=185, bad=25, missed=46, trie_nodes=517, patterns=197, objective=0.878987
  Tested: params=(30, 20, 28, 2, 4, 4, 4, 2)
  validation: F_1/7=0.879194, precision=0.880952, recall=0.800866, good=185, bad=25, missed=46, trie_nodes=517, patterns=197, objective=0.878987
  Best so far: params=(27, 13, 9, 5, 4, 4, 4, 3), score=0.879641, elapsed=5.8s

============================================================
Round 27/30
  Tested: params=(26, 18, 26, 3, 4, 4, 4, 2)
  validation: F_1/7=0.875118, precision=0.876777, recall=0.800866, good=185, bad=26, missed=46, trie_nodes=523, patterns=199, objective=0.874909
  Tested: params=(26, 22, 26, 3, 4, 4, 4, 2)
  validation: F_1/7=0.875118, precision=0.876777, recall=0.800866, good=185, bad=26, missed=46, trie_nodes=523, patterns=199, objective=0.874909
  Tested: params=(26, 18, 26, 3, 4, 4, 4, 2)
  validation: F_1/7=0.875118, precision=0.876777, recall=0.800866, good=185, bad=26, missed=46, trie_nodes=523, patterns=199, objective=0.874909
  Tested: params=(25, 18, 26, 3, 4, 4, 4, 2)
  validation: F_1/7=0.875118, precision=0.876777, recall=0.800866, good=185, bad=26, missed=46, trie_nodes=523, patterns=199, objective=0.874909
  Tested: params=(26, 18, 26, 3, 4, 4, 4, 2)
  validation: F_1/7=0.875118, precision=0.876777, recall=0.800866, good=185, bad=26, missed=46, trie_nodes=523, patterns=199, objective=0.874909
  Best so far: params=(27, 13, 9, 5, 4, 4, 4, 3), score=0.879641, elapsed=6.0s

============================================================
Round 28/30
  Tested: params=(28, 19, 25, 2, 4, 4, 4, 2)
  validation: F_1/7=0.879194, precision=0.880952, recall=0.800866, good=185, bad=25, missed=46, trie_nodes=515, patterns=195, objective=0.878987
  Tested: params=(28, 17, 27, 2, 4, 4, 4, 2)
  validation: F_1/7=0.879194, precision=0.880952, recall=0.800866, good=185, bad=25, missed=46, trie_nodes=515, patterns=195, objective=0.878987
  Tested: params=(28, 19, 25, 2, 4, 4, 4, 2)
  validation: F_1/7=0.879194, precision=0.880952, recall=0.800866, good=185, bad=25, missed=46, trie_nodes=515, patterns=195, objective=0.878987
  Tested: params=(28, 19, 25, 2, 4, 4, 4, 2)
  validation: F_1/7=0.879194, precision=0.880952, recall=0.800866, good=185, bad=25, missed=46, trie_nodes=515, patterns=195, objective=0.878987
  Tested: params=(28, 19, 25, 2, 4, 4, 4, 2)
  validation: F_1/7=0.879194, precision=0.880952, recall=0.800866, good=185, bad=25, missed=46, trie_nodes=515, patterns=195, objective=0.878987
  Best so far: params=(27, 13, 9, 5, 4, 4, 4, 3), score=0.879641, elapsed=6.3s

============================================================
Round 29/30
  Tested: params=(27, 21, 27, 2, 5, 4, 4, 1)
  validation: F_1/7=0.879194, precision=0.880952, recall=0.800866, good=185, bad=25, missed=46, trie_nodes=516, patterns=196, objective=0.878987
  Tested: params=(25, 21, 27, 2, 5, 4, 4, 1)
  validation: F_1/7=0.875118, precision=0.876777, recall=0.800866, good=185, bad=26, missed=46, trie_nodes=519, patterns=199, objective=0.874910
  Tested: params=(25, 21, 27, 2, 5, 4, 4, 1)
  validation: F_1/7=0.875118, precision=0.876777, recall=0.800866, good=185, bad=26, missed=46, trie_nodes=519, patterns=199, objective=0.874910
  Tested: params=(25, 21, 27, 2, 5, 4, 4, 1)
  validation: F_1/7=0.875118, precision=0.876777, recall=0.800866, good=185, bad=26, missed=46, trie_nodes=519, patterns=199, objective=0.874910
  Tested: params=(27, 19, 27, 2, 5, 4, 4, 2)
  validation: F_1/7=0.879194, precision=0.880952, recall=0.800866, good=185, bad=25, missed=46, trie_nodes=515, patterns=195, objective=0.878987
  Best so far: params=(27, 13, 9, 5, 4, 4, 4, 3), score=0.879641, elapsed=6.5s

============================================================
Round 30/30
  Tested: params=(27, 19, 25, 4, 4, 4, 4, 2)
  validation: F_1/7=0.879194, precision=0.880952, recall=0.800866, good=185, bad=25, missed=46, trie_nodes=519, patterns=196, objective=0.878986
  Tested: params=(27, 19, 25, 4, 3, 4, 4, 2)
  validation: F_1/7=0.844309, precision=0.843882, recall=0.865801, good=200, bad=37, missed=31, trie_nodes=637, patterns=320, objective=0.844054
  Tested: params=(27, 19, 25, 4, 3, 4, 4, 2)
  validation: F_1/7=0.844309, precision=0.843882, recall=0.865801, good=200, bad=37, missed=31, trie_nodes=637, patterns=320, objective=0.844054
  Tested: params=(27, 19, 25, 4, 3, 4, 4, 2)
  validation: F_1/7=0.844309, precision=0.843882, recall=0.865801, good=200, bad=37, missed=31, trie_nodes=637, patterns=320, objective=0.844054
  Tested: params=(27, 19, 25, 4, 3, 4, 4, 2)
  validation: F_1/7=0.844309, precision=0.843882, recall=0.865801, good=200, bad=37, missed=31, trie_nodes=637, patterns=320, objective=0.844054
  Best so far: params=(27, 13, 9, 5, 4, 4, 4, 3), score=0.879641, elapsed=6.8s

============================================================
Final phase: 3 evaluations
  Tested: params=(28, 18, 29, 3, 4, 4, 4, 2)
  validation: F_1/7=0.879194, precision=0.880952, recall=0.800866, good=185, bad=25, missed=46, trie_nodes=519, patterns=196, objective=0.878986
  Tested: params=(28, 18, 29, 3, 4, 4, 4, 2)
  validation: F_1/7=0.879194, precision=0.880952, recall=0.800866, good=185, bad=25, missed=46, trie_nodes=519, patterns=196, objective=0.878986
  Tested: params=(28, 23, 30, 3, 4, 4, 4, 2)
  validation: F_1/7=0.879194, precision=0.880952, recall=0.800866, good=185, bad=25, missed=46, trie_nodes=519, patterns=196, objective=0.878986

============================================================
Threshold ablation run complete
Best parameters (b1..b4 thr1..thr4): (27, 13, 9, 5, 4, 4, 4, 3)
Thresholds: {'mode': 'perlayer', 'shared': None, 'per_level': [4, 4, 4, 3]}
  validation-selected: F_1/7=0.879849, precision=0.881517, recall=0.805195, good=186, bad=25, missed=45, trie_nodes=519, patterns=197, objective=0.879641
  held-out test: F_1/7=0.829094, precision=0.830189, recall=0.778761, good=176, bad=36, missed=50, trie_nodes=519, patterns=197
Summary: results/threshold_ablation/ms/wiktionary/perlayer_tpe/summary.json
History: results/threshold_ablation/ms/wiktionary/perlayer_tpe/history.csv
Wall time: 7.0s
