Proportional trie_normalizer for ms/wiktionary: |D| = 1247
Objective: F17+Trie(w=0.0005)
Dataset: /home/dev/hyph-bench/data/ms/wiktionary/ms_wiktionary.wlh_dis.wlh
Translate: /home/dev/hyph-bench/data/ms/wiktionary/ms_wiktionary.wlh_dis.wlh.tra
Method: random | Threshold mode: perlayer
Search space (8-D): [(1, 30), (1, 30), (1, 30), (1, 30), (1, 5), (1, 5), (1, 5), (1, 5)]
Split counts: train=999, validation=124, test=124
Pattern ranges: [(1, 4), (2, 5), (2, 6), (2, 7)]
Budget: 30 rounds x 5 + 3 final = 153 patgen evaluations; 3 parallel workers

============================================================
Round 1/30
  Tested: params=(12, 29, 22, 18, 1, 1, 1, 5)
  validation: F_1/7=0.804607, precision=0.803150, recall=0.883117, good=204, bad=50, missed=27, trie_nodes=559, patterns=254, objective=0.804383
  Tested: params=(19, 22, 1, 30, 5, 2, 1, 1)
  validation: F_1/7=0.801791, precision=0.800813, recall=0.852814, good=197, bad=49, missed=34, trie_nodes=632, patterns=307, objective=0.801537
  Tested: params=(10, 16, 13, 9, 4, 1, 2, 2)
  validation: F_1/7=0.802075, precision=0.800797, recall=0.870130, good=201, bad=50, missed=30, trie_nodes=559, patterns=235, objective=0.801851
  Tested: params=(14, 24, 6, 16, 3, 1, 4, 1)
  validation: F_1/7=0.826211, precision=0.825203, recall=0.878788, good=203, bad=43, missed=28, trie_nodes=586, patterns=274, objective=0.825976
  Tested: params=(2, 29, 29, 25, 2, 1, 4, 3)
  validation: F_1/7=0.689840, precision=0.686667, recall=0.891775, good=206, bad=94, missed=25, trie_nodes=573, patterns=259, objective=0.689610
  Best so far: params=(14, 24, 6, 16, 3, 1, 4, 1), score=0.825976, elapsed=0.2s

============================================================
Round 2/30
  Tested: params=(4, 15, 2, 28, 2, 4, 2, 3)
  validation: F_1/7=0.740552, precision=0.738182, recall=0.878788, good=203, bad=72, missed=28, trie_nodes=565, patterns=244, objective=0.740325
  Tested: params=(17, 6, 30, 24, 5, 5, 3, 5)
  validation: F_1/7=0.817261, precision=0.816327, recall=0.865801, good=200, bad=45, missed=31, trie_nodes=547, patterns=222, objective=0.817041
  Tested: params=(3, 6, 2, 10, 2, 2, 5, 2)
  validation: F_1/7=0.692229, precision=0.689189, recall=0.883117, good=204, bad=92, missed=27, trie_nodes=552, patterns=256, objective=0.692008
  Tested: params=(9, 17, 5, 25, 1, 5, 4, 1)
  validation: F_1/7=0.785482, precision=0.783784, recall=0.878788, good=203, bad=56, missed=28, trie_nodes=562, patterns=248, objective=0.785257
  Tested: params=(1, 25, 22, 22, 4, 1, 2, 1)
  validation: F_1/7=0.687656, precision=0.684564, recall=0.883117, good=204, bad=94, missed=27, trie_nodes=575, patterns=253, objective=0.687425
  Best so far: params=(14, 24, 6, 16, 3, 1, 4, 1), score=0.825976, elapsed=0.3s

============================================================
Round 3/30
  Tested: params=(26, 19, 10, 2, 2, 2, 4, 4)
  validation: F_1/7=0.844309, precision=0.843882, recall=0.865801, good=200, bad=37, missed=31, trie_nodes=634, patterns=321, objective=0.844055
  Tested: params=(27, 15, 4, 22, 4, 3, 4, 3)
  validation: F_1/7=0.867993, precision=0.868778, recall=0.831169, good=192, bad=29, missed=39, trie_nodes=528, patterns=203, objective=0.867781
  Tested: params=(16, 13, 1, 4, 1, 4, 2, 3)
  validation: F_1/7=0.818875, precision=0.817814, recall=0.874459, good=202, bad=45, missed=29, trie_nodes=616, patterns=295, objective=0.818628
  Tested: params=(28, 8, 13, 23, 2, 1, 2, 1)
  validation: F_1/7=0.847817, precision=0.847458, recall=0.865801, good=200, bad=36, missed=31, trie_nodes=648, patterns=325, objective=0.847557
  Tested: params=(28, 25, 20, 27, 5, 1, 5, 3)
  validation: F_1/7=0.879194, precision=0.880952, recall=0.800866, good=185, bad=25, missed=46, trie_nodes=521, patterns=197, objective=0.878985
  Best so far: params=(28, 25, 20, 27, 5, 1, 5, 3), score=0.878985, elapsed=0.5s

============================================================
Round 4/30
  Tested: params=(25, 27, 10, 4, 2, 3, 5, 5)
  validation: F_1/7=0.848531, precision=0.848101, recall=0.870130, good=201, bad=36, missed=30, trie_nodes=632, patterns=320, objective=0.848277
  Tested: params=(1, 16, 13, 7, 1, 2, 5, 2)
  validation: F_1/7=0.688836, precision=0.685811, recall=0.878788, good=203, bad=93, missed=28, trie_nodes=582, patterns=266, objective=0.688603
  Tested: params=(16, 22, 11, 30, 5, 2, 3, 2)
  validation: F_1/7=0.833959, precision=0.833333, recall=0.865801, good=200, bad=40, missed=31, trie_nodes=581, patterns=257, objective=0.833726
  Tested: params=(9, 2, 19, 16, 1, 2, 5, 2)
  validation: F_1/7=0.790607, precision=0.789062, recall=0.874459, good=202, bad=54, missed=29, trie_nodes=546, patterns=244, objective=0.790388
  Tested: params=(5, 15, 30, 8, 4, 4, 2, 4)
  validation: F_1/7=0.755818, precision=0.753731, recall=0.874459, good=202, bad=66, missed=29, trie_nodes=465, patterns=166, objective=0.755632
  Best so far: params=(28, 25, 20, 27, 5, 1, 5, 3), score=0.878985, elapsed=0.6s

============================================================
Round 5/30
  Tested: params=(12, 19, 20, 17, 1, 5, 2, 1)
  validation: F_1/7=0.800663, precision=0.799213, recall=0.878788, good=203, bad=51, missed=28, trie_nodes=568, patterns=251, objective=0.800435
  Tested: params=(2, 18, 21, 1, 3, 2, 4, 1)
  validation: F_1/7=0.692111, precision=0.688963, recall=0.891775, good=206, bad=93, missed=25, trie_nodes=561, patterns=255, objective=0.691886
  Tested: params=(21, 12, 29, 5, 2, 1, 5, 5)
  validation: F_1/7=0.849239, precision=0.848739, recall=0.874459, good=202, bad=36, missed=29, trie_nodes=599, patterns=295, objective=0.848999
  Tested: params=(8, 20, 25, 17, 3, 2, 1, 5)
  validation: F_1/7=0.789351, precision=0.787645, recall=0.883117, good=204, bad=55, missed=27, trie_nodes=553, patterns=252, objective=0.789130
  Tested: params=(28, 19, 11, 11, 4, 5, 5, 4)
  validation: F_1/7=0.875118, precision=0.876777, recall=0.800866, good=185, bad=26, missed=46, trie_nodes=486, patterns=168, objective=0.874923
  Best so far: params=(28, 25, 20, 27, 5, 1, 5, 3), score=0.878985, elapsed=0.8s

============================================================
Round 6/30
  Tested: params=(20, 3, 5, 27, 4, 1, 1, 4)
  validation: F_1/7=0.834718, precision=0.834025, recall=0.870130, good=201, bad=40, missed=30, trie_nodes=585, patterns=264, objective=0.834483
  Tested: params=(1, 5, 17, 21, 4, 2, 4, 2)
  validation: F_1/7=0.739172, precision=0.737037, recall=0.861472, good=199, bad=71, missed=32, trie_nodes=524, patterns=224, objective=0.738962
  Tested: params=(10, 23, 20, 26, 4, 3, 1, 2)
  validation: F_1/7=0.802075, precision=0.800797, recall=0.870130, good=201, bad=50, missed=30, trie_nodes=559, patterns=235, objective=0.801851
  Tested: params=(8, 8, 30, 12, 5, 4, 4, 3)
  validation: F_1/7=0.801791, precision=0.800813, recall=0.852814, good=197, bad=49, missed=34, trie_nodes=501, patterns=183, objective=0.801590
  Tested: params=(18, 15, 6, 22, 2, 1, 4, 1)
  validation: F_1/7=0.828752, precision=0.827869, recall=0.874459, good=202, bad=42, missed=29, trie_nodes=590, patterns=286, objective=0.828515
  Best so far: params=(28, 25, 20, 27, 5, 1, 5, 3), score=0.878985, elapsed=0.9s

============================================================
Round 7/30
  Tested: params=(29, 29, 28, 12, 1, 5, 3, 5)
  validation: F_1/7=0.844309, precision=0.843882, recall=0.865801, good=200, bad=37, missed=31, trie_nodes=631, patterns=295, objective=0.844056
  Tested: params=(29, 26, 9, 12, 5, 2, 1, 3)
  validation: F_1/7=0.842096, precision=0.841880, recall=0.852814, good=197, bad=37, missed=34, trie_nodes=629, patterns=290, objective=0.841844
  Tested: params=(29, 21, 18, 3, 4, 5, 1, 3)
  validation: F_1/7=0.844900, precision=0.844828, recall=0.848485, good=196, bad=36, missed=35, trie_nodes=632, patterns=293, objective=0.844647
  Tested: params=(27, 23, 21, 22, 2, 2, 5, 5)
  validation: F_1/7=0.844309, precision=0.843882, recall=0.865801, good=200, bad=37, missed=31, trie_nodes=634, patterns=321, objective=0.844055
  Tested: params=(27, 28, 16, 16, 4, 4, 4, 4)
  validation: F_1/7=0.875118, precision=0.876777, recall=0.800866, good=185, bad=26, missed=46, trie_nodes=486, patterns=168, objective=0.874923
  Best so far: params=(28, 25, 20, 27, 5, 1, 5, 3), score=0.878985, elapsed=1.1s

============================================================
Round 8/30
  Tested: params=(27, 11, 12, 3, 3, 1, 3, 3)
  validation: F_1/7=0.844309, precision=0.843882, recall=0.865801, good=200, bad=37, missed=31, trie_nodes=647, patterns=325, objective=0.844050
  Tested: params=(9, 18, 1, 2, 5, 2, 1, 3)
  validation: F_1/7=0.787026, precision=0.785714, recall=0.857143, good=198, bad=54, missed=33, trie_nodes=574, patterns=259, objective=0.786796
  Tested: params=(24, 7, 19, 3, 1, 3, 3, 4)
  validation: F_1/7=0.845754, precision=0.845188, recall=0.874459, good=202, bad=37, missed=29, trie_nodes=626, patterns=312, objective=0.845503
  Tested: params=(22, 30, 16, 10, 4, 2, 3, 1)
  validation: F_1/7=0.843578, precision=0.843220, recall=0.861472, good=199, bad=37, missed=32, trie_nodes=617, patterns=282, objective=0.843330
  Tested: params=(1, 29, 26, 21, 3, 1, 1, 2)
  validation: F_1/7=0.686491, precision=0.683333, recall=0.887446, good=205, bad=95, missed=26, trie_nodes=579, patterns=259, objective=0.686259
  Best so far: params=(28, 25, 20, 27, 5, 1, 5, 3), score=0.878985, elapsed=1.2s

============================================================
Round 9/30
  Tested: params=(17, 22, 20, 9, 5, 4, 3, 4)
  validation: F_1/7=0.817261, precision=0.816327, recall=0.865801, good=200, bad=45, missed=31, trie_nodes=547, patterns=222, objective=0.817041
  Tested: params=(13, 8, 11, 23, 1, 1, 1, 1)
  validation: F_1/7=0.803769, precision=0.802372, recall=0.878788, good=203, bad=50, missed=28, trie_nodes=573, patterns=256, objective=0.803540
  Tested: params=(26, 22, 15, 3, 3, 3, 1, 3)
  validation: F_1/7=0.844309, precision=0.843882, recall=0.865801, good=200, bad=37, missed=31, trie_nodes=647, patterns=325, objective=0.844050
  Tested: params=(12, 19, 20, 2, 2, 4, 3, 5)
  validation: F_1/7=0.786370, precision=0.784615, recall=0.883117, good=204, bad=56, missed=27, trie_nodes=496, patterns=193, objective=0.786171
  Tested: params=(20, 5, 3, 20, 1, 3, 5, 3)
  validation: F_1/7=0.835470, precision=0.834711, recall=0.874459, good=202, bad=40, missed=29, trie_nodes=603, patterns=290, objective=0.835228
  Best so far: params=(28, 25, 20, 27, 5, 1, 5, 3), score=0.878985, elapsed=1.4s

============================================================
Round 10/30
  Tested: params=(12, 20, 14, 17, 5, 2, 5, 5)
  validation: F_1/7=0.824176, precision=0.824034, recall=0.831169, good=192, bad=41, missed=39, trie_nodes=489, patterns=177, objective=0.823980
  Tested: params=(6, 3, 4, 1, 1, 4, 1, 2)
  validation: F_1/7=0.768049, precision=0.766284, recall=0.865801, good=200, bad=61, missed=31, trie_nodes=529, patterns=250, objective=0.767837
  Tested: params=(26, 1, 25, 9, 1, 4, 4, 5)
  validation: F_1/7=0.848531, precision=0.848101, recall=0.870130, good=201, bad=36, missed=30, trie_nodes=618, patterns=293, objective=0.848283
  Tested: params=(23, 25, 9, 6, 4, 5, 5, 3)
  validation: F_1/7=0.877111, precision=0.878505, recall=0.813853, good=188, bad=26, missed=43, trie_nodes=516, patterns=197, objective=0.876904
  Tested: params=(12, 24, 11, 28, 5, 3, 4, 4)
  validation: F_1/7=0.824176, precision=0.824034, recall=0.831169, good=192, bad=41, missed=39, trie_nodes=489, patterns=177, objective=0.823980
  Best so far: params=(28, 25, 20, 27, 5, 1, 5, 3), score=0.878985, elapsed=1.5s

============================================================
Round 11/30
  Tested: params=(4, 28, 16, 25, 2, 5, 2, 1)
  validation: F_1/7=0.743209, precision=0.740876, recall=0.878788, good=203, bad=71, missed=28, trie_nodes=556, patterns=242, objective=0.742986
  Tested: params=(28, 3, 10, 29, 5, 3, 4, 3)
  validation: F_1/7=0.879849, precision=0.881517, recall=0.805195, good=186, bad=25, missed=45, trie_nodes=522, patterns=197, objective=0.879639
  Tested: params=(9, 10, 21, 23, 4, 4, 1, 3)
  validation: F_1/7=0.798951, precision=0.797619, recall=0.870130, good=201, bad=51, missed=30, trie_nodes=557, patterns=231, objective=0.798727
  Tested: params=(2, 17, 14, 27, 2, 1, 1, 4)
  validation: F_1/7=0.693317, precision=0.690236, recall=0.887446, good=205, bad=92, missed=26, trie_nodes=562, patterns=256, objective=0.693092
  Tested: params=(19, 4, 3, 22, 1, 5, 4, 1)
  validation: F_1/7=0.825433, precision=0.824490, recall=0.874459, good=202, bad=43, missed=29, trie_nodes=602, patterns=286, objective=0.825192
  Best so far: params=(28, 3, 10, 29, 5, 3, 4, 3), score=0.879639, elapsed=1.7s

============================================================
Round 12/30
  Tested: params=(3, 30, 12, 12, 5, 5, 5, 4)
  validation: F_1/7=0.677596, precision=0.674342, recall=0.887446, good=205, bad=99, missed=26, trie_nodes=409, patterns=126, objective=0.677432
  Tested: params=(12, 3, 24, 17, 3, 5, 1, 3)
  validation: F_1/7=0.799810, precision=0.798419, recall=0.874459, good=202, bad=51, missed=29, trie_nodes=566, patterns=253, objective=0.799583
  Tested: params=(1, 15, 2, 4, 1, 4, 4, 3)
  validation: F_1/7=0.686491, precision=0.683333, recall=0.887446, good=205, bad=95, missed=26, trie_nodes=561, patterns=242, objective=0.686266
  Tested: params=(29, 12, 9, 27, 2, 5, 1, 5)
  validation: F_1/7=0.844309, precision=0.843882, recall=0.865801, good=200, bad=37, missed=31, trie_nodes=639, patterns=303, objective=0.844053
  Tested: params=(2, 27, 16, 30, 1, 3, 5, 3)
  validation: F_1/7=0.689840, precision=0.686667, recall=0.891775, good=206, bad=94, missed=25, trie_nodes=585, patterns=267, objective=0.689605
  Best so far: params=(28, 3, 10, 29, 5, 3, 4, 3), score=0.879639, elapsed=1.8s

============================================================
Round 13/30
  Tested: params=(19, 21, 14, 19, 3, 5, 1, 2)
  validation: F_1/7=0.838870, precision=0.838174, recall=0.874459, good=202, bad=39, missed=29, trie_nodes=606, patterns=290, objective=0.838627
  Tested: params=(29, 27, 14, 19, 2, 1, 3, 2)
  validation: F_1/7=0.847817, precision=0.847458, recall=0.865801, good=200, bad=36, missed=31, trie_nodes=649, patterns=329, objective=0.847557
  Tested: params=(18, 3, 30, 30, 4, 3, 2, 5)
  validation: F_1/7=0.840831, precision=0.840336, recall=0.865801, good=200, bad=38, missed=31, trie_nodes=601, patterns=265, objective=0.840590
  Tested: params=(21, 5, 28, 25, 5, 4, 4, 3)
  validation: F_1/7=0.877763, precision=0.879070, recall=0.818182, good=189, bad=26, missed=42, trie_nodes=512, patterns=193, objective=0.877558
  Tested: params=(28, 26, 2, 1, 2, 5, 5, 1)
  validation: F_1/7=0.844309, precision=0.843882, recall=0.865801, good=200, bad=37, missed=31, trie_nodes=636, patterns=321, objective=0.844054
  Best so far: params=(28, 3, 10, 29, 5, 3, 4, 3), score=0.879639, elapsed=2.0s

============================================================
Round 14/30
  Tested: params=(18, 12, 30, 26, 5, 3, 3, 2)
  validation: F_1/7=0.840831, precision=0.840336, recall=0.865801, good=200, bad=38, missed=31, trie_nodes=596, patterns=264, objective=0.840592
  Tested: params=(2, 26, 25, 30, 5, 3, 4, 5)
  validation: F_1/7=0.693317, precision=0.690236, recall=0.887446, good=205, bad=92, missed=26, trie_nodes=543, patterns=233, objective=0.693099
  Tested: params=(26, 8, 14, 4, 5, 4, 2, 4)
  validation: F_1/7=0.837822, precision=0.837607, recall=0.848485, good=196, bad=38, missed=35, trie_nodes=604, patterns=261, objective=0.837579
  Tested: params=(19, 11, 4, 21, 3, 4, 3, 5)
  validation: F_1/7=0.829519, precision=0.828571, recall=0.878788, good=203, bad=42, missed=28, trie_nodes=564, patterns=252, objective=0.829293
  Tested: params=(17, 17, 27, 13, 1, 1, 4, 4)
  validation: F_1/7=0.828752, precision=0.827869, recall=0.874459, good=202, bad=42, missed=29, trie_nodes=590, patterns=286, objective=0.828515
  Best so far: params=(28, 3, 10, 29, 5, 3, 4, 3), score=0.879639, elapsed=2.1s

============================================================
Round 15/30
  Tested: params=(22, 7, 5, 1, 2, 3, 2, 3)
  validation: F_1/7=0.842298, precision=0.841667, recall=0.874459, good=202, bad=38, missed=29, trie_nodes=602, patterns=297, objective=0.842057
  Tested: params=(28, 11, 16, 24, 2, 4, 5, 5)
  validation: F_1/7=0.844309, precision=0.843882, recall=0.865801, good=200, bad=37, missed=31, trie_nodes=618, patterns=291, objective=0.844062
  Tested: params=(5, 28, 15, 8, 3, 5, 3, 2)
  validation: F_1/7=0.767069, precision=0.765152, recall=0.874459, good=202, bad=62, missed=29, trie_nodes=559, patterns=251, objective=0.766845
  Tested: params=(20, 8, 3, 4, 1, 1, 1, 4)
  validation: F_1/7=0.836217, precision=0.835391, recall=0.878788, good=203, bad=40, missed=28, trie_nodes=595, patterns=289, objective=0.835978
  Tested: params=(6, 11, 27, 15, 4, 1, 1, 1)
  validation: F_1/7=0.777743, precision=0.776062, recall=0.870130, good=201, bad=58, missed=30, trie_nodes=550, patterns=236, objective=0.777523
  Best so far: params=(28, 3, 10, 29, 5, 3, 4, 3), score=0.879639, elapsed=2.3s

============================================================
Round 16/30
  Tested: params=(6, 9, 6, 3, 1, 3, 2, 2)
  validation: F_1/7=0.769934, precision=0.768061, recall=0.874459, good=202, bad=61, missed=29, trie_nodes=559, patterns=253, objective=0.769710
  Tested: params=(16, 21, 2, 24, 4, 1, 5, 5)
  validation: F_1/7=0.840590, precision=0.840517, recall=0.844156, good=195, bad=37, missed=36, trie_nodes=498, patterns=191, objective=0.840390
  Tested: params=(2, 9, 25, 23, 1, 2, 2, 3)
  validation: F_1/7=0.689935, precision=0.686869, recall=0.883117, good=204, bad=93, missed=27, trie_nodes=586, patterns=268, objective=0.689700
  Tested: params=(19, 12, 14, 23, 1, 2, 4, 5)
  validation: F_1/7=0.832098, precision=0.831276, recall=0.874459, good=202, bad=41, missed=29, trie_nodes=589, patterns=284, objective=0.831861
  Tested: params=(16, 16, 4, 14, 3, 2, 2, 2)
  validation: F_1/7=0.822141, precision=0.821138, recall=0.874459, good=202, bad=44, missed=29, trie_nodes=600, patterns=290, objective=0.821900
  Best so far: params=(28, 3, 10, 29, 5, 3, 4, 3), score=0.879639, elapsed=2.4s

============================================================
Round 17/30
  Tested: params=(1, 10, 7, 10, 1, 5, 3, 4)
  validation: F_1/7=0.668929, precision=0.665584, recall=0.887446, good=205, bad=103, missed=26, trie_nodes=445, patterns=154, objective=0.668751
  Tested: params=(24, 15, 3, 17, 3, 4, 3, 1)
  validation: F_1/7=0.842298, precision=0.841667, recall=0.874459, good=202, bad=38, missed=29, trie_nodes=628, patterns=313, objective=0.842047
  Tested: params=(9, 11, 20, 18, 2, 5, 4, 2)
  validation: F_1/7=0.785482, precision=0.783784, recall=0.878788, good=203, bad=56, missed=28, trie_nodes=563, patterns=248, objective=0.785256
  Tested: params=(4, 5, 8, 5, 1, 2, 1, 5)
  validation: F_1/7=0.744200, precision=0.741818, recall=0.883117, good=204, bad=71, missed=27, trie_nodes=555, patterns=259, objective=0.743977
  Tested: params=(3, 16, 13, 30, 1, 2, 5, 5)
  validation: F_1/7=0.695623, precision=0.692568, recall=0.887446, good=205, bad=91, missed=26, trie_nodes=557, patterns=259, objective=0.695399
  Best so far: params=(28, 3, 10, 29, 5, 3, 4, 3), score=0.879639, elapsed=2.6s

============================================================
Round 18/30
  Tested: params=(25, 8, 6, 21, 5, 3, 3, 2)
  validation: F_1/7=0.840088, precision=0.839662, recall=0.861472, good=199, bad=38, missed=32, trie_nodes=614, patterns=283, objective=0.839842
  Tested: params=(24, 6, 10, 13, 3, 2, 1, 4)
  validation: F_1/7=0.845754, precision=0.845188, recall=0.874459, good=202, bad=37, missed=29, trie_nodes=629, patterns=313, objective=0.845502
  Tested: params=(9, 18, 5, 15, 3, 1, 2, 1)
  validation: F_1/7=0.788472, precision=0.786822, recall=0.878788, good=203, bad=55, missed=28, trie_nodes=563, patterns=253, objective=0.788246
  Tested: params=(2, 30, 10, 25, 2, 4, 4, 3)
  validation: F_1/7=0.687583, precision=0.684385, recall=0.891775, good=206, bad=95, missed=25, trie_nodes=551, patterns=237, objective=0.687363
  Tested: params=(15, 13, 11, 28, 5, 5, 1, 4)
  validation: F_1/7=0.818071, precision=0.817073, recall=0.870130, good=201, bad=45, missed=30, trie_nodes=513, patterns=203, objective=0.817865
  Best so far: params=(28, 3, 10, 29, 5, 3, 4, 3), score=0.879639, elapsed=2.8s

============================================================
Round 19/30
  Tested: params=(29, 6, 2, 23, 3, 5, 1, 4)
  validation: F_1/7=0.839606, precision=0.838843, recall=0.878788, good=203, bad=39, missed=28, trie_nodes=629, patterns=304, objective=0.839354
  Tested: params=(7, 5, 5, 25, 4, 3, 2, 5)
  validation: F_1/7=0.793651, precision=0.792157, recall=0.874459, good=202, bad=53, missed=29, trie_nodes=551, patterns=236, objective=0.793430
  Tested: params=(12, 25, 14, 12, 3, 2, 4, 3)
  validation: F_1/7=0.803769, precision=0.802372, recall=0.878788, good=203, bad=50, missed=28, trie_nodes=569, patterns=256, objective=0.803541
  Tested: params=(7, 27, 12, 17, 5, 4, 1, 5)
  validation: F_1/7=0.776647, precision=0.774809, recall=0.878788, good=203, bad=59, missed=28, trie_nodes=472, patterns=167, objective=0.776458
  Tested: params=(19, 11, 5, 24, 4, 3, 5, 4)
  validation: F_1/7=0.855038, precision=0.855263, recall=0.844156, good=195, bad=33, missed=36, trie_nodes=506, patterns=191, objective=0.854835
  Best so far: params=(28, 3, 10, 29, 5, 3, 4, 3), score=0.879639, elapsed=2.9s

============================================================
Round 20/30
  Tested: params=(5, 10, 8, 23, 1, 3, 4, 5)
  validation: F_1/7=0.762355, precision=0.760300, recall=0.878788, good=203, bad=64, missed=28, trie_nodes=553, patterns=255, objective=0.762134
  Tested: params=(11, 25, 4, 26, 1, 2, 4, 1)
  validation: F_1/7=0.798434, precision=0.796875, recall=0.883117, good=204, bad=52, missed=27, trie_nodes=569, patterns=259, objective=0.798206
  Tested: params=(7, 22, 22, 20, 4, 3, 2, 2)
  validation: F_1/7=0.792774, precision=0.791339, recall=0.870130, good=201, bad=53, missed=30, trie_nodes=557, patterns=238, objective=0.792551
  Tested: params=(6, 28, 18, 13, 3, 5, 1, 3)
  validation: F_1/7=0.767069, precision=0.765152, recall=0.874459, good=202, bad=62, missed=29, trie_nodes=557, patterns=249, objective=0.766846
  Tested: params=(16, 19, 1, 27, 5, 3, 4, 5)
  validation: F_1/7=0.830861, precision=0.830508, recall=0.848485, good=196, bad=40, missed=35, trie_nodes=507, patterns=199, objective=0.830657
  Best so far: params=(28, 3, 10, 29, 5, 3, 4, 3), score=0.879639, elapsed=3.1s

============================================================
Round 21/30
  Tested: params=(22, 5, 18, 19, 3, 4, 5, 5)
  validation: F_1/7=0.849239, precision=0.848739, recall=0.874459, good=202, bad=36, missed=29, trie_nodes=581, patterns=265, objective=0.849006
  Tested: params=(14, 4, 30, 26, 1, 5, 5, 3)
  validation: F_1/7=0.819672, precision=0.818548, recall=0.878788, good=203, bad=45, missed=28, trie_nodes=576, patterns=259, objective=0.819441
  Tested: params=(18, 12, 2, 11, 5, 1, 2, 2)
  validation: F_1/7=0.830565, precision=0.829876, recall=0.865801, good=200, bad=41, missed=31, trie_nodes=596, patterns=266, objective=0.830326
  Tested: params=(17, 28, 11, 11, 4, 3, 2, 3)
  validation: F_1/7=0.827198, precision=0.826446, recall=0.865801, good=200, bad=42, missed=31, trie_nodes=594, patterns=262, objective=0.826960
  Tested: params=(5, 6, 15, 13, 5, 2, 3, 4)
  validation: F_1/7=0.774805, precision=0.773077, recall=0.870130, good=201, bad=59, missed=30, trie_nodes=551, patterns=241, objective=0.774584
  Best so far: params=(28, 3, 10, 29, 5, 3, 4, 3), score=0.879639, elapsed=3.2s

============================================================
Round 22/30
  Tested: params=(1, 20, 6, 29, 1, 3, 1, 5)
  validation: F_1/7=0.689840, precision=0.686667, recall=0.891775, good=206, bad=94, missed=25, trie_nodes=575, patterns=266, objective=0.689609
  Tested: params=(16, 18, 3, 23, 2, 5, 2, 1)
  validation: F_1/7=0.822141, precision=0.821138, recall=0.874459, good=202, bad=44, missed=29, trie_nodes=603, patterns=290, objective=0.821899
  Tested: params=(2, 15, 17, 2, 4, 3, 3, 3)
  validation: F_1/7=0.688836, precision=0.685811, recall=0.878788, good=203, bad=93, missed=28, trie_nodes=579, patterns=256, objective=0.688604
  Tested: params=(13, 17, 5, 6, 5, 5, 2, 2)
  validation: F_1/7=0.824649, precision=0.823770, recall=0.870130, good=201, bad=43, missed=30, trie_nodes=570, patterns=243, objective=0.824421
  Tested: params=(20, 13, 1, 5, 4, 4, 1, 2)
  validation: F_1/7=0.801791, precision=0.800813, recall=0.852814, good=197, bad=49, missed=34, trie_nodes=628, patterns=306, objective=0.801539
  Best so far: params=(28, 3, 10, 29, 5, 3, 4, 3), score=0.879639, elapsed=3.4s

============================================================
Round 23/30
  Tested: params=(7, 21, 1, 4, 4, 1, 4, 2)
  validation: F_1/7=0.795445, precision=0.794355, recall=0.852814, good=197, bad=51, missed=34, trie_nodes=525, patterns=203, objective=0.795235
  Tested: params=(3, 8, 22, 26, 5, 2, 4, 2)
  validation: F_1/7=0.700690, precision=0.697917, recall=0.870130, good=201, bad=87, missed=30, trie_nodes=514, patterns=215, objective=0.700484
  Tested: params=(9, 27, 1, 3, 2, 1, 1, 3)
  validation: F_1/7=0.785482, precision=0.783784, recall=0.878788, good=203, bad=56, missed=28, trie_nodes=570, patterns=259, objective=0.785254
  Tested: params=(13, 27, 25, 11, 2, 2, 3, 2)
  validation: F_1/7=0.803769, precision=0.802372, recall=0.878788, good=203, bad=50, missed=28, trie_nodes=569, patterns=256, objective=0.803541
  Tested: params=(19, 13, 17, 14, 2, 5, 4, 1)
  validation: F_1/7=0.842298, precision=0.841667, recall=0.874459, good=202, bad=38, missed=29, trie_nodes=596, patterns=286, objective=0.842059
  Best so far: params=(28, 3, 10, 29, 5, 3, 4, 3), score=0.879639, elapsed=3.5s

============================================================
Round 24/30
  Tested: params=(27, 15, 27, 24, 3, 1, 2, 3)
  validation: F_1/7=0.844309, precision=0.843882, recall=0.865801, good=200, bad=37, missed=31, trie_nodes=647, patterns=325, objective=0.844050
  Tested: params=(20, 8, 5, 26, 5, 3, 1, 2)
  validation: F_1/7=0.837381, precision=0.836820, recall=0.865801, good=200, bad=39, missed=31, trie_nodes=599, patterns=272, objective=0.837140
  Tested: params=(1, 28, 4, 18, 2, 3, 4, 5)
  validation: F_1/7=0.687583, precision=0.684385, recall=0.891775, good=206, bad=95, missed=25, trie_nodes=571, patterns=260, objective=0.687354
  Tested: params=(7, 1, 5, 28, 5, 3, 4, 4)
  validation: F_1/7=0.806518, precision=0.805785, recall=0.844156, good=195, bad=47, missed=36, trie_nodes=482, patterns=184, objective=0.806325
  Tested: params=(6, 28, 13, 12, 3, 1, 1, 4)
  validation: F_1/7=0.770867, precision=0.768939, recall=0.878788, good=203, bad=61, missed=28, trie_nodes=549, patterns=251, objective=0.770646
  Best so far: params=(28, 3, 10, 29, 5, 3, 4, 3), score=0.879639, elapsed=3.7s

============================================================
Round 25/30
  Tested: params=(3, 19, 8, 12, 2, 2, 4, 2)
  validation: F_1/7=0.694398, precision=0.691275, recall=0.891775, good=206, bad=92, missed=25, trie_nodes=565, patterns=260, objective=0.694171
  Tested: params=(17, 15, 20, 29, 4, 2, 1, 2)
  validation: F_1/7=0.827198, precision=0.826446, recall=0.865801, good=200, bad=42, missed=31, trie_nodes=594, patterns=262, objective=0.826960
  Tested: params=(18, 2, 15, 18, 2, 4, 1, 1)
  validation: F_1/7=0.825433, precision=0.824490, recall=0.874459, good=202, bad=43, missed=29, trie_nodes=607, patterns=289, objective=0.825190
  Tested: params=(22, 15, 21, 14, 2, 5, 4, 4)
  validation: F_1/7=0.842298, precision=0.841667, recall=0.874459, good=202, bad=38, missed=29, trie_nodes=573, patterns=259, objective=0.842069
  Tested: params=(9, 18, 11, 3, 5, 1, 5, 3)
  validation: F_1/7=0.814790, precision=0.814050, recall=0.852814, good=197, bad=45, missed=34, trie_nodes=504, patterns=187, objective=0.814588
  Best so far: params=(28, 3, 10, 29, 5, 3, 4, 3), score=0.879639, elapsed=3.8s

============================================================
Round 26/30
  Tested: params=(6, 17, 27, 22, 5, 4, 4, 5)
  validation: F_1/7=0.764209, precision=0.762452, recall=0.861472, good=199, bad=62, missed=32, trie_nodes=401, patterns=118, objective=0.764048
  Tested: params=(8, 15, 7, 30, 5, 1, 4, 5)
  validation: F_1/7=0.805861, precision=0.804878, recall=0.857143, good=198, bad=48, missed=33, trie_nodes=495, patterns=186, objective=0.805662
  Tested: params=(6, 18, 28, 2, 4, 2, 5, 5)
  validation: F_1/7=0.783972, precision=0.782609, recall=0.857143, good=198, bad=55, missed=33, trie_nodes=496, patterns=194, objective=0.783773
  Tested: params=(29, 15, 26, 26, 2, 5, 1, 3)
  validation: F_1/7=0.847817, precision=0.847458, recall=0.865801, good=200, bad=36, missed=31, trie_nodes=652, patterns=328, objective=0.847555
  Tested: params=(7, 4, 3, 21, 2, 4, 1, 2)
  validation: F_1/7=0.782515, precision=0.780769, recall=0.878788, good=203, bad=57, missed=28, trie_nodes=552, patterns=249, objective=0.782294
  Best so far: params=(28, 3, 10, 29, 5, 3, 4, 3), score=0.879639, elapsed=4.0s

============================================================
Round 27/30
  Tested: params=(17, 24, 10, 19, 5, 4, 2, 1)
  validation: F_1/7=0.823859, precision=0.823045, recall=0.865801, good=200, bad=43, missed=31, trie_nodes=587, patterns=260, objective=0.823624
  Tested: params=(27, 1, 27, 16, 5, 4, 5, 2)
  validation: F_1/7=0.879194, precision=0.880952, recall=0.800866, good=185, bad=25, missed=46, trie_nodes=527, patterns=198, objective=0.878983
  Tested: params=(24, 13, 15, 19, 5, 5, 4, 3)
  validation: F_1/7=0.875118, precision=0.876777, recall=0.800866, good=185, bad=26, missed=46, trie_nodes=523, patterns=199, objective=0.874909
  Tested: params=(13, 23, 8, 4, 2, 2, 2, 2)
  validation: F_1/7=0.803769, precision=0.802372, recall=0.878788, good=203, bad=50, missed=28, trie_nodes=569, patterns=256, objective=0.803541
  Tested: params=(2, 1, 30, 13, 2, 4, 2, 5)
  validation: F_1/7=0.762355, precision=0.760300, recall=0.878788, good=203, bad=64, missed=28, trie_nodes=544, patterns=249, objective=0.762137
  Best so far: params=(28, 3, 10, 29, 5, 3, 4, 3), score=0.879639, elapsed=4.1s

============================================================
Round 28/30
  Tested: params=(24, 3, 13, 27, 5, 3, 4, 1)
  validation: F_1/7=0.875118, precision=0.876777, recall=0.800866, good=185, bad=26, missed=46, trie_nodes=526, patterns=199, objective=0.874907
  Tested: params=(30, 7, 29, 20, 4, 3, 2, 1)
  validation: F_1/7=0.844900, precision=0.844828, recall=0.848485, good=196, bad=36, missed=35, trie_nodes=635, patterns=294, objective=0.844646
  Tested: params=(7, 6, 24, 11, 1, 5, 5, 5)
  validation: F_1/7=0.768941, precision=0.766917, recall=0.883117, good=204, bad=62, missed=27, trie_nodes=476, patterns=179, objective=0.768750
  Tested: params=(30, 6, 12, 23, 4, 1, 5, 2)
  validation: F_1/7=0.879194, precision=0.880952, recall=0.800866, good=185, bad=25, missed=46, trie_nodes=524, patterns=199, objective=0.878984
  Tested: params=(7, 17, 18, 18, 1, 5, 2, 1)
  validation: F_1/7=0.781613, precision=0.779923, recall=0.874459, good=202, bad=57, missed=29, trie_nodes=559, patterns=246, objective=0.781389
  Best so far: params=(28, 3, 10, 29, 5, 3, 4, 3), score=0.879639, elapsed=4.3s

============================================================
Round 29/30
  Tested: params=(27, 29, 26, 25, 4, 3, 1, 3)
  validation: F_1/7=0.844900, precision=0.844828, recall=0.848485, good=196, bad=36, missed=35, trie_nodes=633, patterns=291, objective=0.844647
  Tested: params=(12, 8, 22, 15, 1, 2, 4, 1)
  validation: F_1/7=0.803769, precision=0.802372, recall=0.878788, good=203, bad=50, missed=28, trie_nodes=569, patterns=254, objective=0.803541
  Tested: params=(26, 15, 15, 18, 5, 2, 4, 3)
  validation: F_1/7=0.875118, precision=0.876777, recall=0.800866, good=185, bad=26, missed=46, trie_nodes=525, patterns=200, objective=0.874908
  Tested: params=(9, 27, 24, 20, 5, 5, 4, 5)
  validation: F_1/7=0.797212, precision=0.796000, recall=0.861472, good=199, bad=51, missed=32, trie_nodes=412, patterns=119, objective=0.797047
  Tested: params=(21, 21, 19, 23, 1, 5, 5, 1)
  validation: F_1/7=0.849239, precision=0.848739, recall=0.874459, good=202, bad=36, missed=29, trie_nodes=602, patterns=294, objective=0.848998
  Best so far: params=(28, 3, 10, 29, 5, 3, 4, 3), score=0.879639, elapsed=4.4s

============================================================
Round 30/30
  Tested: params=(25, 4, 11, 23, 1, 5, 5, 3)
  validation: F_1/7=0.849239, precision=0.848739, recall=0.874459, good=202, bad=36, missed=29, trie_nodes=619, patterns=308, objective=0.848991
  Tested: params=(1, 9, 19, 30, 4, 2, 4, 3)
  validation: F_1/7=0.694683, precision=0.691781, recall=0.874459, good=202, bad=90, missed=29, trie_nodes=526, patterns=221, objective=0.694472
  Tested: params=(24, 4, 23, 17, 5, 2, 4, 5)
  validation: F_1/7=0.875118, precision=0.876777, recall=0.800866, good=185, bad=26, missed=46, trie_nodes=526, patterns=200, objective=0.874907
  Tested: params=(4, 29, 21, 3, 2, 4, 1, 3)
  validation: F_1/7=0.742210, precision=0.739927, recall=0.874459, good=202, bad=71, missed=29, trie_nodes=549, patterns=238, objective=0.741990
  Tested: params=(11, 19, 2, 27, 5, 5, 4, 1)
  validation: F_1/7=0.813110, precision=0.812500, recall=0.844156, good=195, bad=45, missed=36, trie_nodes=509, patterns=189, objective=0.812906
  Best so far: params=(28, 3, 10, 29, 5, 3, 4, 3), score=0.879639, elapsed=4.6s

============================================================
Final phase: 3 evaluations
  Tested: params=(23, 1, 1, 10, 3, 4, 4, 3)
  validation: F_1/7=0.838870, precision=0.838174, recall=0.874459, good=202, bad=39, missed=29, trie_nodes=638, patterns=324, objective=0.838615
  Tested: params=(9, 30, 13, 14, 1, 4, 4, 2)
  validation: F_1/7=0.785482, precision=0.783784, recall=0.878788, good=203, bad=56, missed=28, trie_nodes=563, patterns=248, objective=0.785256
  Tested: params=(3, 21, 20, 9, 5, 1, 3, 5)
  validation: F_1/7=0.697944, precision=0.694915, recall=0.887446, good=205, bad=90, missed=26, trie_nodes=561, patterns=250, objective=0.697719

============================================================
Threshold ablation run complete
Best parameters (b1..b4 thr1..thr4): (28, 3, 10, 29, 5, 3, 4, 3)
Thresholds: {'mode': 'perlayer', 'shared': None, 'per_level': [5, 3, 4, 3]}
  validation-selected: F_1/7=0.879849, precision=0.881517, recall=0.805195, good=186, bad=25, missed=45, trie_nodes=522, patterns=197, objective=0.879639
  held-out test: F_1/7=0.829094, precision=0.830189, recall=0.778761, good=176, bad=36, missed=50, trie_nodes=522, patterns=197
Summary: results/threshold_ablation/ms/wiktionary/perlayer_random/summary.json
History: results/threshold_ablation/ms/wiktionary/perlayer_random/history.csv
Wall time: 4.8s
