Proportional trie_normalizer for nl/wiktionary: |D| = 528598
Objective: F17+Trie(w=0.0005)
Dataset: /home/dev/hyph-bench/data/nl/wiktionary/nl_wiktionary.wlh_dis.wlh
Translate: /home/dev/hyph-bench/data/nl/wiktionary/nl_wiktionary.wlh_dis.wlh.tra
Method: random | Threshold mode: perlayer
Search space (8-D): [(1, 30), (1, 30), (1, 30), (1, 30), (1, 5), (1, 5), (1, 5), (1, 5)]
Split counts: train=422880, validation=52859, test=52859
Pattern ranges: [(1, 4), (2, 5), (2, 6), (2, 7)]
Budget: 30 rounds x 5 + 3 final = 153 patgen evaluations; 3 parallel workers

============================================================
Round 1/30
  Tested: params=(12, 29, 22, 18, 1, 1, 1, 5)
  validation: F_1/7=0.977704, precision=0.977400, recall=0.992830, good=148299, bad=3429, missed=1071, trie_nodes=28252, patterns=22176, objective=0.977678
  Tested: params=(19, 22, 1, 30, 5, 2, 1, 1)
  validation: F_1/7=0.977713, precision=0.977393, recall=0.993660, good=148423, bad=3433, missed=947, trie_nodes=33451, patterns=28584, objective=0.977682
  Tested: params=(10, 16, 13, 9, 4, 1, 2, 2)
  validation: F_1/7=0.976541, precision=0.976212, recall=0.992930, good=148314, bad=3614, missed=1056, trie_nodes=28402, patterns=22446, objective=0.976514
  Tested: params=(14, 24, 6, 16, 3, 1, 4, 1)
  validation: F_1/7=0.979039, precision=0.978780, recall=0.991886, good=148158, bad=3212, missed=1212, trie_nodes=28121, patterns=21746, objective=0.979013
  Tested: params=(2, 29, 29, 25, 2, 1, 4, 3)
  validation: F_1/7=0.892650, precision=0.890833, recall=0.991772, good=148141, bad=18154, missed=1229, trie_nodes=29827, patterns=21971, objective=0.892621
  Best so far: params=(14, 24, 6, 16, 3, 1, 4, 1), score=0.979013, elapsed=77.0s

============================================================
Round 2/30
  Tested: params=(4, 15, 2, 28, 2, 4, 2, 3)
  validation: F_1/7=0.914526, precision=0.913035, recall=0.994015, good=148476, bad=14142, missed=894, trie_nodes=29312, patterns=23215, objective=0.914498
  Tested: params=(17, 6, 30, 24, 5, 5, 3, 5)
  validation: F_1/7=0.978855, precision=0.978568, recall=0.993138, good=148345, bad=3249, missed=1025, trie_nodes=28313, patterns=20828, objective=0.978828
  Tested: params=(3, 6, 2, 10, 2, 2, 5, 2)
  validation: F_1/7=0.913336, precision=0.911870, recall=0.991457, good=148094, bad=14313, missed=1276, trie_nodes=25900, patterns=22882, objective=0.913311
  Tested: params=(9, 17, 5, 25, 1, 5, 4, 1)
  validation: F_1/7=0.975306, precision=0.974968, recall=0.992160, good=148199, bad=3805, missed=1171, trie_nodes=27074, patterns=20913, objective=0.975280
  Tested: params=(1, 25, 22, 22, 4, 1, 2, 1)
  validation: F_1/7=0.877241, precision=0.875154, recall=0.993312, good=148371, bad=21166, missed=999, trie_nodes=30871, patterns=23437, objective=0.877212
  Best so far: params=(14, 24, 6, 16, 3, 1, 4, 1), score=0.979013, elapsed=155.3s

============================================================
Round 3/30
  Tested: params=(26, 19, 10, 2, 2, 2, 4, 4)
  validation: F_1/7=0.981911, precision=0.981773, recall=0.988759, good=147691, bad=2742, missed=1679, trie_nodes=27224, patterns=21354, objective=0.981886
  Tested: params=(27, 15, 4, 22, 4, 3, 4, 3)
  validation: F_1/7=0.982760, precision=0.982587, recall=0.991303, good=148071, bad=2624, missed=1299, trie_nodes=28644, patterns=22389, objective=0.982733
  Tested: params=(16, 13, 1, 4, 1, 4, 2, 3)
  validation: F_1/7=0.977459, precision=0.977332, recall=0.983725, good=146939, bad=3408, missed=2431, trie_nodes=27676, patterns=24181, objective=0.977433
  Tested: params=(28, 8, 13, 23, 2, 1, 2, 1)
  validation: F_1/7=0.982166, precision=0.981950, recall=0.992857, good=148303, bad=2726, missed=1067, trie_nodes=31767, patterns=24588, objective=0.982136
  Tested: params=(28, 25, 20, 27, 5, 1, 5, 3)
  validation: F_1/7=0.984119, precision=0.984005, recall=0.989724, good=147835, bad=2403, missed=1535, trie_nodes=29746, patterns=21545, objective=0.984091
  Best so far: params=(28, 25, 20, 27, 5, 1, 5, 3), score=0.984091, elapsed=231.4s

============================================================
Round 4/30
  Tested: params=(25, 27, 10, 4, 2, 3, 5, 5)
  validation: F_1/7=0.981822, precision=0.981647, recall=0.990473, good=147947, bad=2766, missed=1423, trie_nodes=27190, patterns=21207, objective=0.981796
  Tested: params=(1, 16, 13, 7, 1, 2, 5, 2)
  validation: F_1/7=0.882302, precision=0.880326, recall=0.991344, good=148077, bad=20130, missed=1293, trie_nodes=27907, patterns=21454, objective=0.882276
  Tested: params=(16, 22, 11, 30, 5, 2, 3, 2)
  validation: F_1/7=0.979705, precision=0.979437, recall=0.992997, good=148324, bad=3114, missed=1046, trie_nodes=30058, patterns=23154, objective=0.979676
  Tested: params=(9, 2, 19, 16, 1, 2, 5, 2)
  validation: F_1/7=0.975977, precision=0.975706, recall=0.989469, good=147797, bad=3680, missed=1573, trie_nodes=27537, patterns=22331, objective=0.975951
  Tested: params=(5, 15, 30, 8, 4, 4, 2, 4)
  validation: F_1/7=0.917665, precision=0.916237, recall=0.993586, good=148412, bad=13568, missed=958, trie_nodes=24740, patterns=18749, objective=0.917642
  Best so far: params=(28, 25, 20, 27, 5, 1, 5, 3), score=0.984091, elapsed=306.8s

============================================================
Round 5/30
  Tested: params=(12, 19, 20, 17, 1, 5, 2, 1)
  validation: F_1/7=0.978157, precision=0.977860, recall=0.992937, good=148315, bad=3358, missed=1055, trie_nodes=29035, patterns=22348, objective=0.978130
  Tested: params=(2, 18, 21, 1, 3, 2, 4, 1)
  validation: F_1/7=0.894907, precision=0.893267, recall=0.983377, good=146887, bad=17551, missed=2483, trie_nodes=26510, patterns=20675, objective=0.894882
  Tested: params=(21, 12, 29, 5, 2, 1, 5, 5)
  validation: F_1/7=0.982777, precision=0.982623, recall=0.990353, good=147929, bad=2616, missed=1441, trie_nodes=27409, patterns=20972, objective=0.982751
  Tested: params=(8, 20, 25, 17, 3, 2, 1, 5)
  validation: F_1/7=0.963781, precision=0.963204, recall=0.992950, good=148317, bad=5666, missed=1053, trie_nodes=27263, patterns=21948, objective=0.963755
  Tested: params=(28, 19, 11, 11, 4, 5, 5, 4)
  validation: F_1/7=0.980130, precision=0.979916, recall=0.990734, good=147986, bad=3033, missed=1384, trie_nodes=25120, patterns=18815, objective=0.980107
  Best so far: params=(28, 25, 20, 27, 5, 1, 5, 3), score=0.984091, elapsed=381.1s

============================================================
Round 6/30
  Tested: params=(20, 3, 5, 27, 4, 1, 1, 4)
  validation: F_1/7=0.979707, precision=0.979425, recall=0.993694, good=148428, bad=3118, missed=942, trie_nodes=27815, patterns=23561, objective=0.979680
  Tested: params=(1, 5, 17, 21, 4, 2, 4, 2)
  validation: F_1/7=0.908329, precision=0.906798, recall=0.990259, good=147915, bad=15203, missed=1455, trie_nodes=26883, patterns=21091, objective=0.908303
  Tested: params=(10, 23, 20, 26, 4, 3, 1, 2)
  validation: F_1/7=0.976253, precision=0.975921, recall=0.992810, good=148296, bad=3659, missed=1074, trie_nodes=29074, patterns=22649, objective=0.976225
  Tested: params=(8, 8, 30, 12, 5, 4, 4, 3)
  validation: F_1/7=0.965203, precision=0.964704, recall=0.990293, good=147920, bad=5412, missed=1450, trie_nodes=25307, patterns=19318, objective=0.965179
  Tested: params=(18, 15, 6, 22, 2, 1, 4, 1)
  validation: F_1/7=0.981366, precision=0.981157, recall=0.991739, good=148136, bad=2845, missed=1234, trie_nodes=28364, patterns=22051, objective=0.981339
  Best so far: params=(28, 25, 20, 27, 5, 1, 5, 3), score=0.984091, elapsed=455.1s

============================================================
Round 7/30
  Tested: params=(29, 29, 28, 12, 1, 5, 3, 5)
  validation: F_1/7=0.981431, precision=0.981202, recall=0.992783, good=148292, bad=2841, missed=1078, trie_nodes=31295, patterns=22601, objective=0.981401
  Tested: params=(29, 26, 9, 12, 5, 2, 1, 3)
  validation: F_1/7=0.982289, precision=0.982078, recall=0.992729, good=148284, bad=2706, missed=1086, trie_nodes=31324, patterns=24209, objective=0.982259
  Tested: params=(29, 21, 18, 3, 4, 5, 1, 3)
  validation: F_1/7=0.983708, precision=0.983557, recall=0.991156, good=148049, bad=2475, missed=1321, trie_nodes=31721, patterns=23762, objective=0.983678
  Tested: params=(27, 23, 21, 22, 2, 2, 5, 5)
  validation: F_1/7=0.983001, precision=0.982845, recall=0.990728, good=147985, bad=2583, missed=1385, trie_nodes=28852, patterns=21828, objective=0.982974
  Tested: params=(27, 28, 16, 16, 4, 4, 4, 4)
  validation: F_1/7=0.980183, precision=0.979976, recall=0.990460, good=147945, bad=3023, missed=1425, trie_nodes=25608, patterns=18855, objective=0.980159
  Best so far: params=(28, 25, 20, 27, 5, 1, 5, 3), score=0.984091, elapsed=531.4s

============================================================
Round 8/30
  Tested: params=(27, 11, 12, 3, 3, 1, 3, 3)
  validation: F_1/7=0.981644, precision=0.981445, recall=0.991518, good=148103, bad=2800, missed=1267, trie_nodes=31103, patterns=24241, objective=0.981615
  Tested: params=(9, 18, 1, 2, 5, 2, 1, 3)
  validation: F_1/7=0.974699, precision=0.974705, recall=0.974372, good=145542, bad=3777, missed=3828, trie_nodes=26042, patterns=23085, objective=0.974674
  Tested: params=(24, 7, 19, 3, 1, 3, 3, 4)
  validation: F_1/7=0.982204, precision=0.981999, recall=0.992314, good=148222, bad=2717, missed=1148, trie_nodes=30505, patterns=23349, objective=0.982175
  Tested: params=(22, 30, 16, 10, 4, 2, 3, 1)
  validation: F_1/7=0.981264, precision=0.981036, recall=0.992582, good=148262, bad=2866, missed=1108, trie_nodes=30846, patterns=23518, objective=0.981235
  Tested: params=(1, 29, 26, 21, 3, 1, 1, 2)
  validation: F_1/7=0.877153, precision=0.875066, recall=0.993258, good=148363, bad=21182, missed=1007, trie_nodes=31325, patterns=23747, objective=0.877124
  Best so far: params=(28, 25, 20, 27, 5, 1, 5, 3), score=0.984091, elapsed=605.6s

============================================================
Round 9/30
  Tested: params=(17, 22, 20, 9, 5, 4, 3, 4)
  validation: F_1/7=0.978879, precision=0.978590, recall=0.993258, good=148363, bad=3246, missed=1007, trie_nodes=27840, patterns=20483, objective=0.978852
  Tested: params=(13, 8, 11, 23, 1, 1, 1, 1)
  validation: F_1/7=0.978385, precision=0.978086, recall=0.993245, good=148361, bad=3324, missed=1009, trie_nodes=29033, patterns=23147, objective=0.978357
  Tested: params=(26, 22, 15, 3, 3, 3, 1, 3)
  validation: F_1/7=0.980867, precision=0.980659, recall=0.991170, good=148051, bad=2920, missed=1319, trie_nodes=31454, patterns=24178, objective=0.980837
  Tested: params=(12, 19, 20, 2, 2, 4, 3, 5)
  validation: F_1/7=0.976243, precision=0.975939, recall=0.991411, good=148087, bad=3651, missed=1283, trie_nodes=26207, patterns=19772, objective=0.976219
  Tested: params=(20, 5, 3, 20, 1, 3, 5, 3)
  validation: F_1/7=0.981395, precision=0.981184, recall=0.991839, good=148151, bad=2841, missed=1219, trie_nodes=27886, patterns=23069, objective=0.981369
  Best so far: params=(28, 25, 20, 27, 5, 1, 5, 3), score=0.984091, elapsed=678.2s

============================================================
Round 10/30
  Tested: params=(12, 20, 14, 17, 5, 2, 5, 5)
  validation: F_1/7=0.978485, precision=0.978236, recall=0.990888, good=148009, bad=3293, missed=1361, trie_nodes=25178, patterns=19433, objective=0.978462
  Tested: params=(6, 3, 4, 1, 1, 4, 1, 2)
  validation: F_1/7=0.951583, precision=0.951109, recall=0.975363, good=145690, bad=7489, missed=3680, trie_nodes=25091, patterns=22992, objective=0.951559
  Tested: params=(26, 1, 25, 9, 1, 4, 4, 5)
  validation: F_1/7=0.982516, precision=0.982384, recall=0.989000, good=147727, bad=2649, missed=1643, trie_nodes=28812, patterns=22235, objective=0.982488
  Tested: params=(23, 25, 9, 6, 4, 5, 5, 3)
  validation: F_1/7=0.982905, precision=0.982757, recall=0.990185, good=147904, bad=2595, missed=1466, trie_nodes=27366, patterns=20549, objective=0.982879
  Tested: params=(12, 24, 11, 28, 5, 3, 4, 4)
  validation: F_1/7=0.978234, precision=0.977975, recall=0.991089, good=148039, bad=3334, missed=1331, trie_nodes=25362, patterns=19559, objective=0.978210
  Best so far: params=(28, 25, 20, 27, 5, 1, 5, 3), score=0.984091, elapsed=760.8s

============================================================
Round 11/30
  Tested: params=(4, 28, 16, 25, 2, 5, 2, 1)
  validation: F_1/7=0.914408, precision=0.912928, recall=0.993305, good=148370, bad=14151, missed=1000, trie_nodes=28871, patterns=21872, objective=0.914381
  Tested: params=(28, 3, 10, 29, 5, 3, 4, 3)
  validation: F_1/7=0.983018, precision=0.982881, recall=0.989770, good=147842, bad=2575, missed=1528, trie_nodes=28427, patterns=21771, objective=0.982991
  Tested: params=(9, 10, 21, 23, 4, 4, 1, 3)
  validation: F_1/7=0.974839, precision=0.974473, recall=0.993118, good=148342, bad=3886, missed=1028, trie_nodes=27939, patterns=21897, objective=0.974812
  Tested: params=(2, 17, 14, 27, 2, 1, 1, 4)
  validation: F_1/7=0.896921, precision=0.895142, recall=0.993687, good=148427, bad=17387, missed=943, trie_nodes=27689, patterns=21951, objective=0.896894
  Tested: params=(19, 4, 3, 22, 1, 5, 4, 1)
  validation: F_1/7=0.981114, precision=0.980898, recall=0.991819, good=148148, bad=2885, missed=1222, trie_nodes=27549, patterns=22703, objective=0.981088
  Best so far: params=(28, 25, 20, 27, 5, 1, 5, 3), score=0.984091, elapsed=834.7s

============================================================
Round 12/30
  Tested: params=(3, 30, 12, 12, 5, 5, 5, 4)
  validation: F_1/7=0.908928, precision=0.907373, recall=0.992254, good=148213, bad=15130, missed=1157, trie_nodes=23253, patterns=17363, objective=0.908906
  Tested: params=(12, 3, 24, 17, 3, 5, 1, 3)
  validation: F_1/7=0.978327, precision=0.978040, recall=0.992596, good=148264, bad=3329, missed=1106, trie_nodes=29678, patterns=23381, objective=0.978299
  Tested: params=(1, 15, 2, 4, 1, 4, 4, 3)
  validation: F_1/7=0.883382, precision=0.881439, recall=0.990319, good=147924, bad=19897, missed=1446, trie_nodes=26960, patterns=21583, objective=0.883356
  Tested: params=(29, 12, 9, 27, 2, 5, 1, 5)
  validation: F_1/7=0.979839, precision=0.979564, recall=0.993506, good=148400, bad=3096, missed=970, trie_nodes=29120, patterns=21888, objective=0.979811
  Tested: params=(2, 27, 16, 30, 1, 3, 5, 3)
  validation: F_1/7=0.891102, precision=0.889255, recall=0.992093, good=148189, bad=18455, missed=1181, trie_nodes=29818, patterns=22034, objective=0.891074
  Best so far: params=(28, 25, 20, 27, 5, 1, 5, 3), score=0.984091, elapsed=911.4s

============================================================
Round 13/30
  Tested: params=(19, 21, 14, 19, 3, 5, 1, 2)
  validation: F_1/7=0.981421, precision=0.981187, recall=0.993031, good=148329, bad=2844, missed=1041, trie_nodes=30389, patterns=23252, objective=0.981392
  Tested: params=(29, 27, 14, 19, 2, 1, 3, 2)
  validation: F_1/7=0.982583, precision=0.982378, recall=0.992736, good=148285, bad=2660, missed=1085, trie_nodes=32366, patterns=24623, objective=0.982552
  Tested: params=(18, 3, 30, 30, 4, 3, 2, 5)
  validation: F_1/7=0.981683, precision=0.981464, recall=0.992542, good=148256, bad=2800, missed=1114, trie_nodes=30740, patterns=23866, objective=0.981654
  Tested: params=(21, 5, 28, 25, 5, 4, 4, 3)
  validation: F_1/7=0.983752, precision=0.983635, recall=0.989516, good=147804, bad=2459, missed=1566, trie_nodes=27702, patterns=20148, objective=0.983726
  Tested: params=(28, 26, 2, 1, 2, 5, 5, 1)
  validation: F_1/7=0.979878, precision=0.980469, recall=0.951777, good=142167, bad=2832, missed=7203, trie_nodes=24822, patterns=21144, objective=0.979855
  Best so far: params=(28, 25, 20, 27, 5, 1, 5, 3), score=0.984091, elapsed=984.9s

============================================================
Round 14/30
  Tested: params=(18, 12, 30, 26, 5, 3, 3, 2)
  validation: F_1/7=0.982092, precision=0.981881, recall=0.992582, good=148262, bad=2736, missed=1108, trie_nodes=30878, patterns=23389, objective=0.982063
  Tested: params=(2, 26, 25, 30, 5, 3, 4, 5)
  validation: F_1/7=0.890761, precision=0.888913, recall=0.991819, good=148148, bad=18514, missed=1222, trie_nodes=27337, patterns=20627, objective=0.890735
  Tested: params=(26, 8, 14, 4, 5, 4, 2, 4)
  validation: F_1/7=0.980347, precision=0.980095, recall=0.992870, good=148305, bad=3012, missed=1065, trie_nodes=28863, patterns=21396, objective=0.980320
  Tested: params=(19, 11, 4, 21, 3, 4, 3, 5)
  validation: F_1/7=0.978385, precision=0.978065, recall=0.994336, good=148524, bad=3331, missed=846, trie_nodes=26656, patterns=20902, objective=0.978360
  Tested: params=(17, 17, 27, 13, 1, 1, 4, 4)
  validation: F_1/7=0.980967, precision=0.980769, recall=0.990808, good=147997, bad=2902, missed=1373, trie_nodes=26895, patterns=20786, objective=0.980942
  Best so far: params=(28, 25, 20, 27, 5, 1, 5, 3), score=0.984091, elapsed=1059.9s

============================================================
Round 15/30
  Tested: params=(22, 7, 5, 1, 2, 3, 2, 3)
  validation: F_1/7=0.981874, precision=0.981851, recall=0.982989, good=146829, bad=2714, missed=2541, trie_nodes=27973, patterns=23377, objective=0.981848
  Tested: params=(28, 11, 16, 24, 2, 4, 5, 5)
  validation: F_1/7=0.980726, precision=0.980515, recall=0.991156, good=148049, bad=2942, missed=1321, trie_nodes=26838, patterns=20064, objective=0.980701
  Tested: params=(5, 28, 15, 8, 3, 5, 3, 2)
  validation: F_1/7=0.919427, precision=0.918040, recall=0.992930, good=148314, bad=13241, missed=1056, trie_nodes=27980, patterns=21559, objective=0.919401
  Tested: params=(20, 8, 3, 4, 1, 1, 1, 4)
  validation: F_1/7=0.979670, precision=0.979423, recall=0.991960, good=148169, bad=3113, missed=1201, trie_nodes=26749, patterns=22831, objective=0.979645
  Tested: params=(6, 11, 27, 15, 4, 1, 1, 1)
  validation: F_1/7=0.949471, precision=0.948624, recall=0.992883, good=148307, bad=8032, missed=1063, trie_nodes=27928, patterns=22270, objective=0.949445
  Best so far: params=(28, 25, 20, 27, 5, 1, 5, 3), score=0.984091, elapsed=1135.1s

============================================================
Round 16/30
  Tested: params=(6, 9, 6, 3, 1, 3, 2, 2)
  validation: F_1/7=0.949787, precision=0.948963, recall=0.991993, good=148174, bad=7969, missed=1196, trie_nodes=26791, patterns=22488, objective=0.949762
  Tested: params=(16, 21, 2, 24, 4, 1, 5, 5)
  validation: F_1/7=0.977547, precision=0.977252, recall=0.992227, good=148209, bad=3450, missed=1161, trie_nodes=25963, patterns=20978, objective=0.977522
  Tested: params=(2, 9, 25, 23, 1, 2, 2, 3)
  validation: F_1/7=0.898522, precision=0.896777, recall=0.993191, good=148353, bad=17076, missed=1017, trie_nodes=28779, patterns=22824, objective=0.898495
  Tested: params=(19, 12, 14, 23, 1, 2, 4, 5)
  validation: F_1/7=0.981288, precision=0.981084, recall=0.991350, good=148078, bad=2855, missed=1292, trie_nodes=26569, patterns=20707, objective=0.981262
  Tested: params=(16, 16, 4, 14, 3, 2, 2, 2)
  validation: F_1/7=0.979123, precision=0.978834, recall=0.993519, good=148402, bad=3209, missed=968, trie_nodes=29783, patterns=24119, objective=0.979095
  Best so far: params=(28, 25, 20, 27, 5, 1, 5, 3), score=0.984091, elapsed=1208.8s

============================================================
Round 17/30
  Tested: params=(1, 10, 7, 10, 1, 5, 3, 4)
  validation: F_1/7=0.880898, precision=0.878854, recall=0.994222, good=148507, bad=20471, missed=863, trie_nodes=24763, patterns=19482, objective=0.880875
  Tested: params=(24, 15, 3, 17, 3, 4, 3, 1)
  validation: F_1/7=0.981851, precision=0.981617, recall=0.993453, good=148392, bad=2779, missed=978, trie_nodes=30451, patterns=24842, objective=0.981822
  Tested: params=(9, 11, 20, 18, 2, 5, 4, 2)
  validation: F_1/7=0.975499, precision=0.975183, recall=0.991237, good=148061, bad=3768, missed=1309, trie_nodes=26349, patterns=20217, objective=0.975474
  Tested: params=(4, 5, 8, 5, 1, 2, 1, 5)
  validation: F_1/7=0.918928, precision=0.917532, recall=0.992970, good=148320, bad=13331, missed=1050, trie_nodes=25427, patterns=21922, objective=0.918904
  Tested: params=(3, 16, 13, 30, 1, 2, 5, 5)
  validation: F_1/7=0.911033, precision=0.909521, recall=0.991832, good=148150, bad=14738, missed=1220, trie_nodes=25518, patterns=20012, objective=0.911009
  Best so far: params=(28, 25, 20, 27, 5, 1, 5, 3), score=0.984091, elapsed=1283.0s

============================================================
Round 18/30
  Tested: params=(25, 8, 6, 21, 5, 3, 3, 2)
  validation: F_1/7=0.982438, precision=0.982219, recall=0.993312, good=148371, bad=2686, missed=999, trie_nodes=29997, patterns=24000, objective=0.982410
  Tested: params=(24, 6, 10, 13, 3, 2, 1, 4)
  validation: F_1/7=0.981290, precision=0.981049, recall=0.993258, good=148363, bad=2866, missed=1007, trie_nodes=29209, patterns=23126, objective=0.981262
  Tested: params=(9, 18, 5, 15, 3, 1, 2, 1)
  validation: F_1/7=0.974561, precision=0.974182, recall=0.993513, good=148401, bad=3933, missed=969, trie_nodes=28843, patterns=23163, objective=0.974534
  Tested: params=(2, 30, 10, 25, 2, 4, 4, 3)
  validation: F_1/7=0.892702, precision=0.890877, recall=0.992281, good=148217, bad=18155, missed=1153, trie_nodes=29254, patterns=21210, objective=0.892674
  Tested: params=(15, 13, 11, 28, 5, 5, 1, 4)
  validation: F_1/7=0.976765, precision=0.976421, recall=0.993901, good=148459, bad=3585, missed=911, trie_nodes=26630, patterns=19990, objective=0.976740
  Best so far: params=(28, 25, 20, 27, 5, 1, 5, 3), score=0.984091, elapsed=1360.0s

============================================================
Round 19/30
  Tested: params=(29, 6, 2, 23, 3, 5, 1, 4)
  validation: F_1/7=0.975147, precision=0.974761, recall=0.994443, good=148540, bad=3846, missed=830, trie_nodes=28276, patterns=23830, objective=0.975121
  Tested: params=(7, 5, 5, 25, 4, 3, 2, 5)
  validation: F_1/7=0.953817, precision=0.953035, recall=0.993774, good=148440, bad=7315, missed=930, trie_nodes=25703, patterns=21980, objective=0.953793
  Tested: params=(12, 25, 14, 12, 3, 2, 4, 3)
  validation: F_1/7=0.978830, precision=0.978577, recall=0.991424, good=148089, bad=3242, missed=1281, trie_nodes=27796, patterns=21206, objective=0.978804
  Tested: params=(7, 27, 12, 17, 5, 4, 1, 5)
  validation: F_1/7=0.953007, precision=0.952211, recall=0.993673, good=148425, bad=7449, missed=945, trie_nodes=25264, patterns=19077, objective=0.952983
  Tested: params=(19, 11, 5, 24, 4, 3, 5, 4)
  validation: F_1/7=0.981055, precision=0.980842, recall=0.991591, good=148114, bad=2893, missed=1256, trie_nodes=25077, patterns=19893, objective=0.981031
  Best so far: params=(28, 25, 20, 27, 5, 1, 5, 3), score=0.984091, elapsed=1437.7s

============================================================
Round 20/30
  Tested: params=(5, 10, 8, 23, 1, 3, 4, 5)
  validation: F_1/7=0.919226, precision=0.917855, recall=0.991832, good=148150, bad=13259, missed=1220, trie_nodes=24225, patterns=19685, objective=0.919203
  Tested: params=(11, 25, 4, 26, 1, 2, 4, 1)
  validation: F_1/7=0.976690, precision=0.976377, recall=0.992261, good=148214, bad=3586, missed=1156, trie_nodes=28454, patterns=22158, objective=0.976663
  Tested: params=(7, 22, 22, 20, 4, 3, 2, 2)
  validation: F_1/7=0.955065, precision=0.954326, recall=0.992750, good=148287, bad=7097, missed=1083, trie_nodes=28569, patterns=22429, objective=0.955038
  Tested: params=(6, 28, 18, 13, 3, 5, 1, 3)
  validation: F_1/7=0.949411, precision=0.948563, recall=0.992877, good=148306, bad=8042, missed=1064, trie_nodes=28076, patterns=21806, objective=0.949384
  Tested: params=(16, 19, 1, 27, 5, 3, 4, 5)
  validation: F_1/7=0.975144, precision=0.974791, recall=0.992776, good=148291, bad=3835, missed=1079, trie_nodes=27535, patterns=23024, objective=0.975118
  Best so far: params=(28, 25, 20, 27, 5, 1, 5, 3), score=0.984091, elapsed=1512.0s

============================================================
Round 21/30
  Tested: params=(22, 5, 18, 19, 3, 4, 5, 5)
  validation: F_1/7=0.981524, precision=0.981335, recall=0.990862, good=148005, bad=2815, missed=1365, trie_nodes=25585, patterns=19292, objective=0.981500
  Tested: params=(14, 4, 30, 26, 1, 5, 5, 3)
  validation: F_1/7=0.980398, precision=0.980199, recall=0.990259, good=147915, bad=2988, missed=1455, trie_nodes=27202, patterns=20626, objective=0.980373
  Tested: params=(18, 12, 2, 11, 5, 1, 2, 2)
  validation: F_1/7=0.978811, precision=0.978523, recall=0.993151, good=148347, bad=3256, missed=1023, trie_nodes=29772, patterns=25053, objective=0.978783
  Tested: params=(17, 28, 11, 11, 4, 3, 2, 3)
  validation: F_1/7=0.980264, precision=0.980011, recall=0.992870, good=148305, bad=3025, missed=1065, trie_nodes=29980, patterns=23208, objective=0.980236
  Tested: params=(5, 6, 15, 13, 5, 2, 3, 4)
  validation: F_1/7=0.921078, precision=0.919715, recall=0.993245, good=148361, bad=12951, missed=1009, trie_nodes=26074, patterns=21558, objective=0.921054
  Best so far: params=(28, 25, 20, 27, 5, 1, 5, 3), score=0.984091, elapsed=1585.2s

============================================================
Round 22/30
  Tested: params=(1, 20, 6, 29, 1, 3, 1, 5)
  validation: F_1/7=0.881040, precision=0.879001, recall=0.994042, good=148480, bad=20439, missed=890, trie_nodes=28627, patterns=22661, objective=0.881013
  Tested: params=(16, 18, 3, 23, 2, 5, 2, 1)
  validation: F_1/7=0.978770, precision=0.978467, recall=0.993868, good=148454, bad=3267, missed=916, trie_nodes=29996, patterns=24053, objective=0.978742
  Tested: params=(2, 15, 17, 2, 4, 3, 3, 3)
  validation: F_1/7=0.899384, precision=0.897695, recall=0.990728, good=147985, bad=16865, missed=1385, trie_nodes=27887, patterns=22162, objective=0.899358
  Tested: params=(13, 17, 5, 6, 5, 5, 2, 2)
  validation: F_1/7=0.977836, precision=0.977529, recall=0.993118, good=148342, bad=3410, missed=1028, trie_nodes=27897, patterns=22330, objective=0.977810
  Tested: params=(20, 13, 1, 5, 4, 4, 1, 2)
  validation: F_1/7=0.978719, precision=0.978607, recall=0.984267, good=147020, bad=3214, missed=2350, trie_nodes=28272, patterns=24815, objective=0.978693
  Best so far: params=(28, 25, 20, 27, 5, 1, 5, 3), score=0.984091, elapsed=1663.9s

============================================================
Round 23/30
  Tested: params=(7, 21, 1, 4, 4, 1, 4, 2)
  validation: F_1/7=0.955723, precision=0.955116, recall=0.986423, good=147342, bad=6924, missed=2028, trie_nodes=26841, patterns=22280, objective=0.955698
  Tested: params=(3, 8, 22, 26, 5, 2, 4, 2)
  validation: F_1/7=0.912870, precision=0.911411, recall=0.990580, good=147963, bad=14382, missed=1407, trie_nodes=25958, patterns=19866, objective=0.912846
  Tested: params=(9, 27, 1, 3, 2, 1, 1, 3)
  validation: F_1/7=0.974800, precision=0.974664, recall=0.981502, good=146607, bad=3811, missed=2763, trie_nodes=27586, patterns=24265, objective=0.974774
  Tested: params=(13, 27, 25, 11, 2, 2, 3, 2)
  validation: F_1/7=0.978447, precision=0.978162, recall=0.992596, good=148264, bad=3310, missed=1106, trie_nodes=29691, patterns=22969, objective=0.978419
  Tested: params=(19, 13, 17, 14, 2, 5, 4, 1)
  validation: F_1/7=0.982782, precision=0.982615, recall=0.991016, good=148028, bad=2619, missed=1342, trie_nodes=28384, patterns=21252, objective=0.982755
  Best so far: params=(28, 25, 20, 27, 5, 1, 5, 3), score=0.984091, elapsed=1738.4s

============================================================
Round 24/30
  Tested: params=(27, 15, 27, 24, 3, 1, 2, 3)
  validation: F_1/7=0.983190, precision=0.983004, recall=0.992401, good=148235, bad=2563, missed=1135, trie_nodes=33115, patterns=24698, objective=0.983159
  Tested: params=(20, 8, 5, 26, 5, 3, 1, 2)
  validation: F_1/7=0.981380, precision=0.981133, recall=0.993627, good=148418, bad=2854, missed=952, trie_nodes=29674, patterns=24156, objective=0.981352
  Tested: params=(1, 28, 4, 18, 2, 3, 4, 5)
  validation: F_1/7=0.876519, precision=0.874431, recall=0.992696, good=148279, bad=21293, missed=1091, trie_nodes=28506, patterns=21797, objective=0.876492
  Tested: params=(7, 1, 5, 28, 5, 3, 4, 4)
  validation: F_1/7=0.956592, precision=0.955920, recall=0.990721, good=147984, bad=6824, missed=1386, trie_nodes=24107, patterns=21852, objective=0.956569
  Tested: params=(6, 28, 13, 12, 3, 1, 1, 4)
  validation: F_1/7=0.948860, precision=0.948000, recall=0.993011, good=148326, bad=8136, missed=1044, trie_nodes=27127, patterns=21702, objective=0.948835
  Best so far: params=(28, 25, 20, 27, 5, 1, 5, 3), score=0.984091, elapsed=1814.6s

============================================================
Round 25/30
  Tested: params=(3, 19, 8, 12, 2, 2, 4, 2)
  validation: F_1/7=0.911714, precision=0.910218, recall=0.991611, good=148117, bad=14610, missed=1253, trie_nodes=27746, patterns=21025, objective=0.911688
  Tested: params=(17, 15, 20, 29, 4, 2, 1, 2)
  validation: F_1/7=0.981030, precision=0.980793, recall=0.992776, good=148291, bad=2904, missed=1079, trie_nodes=30349, patterns=23166, objective=0.981001
  Tested: params=(18, 2, 15, 18, 2, 4, 1, 1)
  validation: F_1/7=0.981357, precision=0.981132, recall=0.992515, good=148252, bad=2851, missed=1118, trie_nodes=31178, patterns=24755, objective=0.981328
  Tested: params=(22, 15, 21, 14, 2, 5, 4, 4)
  validation: F_1/7=0.981069, precision=0.980862, recall=0.991303, good=148071, bad=2889, missed=1299, trie_nodes=25922, patterns=19331, objective=0.981045
  Tested: params=(9, 18, 11, 3, 5, 1, 5, 3)
  validation: F_1/7=0.975970, precision=0.975708, recall=0.989000, good=147727, bad=3678, missed=1643, trie_nodes=25956, patterns=19964, objective=0.975945
  Best so far: params=(28, 25, 20, 27, 5, 1, 5, 3), score=0.984091, elapsed=1887.9s

============================================================
Round 26/30
  Tested: params=(6, 17, 27, 22, 5, 4, 4, 5)
  validation: F_1/7=0.947447, precision=0.946593, recall=0.991277, good=148067, bad=8354, missed=1303, trie_nodes=22034, patterns=17043, objective=0.947426
  Tested: params=(8, 15, 7, 30, 5, 1, 4, 5)
  validation: F_1/7=0.964098, precision=0.963556, recall=0.991417, good=148088, bad=5601, missed=1282, trie_nodes=24592, patterns=19447, objective=0.964075
  Tested: params=(6, 18, 28, 2, 4, 2, 5, 5)
  validation: F_1/7=0.949842, precision=0.949081, recall=0.988672, good=147678, bad=7923, missed=1692, trie_nodes=24480, patterns=19302, objective=0.949819
  Tested: params=(29, 15, 26, 26, 2, 5, 1, 3)
  validation: F_1/7=0.983365, precision=0.983181, recall=0.992462, good=148244, bad=2536, missed=1126, trie_nodes=33143, patterns=24538, objective=0.983333
  Tested: params=(7, 4, 3, 21, 2, 4, 1, 2)
  validation: F_1/7=0.955610, precision=0.954864, recall=0.993667, good=148424, bad=7016, missed=946, trie_nodes=27458, patterns=24338, objective=0.955584
  Best so far: params=(28, 25, 20, 27, 5, 1, 5, 3), score=0.984091, elapsed=1963.3s

============================================================
Round 27/30
  Tested: params=(17, 24, 10, 19, 5, 4, 2, 1)
  validation: F_1/7=0.980187, precision=0.979926, recall=0.993158, good=148348, bad=3039, missed=1022, trie_nodes=29808, patterns=22838, objective=0.980159
  Tested: params=(27, 1, 27, 16, 5, 4, 5, 2)
  validation: F_1/7=0.984554, precision=0.984483, recall=0.988003, good=147578, bad=2326, missed=1792, trie_nodes=30096, patterns=22637, objective=0.984525
  Tested: params=(24, 13, 15, 19, 5, 5, 4, 3)
  validation: F_1/7=0.982696, precision=0.982547, recall=0.990085, good=147889, bad=2627, missed=1481, trie_nodes=28085, patterns=20510, objective=0.982670
  Tested: params=(13, 23, 8, 4, 2, 2, 2, 2)
  validation: F_1/7=0.978153, precision=0.977873, recall=0.992047, good=148182, bad=3353, missed=1188, trie_nodes=28713, patterns=22883, objective=0.978125
  Tested: params=(2, 1, 30, 13, 2, 4, 2, 5)
  validation: F_1/7=0.976628, precision=0.976319, recall=0.992000, good=148175, bad=3594, missed=1195, trie_nodes=32095, patterns=25094, objective=0.976598
  Best so far: params=(27, 1, 27, 16, 5, 4, 5, 2), score=0.984525, elapsed=2039.7s

============================================================
Round 28/30
  Tested: params=(24, 3, 13, 27, 5, 3, 4, 1)
  validation: F_1/7=0.983777, precision=0.983661, recall=0.989503, good=147802, bad=2455, missed=1568, trie_nodes=28041, patterns=21226, objective=0.983751
  Tested: params=(30, 7, 29, 20, 4, 3, 2, 1)
  validation: F_1/7=0.983631, precision=0.983454, recall=0.992388, good=148233, bad=2494, missed=1137, trie_nodes=33275, patterns=24608, objective=0.983599
  Tested: params=(7, 6, 24, 11, 1, 5, 5, 5)
  validation: F_1/7=0.953433, precision=0.952694, recall=0.991103, good=148041, bad=7351, missed=1329, trie_nodes=22099, patterns=17750, objective=0.953412
  Tested: params=(30, 6, 12, 23, 4, 1, 5, 2)
  validation: F_1/7=0.982825, precision=0.982685, recall=0.989764, good=147841, bad=2605, missed=1529, trie_nodes=28703, patterns=21271, objective=0.982798
  Tested: params=(7, 17, 18, 18, 1, 5, 2, 1)
  validation: F_1/7=0.954971, precision=0.954222, recall=0.993178, good=148351, bad=7117, missed=1019, trie_nodes=27935, patterns=21995, objective=0.954945
  Best so far: params=(27, 1, 27, 16, 5, 4, 5, 2), score=0.984525, elapsed=2120.0s

============================================================
Round 29/30
  Tested: params=(27, 29, 26, 25, 4, 3, 1, 3)
  validation: F_1/7=0.983290, precision=0.983107, recall=0.992334, good=148225, bad=2547, missed=1145, trie_nodes=32820, patterns=24400, objective=0.983259
  Tested: params=(12, 8, 22, 15, 1, 2, 4, 1)
  validation: F_1/7=0.978997, precision=0.978761, recall=0.990667, good=147976, bad=3211, missed=1394, trie_nodes=27028, patterns=20710, objective=0.978971
  Tested: params=(26, 15, 15, 18, 5, 2, 4, 3)
  validation: F_1/7=0.981736, precision=0.981571, recall=0.989891, good=147860, bad=2776, missed=1510, trie_nodes=28756, patterns=21138, objective=0.981709
  Tested: params=(9, 27, 24, 20, 5, 5, 4, 5)
  validation: F_1/7=0.973226, precision=0.972864, recall=0.991277, good=148067, bad=4130, missed=1303, trie_nodes=22666, patterns=17377, objective=0.973204
  Tested: params=(21, 21, 19, 23, 1, 5, 5, 1)
  validation: F_1/7=0.982159, precision=0.981981, recall=0.990929, good=148015, bad=2716, missed=1355, trie_nodes=28985, patterns=21539, objective=0.982131
  Best so far: params=(27, 1, 27, 16, 5, 4, 5, 2), score=0.984525, elapsed=2193.4s

============================================================
Round 30/30
  Tested: params=(25, 4, 11, 23, 1, 5, 5, 3)
  validation: F_1/7=0.982335, precision=0.982166, recall=0.990701, good=147981, bad=2687, missed=1389, trie_nodes=28676, patterns=21808, objective=0.982308
  Tested: params=(1, 9, 19, 30, 4, 2, 4, 3)
  validation: F_1/7=0.883525, precision=0.881576, recall=0.990868, good=148006, bad=19882, missed=1364, trie_nodes=27006, patterns=20674, objective=0.883499
  Tested: params=(24, 4, 23, 17, 5, 2, 4, 5)
  validation: F_1/7=0.984051, precision=0.983946, recall=0.989262, good=147766, bad=2411, missed=1604, trie_nodes=27268, patterns=20364, objective=0.984026
  Tested: params=(4, 29, 21, 3, 2, 4, 1, 3)
  validation: F_1/7=0.915991, precision=0.914582, recall=0.990788, good=147994, bad=13822, missed=1376, trie_nodes=27579, patterns=21299, objective=0.915965
  Tested: params=(11, 19, 2, 27, 5, 5, 4, 1)
  validation: F_1/7=0.976417, precision=0.976099, recall=0.992221, good=148208, bad=3629, missed=1162, trie_nodes=28134, patterns=21858, objective=0.976390
  Best so far: params=(27, 1, 27, 16, 5, 4, 5, 2), score=0.984525, elapsed=2267.4s

============================================================
Final phase: 3 evaluations
  Tested: params=(23, 1, 1, 10, 3, 4, 4, 3)
  validation: F_1/7=0.961137, precision=0.960617, recall=0.987300, good=147473, bad=6046, missed=1897, trie_nodes=29574, patterns=27535, objective=0.961109
  Tested: params=(9, 30, 13, 14, 1, 4, 4, 2)
  validation: F_1/7=0.975585, precision=0.975263, recall=0.991632, good=148120, bad=3757, missed=1250, trie_nodes=27181, patterns=20700, objective=0.975559
  Tested: params=(3, 21, 20, 9, 5, 1, 3, 5)
  validation: F_1/7=0.910889, precision=0.909352, recall=0.993158, good=148348, bad=14788, missed=1022, trie_nodes=27359, patterns=21439, objective=0.910863

============================================================
Threshold ablation run complete
Best parameters (b1..b4 thr1..thr4): (27, 1, 27, 16, 5, 4, 5, 2)
Thresholds: {'mode': 'perlayer', 'shared': None, 'per_level': [5, 4, 5, 2]}
  validation-selected: F_1/7=0.984554, precision=0.984483, recall=0.988003, good=147578, bad=2326, missed=1792, trie_nodes=30096, patterns=22637, objective=0.984525
  held-out test: F_1/7=0.984146, precision=0.984062, recall=0.988282, good=147508, bad=2389, missed=1749, trie_nodes=30096, patterns=22637
Summary: results/threshold_ablation/nl/wiktionary/perlayer_random/summary.json
History: results/threshold_ablation/nl/wiktionary/perlayer_random/history.csv
Wall time: 2340.3s
