Proportional trie_normalizer for pl/wiktionary: |D| = 141916
Objective: F17+Trie(w=0.0005)
Dataset: /home/dev/hyph-bench/data/pl/wiktionary/pl_enwiktionary.wlh_dis.wlh
Translate: /home/dev/hyph-bench/data/pl/wiktionary/pl_enwiktionary.wlh_dis.wlh.tra
Method: random | Threshold mode: perlayer
Search space (8-D): [(1, 30), (1, 30), (1, 30), (1, 30), (1, 5), (1, 5), (1, 5), (1, 5)]
Split counts: train=113534, validation=14191, test=14191
Pattern ranges: [(1, 4), (2, 5), (2, 6), (2, 7)]
Budget: 30 rounds x 5 + 3 final = 153 patgen evaluations; 3 parallel workers

============================================================
Round 1/30
  Tested: params=(12, 29, 22, 18, 1, 1, 1, 5)
  validation: F_1/7=0.941476, precision=0.941339, recall=0.948232, good=29655, bad=1848, missed=1619, trie_nodes=7388, patterns=5198, objective=0.941450
  Tested: params=(19, 22, 1, 30, 5, 2, 1, 1)
  validation: F_1/7=0.939413, precision=0.939195, recall=0.950246, good=29718, bad=1924, missed=1556, trie_nodes=9256, patterns=6567, objective=0.939381
  Tested: params=(10, 16, 13, 9, 4, 1, 2, 2)
  validation: F_1/7=0.933074, precision=0.932759, recall=0.948775, good=29672, bad=2139, missed=1602, trie_nodes=7335, patterns=5068, objective=0.933048
  Tested: params=(14, 24, 6, 16, 3, 1, 4, 1)
  validation: F_1/7=0.942241, precision=0.942134, recall=0.947496, good=29632, bad=1820, missed=1642, trie_nodes=7443, patterns=4960, objective=0.942214
  Tested: params=(2, 29, 29, 25, 2, 1, 4, 3)
  validation: F_1/7=0.884105, precision=0.882885, recall=0.948296, good=29657, bad=3934, missed=1617, trie_nodes=8054, patterns=4912, objective=0.884077
  Best so far: params=(14, 24, 6, 16, 3, 1, 4, 1), score=0.942214, elapsed=14.0s

============================================================
Round 2/30
  Tested: params=(4, 15, 2, 28, 2, 4, 2, 3)
  validation: F_1/7=0.904075, precision=0.903160, recall=0.951301, good=29751, bad=3190, missed=1523, trie_nodes=7757, patterns=5064, objective=0.904048
  Tested: params=(17, 6, 30, 24, 5, 5, 3, 5)
  validation: F_1/7=0.944843, precision=0.944770, recall=0.948456, good=29662, bad=1734, missed=1612, trie_nodes=6784, patterns=4320, objective=0.944820
  Tested: params=(3, 6, 2, 10, 2, 2, 5, 2)
  validation: F_1/7=0.907747, precision=0.906948, recall=0.948679, good=29669, bad=3044, missed=1605, trie_nodes=6173, patterns=4416, objective=0.907725
  Tested: params=(9, 17, 5, 25, 1, 5, 4, 1)
  validation: F_1/7=0.919763, precision=0.919171, recall=0.949767, good=29703, bad=2612, missed=1571, trie_nodes=6879, patterns=4327, objective=0.919739
  Tested: params=(1, 25, 22, 22, 4, 1, 2, 1)
  validation: F_1/7=0.882825, precision=0.881560, recall=0.949607, good=29698, bad=3990, missed=1576, trie_nodes=8342, patterns=5442, objective=0.882796
  Best so far: params=(17, 6, 30, 24, 5, 5, 3, 5), score=0.944820, elapsed=27.5s

============================================================
Round 3/30
  Tested: params=(26, 19, 10, 2, 2, 2, 4, 4)
  validation: F_1/7=0.968439, precision=0.968913, recall=0.945770, good=29578, bad=949, missed=1696, trie_nodes=6934, patterns=4955, objective=0.968414
  Tested: params=(27, 15, 4, 22, 4, 3, 4, 3)
  validation: F_1/7=0.967950, precision=0.968397, recall=0.946505, good=29601, bad=966, missed=1673, trie_nodes=7198, patterns=4647, objective=0.967924
  Tested: params=(16, 13, 1, 4, 1, 4, 2, 3)
  validation: F_1/7=0.941312, precision=0.941191, recall=0.947241, good=29624, bad=1851, missed=1650, trie_nodes=7349, patterns=5445, objective=0.941286
  Tested: params=(28, 8, 13, 23, 2, 1, 2, 1)
  validation: F_1/7=0.968003, precision=0.968430, recall=0.947528, good=29633, bad=966, missed=1641, trie_nodes=8627, patterns=5985, objective=0.967973
  Tested: params=(28, 25, 20, 27, 5, 1, 5, 3)
  validation: F_1/7=0.969658, precision=0.970208, recall=0.943435, good=29505, bad=906, missed=1769, trie_nodes=7135, patterns=4478, objective=0.969633
  Best so far: params=(28, 25, 20, 27, 5, 1, 5, 3), score=0.969633, elapsed=41.4s

============================================================
Round 4/30
  Tested: params=(25, 27, 10, 4, 2, 3, 5, 5)
  validation: F_1/7=0.967856, precision=0.968302, recall=0.946505, good=29601, bad=969, missed=1673, trie_nodes=7014, patterns=4982, objective=0.967832
  Tested: params=(1, 16, 13, 7, 1, 2, 5, 2)
  validation: F_1/7=0.885084, precision=0.883889, recall=0.947848, good=29643, bad=3894, missed=1631, trie_nodes=7024, patterns=4375, objective=0.885059
  Tested: params=(16, 22, 11, 30, 5, 2, 3, 2)
  validation: F_1/7=0.944586, precision=0.944529, recall=0.947368, good=29628, bad=1740, missed=1646, trie_nodes=7982, patterns=5410, objective=0.944558
  Tested: params=(9, 2, 19, 16, 1, 2, 5, 2)
  validation: F_1/7=0.925861, precision=0.925490, recall=0.944459, good=29537, bad=2378, missed=1737, trie_nodes=5733, patterns=3993, objective=0.925841
  Tested: params=(5, 15, 30, 8, 4, 4, 2, 4)
  validation: F_1/7=0.902323, precision=0.901385, recall=0.950758, good=29734, bad=3253, missed=1540, trie_nodes=5755, patterns=3507, objective=0.902302
  Best so far: params=(28, 25, 20, 27, 5, 1, 5, 3), score=0.969633, elapsed=54.8s

============================================================
Round 5/30
  Tested: params=(12, 19, 20, 17, 1, 5, 2, 1)
  validation: F_1/7=0.942221, precision=0.942096, recall=0.948392, good=29660, bad=1823, missed=1614, trie_nodes=7626, patterns=5203, objective=0.942194
  Tested: params=(2, 18, 21, 1, 3, 2, 4, 1)
  validation: F_1/7=0.886852, precision=0.885806, recall=0.941293, good=29438, bad=3795, missed=1836, trie_nodes=6545, patterns=4304, objective=0.886829
  Tested: params=(21, 12, 29, 5, 2, 1, 5, 5)
  validation: F_1/7=0.967664, precision=0.968121, recall=0.945802, good=29579, bad=974, missed=1695, trie_nodes=6563, patterns=4611, objective=0.967641
  Tested: params=(8, 20, 25, 17, 3, 2, 1, 5)
  validation: F_1/7=0.914061, precision=0.913363, recall=0.949607, good=29698, bad=2817, missed=1576, trie_nodes=6787, patterns=4743, objective=0.914037
  Tested: params=(28, 19, 11, 11, 4, 5, 5, 4)
  validation: F_1/7=0.968424, precision=0.968891, recall=0.946089, good=29588, bad=950, missed=1686, trie_nodes=4975, patterns=3289, objective=0.968407
  Best so far: params=(28, 25, 20, 27, 5, 1, 5, 3), score=0.969633, elapsed=68.4s

============================================================
Round 6/30
  Tested: params=(20, 3, 5, 27, 4, 1, 1, 4)
  validation: F_1/7=0.963102, precision=0.963391, recall=0.949159, good=29684, bad=1128, missed=1590, trie_nodes=6816, patterns=5016, objective=0.963078
  Tested: params=(1, 5, 17, 21, 4, 2, 4, 2)
  validation: F_1/7=0.886930, precision=0.885802, recall=0.945962, good=29584, bad=3814, missed=1690, trie_nodes=5497, patterns=3534, objective=0.886910
  Tested: params=(10, 23, 20, 26, 4, 3, 1, 2)
  validation: F_1/7=0.932611, precision=0.932294, recall=0.948392, good=29660, bad=2154, missed=1614, trie_nodes=7708, patterns=5264, objective=0.932583
  Tested: params=(8, 8, 30, 12, 5, 4, 4, 3)
  validation: F_1/7=0.923067, precision=0.922602, recall=0.946409, good=29598, bad=2483, missed=1676, trie_nodes=5374, patterns=3316, objective=0.923048
  Tested: params=(18, 15, 6, 22, 2, 1, 4, 1)
  validation: F_1/7=0.946673, precision=0.946654, recall=0.947592, good=29635, bad=1670, missed=1639, trie_nodes=7363, patterns=4941, objective=0.946647
  Best so far: params=(28, 25, 20, 27, 5, 1, 5, 3), score=0.969633, elapsed=82.0s

============================================================
Round 7/30
  Tested: params=(29, 29, 28, 12, 1, 5, 3, 5)
  validation: F_1/7=0.965932, precision=0.966303, recall=0.948104, good=29651, bad=1034, missed=1623, trie_nodes=7987, patterns=5095, objective=0.965904
  Tested: params=(29, 26, 9, 12, 5, 2, 1, 3)
  validation: F_1/7=0.967917, precision=0.968340, recall=0.947656, good=29637, bad=969, missed=1637, trie_nodes=8577, patterns=5791, objective=0.967887
  Tested: params=(29, 21, 18, 3, 4, 5, 1, 3)
  validation: F_1/7=0.968519, precision=0.968987, recall=0.946121, good=29589, bad=947, missed=1685, trie_nodes=8343, patterns=5551, objective=0.968490
  Tested: params=(27, 23, 21, 22, 2, 2, 5, 5)
  validation: F_1/7=0.967597, precision=0.968054, recall=0.945706, good=29576, bad=976, missed=1698, trie_nodes=7194, patterns=5022, objective=0.967572
  Tested: params=(27, 28, 16, 16, 4, 4, 4, 4)
  validation: F_1/7=0.966915, precision=0.967358, recall=0.945706, good=29576, bad=998, missed=1698, trie_nodes=5052, patterns=3258, objective=0.966897
  Best so far: params=(28, 25, 20, 27, 5, 1, 5, 3), score=0.969633, elapsed=95.8s

============================================================
Round 8/30
  Tested: params=(27, 11, 12, 3, 3, 1, 3, 3)
  validation: F_1/7=0.967856, precision=0.968289, recall=0.947081, good=29619, bad=970, missed=1655, trie_nodes=8416, patterns=5857, objective=0.967826
  Tested: params=(9, 18, 1, 2, 5, 2, 1, 3)
  validation: F_1/7=0.918812, precision=0.918324, recall=0.943371, good=29503, bad=2624, missed=1771, trie_nodes=6744, patterns=4960, objective=0.918788
  Tested: params=(24, 7, 19, 3, 1, 3, 3, 4)
  validation: F_1/7=0.966987, precision=0.967403, recall=0.947049, good=29618, bad=998, missed=1656, trie_nodes=8141, patterns=5641, objective=0.966958
  Tested: params=(22, 30, 16, 10, 4, 2, 3, 1)
  validation: F_1/7=0.966312, precision=0.966723, recall=0.946569, good=29603, bad=1019, missed=1671, trie_nodes=8443, patterns=5633, objective=0.966282
  Tested: params=(1, 29, 26, 21, 3, 1, 1, 2)
  validation: F_1/7=0.882390, precision=0.881121, recall=0.949415, good=29692, bad=4006, missed=1582, trie_nodes=8581, patterns=5547, objective=0.882360
  Best so far: params=(28, 25, 20, 27, 5, 1, 5, 3), score=0.969633, elapsed=109.6s

============================================================
Round 9/30
  Tested: params=(17, 22, 20, 9, 5, 4, 3, 4)
  validation: F_1/7=0.943561, precision=0.943450, recall=0.949031, good=29680, bad=1779, missed=1594, trie_nodes=6596, patterns=4159, objective=0.943538
  Tested: params=(13, 8, 11, 23, 1, 1, 1, 1)
  validation: F_1/7=0.942916, precision=0.942807, recall=0.948264, good=29656, bad=1799, missed=1618, trie_nodes=7443, patterns=5271, objective=0.942889
  Tested: params=(26, 22, 15, 3, 3, 3, 1, 3)
  validation: F_1/7=0.967099, precision=0.967534, recall=0.946249, good=29593, bad=993, missed=1681, trie_nodes=8617, patterns=5930, objective=0.967069
  Tested: params=(12, 19, 20, 2, 2, 4, 3, 5)
  validation: F_1/7=0.939766, precision=0.939591, recall=0.948424, good=29661, bad=1907, missed=1613, trie_nodes=6246, patterns=4040, objective=0.939744
  Tested: params=(20, 5, 3, 20, 1, 3, 5, 3)
  validation: F_1/7=0.960380, precision=0.960635, recall=0.948072, good=29650, bad=1215, missed=1624, trie_nodes=7104, patterns=5042, objective=0.960355
  Best so far: params=(28, 25, 20, 27, 5, 1, 5, 3), score=0.969633, elapsed=123.3s

============================================================
Round 10/30
  Tested: params=(12, 20, 14, 17, 5, 2, 5, 5)
  validation: F_1/7=0.941864, precision=0.941779, recall=0.946025, good=29586, bad=1829, missed=1688, trie_nodes=5816, patterns=3885, objective=0.941843
  Tested: params=(6, 3, 4, 1, 1, 4, 1, 2)
  validation: F_1/7=0.922544, precision=0.922185, recall=0.940526, good=29414, bad=2482, missed=1860, trie_nodes=6005, patterns=4635, objective=0.922523
  Tested: params=(26, 1, 25, 9, 1, 4, 4, 5)
  validation: F_1/7=0.967138, precision=0.967633, recall=0.943499, good=29507, bad=987, missed=1767, trie_nodes=6398, patterns=4527, objective=0.967116
  Tested: params=(23, 25, 9, 6, 4, 5, 5, 3)
  validation: F_1/7=0.968743, precision=0.969226, recall=0.945642, good=29574, bad=939, missed=1700, trie_nodes=6538, patterns=4132, objective=0.968720
  Tested: params=(12, 24, 11, 28, 5, 3, 4, 4)
  validation: F_1/7=0.941666, precision=0.941560, recall=0.946889, good=29613, bad=1838, missed=1661, trie_nodes=5935, patterns=3962, objective=0.941645
  Best so far: params=(28, 25, 20, 27, 5, 1, 5, 3), score=0.969633, elapsed=137.2s

============================================================
Round 11/30
  Tested: params=(4, 28, 16, 25, 2, 5, 2, 1)
  validation: F_1/7=0.903769, precision=0.902868, recall=0.950214, good=29717, bad=3197, missed=1557, trie_nodes=7948, patterns=5055, objective=0.903741
  Tested: params=(28, 3, 10, 29, 5, 3, 4, 3)
  validation: F_1/7=0.969326, precision=0.969851, recall=0.944267, good=29531, bad=918, missed=1743, trie_nodes=6281, patterns=4148, objective=0.969304
  Tested: params=(9, 10, 21, 23, 4, 4, 1, 3)
  validation: F_1/7=0.925700, precision=0.925238, recall=0.948935, good=29677, bad=2398, missed=1597, trie_nodes=6923, patterns=4626, objective=0.925676
  Tested: params=(2, 17, 14, 27, 2, 1, 1, 4)
  validation: F_1/7=0.883749, precision=0.882486, recall=0.950406, good=29723, bad=3958, missed=1551, trie_nodes=6920, patterns=4719, objective=0.883724
  Tested: params=(19, 4, 3, 22, 1, 5, 4, 1)
  validation: F_1/7=0.943018, precision=0.942908, recall=0.948456, good=29662, bad=1796, missed=1612, trie_nodes=6923, patterns=4860, objective=0.942994
  Best so far: params=(28, 25, 20, 27, 5, 1, 5, 3), score=0.969633, elapsed=150.7s

============================================================
Round 12/30
  Tested: params=(3, 30, 12, 12, 5, 5, 5, 4)
  validation: F_1/7=0.898272, precision=0.897255, recall=0.951078, good=29744, bad=3406, missed=1530, trie_nodes=4491, patterns=2748, objective=0.898256
  Tested: params=(12, 3, 24, 17, 3, 5, 1, 3)
  validation: F_1/7=0.943164, precision=0.943081, recall=0.947272, good=29625, bad=1788, missed=1649, trie_nodes=7553, patterns=5256, objective=0.943138
  Tested: params=(1, 15, 2, 4, 1, 4, 4, 3)
  validation: F_1/7=0.879788, precision=0.878468, recall=0.949703, good=29701, bad=4109, missed=1573, trie_nodes=6583, patterns=4251, objective=0.879765
  Tested: params=(29, 12, 9, 27, 2, 5, 1, 5)
  validation: F_1/7=0.966063, precision=0.966398, recall=0.949958, good=29709, bad=1033, missed=1565, trie_nodes=7379, patterns=4851, objective=0.966037
  Tested: params=(2, 27, 16, 30, 1, 3, 5, 3)
  validation: F_1/7=0.884135, precision=0.882915, recall=0.948328, good=29658, bad=3933, missed=1616, trie_nodes=8045, patterns=4952, objective=0.884106
  Best so far: params=(28, 25, 20, 27, 5, 1, 5, 3), score=0.969633, elapsed=165.7s

============================================================
Round 13/30
  Tested: params=(19, 21, 14, 19, 3, 5, 1, 2)
  validation: F_1/7=0.945889, precision=0.945850, recall=0.947816, good=29642, bad=1697, missed=1632, trie_nodes=8145, patterns=5520, objective=0.945861
  Tested: params=(29, 27, 14, 19, 2, 1, 3, 2)
  validation: F_1/7=0.967369, precision=0.967801, recall=0.946665, good=29606, bad=985, missed=1668, trie_nodes=9039, patterns=6156, objective=0.967337
  Tested: params=(18, 3, 30, 30, 4, 3, 2, 5)
  validation: F_1/7=0.946432, precision=0.946434, recall=0.946313, good=29595, bad=1675, missed=1679, trie_nodes=7793, patterns=5352, objective=0.946404
  Tested: params=(21, 5, 28, 25, 5, 4, 4, 3)
  validation: F_1/7=0.967335, precision=0.967830, recall=0.943691, good=29513, bad=981, missed=1761, trie_nodes=5935, patterns=3775, objective=0.967314
  Tested: params=(28, 26, 2, 1, 2, 5, 5, 1)
  validation: F_1/7=0.971116, precision=0.971910, recall=0.933747, good=29202, bad=844, missed=2072, trie_nodes=6632, patterns=5001, objective=0.971093
  Best so far: params=(28, 26, 2, 1, 2, 5, 5, 1), score=0.971093, elapsed=180.2s

============================================================
Round 14/30
  Tested: params=(18, 12, 30, 26, 5, 3, 3, 2)
  validation: F_1/7=0.945721, precision=0.945701, recall=0.946729, good=29608, bad=1700, missed=1666, trie_nodes=7915, patterns=5331, objective=0.945693
  Tested: params=(2, 26, 25, 30, 5, 3, 4, 5)
  validation: F_1/7=0.883881, precision=0.882649, recall=0.948775, good=29672, bad=3945, missed=1602, trie_nodes=6617, patterns=4230, objective=0.883857
  Tested: params=(26, 8, 14, 4, 5, 4, 2, 4)
  validation: F_1/7=0.966024, precision=0.966397, recall=0.948104, good=29651, bad=1031, missed=1623, trie_nodes=7352, patterns=4689, objective=0.965999
  Tested: params=(19, 11, 4, 21, 3, 4, 3, 5)
  validation: F_1/7=0.944108, precision=0.943963, recall=0.951237, good=29749, bad=1766, missed=1525, trie_nodes=6265, patterns=4212, objective=0.944086
  Tested: params=(17, 17, 27, 13, 1, 1, 4, 4)
  validation: F_1/7=0.946096, precision=0.946095, recall=0.946185, good=29591, bad=1686, missed=1683, trie_nodes=6422, patterns=4555, objective=0.946074
  Best so far: params=(28, 26, 2, 1, 2, 5, 5, 1), score=0.971093, elapsed=194.3s

============================================================
Round 15/30
  Tested: params=(22, 7, 5, 1, 2, 3, 2, 3)
  validation: F_1/7=0.967366, precision=0.967824, recall=0.945450, good=29568, bad=983, missed=1706, trie_nodes=7658, patterns=5552, objective=0.967339
  Tested: params=(28, 11, 16, 24, 2, 4, 5, 5)
  validation: F_1/7=0.967603, precision=0.968033, recall=0.946985, good=29616, bad=978, missed=1658, trie_nodes=6017, patterns=4124, objective=0.967582
  Tested: params=(5, 28, 15, 8, 3, 5, 3, 2)
  validation: F_1/7=0.906111, precision=0.905264, recall=0.949639, good=29699, bad=3108, missed=1575, trie_nodes=7683, patterns=4936, objective=0.906084
  Tested: params=(20, 8, 3, 4, 1, 1, 1, 4)
  validation: F_1/7=0.960595, precision=0.960822, recall=0.949639, good=29699, bad=1211, missed=1575, trie_nodes=6881, patterns=5121, objective=0.960571
  Tested: params=(6, 11, 27, 15, 4, 1, 1, 1)
  validation: F_1/7=0.916893, precision=0.916263, recall=0.948871, good=29675, bad=2712, missed=1599, trie_nodes=7052, patterns=4792, objective=0.916868
  Best so far: params=(28, 26, 2, 1, 2, 5, 5, 1), score=0.971093, elapsed=207.7s

============================================================
Round 16/30
  Tested: params=(6, 9, 6, 3, 1, 3, 2, 2)
  validation: F_1/7=0.917479, precision=0.916865, recall=0.948615, good=29667, bad=2690, missed=1607, trie_nodes=6605, patterns=4737, objective=0.917456
  Tested: params=(16, 21, 2, 24, 4, 1, 5, 5)
  validation: F_1/7=0.939349, precision=0.939153, recall=0.949063, good=29681, bad=1923, missed=1593, trie_nodes=5912, patterns=4073, objective=0.939329
  Tested: params=(2, 9, 25, 23, 1, 2, 2, 3)
  validation: F_1/7=0.893344, precision=0.892280, recall=0.948743, good=29671, bad=3582, missed=1603, trie_nodes=7200, patterns=4966, objective=0.893318
  Tested: params=(19, 12, 14, 23, 1, 2, 4, 5)
  validation: F_1/7=0.947151, precision=0.947166, recall=0.946409, good=29598, bad=1651, missed=1676, trie_nodes=6341, patterns=4487, objective=0.947129
  Tested: params=(16, 16, 4, 14, 3, 2, 2, 2)
  validation: F_1/7=0.940180, precision=0.940004, recall=0.948871, good=29675, bad=1894, missed=1599, trie_nodes=7909, patterns=5537, objective=0.940152
  Best so far: params=(28, 26, 2, 1, 2, 5, 5, 1), score=0.971093, elapsed=221.9s

============================================================
Round 17/30
  Tested: params=(1, 10, 7, 10, 1, 5, 3, 4)
  validation: F_1/7=0.883459, precision=0.882163, recall=0.952005, good=29773, bad=3977, missed=1501, trie_nodes=5131, patterns=3315, objective=0.883441
  Tested: params=(24, 15, 3, 17, 3, 4, 3, 1)
  validation: F_1/7=0.960826, precision=0.961062, recall=0.949415, good=29692, bad=1203, missed=1582, trie_nodes=8348, patterns=5796, objective=0.960797
  Tested: params=(9, 11, 20, 18, 2, 5, 4, 2)
  validation: F_1/7=0.924153, precision=0.923683, recall=0.947784, good=29641, bad=2449, missed=1633, trie_nodes=6063, patterns=3883, objective=0.924132
  Tested: params=(4, 5, 8, 5, 1, 2, 1, 5)
  validation: F_1/7=0.909207, precision=0.908423, recall=0.949351, good=29690, bad=2993, missed=1584, trie_nodes=6040, patterns=4461, objective=0.909186
  Tested: params=(3, 16, 13, 30, 1, 2, 5, 5)
  validation: F_1/7=0.903077, precision=0.902189, recall=0.948807, good=29673, bad=3217, missed=1601, trie_nodes=5934, patterns=3945, objective=0.903056
  Best so far: params=(28, 26, 2, 1, 2, 5, 5, 1), score=0.971093, elapsed=236.0s

============================================================
Round 18/30
  Tested: params=(25, 8, 6, 21, 5, 3, 3, 2)
  validation: F_1/7=0.966518, precision=0.966889, recall=0.948679, good=29669, bad=1016, missed=1605, trie_nodes=7928, patterns=5486, objective=0.966490
  Tested: params=(24, 6, 10, 13, 3, 2, 1, 4)
  validation: F_1/7=0.966501, precision=0.966879, recall=0.948360, good=29659, bad=1016, missed=1615, trie_nodes=7666, patterns=5460, objective=0.966474
  Tested: params=(9, 18, 5, 15, 3, 1, 2, 1)
  validation: F_1/7=0.918970, precision=0.918359, recall=0.949926, good=29708, bad=2641, missed=1566, trie_nodes=7523, patterns=5057, objective=0.918943
  Tested: params=(2, 30, 10, 25, 2, 4, 4, 3)
  validation: F_1/7=0.883762, precision=0.882516, recall=0.949479, good=29694, bad=3953, missed=1580, trie_nodes=7709, patterns=4573, objective=0.883735
  Tested: params=(15, 13, 11, 28, 5, 5, 1, 4)
  validation: F_1/7=0.941850, precision=0.941691, recall=0.949671, good=29700, bad=1839, missed=1574, trie_nodes=6181, patterns=3964, objective=0.941828
  Best so far: params=(28, 26, 2, 1, 2, 5, 5, 1), score=0.971093, elapsed=250.2s

============================================================
Round 19/30
  Tested: params=(29, 6, 2, 23, 3, 5, 1, 4)
  validation: F_1/7=0.959969, precision=0.960146, recall=0.951365, good=29753, bad=1235, missed=1521, trie_nodes=7114, patterns=5138, objective=0.959944
  Tested: params=(7, 5, 5, 25, 4, 3, 2, 5)
  validation: F_1/7=0.918073, precision=0.917446, recall=0.949863, good=29706, bad=2673, missed=1568, trie_nodes=5991, patterns=4395, objective=0.918052
  Tested: params=(12, 25, 14, 12, 3, 2, 4, 3)
  validation: F_1/7=0.943408, precision=0.943343, recall=0.946601, good=29604, bad=1778, missed=1670, trie_nodes=7261, patterns=4820, objective=0.943383
  Tested: params=(7, 27, 12, 17, 5, 4, 1, 5)
  validation: F_1/7=0.909573, precision=0.908750, recall=0.951813, good=29767, bad=2989, missed=1507, trie_nodes=5536, patterns=3358, objective=0.909553
  Tested: params=(19, 11, 5, 24, 4, 3, 5, 4)
  validation: F_1/7=0.947241, precision=0.947241, recall=0.947241, good=29624, bad=1650, missed=1650, trie_nodes=5561, patterns=3774, objective=0.947221
  Best so far: params=(28, 26, 2, 1, 2, 5, 5, 1), score=0.971093, elapsed=263.2s

============================================================
Round 20/30
  Tested: params=(5, 10, 8, 23, 1, 3, 4, 5)
  validation: F_1/7=0.910554, precision=0.909799, recall=0.949159, good=29684, bad=2943, missed=1590, trie_nodes=5321, patterns=3693, objective=0.910535
  Tested: params=(11, 25, 4, 26, 1, 2, 4, 1)
  validation: F_1/7=0.938965, precision=0.938770, recall=0.948615, good=29667, bad=1935, missed=1607, trie_nodes=7641, patterns=5117, objective=0.938938
  Tested: params=(7, 22, 22, 20, 4, 3, 2, 2)
  validation: F_1/7=0.914215, precision=0.913528, recall=0.949223, good=29686, bad=2810, missed=1588, trie_nodes=7491, patterns=5035, objective=0.914189
  Tested: params=(6, 28, 18, 13, 3, 5, 1, 3)
  validation: F_1/7=0.912566, precision=0.911837, recall=0.949799, good=29704, bad=2872, missed=1570, trie_nodes=7335, patterns=4850, objective=0.912541
  Tested: params=(16, 19, 1, 27, 5, 3, 4, 5)
  validation: F_1/7=0.937813, precision=0.937563, recall=0.950214, good=29717, bad=1979, missed=1557, trie_nodes=6258, patterns=4357, objective=0.937791
  Best so far: params=(28, 26, 2, 1, 2, 5, 5, 1), score=0.971093, elapsed=278.0s

============================================================
Round 21/30
  Tested: params=(22, 5, 18, 19, 3, 4, 5, 5)
  validation: F_1/7=0.965436, precision=0.965833, recall=0.946377, good=29597, bad=1047, missed=1677, trie_nodes=5639, patterns=3901, objective=0.965417
  Tested: params=(14, 4, 30, 26, 1, 5, 5, 3)
  validation: F_1/7=0.943770, precision=0.943742, recall=0.945130, good=29558, bad=1762, missed=1716, trie_nodes=6084, patterns=4124, objective=0.943748
  Tested: params=(18, 12, 2, 11, 5, 1, 2, 2)
  validation: F_1/7=0.940799, precision=0.940619, recall=0.949703, good=29701, bad=1875, missed=1573, trie_nodes=7895, patterns=5560, objective=0.940772
  Tested: params=(17, 28, 11, 11, 4, 3, 2, 3)
  validation: F_1/7=0.945329, precision=0.945286, recall=0.947432, good=29630, bad=1715, missed=1644, trie_nodes=8098, patterns=5452, objective=0.945301
  Tested: params=(5, 6, 15, 13, 5, 2, 3, 4)
  validation: F_1/7=0.910750, precision=0.910002, recall=0.948935, good=29677, bad=2935, missed=1597, trie_nodes=6633, patterns=4635, objective=0.910726
  Best so far: params=(28, 26, 2, 1, 2, 5, 5, 1), score=0.971093, elapsed=291.5s

============================================================
Round 22/30
  Tested: params=(1, 20, 6, 29, 1, 3, 1, 5)
  validation: F_1/7=0.882017, precision=0.880711, recall=0.951142, good=29746, bad=4029, missed=1528, trie_nodes=7025, patterns=4790, objective=0.881992
  Tested: params=(16, 18, 3, 23, 2, 5, 2, 1)
  validation: F_1/7=0.939678, precision=0.939479, recall=0.949543, good=29696, bad=1913, missed=1578, trie_nodes=7898, patterns=5415, objective=0.939651
  Tested: params=(2, 15, 17, 2, 4, 3, 3, 3)
  validation: F_1/7=0.885573, precision=0.884395, recall=0.947400, good=29629, bad=3873, missed=1645, trie_nodes=7162, patterns=4879, objective=0.885548
  Tested: params=(13, 17, 5, 6, 5, 5, 2, 2)
  validation: F_1/7=0.941701, precision=0.941548, recall=0.949255, good=29687, bad=1843, missed=1587, trie_nodes=7087, patterns=4877, objective=0.941676
  Tested: params=(20, 13, 1, 5, 4, 4, 1, 2)
  validation: F_1/7=0.960922, precision=0.961191, recall=0.947944, good=29646, bad=1197, missed=1628, trie_nodes=7703, patterns=5698, objective=0.960895
  Best so far: params=(28, 26, 2, 1, 2, 5, 5, 1), score=0.971093, elapsed=306.1s

============================================================
Round 23/30
  Tested: params=(7, 21, 1, 4, 4, 1, 4, 2)
  validation: F_1/7=0.915771, precision=0.915143, recall=0.947624, good=29636, bad=2748, missed=1638, trie_nodes=6818, patterns=4539, objective=0.915747
  Tested: params=(3, 8, 22, 26, 5, 2, 4, 2)
  validation: F_1/7=0.908366, precision=0.907614, recall=0.946793, good=29610, bad=3014, missed=1664, trie_nodes=5804, patterns=3647, objective=0.908345
  Tested: params=(9, 27, 1, 3, 2, 1, 1, 3)
  validation: F_1/7=0.915741, precision=0.915150, recall=0.945642, good=29574, bad=2742, missed=1700, trie_nodes=7359, patterns=5290, objective=0.915715
  Tested: params=(13, 27, 25, 11, 2, 2, 3, 2)
  validation: F_1/7=0.940660, precision=0.940528, recall=0.947145, good=29621, bad=1873, missed=1653, trie_nodes=8014, patterns=5504, objective=0.940632
  Tested: params=(19, 13, 17, 14, 2, 5, 4, 1)
  validation: F_1/7=0.947521, precision=0.947549, recall=0.946185, good=29591, bad=1638, missed=1683, trie_nodes=6971, patterns=4620, objective=0.947497
  Best so far: params=(28, 26, 2, 1, 2, 5, 5, 1), score=0.971093, elapsed=319.8s

============================================================
Round 24/30
  Tested: params=(27, 15, 27, 24, 3, 1, 2, 3)
  validation: F_1/7=0.967016, precision=0.967446, recall=0.946441, good=29599, bad=996, missed=1675, trie_nodes=8865, patterns=6029, objective=0.966985
  Tested: params=(20, 8, 5, 26, 5, 3, 1, 2)
  validation: F_1/7=0.965676, precision=0.966021, recall=0.949063, good=29681, bad=1044, missed=1593, trie_nodes=7726, patterns=5398, objective=0.965649
  Tested: params=(1, 28, 4, 18, 2, 3, 4, 5)
  validation: F_1/7=0.882585, precision=0.881306, recall=0.950150, good=29715, bad=4002, missed=1559, trie_nodes=6941, patterns=4511, objective=0.882561
  Tested: params=(7, 1, 5, 28, 5, 3, 4, 4)
  validation: F_1/7=0.923994, precision=0.923513, recall=0.948200, good=29654, bad=2456, missed=1620, trie_nodes=4608, patterns=3523, objective=0.923978
  Tested: params=(6, 28, 13, 12, 3, 1, 1, 4)
  validation: F_1/7=0.912009, precision=0.911266, recall=0.949990, good=29710, bad=2893, missed=1564, trie_nodes=6829, patterns=4734, objective=0.911985
  Best so far: params=(28, 26, 2, 1, 2, 5, 5, 1), score=0.971093, elapsed=334.7s

============================================================
Round 25/30
  Tested: params=(3, 19, 8, 12, 2, 2, 4, 2)
  validation: F_1/7=0.903893, precision=0.903015, recall=0.949127, good=29683, bad=3188, missed=1591, trie_nodes=7349, patterns=4569, objective=0.903867
  Tested: params=(17, 15, 20, 29, 4, 2, 1, 2)
  validation: F_1/7=0.945358, precision=0.945324, recall=0.947017, good=29617, bad=1713, missed=1657, trie_nodes=7863, patterns=5329, objective=0.945330
  Tested: params=(18, 2, 15, 18, 2, 4, 1, 1)
  validation: F_1/7=0.946756, precision=0.946757, recall=0.946697, good=29607, bad=1665, missed=1667, trie_nodes=8151, patterns=5717, objective=0.946728
  Tested: params=(22, 15, 21, 14, 2, 5, 4, 4)
  validation: F_1/7=0.965988, precision=0.966374, recall=0.947432, good=29630, bad=1031, missed=1644, trie_nodes=5686, patterns=3881, objective=0.965968
  Tested: params=(9, 18, 11, 3, 5, 1, 5, 3)
  validation: F_1/7=0.924040, precision=0.923598, recall=0.946249, good=29593, bad=2448, missed=1681, trie_nodes=6226, patterns=3933, objective=0.924018
  Best so far: params=(28, 26, 2, 1, 2, 5, 5, 1), score=0.971093, elapsed=348.6s

============================================================
Round 26/30
  Tested: params=(6, 17, 27, 22, 5, 4, 4, 5)
  validation: F_1/7=0.910137, precision=0.909355, recall=0.950150, good=29715, bad=2962, missed=1559, trie_nodes=3784, patterns=2441, objective=0.910123
  Tested: params=(8, 15, 7, 30, 5, 1, 4, 5)
  validation: F_1/7=0.918147, precision=0.917546, recall=0.948615, good=29667, bad=2666, missed=1607, trie_nodes=5409, patterns=3573, objective=0.918128
  Tested: params=(6, 18, 28, 2, 4, 2, 5, 5)
  validation: F_1/7=0.915503, precision=0.914890, recall=0.946601, good=29604, bad=2754, missed=1670, trie_nodes=5565, patterns=3682, objective=0.915483
  Tested: params=(29, 15, 26, 26, 2, 5, 1, 3)
  validation: F_1/7=0.967495, precision=0.967929, recall=0.946697, good=29607, bad=981, missed=1667, trie_nodes=8920, patterns=6029, objective=0.967463
  Tested: params=(7, 4, 3, 21, 2, 4, 1, 2)
  validation: F_1/7=0.917999, precision=0.917369, recall=0.949958, good=29709, bad=2676, missed=1565, trie_nodes=6887, patterns=5053, objective=0.917975
  Best so far: params=(28, 26, 2, 1, 2, 5, 5, 1), score=0.971093, elapsed=363.2s

============================================================
Round 27/30
  Tested: params=(17, 24, 10, 19, 5, 4, 2, 1)
  validation: F_1/7=0.945256, precision=0.945199, recall=0.948040, good=29649, bad=1719, missed=1625, trie_nodes=7912, patterns=5264, objective=0.945228
  Tested: params=(27, 1, 27, 16, 5, 4, 5, 2)
  validation: F_1/7=0.969107, precision=0.969693, recall=0.941229, good=29436, bad=920, missed=1838, trie_nodes=6176, patterns=4145, objective=0.969085
  Tested: params=(24, 13, 15, 19, 5, 5, 4, 3)
  validation: F_1/7=0.968455, precision=0.968961, recall=0.944299, good=29532, bad=946, missed=1742, trie_nodes=6492, patterns=4055, objective=0.968432
  Tested: params=(13, 23, 8, 4, 2, 2, 2, 2)
  validation: F_1/7=0.941539, precision=0.941410, recall=0.947912, good=29645, bad=1845, missed=1629, trie_nodes=7694, patterns=5387, objective=0.941512
  Tested: params=(2, 1, 30, 13, 2, 4, 2, 5)
  validation: F_1/7=0.929588, precision=0.929235, recall=0.947241, good=29624, bad=2256, missed=1650, trie_nodes=8339, patterns=5579, objective=0.929559
  Best so far: params=(28, 26, 2, 1, 2, 5, 5, 1), score=0.971093, elapsed=377.1s

============================================================
Round 28/30
  Tested: params=(24, 3, 13, 27, 5, 3, 4, 1)
  validation: F_1/7=0.967663, precision=0.968171, recall=0.943435, good=29505, bad=970, missed=1769, trie_nodes=6066, patterns=3982, objective=0.967642
  Tested: params=(30, 7, 29, 20, 4, 3, 2, 1)
  validation: F_1/7=0.966403, precision=0.966829, recall=0.945962, good=29584, bad=1015, missed=1690, trie_nodes=8802, patterns=5875, objective=0.966372
  Tested: params=(7, 6, 24, 11, 1, 5, 5, 5)
  validation: F_1/7=0.916322, precision=0.915689, recall=0.948424, good=29661, bad=2731, missed=1613, trie_nodes=4083, patterns=2780, objective=0.916307
  Tested: params=(30, 6, 12, 23, 4, 1, 5, 2)
  validation: F_1/7=0.969004, precision=0.969540, recall=0.943467, good=29506, bad=927, missed=1768, trie_nodes=6470, patterns=4154, objective=0.968981
  Tested: params=(7, 17, 18, 18, 1, 5, 2, 1)
  validation: F_1/7=0.914126, precision=0.913427, recall=0.949703, good=29701, bad=2815, missed=1573, trie_nodes=7167, patterns=4792, objective=0.914100
  Best so far: params=(28, 26, 2, 1, 2, 5, 5, 1), score=0.971093, elapsed=392.8s

============================================================
Round 29/30
  Tested: params=(27, 29, 26, 25, 4, 3, 1, 3)
  validation: F_1/7=0.966759, precision=0.967186, recall=0.946249, good=29593, bad=1004, missed=1681, trie_nodes=8896, patterns=5898, objective=0.966727
  Tested: params=(12, 8, 22, 15, 1, 2, 4, 1)
  validation: F_1/7=0.943928, precision=0.943884, recall=0.946057, good=29587, bad=1759, missed=1687, trie_nodes=6423, patterns=4333, objective=0.943905
  Tested: params=(26, 15, 15, 18, 5, 2, 4, 3)
  validation: F_1/7=0.968604, precision=0.969129, recall=0.943563, good=29509, bad=940, missed=1765, trie_nodes=6796, patterns=4271, objective=0.968580
  Tested: params=(9, 27, 24, 20, 5, 5, 4, 5)
  validation: F_1/7=0.918425, precision=0.917813, recall=0.949479, good=29694, bad=2659, missed=1580, trie_nodes=4022, patterns=2594, objective=0.918411
  Tested: params=(21, 21, 19, 23, 1, 5, 5, 1)
  validation: F_1/7=0.966941, precision=0.967374, recall=0.946185, good=29591, bad=998, missed=1683, trie_nodes=7376, patterns=4877, objective=0.966915
  Best so far: params=(28, 26, 2, 1, 2, 5, 5, 1), score=0.971093, elapsed=407.3s

============================================================
Round 30/30
  Tested: params=(25, 4, 11, 23, 1, 5, 5, 3)
  validation: F_1/7=0.967082, precision=0.967536, recall=0.945354, good=29565, bad=992, missed=1709, trie_nodes=6934, patterns=4762, objective=0.967058
  Tested: params=(1, 9, 19, 30, 4, 2, 4, 3)
  validation: F_1/7=0.894080, precision=0.893055, recall=0.947368, good=29628, bad=3548, missed=1646, trie_nodes=6016, patterns=3748, objective=0.894059
  Tested: params=(24, 4, 23, 17, 5, 2, 4, 5)
  validation: F_1/7=0.967612, precision=0.968126, recall=0.943052, good=29493, bad=971, missed=1781, trie_nodes=5697, patterns=3799, objective=0.967592
  Tested: params=(4, 29, 21, 3, 2, 4, 1, 3)
  validation: F_1/7=0.905116, precision=0.904283, recall=0.947944, good=29646, bad=3138, missed=1628, trie_nodes=7060, patterns=4626, objective=0.905091
  Tested: params=(11, 19, 2, 27, 5, 5, 4, 1)
  validation: F_1/7=0.936771, precision=0.936514, recall=0.949511, good=29695, bad=2013, missed=1579, trie_nodes=7170, patterns=4611, objective=0.936746
  Best so far: params=(28, 26, 2, 1, 2, 5, 5, 1), score=0.971093, elapsed=421.1s

============================================================
Final phase: 3 evaluations
  Tested: params=(23, 1, 1, 10, 3, 4, 4, 3)
  validation: F_1/7=0.959638, precision=0.959881, recall=0.947880, good=29644, bad=1239, missed=1630, trie_nodes=8187, patterns=6277, objective=0.959609
  Tested: params=(9, 30, 13, 14, 1, 4, 4, 2)
  validation: F_1/7=0.919697, precision=0.919127, recall=0.948488, good=29663, bad=2610, missed=1611, trie_nodes=6926, patterns=4383, objective=0.919672
  Tested: params=(3, 21, 20, 9, 5, 1, 3, 5)
  validation: F_1/7=0.902280, precision=0.901350, recall=0.950374, good=29722, bad=3253, missed=1552, trie_nodes=7149, patterns=4871, objective=0.902255

============================================================
Threshold ablation run complete
Best parameters (b1..b4 thr1..thr4): (28, 26, 2, 1, 2, 5, 5, 1)
Thresholds: {'mode': 'perlayer', 'shared': None, 'per_level': [2, 5, 5, 1]}
  validation-selected: F_1/7=0.971116, precision=0.971910, recall=0.933747, good=29202, bad=844, missed=2072, trie_nodes=6632, patterns=5001, objective=0.971093
  held-out test: F_1/7=0.970457, precision=0.971248, recall=0.933182, good=29119, bad=862, missed=2085, trie_nodes=6632, patterns=5001
Summary: results/threshold_ablation/pl/wiktionary/perlayer_random/summary.json
History: results/threshold_ablation/pl/wiktionary/perlayer_random/history.csv
Wall time: 435.0s
