Proportional trie_normalizer for pt/wiktionary: |D| = 44321
Objective: F17+Trie(w=0.0005)
Dataset: /home/dev/hyph-bench/data/pt/wiktionary/pt_enwiktionary.wlh_dis.wlh
Translate: /home/dev/hyph-bench/data/pt/wiktionary/pt_enwiktionary.wlh_dis.wlh.tra
Method: tpe | Threshold mode: shared
Search space (5-D): [(1, 30), (1, 30), (1, 30), (1, 30), (1, 5)]
Split counts: train=35457, validation=4432, test=4432
Pattern ranges: [(1, 4), (2, 5), (2, 6), (2, 7)]
Budget: 30 rounds x 5 + 3 final = 153 patgen evaluations; 3 parallel workers

============================================================
Round 1/30
  Tested: params=(12, 29, 22, 18, 1)
  validation: F_1/7=0.973340, precision=0.973953, recall=0.944215, good=11442, bad=306, missed=676, trie_nodes=1414, patterns=784, objective=0.973324
  Tested: params=(5, 2, 26, 19, 4)
  validation: F_1/7=0.937222, precision=0.937085, recall=0.943968, good=11439, bad=768, missed=679, trie_nodes=771, patterns=424, objective=0.937213
  Tested: params=(1, 30, 25, 7, 1)
  validation: F_1/7=0.892417, precision=0.891406, recall=0.944958, good=11451, bad=1395, missed=667, trie_nodes=1253, patterns=633, objective=0.892403
  Tested: params=(6, 10, 16, 13, 2)
  validation: F_1/7=0.937331, precision=0.937188, recall=0.944380, good=11444, bad=767, missed=674, trie_nodes=1340, patterns=742, objective=0.937315
  Tested: params=(19, 5, 9, 11, 3)
  validation: F_1/7=0.974318, precision=0.974951, recall=0.944298, good=11443, bad=294, missed=675, trie_nodes=1498, patterns=844, objective=0.974302
  Best so far: params=(19, 5, 9, 11, 3), score=0.974302, elapsed=4.6s

============================================================
Round 2/30
  Tested: params=(24, 6, 16, 18, 1)
  validation: F_1/7=0.982183, precision=0.982990, recall=0.944215, good=11442, bad=198, missed=676, trie_nodes=1514, patterns=866, objective=0.982166
  Tested: params=(19, 6, 2, 29, 5)
  validation: F_1/7=0.972772, precision=0.973373, recall=0.944215, good=11442, bad=313, missed=676, trie_nodes=889, patterns=490, objective=0.972762
  Tested: params=(25, 10, 3, 21, 3)
  validation: F_1/7=0.982024, precision=0.982824, recall=0.944380, good=11444, bad=200, missed=674, trie_nodes=1510, patterns=876, objective=0.982007
  Tested: params=(4, 15, 2, 28, 2)
  validation: F_1/7=0.931690, precision=0.931424, recall=0.944875, good=11450, bad=843, missed=668, trie_nodes=1329, patterns=724, objective=0.931675
  Tested: params=(20, 10, 16, 17, 1)
  validation: F_1/7=0.974318, precision=0.974951, recall=0.944298, good=11443, bad=294, missed=675, trie_nodes=1494, patterns=841, objective=0.974302
  Best so far: params=(24, 6, 16, 18, 1), score=0.982166, elapsed=8.9s

============================================================
Round 3/30
  Tested: params=(30, 22, 10, 1, 2)
  validation: F_1/7=0.989889, precision=0.990895, recall=0.942977, good=11427, bad=105, missed=691, trie_nodes=1560, patterns=915, objective=0.989871
  Tested: params=(28, 22, 10, 3, 2)
  validation: F_1/7=0.988741, precision=0.989702, recall=0.943803, good=11437, bad=119, missed=681, trie_nodes=1528, patterns=890, objective=0.988723
  Tested: params=(30, 21, 11, 5, 2)
  validation: F_1/7=0.989668, precision=0.990647, recall=0.943968, good=11439, bad=108, missed=679, trie_nodes=1559, patterns=903, objective=0.989651
  Tested: params=(29, 22, 30, 1, 2)
  validation: F_1/7=0.988963, precision=0.989950, recall=0.942895, good=11426, bad=116, missed=692, trie_nodes=1547, patterns=909, objective=0.988945
  Tested: params=(29, 22, 10, 3, 2)
  validation: F_1/7=0.988824, precision=0.989788, recall=0.943803, good=11437, bad=118, missed=681, trie_nodes=1535, patterns=898, objective=0.988807
  Best so far: params=(30, 22, 10, 1, 2), score=0.989871, elapsed=13.1s

============================================================
Round 4/30
  Tested: params=(13, 18, 7, 7, 4)
  validation: F_1/7=0.973089, precision=0.973700, recall=0.944050, good=11440, bad=309, missed=678, trie_nodes=837, patterns=453, objective=0.973079
  Tested: params=(13, 17, 7, 7, 4)
  validation: F_1/7=0.973089, precision=0.973700, recall=0.944050, good=11440, bad=309, missed=678, trie_nodes=837, patterns=453, objective=0.973079
  Tested: params=(14, 18, 7, 6, 4)
  validation: F_1/7=0.973089, precision=0.973700, recall=0.944050, good=11440, bad=309, missed=678, trie_nodes=840, patterns=455, objective=0.973079
  Tested: params=(13, 17, 12, 7, 4)
  validation: F_1/7=0.973089, precision=0.973700, recall=0.944050, good=11440, bad=309, missed=678, trie_nodes=834, patterns=452, objective=0.973079
  Tested: params=(13, 18, 7, 7, 4)
  validation: F_1/7=0.973089, precision=0.973700, recall=0.944050, good=11440, bad=309, missed=678, trie_nodes=837, patterns=453, objective=0.973079
  Best so far: params=(30, 22, 10, 1, 2), score=0.989871, elapsed=17.4s

============================================================
Round 5/30
  Tested: params=(24, 26, 19, 11, 3)
  validation: F_1/7=0.982183, precision=0.982990, recall=0.944215, good=11442, bad=198, missed=676, trie_nodes=1510, patterns=865, objective=0.982166
  Tested: params=(25, 26, 19, 1, 3)
  validation: F_1/7=0.982412, precision=0.983234, recall=0.943720, good=11436, bad=195, missed=682, trie_nodes=1511, patterns=871, objective=0.982395
  Tested: params=(25, 26, 20, 12, 3)
  validation: F_1/7=0.982180, precision=0.982988, recall=0.944133, good=11441, bad=198, missed=677, trie_nodes=1512, patterns=867, objective=0.982163
  Tested: params=(25, 26, 20, 11, 3)
  validation: F_1/7=0.982180, precision=0.982988, recall=0.944133, good=11441, bad=198, missed=677, trie_nodes=1512, patterns=867, objective=0.982163
  Tested: params=(22, 25, 19, 11, 3)
  validation: F_1/7=0.982186, precision=0.982991, recall=0.944298, good=11443, bad=198, missed=675, trie_nodes=1509, patterns=863, objective=0.982169
  Best so far: params=(30, 22, 10, 1, 2), score=0.989871, elapsed=21.8s

============================================================
Round 6/30
  Tested: params=(30, 22, 29, 1, 2)
  validation: F_1/7=0.989889, precision=0.990895, recall=0.942977, good=11427, bad=105, missed=691, trie_nodes=1561, patterns=914, objective=0.989871
  Tested: params=(30, 21, 30, 1, 2)
  validation: F_1/7=0.989889, precision=0.990895, recall=0.942977, good=11427, bad=105, missed=691, trie_nodes=1561, patterns=914, objective=0.989871
  Tested: params=(30, 22, 13, 1, 2)
  validation: F_1/7=0.989889, precision=0.990895, recall=0.942977, good=11427, bad=105, missed=691, trie_nodes=1561, patterns=914, objective=0.989871
  Tested: params=(29, 22, 30, 1, 2)
  validation: F_1/7=0.988963, precision=0.989950, recall=0.942895, good=11426, bad=116, missed=692, trie_nodes=1547, patterns=909, objective=0.988945
  Tested: params=(30, 21, 30, 1, 2)
  validation: F_1/7=0.989889, precision=0.990895, recall=0.942977, good=11427, bad=105, missed=691, trie_nodes=1561, patterns=914, objective=0.989871
  Best so far: params=(30, 22, 10, 1, 2), score=0.989871, elapsed=26.0s

============================================================
Round 7/30
  Tested: params=(27, 13, 27, 4, 1)
  validation: F_1/7=0.988741, precision=0.989702, recall=0.943803, good=11437, bad=119, missed=681, trie_nodes=1525, patterns=889, objective=0.988723
  Tested: params=(27, 14, 27, 4, 1)
  validation: F_1/7=0.988741, precision=0.989702, recall=0.943803, good=11437, bad=119, missed=681, trie_nodes=1525, patterns=889, objective=0.988723
  Tested: params=(27, 15, 27, 4, 1)
  validation: F_1/7=0.988741, precision=0.989702, recall=0.943803, good=11437, bad=119, missed=681, trie_nodes=1525, patterns=889, objective=0.988723
  Tested: params=(27, 13, 26, 4, 1)
  validation: F_1/7=0.988741, precision=0.989702, recall=0.943803, good=11437, bad=119, missed=681, trie_nodes=1525, patterns=889, objective=0.988723
  Tested: params=(27, 14, 27, 4, 1)
  validation: F_1/7=0.988741, precision=0.989702, recall=0.943803, good=11437, bad=119, missed=681, trie_nodes=1525, patterns=889, objective=0.988723
  Best so far: params=(30, 22, 10, 1, 2), score=0.989871, elapsed=30.4s

============================================================
Round 8/30
  Tested: params=(8, 29, 13, 25, 2)
  validation: F_1/7=0.960701, precision=0.961038, recall=0.944463, good=11445, bad=464, missed=673, trie_nodes=1372, patterns=747, objective=0.960685
  Tested: params=(22, 28, 13, 9, 2)
  validation: F_1/7=0.982104, precision=0.982907, recall=0.944298, good=11443, bad=199, missed=675, trie_nodes=1510, patterns=865, objective=0.982087
  Tested: params=(22, 29, 13, 22, 2)
  validation: F_1/7=0.982104, precision=0.982907, recall=0.944298, good=11443, bad=199, missed=675, trie_nodes=1510, patterns=865, objective=0.982087
  Tested: params=(10, 29, 13, 9, 2)
  validation: F_1/7=0.972942, precision=0.973543, recall=0.944380, good=11444, bad=311, missed=674, trie_nodes=1411, patterns=782, objective=0.972926
  Tested: params=(22, 28, 13, 22, 2)
  validation: F_1/7=0.982104, precision=0.982907, recall=0.944298, good=11443, bad=199, missed=675, trie_nodes=1510, patterns=865, objective=0.982087
  Best so far: params=(30, 22, 10, 1, 2), score=0.989871, elapsed=34.7s

============================================================
Round 9/30
  Tested: params=(17, 24, 24, 15, 3)
  validation: F_1/7=0.974396, precision=0.975032, recall=0.944215, good=11442, bad=293, missed=676, trie_nodes=1477, patterns=832, objective=0.974379
  Tested: params=(30, 24, 23, 14, 5)
  validation: F_1/7=0.989312, precision=0.990297, recall=0.943307, good=11431, bad=112, missed=687, trie_nodes=926, patterns=523, objective=0.989301
  Tested: params=(16, 24, 24, 2, 3)
  validation: F_1/7=0.974466, precision=0.975109, recall=0.943968, good=11439, bad=292, missed=679, trie_nodes=1464, patterns=827, objective=0.974449
  Tested: params=(30, 24, 23, 15, 5)
  validation: F_1/7=0.989312, precision=0.990297, recall=0.943307, good=11431, bad=112, missed=687, trie_nodes=926, patterns=523, objective=0.989301
  Tested: params=(30, 24, 22, 2, 3)
  validation: F_1/7=0.989744, precision=0.990730, recall=0.943720, good=11436, bad=107, missed=682, trie_nodes=1550, patterns=904, objective=0.989727
  Best so far: params=(30, 22, 10, 1, 2), score=0.989871, elapsed=39.0s

============================================================
Round 10/30
  Tested: params=(28, 20, 29, 2, 2)
  validation: F_1/7=0.988906, precision=0.989873, recall=0.943720, good=11436, bad=117, missed=682, trie_nodes=1539, patterns=893, objective=0.988888
  Tested: params=(28, 20, 29, 2, 2)
  validation: F_1/7=0.988906, precision=0.989873, recall=0.943720, good=11436, bad=117, missed=682, trie_nodes=1539, patterns=893, objective=0.988888
  Tested: params=(28, 20, 29, 2, 2)
  validation: F_1/7=0.988906, precision=0.989873, recall=0.943720, good=11436, bad=117, missed=682, trie_nodes=1539, patterns=893, objective=0.988888
  Tested: params=(28, 20, 29, 2, 2)
  validation: F_1/7=0.988906, precision=0.989873, recall=0.943720, good=11436, bad=117, missed=682, trie_nodes=1539, patterns=893, objective=0.988888
  Tested: params=(28, 20, 29, 2, 2)
  validation: F_1/7=0.988906, precision=0.989873, recall=0.943720, good=11436, bad=117, missed=682, trie_nodes=1539, patterns=893, objective=0.988888
  Best so far: params=(30, 22, 10, 1, 2), score=0.989871, elapsed=43.4s

============================================================
Round 11/30
  Tested: params=(1, 22, 15, 6, 1)
  validation: F_1/7=0.892417, precision=0.891406, recall=0.944958, good=11451, bad=1395, missed=667, trie_nodes=1253, patterns=630, objective=0.892403
  Tested: params=(1, 22, 15, 6, 1)
  validation: F_1/7=0.892417, precision=0.891406, recall=0.944958, good=11451, bad=1395, missed=667, trie_nodes=1253, patterns=630, objective=0.892403
  Tested: params=(3, 22, 15, 5, 1)
  validation: F_1/7=0.910250, precision=0.909575, recall=0.944628, good=11447, bad=1138, missed=671, trie_nodes=1250, patterns=634, objective=0.910236
  Tested: params=(1, 22, 15, 6, 1)
  validation: F_1/7=0.892417, precision=0.891406, recall=0.944958, good=11451, bad=1395, missed=667, trie_nodes=1253, patterns=630, objective=0.892403
  Tested: params=(3, 22, 17, 6, 1)
  validation: F_1/7=0.910259, precision=0.909582, recall=0.944710, good=11448, bad=1138, missed=670, trie_nodes=1261, patterns=635, objective=0.910245
  Best so far: params=(30, 22, 10, 1, 2), score=0.989871, elapsed=47.6s

============================================================
Round 12/30
  Tested: params=(30, 3, 9, 1, 3)
  validation: F_1/7=0.989815, precision=0.990812, recall=0.943307, good=11431, bad=106, missed=687, trie_nodes=1567, patterns=923, objective=0.989798
  Tested: params=(30, 19, 10, 1, 3)
  validation: F_1/7=0.989907, precision=0.990900, recall=0.943555, good=11434, bad=105, missed=684, trie_nodes=1555, patterns=906, objective=0.989889
  Tested: params=(30, 19, 9, 1, 3)
  validation: F_1/7=0.989907, precision=0.990900, recall=0.943555, good=11434, bad=105, missed=684, trie_nodes=1555, patterns=907, objective=0.989889
  Tested: params=(30, 19, 9, 1, 3)
  validation: F_1/7=0.989907, precision=0.990900, recall=0.943555, good=11434, bad=105, missed=684, trie_nodes=1555, patterns=907, objective=0.989889
  Tested: params=(30, 19, 9, 1, 3)
  validation: F_1/7=0.989907, precision=0.990900, recall=0.943555, good=11434, bad=105, missed=684, trie_nodes=1555, patterns=907, objective=0.989889
  Best so far: params=(30, 19, 10, 1, 3), score=0.989889, elapsed=51.9s

============================================================
Round 13/30
  Tested: params=(24, 17, 4, 3, 4)
  validation: F_1/7=0.982421, precision=0.983239, recall=0.943968, good=11439, bad=195, missed=679, trie_nodes=902, patterns=506, objective=0.982411
  Tested: params=(26, 17, 5, 3, 4)
  validation: F_1/7=0.988827, precision=0.989789, recall=0.943885, good=11438, bad=118, missed=680, trie_nodes=911, patterns=514, objective=0.988817
  Tested: params=(29, 17, 5, 3, 4)
  validation: F_1/7=0.988562, precision=0.989527, recall=0.943473, good=11433, bad=121, missed=685, trie_nodes=932, patterns=527, objective=0.988552
  Tested: params=(26, 17, 5, 3, 4)
  validation: F_1/7=0.988827, precision=0.989789, recall=0.943885, good=11438, bad=118, missed=680, trie_nodes=911, patterns=514, objective=0.988817
  Tested: params=(24, 17, 5, 3, 4)
  validation: F_1/7=0.982418, precision=0.983237, recall=0.943885, good=11438, bad=195, missed=680, trie_nodes=900, patterns=504, objective=0.982408
  Best so far: params=(30, 19, 10, 1, 3), score=0.989889, elapsed=56.1s

============================================================
Round 14/30
  Tested: params=(29, 19, 9, 1, 3)
  validation: F_1/7=0.988984, precision=0.989957, recall=0.943555, good=11434, bad=116, missed=684, trie_nodes=1556, patterns=909, objective=0.988966
  Tested: params=(29, 19, 9, 1, 3)
  validation: F_1/7=0.988984, precision=0.989957, recall=0.943555, good=11434, bad=116, missed=684, trie_nodes=1556, patterns=909, objective=0.988966
  Tested: params=(29, 19, 9, 1, 3)
  validation: F_1/7=0.988984, precision=0.989957, recall=0.943555, good=11434, bad=116, missed=684, trie_nodes=1556, patterns=909, objective=0.988966
  Tested: params=(29, 18, 9, 1, 3)
  validation: F_1/7=0.988984, precision=0.989957, recall=0.943555, good=11434, bad=116, missed=684, trie_nodes=1556, patterns=909, objective=0.988966
  Tested: params=(29, 19, 10, 1, 3)
  validation: F_1/7=0.988984, precision=0.989957, recall=0.943555, good=11434, bad=116, missed=684, trie_nodes=1556, patterns=908, objective=0.988966
  Best so far: params=(30, 19, 10, 1, 3), score=0.989889, elapsed=60.6s

============================================================
Round 15/30
  Tested: params=(27, 16, 11, 5, 3)
  validation: F_1/7=0.988660, precision=0.989618, recall=0.943885, good=11438, bad=120, missed=680, trie_nodes=1539, patterns=890, objective=0.988642
  Tested: params=(26, 21, 11, 5, 3)
  validation: F_1/7=0.988668, precision=0.989620, recall=0.944133, good=11441, bad=120, missed=677, trie_nodes=1526, patterns=879, objective=0.988650
  Tested: params=(26, 16, 11, 5, 3)
  validation: F_1/7=0.988668, precision=0.989620, recall=0.944133, good=11441, bad=120, missed=677, trie_nodes=1526, patterns=879, objective=0.988650
  Tested: params=(26, 16, 11, 5, 3)
  validation: F_1/7=0.988668, precision=0.989620, recall=0.944133, good=11441, bad=120, missed=677, trie_nodes=1526, patterns=879, objective=0.988650
  Tested: params=(26, 16, 11, 5, 3)
  validation: F_1/7=0.988668, precision=0.989620, recall=0.944133, good=11441, bad=120, missed=677, trie_nodes=1526, patterns=879, objective=0.988650
  Best so far: params=(30, 19, 10, 1, 3), score=0.989889, elapsed=64.8s

============================================================
Round 16/30
  Tested: params=(30, 23, 8, 30, 2)
  validation: F_1/7=0.989668, precision=0.990647, recall=0.943968, good=11439, bad=108, missed=679, trie_nodes=1556, patterns=903, objective=0.989651
  Tested: params=(30, 23, 7, 30, 2)
  validation: F_1/7=0.989671, precision=0.990648, recall=0.944050, good=11440, bad=108, missed=678, trie_nodes=1555, patterns=903, objective=0.989653
  Tested: params=(30, 23, 8, 3, 2)
  validation: F_1/7=0.989749, precision=0.990732, recall=0.943885, good=11438, bad=107, missed=680, trie_nodes=1548, patterns=903, objective=0.989732
  Tested: params=(30, 23, 8, 3, 2)
  validation: F_1/7=0.989749, precision=0.990732, recall=0.943885, good=11438, bad=107, missed=680, trie_nodes=1548, patterns=903, objective=0.989732
  Tested: params=(30, 23, 8, 18, 2)
  validation: F_1/7=0.989668, precision=0.990647, recall=0.943968, good=11439, bad=108, missed=679, trie_nodes=1556, patterns=903, objective=0.989651
  Best so far: params=(30, 19, 10, 1, 3), score=0.989889, elapsed=68.9s

============================================================
Round 17/30
  Tested: params=(28, 21, 12, 4, 2)
  validation: F_1/7=0.988657, precision=0.989617, recall=0.943803, good=11437, bad=120, missed=681, trie_nodes=1527, patterns=889, objective=0.988640
  Tested: params=(28, 21, 12, 4, 2)
  validation: F_1/7=0.988657, precision=0.989617, recall=0.943803, good=11437, bad=120, missed=681, trie_nodes=1527, patterns=889, objective=0.988640
  Tested: params=(28, 21, 12, 8, 2)
  validation: F_1/7=0.988660, precision=0.989618, recall=0.943885, good=11438, bad=120, missed=680, trie_nodes=1536, patterns=889, objective=0.988642
  Tested: params=(28, 21, 12, 4, 2)
  validation: F_1/7=0.988657, precision=0.989617, recall=0.943803, good=11437, bad=120, missed=681, trie_nodes=1527, patterns=889, objective=0.988640
  Tested: params=(28, 21, 12, 4, 2)
  validation: F_1/7=0.988657, precision=0.989617, recall=0.943803, good=11437, bad=120, missed=681, trie_nodes=1527, patterns=889, objective=0.988640
  Best so far: params=(30, 19, 10, 1, 3), score=0.989889, elapsed=73.3s

============================================================
Round 18/30
  Tested: params=(29, 25, 30, 2, 3)
  validation: F_1/7=0.988822, precision=0.989787, recall=0.943720, good=11436, bad=118, missed=682, trie_nodes=1551, patterns=906, objective=0.988804
  Tested: params=(29, 19, 30, 2, 3)
  validation: F_1/7=0.988822, precision=0.989787, recall=0.943720, good=11436, bad=118, missed=682, trie_nodes=1551, patterns=906, objective=0.988804
  Tested: params=(29, 19, 28, 2, 3)
  validation: F_1/7=0.988822, precision=0.989787, recall=0.943720, good=11436, bad=118, missed=682, trie_nodes=1551, patterns=906, objective=0.988804
  Tested: params=(29, 25, 30, 2, 3)
  validation: F_1/7=0.988822, precision=0.989787, recall=0.943720, good=11436, bad=118, missed=682, trie_nodes=1551, patterns=906, objective=0.988804
  Tested: params=(29, 19, 30, 2, 3)
  validation: F_1/7=0.988822, precision=0.989787, recall=0.943720, good=11436, bad=118, missed=682, trie_nodes=1551, patterns=906, objective=0.988804
  Best so far: params=(30, 19, 10, 1, 3), score=0.989889, elapsed=77.7s

============================================================
Round 19/30
  Tested: params=(27, 18, 1, 1, 2)
  validation: F_1/7=0.988876, precision=0.989863, recall=0.942812, good=11425, bad=117, missed=693, trie_nodes=1525, patterns=944, objective=0.988859
  Tested: params=(27, 11, 14, 1, 2)
  validation: F_1/7=0.988879, precision=0.989864, recall=0.942895, good=11426, bad=117, missed=692, trie_nodes=1540, patterns=901, objective=0.988861
  Tested: params=(27, 18, 14, 1, 2)
  validation: F_1/7=0.988879, precision=0.989864, recall=0.942895, good=11426, bad=117, missed=692, trie_nodes=1540, patterns=901, objective=0.988861
  Tested: params=(27, 18, 14, 1, 2)
  validation: F_1/7=0.988879, precision=0.989864, recall=0.942895, good=11426, bad=117, missed=692, trie_nodes=1540, patterns=901, objective=0.988861
  Tested: params=(27, 11, 14, 1, 2)
  validation: F_1/7=0.988879, precision=0.989864, recall=0.942895, good=11426, bad=117, missed=692, trie_nodes=1540, patterns=901, objective=0.988861
  Best so far: params=(30, 19, 10, 1, 3), score=0.989889, elapsed=82.1s

============================================================
Round 20/30
  Tested: params=(30, 2, 6, 3, 3)
  validation: F_1/7=0.989660, precision=0.990644, recall=0.943720, good=11436, bad=108, missed=682, trie_nodes=1566, patterns=923, objective=0.989643
  Tested: params=(30, 9, 6, 3, 3)
  validation: F_1/7=0.989752, precision=0.990733, recall=0.943968, good=11439, bad=107, missed=679, trie_nodes=1547, patterns=902, objective=0.989735
  Tested: params=(30, 20, 6, 26, 3)
  validation: F_1/7=0.989671, precision=0.990648, recall=0.944050, good=11440, bad=108, missed=678, trie_nodes=1555, patterns=903, objective=0.989653
  Tested: params=(30, 8, 6, 25, 3)
  validation: F_1/7=0.989671, precision=0.990648, recall=0.944050, good=11440, bad=108, missed=678, trie_nodes=1555, patterns=902, objective=0.989653
  Tested: params=(30, 3, 6, 26, 3)
  validation: F_1/7=0.989747, precision=0.990731, recall=0.943803, good=11437, bad=107, missed=681, trie_nodes=1556, patterns=919, objective=0.989729
  Best so far: params=(30, 19, 10, 1, 3), score=0.989889, elapsed=86.3s

============================================================
Round 21/30
  Tested: params=(19, 20, 10, 20, 2)
  validation: F_1/7=0.974318, precision=0.974951, recall=0.944298, good=11443, bad=294, missed=675, trie_nodes=1494, patterns=843, objective=0.974302
  Tested: params=(20, 20, 10, 1, 2)
  validation: F_1/7=0.974516, precision=0.975175, recall=0.943307, good=11431, bad=291, missed=687, trie_nodes=1498, patterns=855, objective=0.974500
  Tested: params=(28, 5, 28, 20, 2)
  validation: F_1/7=0.988741, precision=0.989702, recall=0.943803, good=11437, bad=119, missed=681, trie_nodes=1537, patterns=893, objective=0.988723
  Tested: params=(11, 6, 10, 1, 2)
  validation: F_1/7=0.973374, precision=0.974009, recall=0.943225, good=11430, bad=305, missed=688, trie_nodes=1422, patterns=794, objective=0.973358
  Tested: params=(21, 6, 10, 1, 2)
  validation: F_1/7=0.974516, precision=0.975175, recall=0.943307, good=11431, bad=291, missed=687, trie_nodes=1500, patterns=855, objective=0.974500
  Best so far: params=(30, 19, 10, 1, 3), score=0.989889, elapsed=90.6s

============================================================
Round 22/30
  Tested: params=(30, 9, 17, 3, 3)
  validation: F_1/7=0.989749, precision=0.990732, recall=0.943885, good=11438, bad=107, missed=680, trie_nodes=1545, patterns=901, objective=0.989732
  Tested: params=(30, 9, 3, 3, 3)
  validation: F_1/7=0.989589, precision=0.990563, recall=0.944133, good=11441, bad=109, missed=677, trie_nodes=1549, patterns=910, objective=0.989572
  Tested: params=(30, 9, 26, 3, 3)
  validation: F_1/7=0.989749, precision=0.990732, recall=0.943885, good=11438, bad=107, missed=680, trie_nodes=1545, patterns=901, objective=0.989732
  Tested: params=(30, 1, 9, 3, 3)
  validation: F_1/7=0.989739, precision=0.990729, recall=0.943555, good=11434, bad=107, missed=684, trie_nodes=1598, patterns=953, objective=0.989721
  Tested: params=(30, 22, 17, 3, 3)
  validation: F_1/7=0.989749, precision=0.990732, recall=0.943885, good=11438, bad=107, missed=680, trie_nodes=1545, patterns=902, objective=0.989732
  Best so far: params=(30, 19, 10, 1, 3), score=0.989889, elapsed=94.9s

============================================================
Round 23/30
  Tested: params=(7, 15, 28, 2, 3)
  validation: F_1/7=0.960923, precision=0.961270, recall=0.944215, good=11442, bad=461, missed=676, trie_nodes=1355, patterns=739, objective=0.960908
  Tested: params=(29, 15, 28, 17, 3)
  validation: F_1/7=0.988746, precision=0.989704, recall=0.943968, good=11439, bad=119, missed=679, trie_nodes=1557, patterns=904, objective=0.988728
  Tested: params=(8, 13, 28, 2, 3)
  validation: F_1/7=0.960765, precision=0.961109, recall=0.944215, good=11442, bad=463, missed=676, trie_nodes=1367, patterns=749, objective=0.960750
  Tested: params=(29, 15, 8, 2, 3)
  validation: F_1/7=0.988822, precision=0.989787, recall=0.943720, good=11436, bad=118, missed=682, trie_nodes=1554, patterns=907, objective=0.988804
  Tested: params=(8, 14, 8, 2, 3)
  validation: F_1/7=0.960765, precision=0.961109, recall=0.944215, good=11442, bad=463, missed=676, trie_nodes=1370, patterns=750, objective=0.960750
  Best so far: params=(30, 19, 10, 1, 3), score=0.989889, elapsed=99.1s

============================================================
Round 24/30
  Tested: params=(29, 7, 7, 1, 3)
  validation: F_1/7=0.988984, precision=0.989957, recall=0.943555, good=11434, bad=116, missed=684, trie_nodes=1556, patterns=908, objective=0.988966
  Tested: params=(29, 5, 7, 1, 3)
  validation: F_1/7=0.988984, precision=0.989957, recall=0.943555, good=11434, bad=116, missed=684, trie_nodes=1558, patterns=909, objective=0.988966
  Tested: params=(29, 5, 25, 1, 3)
  validation: F_1/7=0.988984, precision=0.989957, recall=0.943555, good=11434, bad=116, missed=684, trie_nodes=1558, patterns=908, objective=0.988966
  Tested: params=(29, 5, 25, 1, 3)
  validation: F_1/7=0.988984, precision=0.989957, recall=0.943555, good=11434, bad=116, missed=684, trie_nodes=1558, patterns=908, objective=0.988966
  Tested: params=(29, 5, 7, 1, 3)
  validation: F_1/7=0.988984, precision=0.989957, recall=0.943555, good=11434, bad=116, missed=684, trie_nodes=1558, patterns=909, objective=0.988966
  Best so far: params=(30, 19, 10, 1, 3), score=0.989889, elapsed=103.5s

============================================================
Round 25/30
  Tested: params=(28, 21, 20, 4, 4)
  validation: F_1/7=0.988473, precision=0.989440, recall=0.943307, good=11431, bad=122, missed=687, trie_nodes=921, patterns=522, objective=0.988463
  Tested: params=(28, 3, 20, 4, 2)
  validation: F_1/7=0.988735, precision=0.989701, recall=0.943638, good=11435, bad=119, missed=683, trie_nodes=1539, patterns=905, objective=0.988718
  Tested: params=(28, 21, 21, 4, 4)
  validation: F_1/7=0.988473, precision=0.989440, recall=0.943307, good=11431, bad=122, missed=687, trie_nodes=921, patterns=522, objective=0.988463
  Tested: params=(28, 3, 10, 4, 4)
  validation: F_1/7=0.988546, precision=0.989522, recall=0.942977, good=11427, bad=121, missed=691, trie_nodes=919, patterns=523, objective=0.988536
  Tested: params=(28, 21, 9, 4, 4)
  validation: F_1/7=0.988473, precision=0.989440, recall=0.943307, good=11431, bad=122, missed=687, trie_nodes=921, patterns=522, objective=0.988463
  Best so far: params=(30, 19, 10, 1, 3), score=0.989889, elapsed=107.5s

============================================================
Round 26/30
  Tested: params=(30, 10, 26, 2, 3)
  validation: F_1/7=0.989744, precision=0.990730, recall=0.943720, good=11436, bad=107, missed=682, trie_nodes=1550, patterns=904, objective=0.989727
  Tested: params=(30, 10, 29, 2, 3)
  validation: F_1/7=0.989744, precision=0.990730, recall=0.943720, good=11436, bad=107, missed=682, trie_nodes=1550, patterns=904, objective=0.989727
  Tested: params=(30, 11, 29, 2, 3)
  validation: F_1/7=0.989744, precision=0.990730, recall=0.943720, good=11436, bad=107, missed=682, trie_nodes=1550, patterns=904, objective=0.989727
  Tested: params=(30, 10, 29, 2, 3)
  validation: F_1/7=0.989744, precision=0.990730, recall=0.943720, good=11436, bad=107, missed=682, trie_nodes=1550, patterns=904, objective=0.989727
  Tested: params=(30, 10, 26, 2, 3)
  validation: F_1/7=0.989744, precision=0.990730, recall=0.943720, good=11436, bad=107, missed=682, trie_nodes=1550, patterns=904, objective=0.989727
  Best so far: params=(30, 19, 10, 1, 3), score=0.989889, elapsed=111.8s

============================================================
Round 27/30
  Tested: params=(30, 8, 9, 3, 3)
  validation: F_1/7=0.989749, precision=0.990732, recall=0.943885, good=11438, bad=107, missed=680, trie_nodes=1548, patterns=902, objective=0.989732
  Tested: params=(30, 8, 18, 3, 3)
  validation: F_1/7=0.989749, precision=0.990732, recall=0.943885, good=11438, bad=107, missed=680, trie_nodes=1545, patterns=901, objective=0.989732
  Tested: params=(30, 8, 9, 3, 3)
  validation: F_1/7=0.989749, precision=0.990732, recall=0.943885, good=11438, bad=107, missed=680, trie_nodes=1548, patterns=902, objective=0.989732
  Tested: params=(30, 7, 9, 3, 3)
  validation: F_1/7=0.989749, precision=0.990732, recall=0.943885, good=11438, bad=107, missed=680, trie_nodes=1548, patterns=902, objective=0.989732
  Tested: params=(30, 8, 18, 3, 3)
  validation: F_1/7=0.989749, precision=0.990732, recall=0.943885, good=11438, bad=107, missed=680, trie_nodes=1545, patterns=901, objective=0.989732
  Best so far: params=(30, 19, 10, 1, 3), score=0.989889, elapsed=116.1s

============================================================
Round 28/30
  Tested: params=(29, 22, 27, 1, 2)
  validation: F_1/7=0.988963, precision=0.989950, recall=0.942895, good=11426, bad=116, missed=692, trie_nodes=1547, patterns=909, objective=0.988945
  Tested: params=(29, 22, 16, 12, 2)
  validation: F_1/7=0.988743, precision=0.989703, recall=0.943885, good=11438, bad=119, missed=680, trie_nodes=1543, patterns=897, objective=0.988726
  Tested: params=(15, 22, 17, 1, 2)
  validation: F_1/7=0.973455, precision=0.974092, recall=0.943225, good=11430, bad=304, missed=688, trie_nodes=1450, patterns=823, objective=0.973439
  Tested: params=(29, 22, 16, 13, 2)
  validation: F_1/7=0.988743, precision=0.989703, recall=0.943885, good=11438, bad=119, missed=680, trie_nodes=1543, patterns=897, objective=0.988726
  Tested: params=(29, 22, 16, 13, 2)
  validation: F_1/7=0.988743, precision=0.989703, recall=0.943885, good=11438, bad=119, missed=680, trie_nodes=1543, patterns=897, objective=0.988726
  Best so far: params=(30, 19, 10, 1, 3), score=0.989889, elapsed=120.6s

============================================================
Round 29/30
  Tested: params=(30, 23, 11, 2, 3)
  validation: F_1/7=0.989744, precision=0.990730, recall=0.943720, good=11436, bad=107, missed=682, trie_nodes=1550, patterns=904, objective=0.989727
  Tested: params=(30, 23, 11, 2, 3)
  validation: F_1/7=0.989744, precision=0.990730, recall=0.943720, good=11436, bad=107, missed=682, trie_nodes=1550, patterns=904, objective=0.989727
  Tested: params=(30, 23, 11, 2, 3)
  validation: F_1/7=0.989744, precision=0.990730, recall=0.943720, good=11436, bad=107, missed=682, trie_nodes=1550, patterns=904, objective=0.989727
  Tested: params=(30, 23, 11, 2, 3)
  validation: F_1/7=0.989744, precision=0.990730, recall=0.943720, good=11436, bad=107, missed=682, trie_nodes=1550, patterns=904, objective=0.989727
  Tested: params=(30, 23, 11, 2, 3)
  validation: F_1/7=0.989744, precision=0.990730, recall=0.943720, good=11436, bad=107, missed=682, trie_nodes=1550, patterns=904, objective=0.989727
  Best so far: params=(30, 19, 10, 1, 3), score=0.989889, elapsed=124.8s

============================================================
Round 30/30
  Tested: params=(29, 9, 17, 3, 3)
  validation: F_1/7=0.988827, precision=0.989789, recall=0.943885, good=11438, bad=118, missed=680, trie_nodes=1546, patterns=903, objective=0.988810
  Tested: params=(29, 9, 18, 3, 3)
  validation: F_1/7=0.988827, precision=0.989789, recall=0.943885, good=11438, bad=118, missed=680, trie_nodes=1546, patterns=903, objective=0.988810
  Tested: params=(29, 9, 8, 3, 3)
  validation: F_1/7=0.988827, precision=0.989789, recall=0.943885, good=11438, bad=118, missed=680, trie_nodes=1549, patterns=904, objective=0.988810
  Tested: params=(17, 9, 18, 3, 3)
  validation: F_1/7=0.974392, precision=0.975030, recall=0.944133, good=11441, bad=293, missed=677, trie_nodes=1467, patterns=831, objective=0.974376
  Tested: params=(29, 9, 17, 3, 3)
  validation: F_1/7=0.988827, precision=0.989789, recall=0.943885, good=11438, bad=118, missed=680, trie_nodes=1546, patterns=903, objective=0.988810
  Best so far: params=(30, 19, 10, 1, 3), score=0.989889, elapsed=129.1s

============================================================
Final phase: 3 evaluations
  Tested: params=(28, 20, 13, 1, 3)
  validation: F_1/7=0.988981, precision=0.989956, recall=0.943473, good=11433, bad=116, missed=685, trie_nodes=1542, patterns=901, objective=0.988964
  Tested: params=(28, 20, 30, 1, 3)
  validation: F_1/7=0.988981, precision=0.989956, recall=0.943473, good=11433, bad=116, missed=685, trie_nodes=1542, patterns=901, objective=0.988964
  Tested: params=(28, 19, 30, 1, 3)
  validation: F_1/7=0.988981, precision=0.989956, recall=0.943473, good=11433, bad=116, missed=685, trie_nodes=1542, patterns=901, objective=0.988964

============================================================
Threshold ablation run complete
Best parameters (b1 b2 b3 b4 thr): (30, 19, 10, 1, 3)
Thresholds: {'mode': 'shared', 'shared': 3, 'per_level': [3, 3, 3, 3]}
  validation-selected: F_1/7=0.989907, precision=0.990900, recall=0.943555, good=11434, bad=105, missed=684, trie_nodes=1555, patterns=906, objective=0.989889
  held-out test: F_1/7=0.989418, precision=0.990406, recall=0.943283, good=11459, bad=111, missed=689, trie_nodes=1555, patterns=906
Summary: results/threshold_ablation/pt/wiktionary/shared_tpe/summary.json
History: results/threshold_ablation/pt/wiktionary/shared_tpe/history.csv
Wall time: 134.1s
