Proportional trie_normalizer for pt/wiktionary: |D| = 44321
Objective: F17+Trie(w=0.0005)
Dataset: /home/dev/hyph-bench/data/pt/wiktionary/pt_enwiktionary.wlh_dis.wlh
Translate: /home/dev/hyph-bench/data/pt/wiktionary/pt_enwiktionary.wlh_dis.wlh.tra
Method: random | Threshold mode: shared
Search space (5-D): [(1, 30), (1, 30), (1, 30), (1, 30), (1, 5)]
Split counts: train=35457, validation=4432, test=4432
Pattern ranges: [(1, 4), (2, 5), (2, 6), (2, 7)]
Budget: 30 rounds x 5 + 3 final = 153 patgen evaluations; 3 parallel workers

============================================================
Round 1/30
  Tested: params=(12, 29, 22, 18, 1)
  validation: F_1/7=0.973340, precision=0.973953, recall=0.944215, good=11442, bad=306, missed=676, trie_nodes=1414, patterns=784, objective=0.973324
  Tested: params=(5, 2, 26, 19, 4)
  validation: F_1/7=0.937222, precision=0.937085, recall=0.943968, good=11439, bad=768, missed=679, trie_nodes=771, patterns=424, objective=0.937213
  Tested: params=(1, 30, 25, 7, 1)
  validation: F_1/7=0.892417, precision=0.891406, recall=0.944958, good=11451, bad=1395, missed=667, trie_nodes=1253, patterns=633, objective=0.892403
  Tested: params=(6, 10, 16, 13, 2)
  validation: F_1/7=0.937331, precision=0.937188, recall=0.944380, good=11444, bad=767, missed=674, trie_nodes=1340, patterns=742, objective=0.937315
  Tested: params=(19, 5, 9, 11, 3)
  validation: F_1/7=0.974318, precision=0.974951, recall=0.944298, good=11443, bad=294, missed=675, trie_nodes=1498, patterns=844, objective=0.974302
  Best so far: params=(19, 5, 9, 11, 3), score=0.974302, elapsed=3.8s

============================================================
Round 2/30
  Tested: params=(24, 6, 16, 18, 1)
  validation: F_1/7=0.982183, precision=0.982990, recall=0.944215, good=11442, bad=198, missed=676, trie_nodes=1514, patterns=866, objective=0.982166
  Tested: params=(19, 6, 2, 29, 5)
  validation: F_1/7=0.972772, precision=0.973373, recall=0.944215, good=11442, bad=313, missed=676, trie_nodes=889, patterns=490, objective=0.972762
  Tested: params=(25, 10, 3, 21, 3)
  validation: F_1/7=0.982024, precision=0.982824, recall=0.944380, good=11444, bad=200, missed=674, trie_nodes=1510, patterns=876, objective=0.982007
  Tested: params=(4, 15, 2, 28, 2)
  validation: F_1/7=0.931690, precision=0.931424, recall=0.944875, good=11450, bad=843, missed=668, trie_nodes=1329, patterns=724, objective=0.931675
  Tested: params=(20, 10, 16, 17, 1)
  validation: F_1/7=0.974318, precision=0.974951, recall=0.944298, good=11443, bad=294, missed=675, trie_nodes=1494, patterns=841, objective=0.974302
  Best so far: params=(24, 6, 16, 18, 1), score=0.982166, elapsed=7.7s

============================================================
Round 3/30
  Tested: params=(30, 24, 29, 27, 3)
  validation: F_1/7=0.989668, precision=0.990647, recall=0.943968, good=11439, bad=108, missed=679, trie_nodes=1556, patterns=902, objective=0.989651
  Tested: params=(28, 3, 6, 2, 2)
  validation: F_1/7=0.988816, precision=0.989785, recall=0.943555, good=11434, bad=118, missed=684, trie_nodes=1550, patterns=910, objective=0.988799
  Tested: params=(12, 9, 25, 11, 2)
  validation: F_1/7=0.973259, precision=0.973870, recall=0.944215, good=11442, bad=307, missed=676, trie_nodes=1414, patterns=783, objective=0.973243
  Tested: params=(17, 5, 25, 3, 5)
  validation: F_1/7=0.974458, precision=0.975104, recall=0.943803, good=11437, bad=292, missed=681, trie_nodes=865, patterns=473, objective=0.974448
  Tested: params=(24, 6, 1, 25, 4)
  validation: F_1/7=0.980540, precision=0.981307, recall=0.944380, good=11444, bad=218, missed=674, trie_nodes=921, patterns=527, objective=0.980530
  Best so far: params=(30, 24, 29, 27, 3), score=0.989651, elapsed=11.8s

============================================================
Round 4/30
  Tested: params=(22, 24, 3, 11, 1)
  validation: F_1/7=0.981945, precision=0.982741, recall=0.944463, good=11445, bad=201, missed=673, trie_nodes=1507, patterns=874, objective=0.981928
  Tested: params=(26, 19, 10, 2, 2)
  validation: F_1/7=0.982421, precision=0.983239, recall=0.943968, good=11439, bad=195, missed=679, trie_nodes=1514, patterns=871, objective=0.982404
  Tested: params=(10, 22, 20, 27, 3)
  validation: F_1/7=0.973023, precision=0.973626, recall=0.944380, good=11444, bad=310, missed=674, trie_nodes=1414, patterns=785, objective=0.973007
  Tested: params=(4, 22, 23, 17, 4)
  validation: F_1/7=0.931156, precision=0.930883, recall=0.944710, good=11448, bad=850, missed=670, trie_nodes=734, patterns=387, objective=0.931147
  Tested: params=(15, 16, 13, 1, 1)
  validation: F_1/7=0.973463, precision=0.974097, recall=0.943390, good=11432, bad=304, missed=686, trie_nodes=1433, patterns=824, objective=0.973447
  Best so far: params=(30, 24, 29, 27, 3), score=0.989651, elapsed=15.9s

============================================================
Round 5/30
  Tested: params=(1, 20, 10, 16, 5)
  validation: F_1/7=0.892096, precision=0.891076, recall=0.945123, good=11453, bad=1400, missed=665, trie_nodes=667, patterns=310, objective=0.892089
  Tested: params=(8, 13, 23, 7, 1)
  validation: F_1/7=0.960701, precision=0.961038, recall=0.944463, good=11445, bad=464, missed=673, trie_nodes=1372, patterns=748, objective=0.960685
  Tested: params=(9, 5, 28, 25, 4)
  validation: F_1/7=0.972845, precision=0.973451, recall=0.944050, good=11440, bad=312, missed=678, trie_nodes=811, patterns=452, objective=0.972836
  Tested: params=(27, 25, 6, 27, 3)
  validation: F_1/7=0.988662, precision=0.989618, recall=0.943968, good=11439, bad=120, missed=679, trie_nodes=1535, patterns=890, objective=0.988645
  Tested: params=(25, 27, 10, 4, 2)
  validation: F_1/7=0.982177, precision=0.982987, recall=0.944050, good=11440, bad=198, missed=678, trie_nodes=1506, patterns=868, objective=0.982160
  Best so far: params=(30, 24, 29, 27, 3), score=0.989651, elapsed=19.8s

============================================================
Round 6/30
  Tested: params=(13, 25, 26, 1, 3)
  validation: F_1/7=0.973645, precision=0.974274, recall=0.943803, good=11437, bad=302, missed=681, trie_nodes=1421, patterns=793, objective=0.973629
  Tested: params=(13, 7, 4, 11, 5)
  validation: F_1/7=0.973255, precision=0.973868, recall=0.944133, good=11441, bad=307, missed=677, trie_nodes=836, patterns=454, objective=0.973245
  Tested: params=(10, 16, 22, 11, 5)
  validation: F_1/7=0.972756, precision=0.973364, recall=0.943885, good=11438, bad=313, missed=680, trie_nodes=824, patterns=447, objective=0.972747
  Tested: params=(29, 8, 15, 10, 2)
  validation: F_1/7=0.988743, precision=0.989703, recall=0.943885, good=11438, bad=119, missed=680, trie_nodes=1543, patterns=896, objective=0.988726
  Tested: params=(2, 19, 16, 2, 2)
  validation: F_1/7=0.893070, precision=0.892075, recall=0.944710, good=11448, bad=1385, missed=670, trie_nodes=1244, patterns=626, objective=0.893056
  Best so far: params=(30, 24, 29, 27, 3), score=0.989651, elapsed=23.5s

============================================================
Round 7/30
  Tested: params=(28, 8, 5, 15, 5)
  validation: F_1/7=0.988476, precision=0.989441, recall=0.943390, good=11432, bad=122, missed=686, trie_nodes=925, patterns=524, objective=0.988465
  Tested: params=(8, 21, 23, 8, 4)
  validation: F_1/7=0.960454, precision=0.960789, recall=0.944298, good=11443, bad=467, missed=675, trie_nodes=783, patterns=414, objective=0.960445
  Tested: params=(12, 19, 20, 17, 1)
  validation: F_1/7=0.973340, precision=0.973953, recall=0.944215, good=11442, bad=306, missed=676, trie_nodes=1414, patterns=784, objective=0.973324
  Tested: params=(26, 10, 6, 2, 3)
  validation: F_1/7=0.988746, precision=0.989704, recall=0.943968, good=11439, bad=119, missed=679, trie_nodes=1519, patterns=881, objective=0.988729
  Tested: params=(21, 1, 16, 7, 4)
  validation: F_1/7=0.974916, precision=0.975587, recall=0.943142, good=11429, bad=286, missed=689, trie_nodes=907, patterns=513, objective=0.974906
  Best so far: params=(30, 24, 29, 27, 3), score=0.989651, elapsed=27.2s

============================================================
Round 8/30
  Tested: params=(6, 21, 12, 29, 1)
  validation: F_1/7=0.931654, precision=0.931396, recall=0.944463, good=11445, bad=843, missed=673, trie_nodes=1341, patterns=724, objective=0.931639
  Tested: params=(11, 4, 28, 27, 2)
  validation: F_1/7=0.973085, precision=0.973698, recall=0.943968, good=11439, bad=309, missed=679, trie_nodes=1415, patterns=793, objective=0.973069
  Tested: params=(20, 25, 17, 16, 2)
  validation: F_1/7=0.974318, precision=0.974951, recall=0.944298, good=11443, bad=294, missed=675, trie_nodes=1494, patterns=842, objective=0.974302
  Tested: params=(3, 27, 28, 19, 2)
  validation: F_1/7=0.910259, precision=0.909582, recall=0.944710, good=11448, bad=1138, missed=670, trie_nodes=1258, patterns=636, objective=0.910245
  Tested: params=(11, 22, 27, 27, 4)
  validation: F_1/7=0.972922, precision=0.973532, recall=0.943968, good=11439, bad=311, missed=679, trie_nodes=821, patterns=442, objective=0.972913
  Best so far: params=(30, 24, 29, 27, 3), score=0.989651, elapsed=30.9s

============================================================
Round 9/30
  Tested: params=(20, 3, 5, 27, 4)
  validation: F_1/7=0.974532, precision=0.975183, recall=0.943638, good=11435, bad=291, missed=683, trie_nodes=884, patterns=486, objective=0.974522
  Tested: params=(1, 4, 20, 1, 1)
  validation: F_1/7=0.915263, precision=0.914706, recall=0.943390, good=11432, bad=1066, missed=686, trie_nodes=1281, patterns=706, objective=0.915248
  Tested: params=(17, 21, 20, 7, 4)
  validation: F_1/7=0.974214, precision=0.974855, recall=0.943803, good=11437, bad=295, missed=681, trie_nodes=869, patterns=475, objective=0.974204
  Tested: params=(8, 10, 23, 20, 5)
  validation: F_1/7=0.965927, precision=0.966382, recall=0.944133, good=11441, bad=398, missed=677, trie_nodes=784, patterns=423, objective=0.965918
  Tested: params=(20, 18, 3, 12, 2)
  validation: F_1/7=0.974164, precision=0.974789, recall=0.944463, good=11445, bad=296, missed=673, trie_nodes=1491, patterns=851, objective=0.974147
  Best so far: params=(30, 24, 29, 27, 3), score=0.989651, elapsed=35.2s

============================================================
Round 10/30
  Tested: params=(8, 30, 12, 27, 4)
  validation: F_1/7=0.960454, precision=0.960789, recall=0.944298, good=11443, bad=467, missed=675, trie_nodes=783, patterns=414, objective=0.960445
  Tested: params=(24, 16, 18, 15, 1)
  validation: F_1/7=0.982183, precision=0.982990, recall=0.944215, good=11442, bad=198, missed=676, trie_nodes=1510, patterns=865, objective=0.982166
  Tested: params=(22, 9, 1, 20, 1)
  validation: F_1/7=0.981206, precision=0.981984, recall=0.944545, good=11446, bad=210, missed=672, trie_nodes=1626, patterns=957, objective=0.981187
  Tested: params=(29, 29, 28, 12, 1)
  validation: F_1/7=0.988743, precision=0.989703, recall=0.943885, good=11438, bad=119, missed=680, trie_nodes=1543, patterns=897, objective=0.988726
  Tested: params=(28, 13, 29, 29, 5)
  validation: F_1/7=0.988389, precision=0.989354, recall=0.943307, good=11431, bad=123, missed=687, trie_nodes=926, patterns=523, objective=0.988379
  Best so far: params=(30, 24, 29, 27, 3), score=0.989651, elapsed=39.6s

============================================================
Round 11/30
  Tested: params=(9, 12, 26, 10, 1)
  validation: F_1/7=0.967305, precision=0.967783, recall=0.944463, good=11445, bad=381, missed=673, trie_nodes=1398, patterns=778, objective=0.967289
  Tested: params=(17, 29, 21, 18, 1)
  validation: F_1/7=0.974392, precision=0.975030, recall=0.944133, good=11441, bad=293, missed=677, trie_nodes=1461, patterns=825, objective=0.974376
  Tested: params=(19, 30, 5, 16, 5)
  validation: F_1/7=0.974384, precision=0.975026, recall=0.943968, good=11439, bad=293, missed=679, trie_nodes=881, patterns=482, objective=0.974374
  Tested: params=(23, 21, 22, 11, 2)
  validation: F_1/7=0.982186, precision=0.982991, recall=0.944298, good=11443, bad=198, missed=675, trie_nodes=1509, patterns=863, objective=0.982169
  Tested: params=(25, 25, 27, 28, 3)
  validation: F_1/7=0.982180, precision=0.982988, recall=0.944133, good=11441, bad=198, missed=677, trie_nodes=1512, patterns=867, objective=0.982163
  Best so far: params=(30, 24, 29, 27, 3), score=0.989651, elapsed=43.9s

============================================================
Round 12/30
  Tested: params=(16, 24, 20, 22, 4)
  validation: F_1/7=0.974137, precision=0.974774, recall=0.943885, good=11438, bad=296, missed=680, trie_nodes=857, patterns=466, objective=0.974127
  Tested: params=(27, 11, 12, 3, 3)
  validation: F_1/7=0.988741, precision=0.989702, recall=0.943803, good=11437, bad=119, missed=681, trie_nodes=1525, patterns=889, objective=0.988723
  Tested: params=(2, 14, 17, 9, 3)
  validation: F_1/7=0.893295, precision=0.892300, recall=0.944875, good=11450, bad=1382, missed=668, trie_nodes=1240, patterns=626, objective=0.893281
  Tested: params=(1, 2, 25, 11, 1)
  validation: F_1/7=0.937858, precision=0.937725, recall=0.944380, good=11444, bad=760, missed=674, trie_nodes=1395, patterns=805, objective=0.937842
  Tested: params=(16, 24, 7, 19, 1)
  validation: F_1/7=0.974392, precision=0.975030, recall=0.944133, good=11441, bad=293, missed=677, trie_nodes=1459, patterns=825, objective=0.974376
  Best so far: params=(30, 24, 29, 27, 3), score=0.989651, elapsed=47.9s

============================================================
Round 13/30
  Tested: params=(2, 16, 17, 20, 4)
  validation: F_1/7=0.892330, precision=0.891320, recall=0.944793, good=11449, bad=1396, missed=669, trie_nodes=670, patterns=316, objective=0.892322
  Tested: params=(30, 16, 10, 24, 2)
  validation: F_1/7=0.989668, precision=0.990647, recall=0.943968, good=11439, bad=108, missed=679, trie_nodes=1556, patterns=903, objective=0.989651
  Tested: params=(14, 3, 1, 29, 5)
  validation: F_1/7=0.973015, precision=0.973622, recall=0.944215, good=11442, bad=310, missed=676, trie_nodes=869, patterns=486, objective=0.973006
  Tested: params=(21, 13, 6, 5, 2)
  validation: F_1/7=0.974318, precision=0.974951, recall=0.944298, good=11443, bad=294, missed=675, trie_nodes=1495, patterns=844, objective=0.974302
  Tested: params=(17, 22, 20, 9, 5)
  validation: F_1/7=0.974295, precision=0.974938, recall=0.943803, good=11437, bad=294, missed=681, trie_nodes=869, patterns=474, objective=0.974286
  Best so far: params=(30, 24, 29, 27, 3), score=0.989651, elapsed=51.5s

============================================================
Round 14/30
  Tested: params=(23, 17, 19, 13, 2)
  validation: F_1/7=0.982186, precision=0.982991, recall=0.944298, good=11443, bad=198, missed=675, trie_nodes=1509, patterns=863, objective=0.982169
  Tested: params=(11, 23, 1, 4, 1)
  validation: F_1/7=0.972768, precision=0.973371, recall=0.944133, good=11441, bad=313, missed=677, trie_nodes=1473, patterns=844, objective=0.972752
  Tested: params=(2, 26, 22, 15, 1)
  validation: F_1/7=0.892554, precision=0.891545, recall=0.944958, good=11451, bad=1393, missed=667, trie_nodes=1254, patterns=642, objective=0.892540
  Tested: params=(15, 15, 6, 14, 2)
  validation: F_1/7=0.973259, precision=0.973870, recall=0.944215, good=11442, bad=307, missed=676, trie_nodes=1442, patterns=811, objective=0.973243
  Tested: params=(19, 20, 2, 12, 4)
  validation: F_1/7=0.972699, precision=0.973295, recall=0.944380, good=11444, bad=314, missed=674, trie_nodes=897, patterns=501, objective=0.972689
  Best so far: params=(30, 24, 29, 27, 3), score=0.989651, elapsed=55.3s

============================================================
Round 15/30
  Tested: params=(16, 26, 20, 5, 1)
  validation: F_1/7=0.974388, precision=0.975028, recall=0.944050, good=11440, bad=293, missed=678, trie_nodes=1453, patterns=825, objective=0.974372
  Tested: params=(20, 1, 18, 29, 3)
  validation: F_1/7=0.974625, precision=0.975273, recall=0.943885, good=11438, bad=290, missed=680, trie_nodes=1549, patterns=915, objective=0.974607
  Tested: params=(12, 20, 14, 17, 5)
  validation: F_1/7=0.973085, precision=0.973698, recall=0.943968, good=11439, bad=309, missed=679, trie_nodes=822, patterns=443, objective=0.973075
  Tested: params=(12, 29, 28, 6, 1)
  validation: F_1/7=0.973340, precision=0.973953, recall=0.944215, good=11442, bad=306, missed=676, trie_nodes=1417, patterns=785, objective=0.973324
  Tested: params=(4, 1, 3, 21, 1)
  validation: F_1/7=0.937229, precision=0.937090, recall=0.944050, good=11440, bad=768, missed=678, trie_nodes=1413, patterns=964, objective=0.937213
  Best so far: params=(30, 24, 29, 27, 3), score=0.989651, elapsed=59.1s

============================================================
Round 16/30
  Tested: params=(10, 26, 1, 25, 2)
  validation: F_1/7=0.972464, precision=0.973051, recall=0.944545, good=11446, bad=317, missed=672, trie_nodes=1500, patterns=842, objective=0.972447
  Tested: params=(4, 21, 19, 27, 4)
  validation: F_1/7=0.931156, precision=0.930883, recall=0.944710, good=11448, bad=850, missed=670, trie_nodes=734, patterns=387, objective=0.931147
  Tested: params=(25, 9, 6, 23, 5)
  validation: F_1/7=0.982246, precision=0.983065, recall=0.943720, good=11436, bad=197, missed=682, trie_nodes=897, patterns=501, objective=0.982236
  Tested: params=(30, 13, 12, 24, 2)
  validation: F_1/7=0.989668, precision=0.990647, recall=0.943968, good=11439, bad=108, missed=679, trie_nodes=1556, patterns=902, objective=0.989651
  Tested: params=(28, 26, 13, 23, 4)
  validation: F_1/7=0.988389, precision=0.989354, recall=0.943307, good=11431, bad=123, missed=687, trie_nodes=919, patterns=521, objective=0.988379
  Best so far: params=(30, 24, 29, 27, 3), score=0.989651, elapsed=63.1s

============================================================
Round 17/30
  Tested: params=(4, 28, 16, 25, 2)
  validation: F_1/7=0.931081, precision=0.930807, recall=0.944710, good=11448, bad=851, missed=670, trie_nodes=1317, patterns=711, objective=0.931067
  Tested: params=(27, 12, 1, 28, 1)
  validation: F_1/7=0.987831, precision=0.988765, recall=0.944133, good=11441, bad=130, missed=677, trie_nodes=1653, patterns=978, objective=0.987812
  Tested: params=(10, 29, 29, 18, 4)
  validation: F_1/7=0.972756, precision=0.973364, recall=0.943885, good=11438, bad=313, missed=680, trie_nodes=824, patterns=447, objective=0.972747
  Tested: params=(14, 9, 10, 21, 4)
  validation: F_1/7=0.973170, precision=0.973783, recall=0.944050, good=11440, bad=308, missed=678, trie_nodes=840, patterns=454, objective=0.973160
  Tested: params=(24, 24, 3, 15, 1)
  validation: F_1/7=0.982027, precision=0.982825, recall=0.944463, good=11445, bad=200, missed=673, trie_nodes=1508, patterns=874, objective=0.982010
  Best so far: params=(30, 24, 29, 27, 3), score=0.989651, elapsed=67.3s

============================================================
Round 18/30
  Tested: params=(17, 14, 27, 11, 1)
  validation: F_1/7=0.974392, precision=0.975030, recall=0.944133, good=11441, bad=293, missed=677, trie_nodes=1461, patterns=825, objective=0.974376
  Tested: params=(5, 23, 19, 4, 1)
  validation: F_1/7=0.931357, precision=0.931093, recall=0.944463, good=11445, bad=847, missed=673, trie_nodes=1323, patterns=727, objective=0.931342
  Tested: params=(22, 3, 25, 22, 1)
  validation: F_1/7=0.982177, precision=0.982987, recall=0.944050, good=11440, bad=198, missed=678, trie_nodes=1514, patterns=882, objective=0.982160
  Tested: params=(3, 30, 12, 12, 5)
  validation: F_1/7=0.909967, precision=0.909286, recall=0.944628, good=11447, bad=1142, missed=671, trie_nodes=682, patterns=323, objective=0.909959
  Tested: params=(29, 30, 23, 12, 1)
  validation: F_1/7=0.988743, precision=0.989703, recall=0.943885, good=11438, bad=119, missed=680, trie_nodes=1543, patterns=897, objective=0.988726
  Best so far: params=(30, 24, 29, 27, 3), score=0.989651, elapsed=71.4s

============================================================
Round 19/30
  Tested: params=(24, 17, 13, 28, 1)
  validation: F_1/7=0.982183, precision=0.982990, recall=0.944215, good=11442, bad=198, missed=676, trie_nodes=1510, patterns=865, objective=0.982166
  Tested: params=(15, 1, 15, 2, 1)
  validation: F_1/7=0.973455, precision=0.974092, recall=0.943225, good=11430, bad=304, missed=688, trie_nodes=1612, patterns=976, objective=0.973437
  Tested: params=(4, 20, 23, 18, 5)
  validation: F_1/7=0.931141, precision=0.930872, recall=0.944545, good=11446, bad=850, missed=672, trie_nodes=740, patterns=386, objective=0.931133
  Tested: params=(12, 9, 27, 7, 5)
  validation: F_1/7=0.973166, precision=0.973781, recall=0.943968, good=11439, bad=308, missed=679, trie_nodes=825, patterns=443, objective=0.973157
  Tested: params=(1, 30, 2, 27, 3)
  validation: F_1/7=0.892778, precision=0.891770, recall=0.945123, good=11453, bad=1390, missed=665, trie_nodes=1221, patterns=615, objective=0.892764
  Best so far: params=(30, 24, 29, 27, 3), score=0.989651, elapsed=75.2s

============================================================
Round 20/30
  Tested: params=(30, 3, 17, 30, 3)
  validation: F_1/7=0.989744, precision=0.990730, recall=0.943720, good=11436, bad=107, missed=682, trie_nodes=1559, patterns=918, objective=0.989727
  Tested: params=(19, 21, 14, 19, 3)
  validation: F_1/7=0.974318, precision=0.974951, recall=0.944298, good=11443, bad=294, missed=675, trie_nodes=1494, patterns=842, objective=0.974302
  Tested: params=(28, 2, 9, 29, 5)
  validation: F_1/7=0.988546, precision=0.989522, recall=0.942977, good=11427, bad=121, missed=691, trie_nodes=929, patterns=528, objective=0.988536
  Tested: params=(14, 19, 9, 6, 3)
  validation: F_1/7=0.973259, precision=0.973870, recall=0.944215, good=11442, bad=307, missed=676, trie_nodes=1437, patterns=803, objective=0.973243
  Tested: params=(11, 18, 3, 30, 5)
  validation: F_1/7=0.972768, precision=0.973371, recall=0.944133, good=11441, bad=313, missed=677, trie_nodes=830, patterns=446, objective=0.972759
  Best so far: params=(30, 3, 17, 30, 3), score=0.989727, elapsed=78.9s

============================================================
Round 21/30
  Tested: params=(21, 17, 10, 25, 4)
  validation: F_1/7=0.974381, precision=0.975023, recall=0.943885, good=11438, bad=293, missed=680, trie_nodes=879, patterns=478, objective=0.974371
  Tested: params=(5, 28, 25, 29, 4)
  validation: F_1/7=0.931424, precision=0.931164, recall=0.944380, good=11444, bad=846, missed=674, trie_nodes=750, patterns=393, objective=0.931416
  Tested: params=(19, 13, 28, 26, 1)
  validation: F_1/7=0.974318, precision=0.974951, recall=0.944298, good=11443, bad=294, missed=675, trie_nodes=1494, patterns=842, objective=0.974302
  Tested: params=(1, 12, 25, 30, 1)
  validation: F_1/7=0.893021, precision=0.892022, recall=0.944875, good=11450, bad=1386, missed=668, trie_nodes=1254, patterns=628, objective=0.893007
  Tested: params=(18, 12, 30, 26, 5)
  validation: F_1/7=0.974299, precision=0.974940, recall=0.943885, good=11438, bad=294, missed=680, trie_nodes=881, patterns=481, objective=0.974289
  Best so far: params=(30, 3, 17, 30, 3), score=0.989727, elapsed=82.6s

============================================================
Round 22/30
  Tested: params=(15, 13, 9, 2, 5)
  validation: F_1/7=0.973089, precision=0.973700, recall=0.944050, good=11440, bad=309, missed=678, trie_nodes=847, patterns=463, objective=0.973079
  Tested: params=(25, 30, 30, 17, 4)
  validation: F_1/7=0.982246, precision=0.983065, recall=0.943720, good=11436, bad=197, missed=682, trie_nodes=894, patterns=500, objective=0.982236
  Tested: params=(29, 26, 8, 14, 1)
  validation: F_1/7=0.988746, precision=0.989704, recall=0.943968, good=11439, bad=119, missed=679, trie_nodes=1542, patterns=898, objective=0.988729
  Tested: params=(29, 19, 7, 21, 4)
  validation: F_1/7=0.988389, precision=0.989354, recall=0.943307, good=11431, bad=123, missed=687, trie_nodes=928, patterns=524, objective=0.988379
  Tested: params=(11, 4, 21, 16, 4)
  validation: F_1/7=0.973150, precision=0.973772, recall=0.943638, good=11435, bad=308, missed=683, trie_nodes=823, patterns=444, objective=0.973141
  Best so far: params=(30, 3, 17, 30, 3), score=0.989727, elapsed=86.3s

============================================================
Round 23/30
  Tested: params=(16, 26, 17, 17, 5)
  validation: F_1/7=0.974137, precision=0.974774, recall=0.943885, good=11438, bad=296, missed=680, trie_nodes=857, patterns=466, objective=0.974127
  Tested: params=(13, 5, 1, 23, 4)
  validation: F_1/7=0.973108, precision=0.973711, recall=0.944463, good=11445, bad=309, missed=673, trie_nodes=857, patterns=479, objective=0.973099
  Tested: params=(22, 7, 5, 1, 2)
  validation: F_1/7=0.982402, precision=0.983230, recall=0.943473, good=11433, bad=195, missed=685, trie_nodes=1523, patterns=882, objective=0.982385
  Tested: params=(18, 12, 14, 28, 2)
  validation: F_1/7=0.974400, precision=0.975034, recall=0.944298, good=11443, bad=293, missed=675, trie_nodes=1497, patterns=847, objective=0.974383
  Tested: params=(16, 24, 12, 19, 5)
  validation: F_1/7=0.974137, precision=0.974774, recall=0.943885, good=11438, bad=296, missed=680, trie_nodes=857, patterns=466, objective=0.974127
  Best so far: params=(30, 3, 17, 30, 3), score=0.989727, elapsed=90.3s

============================================================
Round 24/30
  Tested: params=(29, 5, 28, 15, 2)
  validation: F_1/7=0.988824, precision=0.989788, recall=0.943803, good=11437, bad=118, missed=681, trie_nodes=1544, patterns=901, objective=0.988807
  Tested: params=(14, 30, 15, 10, 4)
  validation: F_1/7=0.973089, precision=0.973700, recall=0.944050, good=11440, bad=309, missed=678, trie_nodes=837, patterns=454, objective=0.973079
  Tested: params=(8, 3, 4, 4, 1)
  validation: F_1/7=0.966176, precision=0.966633, recall=0.944298, good=11443, bad=395, missed=675, trie_nodes=1364, patterns=787, objective=0.966160
  Tested: params=(5, 20, 6, 11, 5)
  validation: F_1/7=0.931424, precision=0.931164, recall=0.944380, good=11444, bad=846, missed=674, trie_nodes=762, patterns=401, objective=0.931416
  Tested: params=(15, 21, 6, 6, 1)
  validation: F_1/7=0.973259, precision=0.973870, recall=0.944215, good=11442, bad=307, missed=676, trie_nodes=1445, patterns=812, objective=0.973242
  Best so far: params=(30, 3, 17, 30, 3), score=0.989727, elapsed=94.4s

============================================================
Round 25/30
  Tested: params=(6, 9, 6, 3, 1)
  validation: F_1/7=0.937392, precision=0.937254, recall=0.944215, good=11442, bad=766, missed=676, trie_nodes=1334, patterns=743, objective=0.937377
  Tested: params=(14, 7, 11, 16, 4)
  validation: F_1/7=0.973170, precision=0.973783, recall=0.944050, good=11440, bad=308, missed=678, trie_nodes=840, patterns=453, objective=0.973160
  Tested: params=(2, 24, 19, 3, 5)
  validation: F_1/7=0.892398, precision=0.891389, recall=0.944793, good=11449, bad=1395, missed=669, trie_nodes=665, patterns=307, objective=0.892390
  Tested: params=(28, 2, 9, 25, 4)
  validation: F_1/7=0.988460, precision=0.989435, recall=0.942895, good=11426, bad=122, missed=692, trie_nodes=932, patterns=532, objective=0.988449
  Tested: params=(6, 7, 12, 15, 4)
  validation: F_1/7=0.936873, precision=0.936722, recall=0.944298, good=11443, bad=773, missed=675, trie_nodes=765, patterns=410, objective=0.936864
  Best so far: params=(30, 3, 17, 30, 3), score=0.989727, elapsed=98.5s

============================================================
Round 26/30
  Tested: params=(12, 14, 23, 2, 2)
  validation: F_1/7=0.973576, precision=0.974197, recall=0.944050, good=11440, bad=303, missed=678, trie_nodes=1421, patterns=789, objective=0.973560
  Tested: params=(22, 27, 16, 16, 1)
  validation: F_1/7=0.982104, precision=0.982907, recall=0.944298, good=11443, bad=199, missed=675, trie_nodes=1510, patterns=865, objective=0.982087
  Tested: params=(14, 16, 8, 9, 2)
  validation: F_1/7=0.973259, precision=0.973870, recall=0.944215, good=11442, bad=307, missed=676, trie_nodes=1434, patterns=802, objective=0.973243
  Tested: params=(1, 10, 7, 10, 1)
  validation: F_1/7=0.897885, precision=0.896976, recall=0.944793, good=11449, bad=1315, missed=669, trie_nodes=1251, patterns=652, objective=0.897871
  Tested: params=(27, 18, 21, 24, 3)
  validation: F_1/7=0.988660, precision=0.989618, recall=0.943885, good=11438, bad=120, missed=680, trie_nodes=1536, patterns=889, objective=0.988642
  Best so far: params=(30, 3, 17, 30, 3), score=0.989727, elapsed=102.3s

============================================================
Round 27/30
  Tested: params=(3, 17, 18, 23, 3)
  validation: F_1/7=0.910259, precision=0.909582, recall=0.944710, good=11448, bad=1138, missed=670, trie_nodes=1258, patterns=634, objective=0.910245
  Tested: params=(4, 9, 11, 20, 3)
  validation: F_1/7=0.937050, precision=0.936896, recall=0.944628, good=11447, bad=771, missed=671, trie_nodes=1316, patterns=722, objective=0.937035
  Tested: params=(11, 30, 19, 8, 1)
  validation: F_1/7=0.973097, precision=0.973704, recall=0.944215, good=11442, bad=309, missed=676, trie_nodes=1414, patterns=778, objective=0.973081
  Tested: params=(5, 8, 5, 6, 2)
  validation: F_1/7=0.937351, precision=0.937203, recall=0.944628, good=11447, bad=767, missed=671, trie_nodes=1331, patterns=733, objective=0.937336
  Tested: params=(6, 27, 3, 16, 3)
  validation: F_1/7=0.931520, precision=0.931256, recall=0.944628, good=11447, bad=845, missed=671, trie_nodes=1343, patterns=731, objective=0.931505
  Best so far: params=(30, 3, 17, 30, 3), score=0.989727, elapsed=106.5s

============================================================
Round 28/30
  Tested: params=(30, 4, 12, 30, 5)
  validation: F_1/7=0.989390, precision=0.990381, recall=0.943142, good=11429, bad=111, missed=689, trie_nodes=924, patterns=524, objective=0.989380
  Tested: params=(25, 8, 6, 21, 5)
  validation: F_1/7=0.982246, precision=0.983065, recall=0.943720, good=11436, bad=197, missed=682, trie_nodes=897, patterns=501, objective=0.982236
  Tested: params=(17, 18, 9, 24, 1)
  validation: F_1/7=0.974392, precision=0.975030, recall=0.944133, good=11441, bad=293, missed=677, trie_nodes=1461, patterns=826, objective=0.974376
  Tested: params=(10, 13, 16, 8, 1)
  validation: F_1/7=0.972942, precision=0.973543, recall=0.944380, good=11444, bad=311, missed=674, trie_nodes=1414, patterns=783, objective=0.972926
  Tested: params=(19, 9, 18, 5, 3)
  validation: F_1/7=0.974318, precision=0.974951, recall=0.944298, good=11443, bad=294, missed=675, trie_nodes=1497, patterns=842, objective=0.974302
  Best so far: params=(30, 3, 17, 30, 3), score=0.989727, elapsed=110.1s

============================================================
Round 29/30
  Tested: params=(16, 2, 11, 5, 1)
  validation: F_1/7=0.974524, precision=0.975179, recall=0.943473, good=11433, bad=291, missed=685, trie_nodes=1562, patterns=902, objective=0.974506
  Tested: params=(30, 10, 25, 8, 4)
  validation: F_1/7=0.989312, precision=0.990297, recall=0.943307, good=11431, bad=112, missed=687, trie_nodes=926, patterns=523, objective=0.989301
  Tested: params=(23, 18, 15, 13, 2)
  validation: F_1/7=0.982186, precision=0.982991, recall=0.944298, good=11443, bad=198, missed=675, trie_nodes=1509, patterns=863, objective=0.982169
  Tested: params=(28, 25, 29, 4, 4)
  validation: F_1/7=0.988473, precision=0.989440, recall=0.943307, good=11431, bad=122, missed=687, trie_nodes=921, patterns=522, objective=0.988463
  Tested: params=(29, 6, 2, 23, 3)
  validation: F_1/7=0.988584, precision=0.989535, recall=0.944133, good=11441, bad=121, missed=677, trie_nodes=1561, patterns=915, objective=0.988566
  Best so far: params=(30, 3, 17, 30, 3), score=0.989727, elapsed=114.1s

============================================================
Round 30/30
  Tested: params=(26, 5, 24, 7, 1)
  validation: F_1/7=0.982173, precision=0.982985, recall=0.943968, good=11439, bad=198, missed=679, trie_nodes=1511, patterns=875, objective=0.982156
  Tested: params=(5, 25, 20, 16, 2)
  validation: F_1/7=0.931587, precision=0.931326, recall=0.944545, good=11446, bad=844, missed=672, trie_nodes=1324, patterns=710, objective=0.931572
  Tested: params=(27, 12, 25, 14, 2)
  validation: F_1/7=0.988660, precision=0.989618, recall=0.943885, good=11438, bad=120, missed=680, trie_nodes=1536, patterns=889, objective=0.988642
  Tested: params=(14, 10, 23, 16, 2)
  validation: F_1/7=0.973178, precision=0.973787, recall=0.944215, good=11442, bad=308, missed=676, trie_nodes=1434, patterns=800, objective=0.973161
  Tested: params=(27, 12, 17, 28, 4)
  validation: F_1/7=0.988306, precision=0.989269, recall=0.943307, good=11431, bad=124, missed=687, trie_nodes=913, patterns=516, objective=0.988295
  Best so far: params=(30, 3, 17, 30, 3), score=0.989727, elapsed=118.4s

============================================================
Final phase: 3 evaluations
  Tested: params=(4, 29, 19, 11, 1)
  validation: F_1/7=0.931081, precision=0.930807, recall=0.944710, good=11448, bad=851, missed=670, trie_nodes=1314, patterns=710, objective=0.931067
  Tested: params=(24, 19, 17, 27, 4)
  validation: F_1/7=0.982246, precision=0.983065, recall=0.943720, good=11436, bad=197, missed=682, trie_nodes=894, patterns=500, objective=0.982236
  Tested: params=(5, 10, 8, 23, 1)
  validation: F_1/7=0.936961, precision=0.936809, recall=0.944463, good=11445, bad=772, missed=673, trie_nodes=1332, patterns=746, objective=0.936946

============================================================
Threshold ablation run complete
Best parameters (b1 b2 b3 b4 thr): (30, 3, 17, 30, 3)
Thresholds: {'mode': 'shared', 'shared': 3, 'per_level': [3, 3, 3, 3]}
  validation-selected: F_1/7=0.989744, precision=0.990730, recall=0.943720, good=11436, bad=107, missed=682, trie_nodes=1559, patterns=918, objective=0.989727
  held-out test: F_1/7=0.989242, precision=0.990233, recall=0.943036, good=11456, bad=113, missed=692, trie_nodes=1559, patterns=918
Summary: results/threshold_ablation/pt/wiktionary/shared_random/summary.json
History: results/threshold_ablation/pt/wiktionary/shared_random/history.csv
Wall time: 122.5s
