Proportional trie_normalizer for ru/wiktionary: |D| = 152608
Objective: F17+Trie(w=0.0005)
Dataset: /home/dev/hyph-bench/data/ru/wiktionary/ru_wiktionary.wlh_dis.wlh
Translate: /home/dev/hyph-bench/data/ru/wiktionary/ru_wiktionary.wlh_dis.wlh.tra
Method: random | Threshold mode: perlayer
Search space (8-D): [(1, 30), (1, 30), (1, 30), (1, 30), (1, 5), (1, 5), (1, 5), (1, 5)]
Split counts: train=122088, validation=15260, test=15260
Pattern ranges: [(1, 4), (2, 5), (2, 6), (2, 7)]
Budget: 30 rounds x 5 + 3 final = 153 patgen evaluations; 3 parallel workers

============================================================
Round 1/30
  Tested: params=(12, 29, 22, 18, 1, 1, 1, 5)
  validation: F_1/7=0.882868, precision=0.882018, recall=0.926625, good=38770, bad=5186, missed=3070, trie_nodes=38073, patterns=26182, objective=0.882744
  Tested: params=(19, 22, 1, 30, 5, 2, 1, 1)
  validation: F_1/7=0.867793, precision=0.866350, recall=0.944909, good=39535, bad=6099, missed=2305, trie_nodes=60796, patterns=43027, objective=0.867593
  Tested: params=(10, 16, 13, 9, 4, 1, 2, 2)
  validation: F_1/7=0.878564, precision=0.877591, recall=0.929063, good=38872, bad=5422, missed=2968, trie_nodes=46995, patterns=30306, objective=0.878410
  Tested: params=(14, 24, 6, 16, 3, 1, 4, 1)
  validation: F_1/7=0.892468, precision=0.891807, recall=0.926123, good=38749, bad=4701, missed=3091, trie_nodes=43641, patterns=27543, objective=0.892325
  Tested: params=(2, 29, 29, 25, 2, 1, 4, 3)
  validation: F_1/7=0.817113, precision=0.814918, recall=0.941324, good=39385, bad=8945, missed=2455, trie_nodes=51670, patterns=31235, objective=0.816944
  Best so far: params=(14, 24, 6, 16, 3, 1, 4, 1), score=0.892325, elapsed=25.8s

============================================================
Round 2/30
  Tested: params=(4, 15, 2, 28, 2, 4, 2, 3)
  validation: F_1/7=0.837502, precision=0.835563, recall=0.944981, good=39538, bad=7781, missed=2302, trie_nodes=48713, patterns=30595, objective=0.837343
  Tested: params=(17, 6, 30, 24, 5, 5, 3, 5)
  validation: F_1/7=0.904115, precision=0.903681, recall=0.925884, good=38739, bad=4129, missed=3101, trie_nodes=33486, patterns=19672, objective=0.904005
  Tested: params=(3, 6, 2, 10, 2, 2, 5, 2)
  validation: F_1/7=0.834320, precision=0.832459, recall=0.936974, good=39203, bad=7890, missed=2637, trie_nodes=43254, patterns=27101, objective=0.834179
  Tested: params=(9, 17, 5, 25, 1, 5, 4, 1)
  validation: F_1/7=0.884213, precision=0.883270, recall=0.933007, good=39037, bad=5159, missed=2803, trie_nodes=43578, patterns=26489, objective=0.884070
  Tested: params=(1, 25, 22, 22, 4, 1, 2, 1)
  validation: F_1/7=0.814692, precision=0.812445, recall=0.942447, good=39432, bad=9103, missed=2408, trie_nodes=52391, patterns=33119, objective=0.814521
  Best so far: params=(17, 6, 30, 24, 5, 5, 3, 5), score=0.904005, elapsed=52.5s

============================================================
Round 3/30
  Tested: params=(26, 19, 10, 2, 2, 2, 4, 4)
  validation: F_1/7=0.916245, precision=0.916485, recall=0.904613, good=37849, bad=3449, missed=3991, trie_nodes=33644, patterns=24798, objective=0.916134
  Tested: params=(27, 15, 4, 22, 4, 3, 4, 3)
  validation: F_1/7=0.913228, precision=0.912940, recall=0.927581, good=38810, bad=3701, missed=3030, trie_nodes=44818, patterns=29431, objective=0.913082
  Tested: params=(16, 13, 1, 4, 1, 4, 2, 3)
  validation: F_1/7=0.887664, precision=0.887062, recall=0.918164, good=38416, bad=4891, missed=3424, trie_nodes=45701, patterns=31560, objective=0.887514
  Tested: params=(28, 8, 13, 23, 2, 1, 2, 1)
  validation: F_1/7=0.910444, precision=0.910529, recall=0.906286, good=37919, bad=3726, missed=3921, trie_nodes=55053, patterns=37393, objective=0.910264
  Tested: params=(28, 25, 20, 27, 5, 1, 5, 3)
  validation: F_1/7=0.927185, precision=0.928169, recall=0.881405, good=36878, bad=2854, missed=4962, trie_nodes=40135, patterns=24332, objective=0.927053
  Best so far: params=(28, 25, 20, 27, 5, 1, 5, 3), score=0.927053, elapsed=79.2s

============================================================
Round 4/30
  Tested: params=(25, 27, 10, 4, 2, 3, 5, 5)
  validation: F_1/7=0.914281, precision=0.914346, recall=0.911090, good=38120, bad=3571, missed=3720, trie_nodes=32800, patterns=23959, objective=0.914173
  Tested: params=(1, 16, 13, 7, 1, 2, 5, 2)
  validation: F_1/7=0.822333, precision=0.820299, recall=0.936090, good=39166, bad=8580, missed=2674, trie_nodes=46325, patterns=28024, objective=0.822182
  Tested: params=(16, 22, 11, 30, 5, 2, 3, 2)
  validation: F_1/7=0.904632, precision=0.904344, recall=0.918977, good=38450, bad=4067, missed=3390, trie_nodes=49204, patterns=31748, objective=0.904471
  Tested: params=(9, 2, 19, 16, 1, 2, 5, 2)
  validation: F_1/7=0.894998, precision=0.894793, recall=0.905186, good=37873, bad=4453, missed=3967, trie_nodes=36839, patterns=23014, objective=0.894878
  Tested: params=(5, 15, 30, 8, 4, 4, 2, 4)
  validation: F_1/7=0.837306, precision=0.835140, recall=0.959154, good=40131, bad=7922, missed=1709, trie_nodes=21699, patterns=12503, objective=0.837234
  Best so far: params=(28, 25, 20, 27, 5, 1, 5, 3), score=0.927053, elapsed=106.0s

============================================================
Round 5/30
  Tested: params=(12, 19, 20, 17, 1, 5, 2, 1)
  validation: F_1/7=0.891825, precision=0.891227, recall=0.922156, good=38583, bad=4709, missed=3257, trie_nodes=47885, patterns=30566, objective=0.891668
  Tested: params=(2, 18, 21, 1, 3, 2, 4, 1)
  validation: F_1/7=0.836441, precision=0.836266, recall=0.845100, good=35359, bad=6923, missed=6481, trie_nodes=38592, patterns=26518, objective=0.836314
  Tested: params=(21, 12, 29, 5, 2, 1, 5, 5)
  validation: F_1/7=0.915810, precision=0.916169, recall=0.898542, good=37595, bad=3440, missed=4245, trie_nodes=33082, patterns=23223, objective=0.915701
  Tested: params=(8, 20, 25, 17, 3, 2, 1, 5)
  validation: F_1/7=0.870146, precision=0.868854, recall=0.938504, good=39267, bad=5927, missed=2573, trie_nodes=34833, patterns=24680, objective=0.870032
  Tested: params=(28, 19, 11, 11, 4, 5, 5, 4)
  validation: F_1/7=0.920412, precision=0.920598, recall=0.911401, good=38133, bad=3289, missed=3707, trie_nodes=20876, patterns=13259, objective=0.920344
  Best so far: params=(28, 25, 20, 27, 5, 1, 5, 3), score=0.927053, elapsed=131.9s

============================================================
Round 6/30
  Tested: params=(20, 3, 5, 27, 4, 1, 1, 4)
  validation: F_1/7=0.904262, precision=0.903613, recall=0.937261, good=39215, bad=4183, missed=2625, trie_nodes=34811, patterns=24783, objective=0.904148
  Tested: params=(1, 5, 17, 21, 4, 2, 4, 2)
  validation: F_1/7=0.837537, precision=0.836048, recall=0.917615, good=38393, bad=7529, missed=3447, trie_nodes=39299, patterns=22957, objective=0.837408
  Tested: params=(10, 23, 20, 26, 4, 3, 1, 2)
  validation: F_1/7=0.876994, precision=0.875992, recall=0.929087, good=38873, bad=5503, missed=2967, trie_nodes=47837, patterns=30849, objective=0.876837
  Tested: params=(8, 8, 30, 12, 5, 4, 4, 3)
  validation: F_1/7=0.881448, precision=0.880586, recall=0.925837, good=38737, bad=5253, missed=3103, trie_nodes=39923, patterns=23033, objective=0.881317
  Tested: params=(18, 15, 6, 22, 2, 1, 4, 1)
  validation: F_1/7=0.911930, precision=0.911702, recall=0.923207, good=38627, bad=3741, missed=3213, trie_nodes=43944, patterns=28293, objective=0.911786
  Best so far: params=(28, 25, 20, 27, 5, 1, 5, 3), score=0.927053, elapsed=158.0s

============================================================
Round 7/30
  Tested: params=(29, 29, 28, 12, 1, 5, 3, 5)
  validation: F_1/7=0.905783, precision=0.905756, recall=0.907098, good=37953, bad=3949, missed=3887, trie_nodes=45989, patterns=29640, objective=0.905632
  Tested: params=(29, 26, 9, 12, 5, 2, 1, 3)
  validation: F_1/7=0.913268, precision=0.913239, recall=0.914723, good=38272, bad=3636, missed=3568, trie_nodes=52160, patterns=35220, objective=0.913097
  Tested: params=(29, 21, 18, 3, 4, 5, 1, 3)
  validation: F_1/7=0.913533, precision=0.913916, recall=0.895196, good=37455, bad=3528, missed=4385, trie_nodes=54816, patterns=36247, objective=0.913354
  Tested: params=(27, 23, 21, 22, 2, 2, 5, 5)
  validation: F_1/7=0.915927, precision=0.916399, recall=0.893380, good=37379, bad=3410, missed=4461, trie_nodes=35532, patterns=25487, objective=0.915811
  Tested: params=(27, 28, 16, 16, 4, 4, 4, 4)
  validation: F_1/7=0.921789, precision=0.922215, recall=0.901386, good=37714, bad=3181, missed=4126, trie_nodes=21986, patterns=13539, objective=0.921717
  Best so far: params=(28, 25, 20, 27, 5, 1, 5, 3), score=0.927053, elapsed=184.0s

============================================================
Round 8/30
  Tested: params=(27, 11, 12, 3, 3, 1, 3, 3)
  validation: F_1/7=0.911518, precision=0.911642, recall=0.905497, good=37886, bad=3672, missed=3954, trie_nodes=53494, patterns=36359, objective=0.911343
  Tested: params=(9, 18, 1, 2, 5, 2, 1, 3)
  validation: F_1/7=0.885336, precision=0.885360, recall=0.884154, good=36993, bad=4790, missed=4847, trie_nodes=40902, patterns=28390, objective=0.885202
  Tested: params=(24, 7, 19, 3, 1, 3, 3, 4)
  validation: F_1/7=0.909050, precision=0.909119, recall=0.905664, good=37893, bad=3788, missed=3947, trie_nodes=47107, patterns=32143, objective=0.908896
  Tested: params=(22, 30, 16, 10, 4, 2, 3, 1)
  validation: F_1/7=0.912222, precision=0.912333, recall=0.906859, good=37943, bad=3646, missed=3897, trie_nodes=52786, patterns=34223, objective=0.912050
  Tested: params=(1, 29, 26, 21, 3, 1, 1, 2)
  validation: F_1/7=0.813988, precision=0.811729, recall=0.942471, good=39433, bad=9146, missed=2407, trie_nodes=53217, patterns=33761, objective=0.813813
  Best so far: params=(28, 25, 20, 27, 5, 1, 5, 3), score=0.927053, elapsed=210.3s

============================================================
Round 9/30
  Tested: params=(17, 22, 20, 9, 5, 4, 3, 4)
  validation: F_1/7=0.903464, precision=0.902952, recall=0.929302, good=38882, bad=4179, missed=2958, trie_nodes=32791, patterns=19190, objective=0.903357
  Tested: params=(13, 8, 11, 23, 1, 1, 1, 1)
  validation: F_1/7=0.888972, precision=0.888316, recall=0.922371, good=38592, bad=4852, missed=3248, trie_nodes=47399, patterns=30943, objective=0.888817
  Tested: params=(26, 22, 15, 3, 3, 3, 1, 3)
  validation: F_1/7=0.910973, precision=0.911173, recall=0.901243, good=37708, bad=3676, missed=4132, trie_nodes=54630, patterns=36801, objective=0.910794
  Tested: params=(12, 19, 20, 2, 2, 4, 3, 5)
  validation: F_1/7=0.892258, precision=0.891606, recall=0.925382, good=38718, bad=4707, missed=3122, trie_nodes=28086, patterns=16584, objective=0.892166
  Tested: params=(20, 5, 3, 20, 1, 3, 5, 3)
  validation: F_1/7=0.906825, precision=0.906312, recall=0.932696, good=39024, bad=4034, missed=2816, trie_nodes=46101, patterns=31122, objective=0.906674
  Best so far: params=(28, 25, 20, 27, 5, 1, 5, 3), score=0.927053, elapsed=236.5s

============================================================
Round 10/30
  Tested: params=(12, 20, 14, 17, 5, 2, 5, 5)
  validation: F_1/7=0.891512, precision=0.890934, recall=0.920746, good=38524, bad=4716, missed=3316, trie_nodes=28217, patterns=18552, objective=0.891419
  Tested: params=(6, 3, 4, 1, 1, 4, 1, 2)
  validation: F_1/7=0.872802, precision=0.873380, recall=0.845387, good=35371, bad=5128, missed=6469, trie_nodes=36483, patterns=26073, objective=0.872682
  Tested: params=(26, 1, 25, 9, 1, 4, 4, 5)
  validation: F_1/7=0.919797, precision=0.920649, recall=0.879876, good=36814, bad=3173, missed=5026, trie_nodes=29506, patterns=20905, objective=0.919700
  Tested: params=(23, 25, 9, 6, 4, 5, 5, 3)
  validation: F_1/7=0.922555, precision=0.922893, recall=0.906262, good=37918, bad=3168, missed=3922, trie_nodes=39069, patterns=23533, objective=0.922427
  Tested: params=(12, 24, 11, 28, 5, 3, 4, 4)
  validation: F_1/7=0.891112, precision=0.890477, recall=0.923423, good=38636, bad=4752, missed=3204, trie_nodes=28266, patterns=18662, objective=0.891020
  Best so far: params=(28, 25, 20, 27, 5, 1, 5, 3), score=0.927053, elapsed=262.0s

============================================================
Round 11/30
  Tested: params=(4, 28, 16, 25, 2, 5, 2, 1)
  validation: F_1/7=0.837295, precision=0.835408, recall=0.941491, good=39392, bad=7761, missed=2448, trie_nodes=48815, patterns=30576, objective=0.837135
  Tested: params=(28, 3, 10, 29, 5, 3, 4, 3)
  validation: F_1/7=0.926575, precision=0.927213, recall=0.896343, good=37503, bad=2944, missed=4337, trie_nodes=38475, patterns=24011, objective=0.926449
  Tested: params=(9, 10, 21, 23, 4, 4, 1, 3)
  validation: F_1/7=0.876219, precision=0.875174, recall=0.930688, good=38940, bad=5554, missed=2900, trie_nodes=45978, patterns=29061, objective=0.876069
  Tested: params=(2, 17, 14, 27, 2, 1, 1, 4)
  validation: F_1/7=0.814454, precision=0.812105, recall=0.948924, good=39703, bad=9186, missed=2137, trie_nodes=34752, patterns=24053, objective=0.814340
  Tested: params=(19, 4, 3, 22, 1, 5, 4, 1)
  validation: F_1/7=0.906673, precision=0.906151, recall=0.933007, good=39037, bad=4043, missed=2803, trie_nodes=45326, patterns=29559, objective=0.906525
  Best so far: params=(28, 25, 20, 27, 5, 1, 5, 3), score=0.927053, elapsed=288.1s

============================================================
Round 12/30
  Tested: params=(3, 30, 12, 12, 5, 5, 5, 4)
  validation: F_1/7=0.822667, precision=0.820194, recall=0.965296, good=40388, bad=8854, missed=1452, trie_nodes=17562, patterns=9988, objective=0.822610
  Tested: params=(12, 3, 24, 17, 3, 5, 1, 3)
  validation: F_1/7=0.899972, precision=0.899636, recall=0.916730, good=38356, bad=4279, missed=3484, trie_nodes=47511, patterns=30472, objective=0.899816
  Tested: params=(1, 15, 2, 4, 1, 4, 4, 3)
  validation: F_1/7=0.830814, precision=0.828935, recall=0.934632, good=39105, bad=8070, missed=2735, trie_nodes=43518, patterns=26151, objective=0.830671
  Tested: params=(29, 12, 9, 27, 2, 5, 1, 5)
  validation: F_1/7=0.903753, precision=0.903225, recall=0.930425, good=38929, bad=4171, missed=2911, trie_nodes=37887, patterns=25369, objective=0.903629
  Tested: params=(2, 27, 16, 30, 1, 3, 5, 3)
  validation: F_1/7=0.816810, precision=0.814610, recall=0.941396, good=39388, bad=8964, missed=2452, trie_nodes=51480, patterns=31215, objective=0.816641
  Best so far: params=(28, 25, 20, 27, 5, 1, 5, 3), score=0.927053, elapsed=314.2s

============================================================
Round 13/30
  Tested: params=(19, 21, 14, 19, 3, 5, 1, 2)
  validation: F_1/7=0.909181, precision=0.909074, recall=0.914484, good=38262, bad=3827, missed=3578, trie_nodes=51188, patterns=33160, objective=0.909013
  Tested: params=(29, 27, 14, 19, 2, 1, 3, 2)
  validation: F_1/7=0.910836, precision=0.910974, recall=0.904159, good=37830, bad=3697, missed=4010, trie_nodes=56543, patterns=38306, objective=0.910651
  Tested: params=(18, 3, 30, 30, 4, 3, 2, 5)
  validation: F_1/7=0.911373, precision=0.911447, recall=0.907744, good=37980, bad=3690, missed=3860, trie_nodes=44028, patterns=29321, objective=0.911228
  Tested: params=(21, 5, 28, 25, 5, 4, 4, 3)
  validation: F_1/7=0.924531, precision=0.925283, recall=0.889125, good=37201, bad=3004, missed=4639, trie_nodes=38041, patterns=22157, objective=0.924406
  Tested: params=(28, 26, 2, 1, 2, 5, 5, 1)
  validation: F_1/7=0.932312, precision=0.936473, recall=0.765607, good=32033, bad=2173, missed=9807, trie_nodes=33878, patterns=26897, objective=0.932201
  Best so far: params=(28, 26, 2, 1, 2, 5, 5, 1), score=0.932201, elapsed=340.4s

============================================================
Round 14/30
  Tested: params=(18, 12, 30, 26, 5, 3, 3, 2)
  validation: F_1/7=0.910289, precision=0.910323, recall=0.908604, good=38016, bad=3745, missed=3824, trie_nodes=51558, patterns=32946, objective=0.910120
  Tested: params=(2, 26, 25, 30, 5, 3, 4, 5)
  validation: F_1/7=0.814633, precision=0.812292, recall=0.948638, good=39691, bad=9172, missed=2149, trie_nodes=34143, patterns=22744, objective=0.814521
  Tested: params=(26, 8, 14, 4, 5, 4, 2, 4)
  validation: F_1/7=0.908628, precision=0.908448, recall=0.917567, good=38391, bad=3869, missed=3449, trie_nodes=38880, patterns=24455, objective=0.908501
  Tested: params=(19, 11, 4, 21, 3, 4, 3, 5)
  validation: F_1/7=0.895966, precision=0.894874, recall=0.952964, good=39872, bad=4684, missed=1968, trie_nodes=27672, patterns=17938, objective=0.895876
  Tested: params=(17, 17, 27, 13, 1, 1, 4, 4)
  validation: F_1/7=0.913084, precision=0.913149, recall=0.909919, good=38071, bad=3621, missed=3769, trie_nodes=31248, patterns=21934, objective=0.912982
  Best so far: params=(28, 26, 2, 1, 2, 5, 5, 1), score=0.932201, elapsed=366.1s

============================================================
Round 15/30
  Tested: params=(22, 7, 5, 1, 2, 3, 2, 3)
  validation: F_1/7=0.916945, precision=0.917743, recall=0.879446, good=36796, bad=3298, missed=5044, trie_nodes=44692, patterns=31703, objective=0.916798
  Tested: params=(28, 11, 16, 24, 2, 4, 5, 5)
  validation: F_1/7=0.913623, precision=0.913796, recall=0.905234, good=37875, bad=3573, missed=3965, trie_nodes=27873, patterns=19342, objective=0.913531
  Tested: params=(5, 28, 15, 8, 3, 5, 3, 2)
  validation: F_1/7=0.843614, precision=0.841861, recall=0.939508, good=39309, bad=7384, missed=2531, trie_nodes=47181, patterns=29797, objective=0.843460
  Tested: params=(20, 8, 3, 4, 1, 1, 1, 4)
  validation: F_1/7=0.900536, precision=0.899706, recall=0.943164, good=39462, bad=4399, missed=2378, trie_nodes=34667, patterns=25698, objective=0.900422
  Tested: params=(6, 11, 27, 15, 4, 1, 1, 1)
  validation: F_1/7=0.847023, precision=0.845448, recall=0.932075, good=38998, bad=7129, missed=2842, trie_nodes=46410, patterns=29959, objective=0.846871
  Best so far: params=(28, 26, 2, 1, 2, 5, 5, 1), score=0.932201, elapsed=392.5s

============================================================
Round 16/30
  Tested: params=(6, 9, 6, 3, 1, 3, 2, 2)
  validation: F_1/7=0.850061, precision=0.848639, recall=0.926099, good=38748, bad=6911, missed=3092, trie_nodes=44654, patterns=29601, objective=0.849915
  Tested: params=(16, 21, 2, 24, 4, 1, 5, 5)
  validation: F_1/7=0.889848, precision=0.888656, recall=0.952438, good=39850, bad=4993, missed=1990, trie_nodes=27749, patterns=19226, objective=0.889757
  Tested: params=(2, 9, 25, 23, 1, 2, 2, 3)
  validation: F_1/7=0.819273, precision=0.817165, recall=0.937787, good=39237, bad=8779, missed=2603, trie_nodes=47759, patterns=30600, objective=0.819116
  Tested: params=(19, 12, 14, 23, 1, 2, 4, 5)
  validation: F_1/7=0.914330, precision=0.914391, recall=0.911353, good=38131, bad=3570, missed=3709, trie_nodes=31408, patterns=22213, objective=0.914227
  Tested: params=(16, 16, 4, 14, 3, 2, 2, 2)
  validation: F_1/7=0.898965, precision=0.898272, recall=0.934297, good=39091, bad=4427, missed=2749, trie_nodes=48876, patterns=33169, objective=0.898805
  Best so far: params=(28, 26, 2, 1, 2, 5, 5, 1), score=0.932201, elapsed=419.0s

============================================================
Round 17/30
  Tested: params=(1, 10, 7, 10, 1, 5, 3, 4)
  validation: F_1/7=0.811810, precision=0.809233, recall=0.961950, good=40248, bad=9488, missed=1592, trie_nodes=21374, patterns=12548, objective=0.811740
  Tested: params=(24, 15, 3, 17, 3, 4, 3, 1)
  validation: F_1/7=0.898415, precision=0.897626, recall=0.938838, good=39281, bad=4480, missed=2559, trie_nodes=51954, patterns=36474, objective=0.898244
  Tested: params=(9, 11, 20, 18, 2, 5, 4, 2)
  validation: F_1/7=0.886872, precision=0.886080, recall=0.927462, good=38805, bad=4989, missed=3035, trie_nodes=41789, patterns=25215, objective=0.886735
  Tested: params=(4, 5, 8, 5, 1, 2, 1, 5)
  validation: F_1/7=0.838259, precision=0.836459, recall=0.937118, good=39209, bad=7666, missed=2631, trie_nodes=33033, patterns=23472, objective=0.838151
  Tested: params=(3, 16, 13, 30, 1, 2, 5, 5)
  validation: F_1/7=0.826321, precision=0.824188, recall=0.946319, good=39594, bad=8446, missed=2246, trie_nodes=30448, patterns=20680, objective=0.826221
  Best so far: params=(28, 26, 2, 1, 2, 5, 5, 1), score=0.932201, elapsed=446.9s

============================================================
Round 18/30
  Tested: params=(25, 8, 6, 21, 5, 3, 3, 2)
  validation: F_1/7=0.906962, precision=0.906575, recall=0.926315, good=38757, bad=3994, missed=3083, trie_nodes=49232, patterns=33305, objective=0.906801
  Tested: params=(24, 6, 10, 13, 3, 2, 1, 4)
  validation: F_1/7=0.906608, precision=0.906327, recall=0.920602, good=38518, bad=3981, missed=3322, trie_nodes=42335, patterns=29593, objective=0.906470
  Tested: params=(9, 18, 5, 15, 3, 1, 2, 1)
  validation: F_1/7=0.874711, precision=0.873565, recall=0.934823, good=39113, bad=5661, missed=2727, trie_nodes=47333, patterns=31046, objective=0.874556
  Tested: params=(2, 30, 10, 25, 2, 4, 4, 3)
  validation: F_1/7=0.821425, precision=0.819257, recall=0.943810, good=39489, bad=8712, missed=2351, trie_nodes=50609, patterns=29670, objective=0.821259
  Tested: params=(15, 13, 11, 28, 5, 5, 1, 4)
  validation: F_1/7=0.891371, precision=0.890450, recall=0.938910, good=39284, bad=4833, missed=2556, trie_nodes=28975, patterns=17043, objective=0.891276
  Best so far: params=(28, 26, 2, 1, 2, 5, 5, 1), score=0.932201, elapsed=473.4s

============================================================
Round 19/30
  Tested: params=(29, 6, 2, 23, 3, 5, 1, 4)
  validation: F_1/7=0.874229, precision=0.872560, recall=0.964675, good=40362, bad=5895, missed=1478, trie_nodes=32601, patterns=24519, objective=0.874123
  Tested: params=(7, 5, 5, 25, 4, 3, 2, 5)
  validation: F_1/7=0.869371, precision=0.868049, recall=0.939460, good=39307, bad=5975, missed=2533, trie_nodes=32629, patterns=23047, objective=0.869264
  Tested: params=(12, 25, 14, 12, 3, 2, 4, 3)
  validation: F_1/7=0.890778, precision=0.890263, recall=0.916754, good=38357, bad=4728, missed=3483, trie_nodes=42501, patterns=26821, objective=0.890639
  Tested: params=(7, 27, 12, 17, 5, 4, 1, 5)
  validation: F_1/7=0.865786, precision=0.864137, recall=0.955115, good=39962, bad=6283, missed=1878, trie_nodes=22649, patterns=13057, objective=0.865712
  Tested: params=(19, 11, 5, 24, 4, 3, 5, 4)
  validation: F_1/7=0.911792, precision=0.911371, recall=0.932935, good=39034, bad=3796, missed=2806, trie_nodes=26289, patterns=17799, objective=0.911706
  Best so far: params=(28, 26, 2, 1, 2, 5, 5, 1), score=0.932201, elapsed=500.2s

============================================================
Round 20/30
  Tested: params=(5, 10, 8, 23, 1, 3, 4, 5)
  validation: F_1/7=0.840523, precision=0.838683, recall=0.941754, good=39403, bad=7579, missed=2437, trie_nodes=28392, patterns=19680, objective=0.840430
  Tested: params=(11, 25, 4, 26, 1, 2, 4, 1)
  validation: F_1/7=0.883556, precision=0.882614, recall=0.932314, good=39008, bad=5188, missed=2832, trie_nodes=44948, patterns=28297, objective=0.883409
  Tested: params=(7, 22, 22, 20, 4, 3, 2, 2)
  validation: F_1/7=0.868865, precision=0.867652, recall=0.932768, good=39027, bad=5953, missed=2813, trie_nodes=47527, patterns=30744, objective=0.868710
  Tested: params=(6, 28, 18, 13, 3, 5, 1, 3)
  validation: F_1/7=0.849782, precision=0.848192, recall=0.935707, good=39150, bad=7007, missed=2690, trie_nodes=47829, patterns=30257, objective=0.849625
  Tested: params=(16, 19, 1, 27, 5, 3, 4, 5)
  validation: F_1/7=0.868559, precision=0.866880, recall=0.959680, good=40153, bad=6166, missed=1687, trie_nodes=31009, patterns=21818, objective=0.868458
  Best so far: params=(28, 26, 2, 1, 2, 5, 5, 1), score=0.932201, elapsed=526.1s

============================================================
Round 21/30
  Tested: params=(22, 5, 18, 19, 3, 4, 5, 5)
  validation: F_1/7=0.914140, precision=0.914243, recall=0.909130, good=38038, bad=3568, missed=3802, trie_nodes=24421, patterns=16127, objective=0.914060
  Tested: params=(14, 4, 30, 26, 1, 5, 5, 3)
  validation: F_1/7=0.904607, precision=0.904528, recall=0.908485, good=38011, bad=4012, missed=3829, trie_nodes=39122, patterns=24084, objective=0.904479
  Tested: params=(18, 12, 2, 11, 5, 1, 2, 2)
  validation: F_1/7=0.883009, precision=0.881884, recall=0.941850, good=39407, bad=5278, missed=2433, trie_nodes=49760, patterns=34424, objective=0.882846
  Tested: params=(17, 28, 11, 11, 4, 3, 2, 3)
  validation: F_1/7=0.910068, precision=0.909907, recall=0.917997, good=38409, bad=3803, missed=3431, trie_nodes=49377, patterns=31950, objective=0.909906
  Tested: params=(5, 6, 15, 13, 5, 2, 3, 4)
  validation: F_1/7=0.839309, precision=0.837459, recall=0.941181, good=39379, bad=7643, missed=2461, trie_nodes=33749, patterns=23625, objective=0.839198
  Best so far: params=(28, 26, 2, 1, 2, 5, 5, 1), score=0.932201, elapsed=553.3s

============================================================
Round 22/30
  Tested: params=(1, 20, 6, 29, 1, 3, 1, 5)
  validation: F_1/7=0.812090, precision=0.809682, recall=0.950621, good=39774, bad=9349, missed=2066, trie_nodes=35708, patterns=25007, objective=0.811973
  Tested: params=(16, 18, 3, 23, 2, 5, 2, 1)
  validation: F_1/7=0.895346, precision=0.894475, recall=0.940225, good=39339, bad=4641, missed=2501, trie_nodes=49297, patterns=32992, objective=0.895185
  Tested: params=(2, 15, 17, 2, 4, 3, 3, 3)
  validation: F_1/7=0.827611, precision=0.825999, recall=0.915153, good=38290, bad=8066, missed=3550, trie_nodes=44831, patterns=29375, objective=0.827464
  Tested: params=(13, 17, 5, 6, 5, 5, 2, 2)
  validation: F_1/7=0.893977, precision=0.893227, recall=0.932337, good=39009, bad=4663, missed=2831, trie_nodes=45310, patterns=29170, objective=0.893828
  Tested: params=(20, 13, 1, 5, 4, 4, 1, 2)
  validation: F_1/7=0.888974, precision=0.888351, recall=0.920602, good=38518, bad=4841, missed=3322, trie_nodes=45321, patterns=31229, objective=0.888825
  Best so far: params=(28, 26, 2, 1, 2, 5, 5, 1), score=0.932201, elapsed=580.3s

============================================================
Round 23/30
  Tested: params=(7, 21, 1, 4, 4, 1, 4, 2)
  validation: F_1/7=0.874108, precision=0.873163, recall=0.923040, good=38620, bad=5610, missed=3220, trie_nodes=43475, patterns=28070, objective=0.873965
  Tested: params=(3, 8, 22, 26, 5, 2, 4, 2)
  validation: F_1/7=0.833092, precision=0.831269, recall=0.933389, good=39053, bad=7927, missed=2787, trie_nodes=42838, patterns=24793, objective=0.832951
  Tested: params=(9, 27, 1, 3, 2, 1, 1, 3)
  validation: F_1/7=0.878985, precision=0.878324, recall=0.912667, good=38186, bad=5290, missed=3654, trie_nodes=44661, patterns=31564, objective=0.878839
  Tested: params=(13, 27, 25, 11, 2, 2, 3, 2)
  validation: F_1/7=0.887788, precision=0.887164, recall=0.919479, good=38471, bad=4893, missed=3369, trie_nodes=48828, patterns=31833, objective=0.887629
  Tested: params=(19, 13, 17, 14, 2, 5, 4, 1)
  validation: F_1/7=0.916191, precision=0.916433, recall=0.904517, good=37845, bad=3451, missed=3995, trie_nodes=42045, patterns=26531, objective=0.916053
  Best so far: params=(28, 26, 2, 1, 2, 5, 5, 1), score=0.932201, elapsed=607.9s

============================================================
Round 24/30
  Tested: params=(27, 15, 27, 24, 3, 1, 2, 3)
  validation: F_1/7=0.909531, precision=0.909771, recall=0.897921, good=37569, bad=3726, missed=4271, trie_nodes=57580, patterns=38226, objective=0.909342
  Tested: params=(20, 8, 5, 26, 5, 3, 1, 2)
  validation: F_1/7=0.906533, precision=0.906037, recall=0.931525, good=38975, bad=4042, missed=2865, trie_nodes=48314, patterns=32576, objective=0.906375
  Tested: params=(1, 28, 4, 18, 2, 3, 4, 5)
  validation: F_1/7=0.813082, precision=0.810690, recall=0.950526, good=39770, bad=9287, missed=2070, trie_nodes=34790, patterns=23846, objective=0.812968
  Tested: params=(7, 1, 5, 28, 5, 3, 4, 4)
  validation: F_1/7=0.891420, precision=0.890582, recall=0.934536, good=39101, bad=4804, missed=2739, trie_nodes=22463, patterns=16192, objective=0.891347
  Tested: params=(6, 28, 13, 12, 3, 1, 1, 4)
  validation: F_1/7=0.841774, precision=0.839963, recall=0.941205, good=39380, bad=7503, missed=2460, trie_nodes=35136, patterns=24907, objective=0.841659
  Best so far: params=(28, 26, 2, 1, 2, 5, 5, 1), score=0.932201, elapsed=635.1s

============================================================
Round 25/30
  Tested: params=(3, 19, 8, 12, 2, 2, 4, 2)
  validation: F_1/7=0.828719, precision=0.826722, recall=0.939962, good=39328, bad=8243, missed=2512, trie_nodes=47951, patterns=28798, objective=0.828562
  Tested: params=(17, 15, 20, 29, 4, 2, 1, 2)
  validation: F_1/7=0.910395, precision=0.910339, recall=0.913145, good=38206, bad=3763, missed=3634, trie_nodes=50492, patterns=32394, objective=0.910229
  Tested: params=(18, 2, 15, 18, 2, 4, 1, 1)
  validation: F_1/7=0.912822, precision=0.912945, recall=0.906836, good=37942, bad=3618, missed=3898, trie_nodes=50673, patterns=33480, objective=0.912656
  Tested: params=(22, 15, 21, 14, 2, 5, 4, 4)
  validation: F_1/7=0.912097, precision=0.912129, recall=0.910516, good=38096, bad=3670, missed=3744, trie_nodes=24675, patterns=16134, objective=0.912016
  Tested: params=(9, 18, 11, 3, 5, 1, 5, 3)
  validation: F_1/7=0.885934, precision=0.885303, recall=0.917973, good=38408, bad=4976, missed=3432, trie_nodes=40545, patterns=24406, objective=0.885801
  Best so far: params=(28, 26, 2, 1, 2, 5, 5, 1), score=0.932201, elapsed=664.4s

============================================================
Round 26/30
  Tested: params=(6, 17, 27, 22, 5, 4, 4, 5)
  validation: F_1/7=0.848122, precision=0.846231, recall=0.952414, good=39849, bad=7241, missed=1991, trie_nodes=13958, patterns=8366, objective=0.848076
  Tested: params=(8, 15, 7, 30, 5, 1, 4, 5)
  validation: F_1/7=0.876197, precision=0.875045, recall=0.936616, good=39188, bad=5596, missed=2652, trie_nodes=28062, patterns=18914, objective=0.876105
  Tested: params=(6, 18, 28, 2, 4, 2, 5, 5)
  validation: F_1/7=0.852841, precision=0.851469, recall=0.925932, good=38741, bad=6758, missed=3099, trie_nodes=29281, patterns=19950, objective=0.852745
  Tested: params=(29, 15, 26, 26, 2, 5, 1, 3)
  validation: F_1/7=0.910340, precision=0.910620, recall=0.896821, good=37523, bad=3683, missed=4317, trie_nodes=58501, patterns=38989, objective=0.910148
  Tested: params=(7, 4, 3, 21, 2, 4, 1, 2)
  validation: F_1/7=0.870825, precision=0.869540, recall=0.938767, good=39278, bad=5893, missed=2562, trie_nodes=45287, patterns=30072, objective=0.870676
  Best so far: params=(28, 26, 2, 1, 2, 5, 5, 1), score=0.932201, elapsed=690.8s

============================================================
Round 27/30
  Tested: params=(17, 24, 10, 19, 5, 4, 2, 1)
  validation: F_1/7=0.909720, precision=0.909503, recall=0.920459, good=38512, bad=3832, missed=3328, trie_nodes=48713, patterns=31118, objective=0.909560
  Tested: params=(27, 1, 27, 16, 5, 4, 5, 2)
  validation: F_1/7=0.931985, precision=0.933520, recall=0.862524, good=36088, bad=2570, missed=5752, trie_nodes=36660, patterns=22868, objective=0.931865
  Tested: params=(24, 13, 15, 19, 5, 5, 4, 3)
  validation: F_1/7=0.923252, precision=0.923895, recall=0.892782, good=37354, bad=3077, missed=4486, trie_nodes=39023, patterns=23202, objective=0.923124
  Tested: params=(13, 23, 8, 4, 2, 2, 2, 2)
  validation: F_1/7=0.889144, precision=0.888505, recall=0.921654, good=38562, bad=4839, missed=3278, trie_nodes=46994, patterns=31085, objective=0.888990
  Tested: params=(2, 1, 30, 13, 2, 4, 2, 5)
  validation: F_1/7=0.896202, precision=0.896003, recall=0.906047, good=37909, bad=4400, missed=3931, trie_nodes=45541, patterns=29941, objective=0.896053
  Best so far: params=(28, 26, 2, 1, 2, 5, 5, 1), score=0.932201, elapsed=717.4s

============================================================
Round 28/30
  Tested: params=(24, 3, 13, 27, 5, 3, 4, 1)
  validation: F_1/7=0.925173, precision=0.925901, recall=0.890870, good=37274, bad=2983, missed=4566, trie_nodes=37379, patterns=22701, objective=0.925051
  Tested: params=(30, 7, 29, 20, 4, 3, 2, 1)
  validation: F_1/7=0.911832, precision=0.912281, recall=0.890368, good=37253, bad=3582, missed=4587, trie_nodes=59044, patterns=38906, objective=0.911639
  Tested: params=(7, 6, 24, 11, 1, 5, 5, 5)
  validation: F_1/7=0.872502, precision=0.871125, recall=0.945746, good=39570, bad=5854, missed=2270, trie_nodes=14381, patterns=9213, objective=0.872455
  Tested: params=(30, 6, 12, 23, 4, 1, 5, 2)
  validation: F_1/7=0.927140, precision=0.927895, recall=0.891635, good=37306, bad=2899, missed=4534, trie_nodes=39502, patterns=24380, objective=0.927011
  Tested: params=(7, 17, 18, 18, 1, 5, 2, 1)
  validation: F_1/7=0.869501, precision=0.868269, recall=0.934489, good=39099, bad=5932, missed=2741, trie_nodes=46424, patterns=29640, objective=0.869349
  Best so far: params=(28, 26, 2, 1, 2, 5, 5, 1), score=0.932201, elapsed=743.7s

============================================================
Round 29/30
  Tested: params=(27, 29, 26, 25, 4, 3, 1, 3)
  validation: F_1/7=0.911015, precision=0.911305, recall=0.897060, good=37533, bad=3653, missed=4307, trie_nodes=56943, patterns=37246, objective=0.910829
  Tested: params=(12, 8, 22, 15, 1, 2, 4, 1)
  validation: F_1/7=0.892647, precision=0.892233, recall=0.913408, good=38217, bad=4616, missed=3623, trie_nodes=40536, patterns=25334, objective=0.892514
  Tested: params=(26, 15, 15, 18, 5, 2, 4, 3)
  validation: F_1/7=0.925850, precision=0.926634, recall=0.889006, good=37196, bad=2945, missed=4644, trie_nodes=39631, patterns=24063, objective=0.925720
  Tested: params=(9, 27, 24, 20, 5, 5, 4, 5)
  validation: F_1/7=0.879078, precision=0.877815, recall=0.945770, good=39571, bad=5508, missed=2269, trie_nodes=14723, patterns=8793, objective=0.879030
  Tested: params=(21, 21, 19, 23, 1, 5, 5, 1)
  validation: F_1/7=0.917334, precision=0.917714, recall=0.899092, good=37618, bad=3373, missed=4222, trie_nodes=42690, patterns=27217, objective=0.917194
  Best so far: params=(28, 26, 2, 1, 2, 5, 5, 1), score=0.932201, elapsed=769.6s

============================================================
Round 30/30
  Tested: params=(25, 4, 11, 23, 1, 5, 5, 3)
  validation: F_1/7=0.917876, precision=0.918210, recall=0.901816, good=37732, bad=3361, missed=4108, trie_nodes=42250, patterns=27660, objective=0.917738
  Tested: params=(1, 9, 19, 30, 4, 2, 4, 3)
  validation: F_1/7=0.823868, precision=0.821884, recall=0.934441, good=39097, bad=8473, missed=2743, trie_nodes=43602, patterns=25447, objective=0.823725
  Tested: params=(24, 4, 23, 17, 5, 2, 4, 5)
  validation: F_1/7=0.923508, precision=0.924290, recall=0.886735, good=37101, bad=3039, missed=4739, trie_nodes=29666, patterns=19122, objective=0.923411
  Tested: params=(4, 29, 21, 3, 2, 4, 1, 3)
  validation: F_1/7=0.846346, precision=0.844872, recall=0.925502, good=38723, bad=7110, missed=3117, trie_nodes=43019, patterns=27345, objective=0.846205
  Tested: params=(11, 19, 2, 27, 5, 5, 4, 1)
  validation: F_1/7=0.882596, precision=0.881465, recall=0.941802, good=39405, bad=5299, missed=2435, trie_nodes=46401, patterns=27911, objective=0.882444
  Best so far: params=(28, 26, 2, 1, 2, 5, 5, 1), score=0.932201, elapsed=795.8s

============================================================
Final phase: 3 evaluations
  Tested: params=(23, 1, 1, 10, 3, 4, 4, 3)
  validation: F_1/7=0.876385, precision=0.875257, recall=0.935421, good=39138, bad=5578, missed=2702, trie_nodes=55664, patterns=39894, objective=0.876202
  Tested: params=(9, 30, 13, 14, 1, 4, 4, 2)
  validation: F_1/7=0.884813, precision=0.883954, recall=0.929039, good=38871, bad=5103, missed=2969, trie_nodes=43395, patterns=26379, objective=0.884671
  Tested: params=(3, 21, 20, 9, 5, 1, 3, 5)
  validation: F_1/7=0.822771, precision=0.820550, recall=0.948614, good=39690, bad=8680, missed=2150, trie_nodes=35597, patterns=24624, objective=0.822655

============================================================
Threshold ablation run complete
Best parameters (b1..b4 thr1..thr4): (28, 26, 2, 1, 2, 5, 5, 1)
Thresholds: {'mode': 'perlayer', 'shared': None, 'per_level': [2, 5, 5, 1]}
  validation-selected: F_1/7=0.932312, precision=0.936473, recall=0.765607, good=32033, bad=2173, missed=9807, trie_nodes=33878, patterns=26897, objective=0.932201
  held-out test: F_1/7=0.931554, precision=0.935607, recall=0.768448, good=32241, bad=2219, missed=9715, trie_nodes=33878, patterns=26897
Summary: results/threshold_ablation/ru/wiktionary/perlayer_random/summary.json
History: results/threshold_ablation/ru/wiktionary/perlayer_random/history.csv
Wall time: 823.7s
