Proportional trie_normalizer for th/orchid: |D| = 39691
Objective: F17+Trie(w=0.0005)
Dataset: /home/dev/hyph-bench/data/th/orchid/orchid.wlh
Translate: /home/dev/hyph-bench/data/th/orchid/orchid.wlh.tra
Method: random | Threshold mode: shared
Search space (5-D): [(1, 30), (1, 30), (1, 30), (1, 30), (1, 5)]
Split counts: train=31753, validation=3969, test=3969
Pattern ranges: [(1, 4), (2, 5), (2, 6), (2, 7)]
Budget: 30 rounds x 5 + 3 final = 153 patgen evaluations; 3 parallel workers

============================================================
Round 1/30
  Tested: params=(12, 29, 22, 18, 1)
  validation: F_1/7=0.960490, precision=0.960745, recall=0.948142, good=21611, bad=883, missed=1182, trie_nodes=27759, patterns=17959, objective=0.960140
  Tested: params=(5, 2, 26, 19, 4)
  validation: F_1/7=0.964445, precision=0.964958, recall=0.939938, good=21424, bad=778, missed=1369, trie_nodes=14520, patterns=10681, objective=0.964262
  Tested: params=(1, 30, 25, 7, 1)
  validation: F_1/7=0.951042, precision=0.950943, recall=0.955908, good=21788, bad=1124, missed=1005, trie_nodes=25719, patterns=17115, objective=0.950718
  Tested: params=(6, 10, 16, 13, 2)
  validation: F_1/7=0.959570, precision=0.959677, recall=0.954372, good=21753, bad=914, missed=1040, trie_nodes=25457, patterns=16672, objective=0.959250
  Tested: params=(19, 5, 9, 11, 3)
  validation: F_1/7=0.965378, precision=0.965863, recall=0.942175, good=21475, bad=759, missed=1318, trie_nodes=28644, patterns=19342, objective=0.965017
  Best so far: params=(19, 5, 9, 11, 3), score=0.965017, elapsed=26.4s

============================================================
Round 2/30
  Tested: params=(24, 6, 16, 18, 1)
  validation: F_1/7=0.966738, precision=0.967322, recall=0.938972, good=21402, bad=723, missed=1391, trie_nodes=29746, patterns=19960, objective=0.966364
  Tested: params=(19, 6, 2, 29, 5)
  validation: F_1/7=0.956706, precision=0.956784, recall=0.952880, good=21719, bad=981, missed=1074, trie_nodes=16749, patterns=11263, objective=0.956495
  Tested: params=(25, 10, 3, 21, 3)
  validation: F_1/7=0.960785, precision=0.961016, recall=0.949590, good=21644, bad=878, missed=1149, trie_nodes=30156, patterns=20441, objective=0.960405
  Tested: params=(4, 15, 2, 28, 2)
  validation: F_1/7=0.953741, precision=0.953594, recall=0.961041, good=21905, bad=1066, missed=888, trie_nodes=25918, patterns=16887, objective=0.953415
  Tested: params=(20, 10, 16, 17, 1)
  validation: F_1/7=0.965487, precision=0.965999, recall=0.941078, good=21450, bad=755, missed=1343, trie_nodes=29152, patterns=19405, objective=0.965120
  Best so far: params=(24, 6, 16, 18, 1), score=0.966364, elapsed=52.8s

============================================================
Round 3/30
  Tested: params=(30, 24, 29, 27, 3)
  validation: F_1/7=0.966394, precision=0.967074, recall=0.934234, good=21294, bad=725, missed=1499, trie_nodes=31286, patterns=20779, objective=0.966000
  Tested: params=(28, 3, 6, 2, 2)
  validation: F_1/7=0.966893, precision=0.967469, recall=0.939455, good=21413, bad=720, missed=1380, trie_nodes=29695, patterns=20473, objective=0.966519
  Tested: params=(12, 9, 25, 11, 2)
  validation: F_1/7=0.962430, precision=0.962737, recall=0.947615, good=21599, bad=836, missed=1194, trie_nodes=27134, patterns=17896, objective=0.962088
  Tested: params=(17, 5, 25, 3, 5)
  validation: F_1/7=0.968534, precision=0.969284, recall=0.933137, good=21269, bad=674, missed=1524, trie_nodes=16412, patterns=10697, objective=0.968327
  Tested: params=(24, 6, 1, 25, 4)
  validation: F_1/7=0.947364, precision=0.947064, recall=0.962313, good=21934, bad=1226, missed=859, trie_nodes=18742, patterns=12928, objective=0.947128
  Best so far: params=(17, 5, 25, 3, 5), score=0.968327, elapsed=78.7s

============================================================
Round 4/30
  Tested: params=(22, 24, 3, 11, 1)
  validation: F_1/7=0.960725, precision=0.960961, recall=0.949283, good=21637, bad=879, missed=1156, trie_nodes=29702, patterns=20043, objective=0.960351
  Tested: params=(26, 19, 10, 2, 2)
  validation: F_1/7=0.967540, precision=0.968199, recall=0.936340, good=21342, bad=701, missed=1451, trie_nodes=29714, patterns=20073, objective=0.967166
  Tested: params=(10, 22, 20, 27, 3)
  validation: F_1/7=0.959136, precision=0.959340, recall=0.949239, good=21636, bad=917, missed=1157, trie_nodes=27519, patterns=17711, objective=0.958789
  Tested: params=(4, 22, 23, 17, 4)
  validation: F_1/7=0.946520, precision=0.946193, recall=0.962839, good=21946, bad=1248, missed=847, trie_nodes=13725, patterns=8692, objective=0.946347
  Tested: params=(15, 16, 13, 1, 1)
  validation: F_1/7=0.970240, precision=0.971248, recall=0.923310, good=21045, bad=623, missed=1748, trie_nodes=27418, patterns=18681, objective=0.969895
  Best so far: params=(15, 16, 13, 1, 1), score=0.969895, elapsed=104.6s

============================================================
Round 5/30
  Tested: params=(1, 20, 10, 16, 5)
  validation: F_1/7=0.939798, precision=0.939243, recall=0.967841, good=22060, bad=1427, missed=733, trie_nodes=13180, patterns=8668, objective=0.939632
  Tested: params=(8, 13, 23, 7, 1)
  validation: F_1/7=0.960927, precision=0.961126, recall=0.951301, good=21683, bad=877, missed=1110, trie_nodes=26020, patterns=17177, objective=0.960600
  Tested: params=(9, 5, 28, 25, 4)
  validation: F_1/7=0.961790, precision=0.962103, recall=0.946738, good=21579, bad=850, missed=1214, trie_nodes=14268, patterns=9565, objective=0.961611
  Tested: params=(27, 25, 6, 27, 3)
  validation: F_1/7=0.962843, precision=0.963208, recall=0.945290, good=21546, bad=823, missed=1247, trie_nodes=30205, patterns=20225, objective=0.962462
  Tested: params=(25, 27, 10, 4, 2)
  validation: F_1/7=0.966608, precision=0.967172, recall=0.939718, good=21419, bad=727, missed=1374, trie_nodes=29707, patterns=19944, objective=0.966233
  Best so far: params=(15, 16, 13, 1, 1), score=0.969895, elapsed=130.7s

============================================================
Round 6/30
  Tested: params=(13, 25, 26, 1, 3)
  validation: F_1/7=0.968679, precision=0.969572, recall=0.926864, good=21126, bad=663, missed=1667, trie_nodes=26682, patterns=17931, objective=0.968343
  Tested: params=(13, 7, 4, 11, 5)
  validation: F_1/7=0.960364, precision=0.960588, recall=0.949546, good=21643, bad=888, missed=1150, trie_nodes=15262, patterns=10076, objective=0.960172
  Tested: params=(10, 16, 22, 11, 5)
  validation: F_1/7=0.959084, precision=0.959333, recall=0.947001, good=21585, bad=915, missed=1208, trie_nodes=14821, patterns=9533, objective=0.958897
  Tested: params=(29, 8, 15, 10, 2)
  validation: F_1/7=0.966698, precision=0.967314, recall=0.937437, good=21367, bad=722, missed=1426, trie_nodes=30552, patterns=20456, objective=0.966313
  Tested: params=(2, 19, 16, 2, 2)
  validation: F_1/7=0.964872, precision=0.965427, recall=0.938446, good=21390, bad=766, missed=1403, trie_nodes=23053, patterns=15939, objective=0.964582
  Best so far: params=(15, 16, 13, 1, 1), score=0.969895, elapsed=156.8s

============================================================
Round 7/30
  Tested: params=(28, 8, 5, 15, 5)
  validation: F_1/7=0.963717, precision=0.964185, recall=0.941342, good=21456, bad=797, missed=1337, trie_nodes=17372, patterns=11518, objective=0.963498
  Tested: params=(8, 21, 23, 8, 4)
  validation: F_1/7=0.956648, precision=0.956758, recall=0.951301, good=21683, bad=980, missed=1110, trie_nodes=14391, patterns=9302, objective=0.956467
  Tested: params=(12, 19, 20, 17, 1)
  validation: F_1/7=0.961013, precision=0.961272, recall=0.948493, good=21619, bad=871, missed=1174, trie_nodes=27605, patterns=17927, objective=0.960665
  Tested: params=(26, 10, 6, 2, 3)
  validation: F_1/7=0.966639, precision=0.967192, recall=0.940289, good=21432, bad=727, missed=1361, trie_nodes=29535, patterns=20069, objective=0.966266
  Tested: params=(21, 1, 16, 7, 4)
  validation: F_1/7=0.971694, precision=0.972653, recall=0.926907, good=21127, bad=594, missed=1666, trie_nodes=17517, patterns=11858, objective=0.971473
  Best so far: params=(21, 1, 16, 7, 4), score=0.971473, elapsed=184.9s

============================================================
Round 8/30
  Tested: params=(6, 21, 12, 29, 1)
  validation: F_1/7=0.954604, precision=0.954587, recall=0.955425, good=21777, bad=1036, missed=1016, trie_nodes=26504, patterns=16816, objective=0.954270
  Tested: params=(11, 4, 28, 27, 2)
  validation: F_1/7=0.964965, precision=0.965404, recall=0.943930, good=21515, bad=771, missed=1278, trie_nodes=26643, patterns=18248, objective=0.964630
  Tested: params=(20, 25, 17, 16, 2)
  validation: F_1/7=0.965049, precision=0.965556, recall=0.940859, good=21445, bad=765, missed=1348, trie_nodes=29525, patterns=19483, objective=0.964677
  Tested: params=(3, 27, 28, 19, 2)
  validation: F_1/7=0.951638, precision=0.951470, recall=0.959944, good=21880, bad=1116, missed=913, trie_nodes=26458, patterns=16619, objective=0.951305
  Tested: params=(11, 22, 27, 27, 4)
  validation: F_1/7=0.957597, precision=0.957839, recall=0.945904, good=21560, bad=949, missed=1233, trie_nodes=15151, patterns=9681, objective=0.957407
  Best so far: params=(21, 1, 16, 7, 4), score=0.971473, elapsed=211.4s

============================================================
Round 9/30
  Tested: params=(20, 3, 5, 27, 4)
  validation: F_1/7=0.963702, precision=0.964111, recall=0.944062, good=21518, bad=801, missed=1275, trie_nodes=16489, patterns=11054, objective=0.963494
  Tested: params=(1, 4, 20, 1, 1)
  validation: F_1/7=0.968055, precision=0.968958, recall=0.925767, good=21101, bad=676, missed=1692, trie_nodes=25295, patterns=18813, objective=0.967736
  Tested: params=(17, 21, 20, 7, 4)
  validation: F_1/7=0.965800, precision=0.966430, recall=0.935901, good=21332, bad=741, missed=1461, trie_nodes=16449, patterns=10620, objective=0.965592
  Tested: params=(8, 10, 23, 20, 5)
  validation: F_1/7=0.956447, precision=0.956537, recall=0.952047, good=21700, bad=986, missed=1093, trie_nodes=14140, patterns=9222, objective=0.956269
  Tested: params=(20, 18, 3, 12, 2)
  validation: F_1/7=0.960644, precision=0.960863, recall=0.950029, good=21654, bad=882, missed=1139, trie_nodes=29376, patterns=19756, objective=0.960273
  Best so far: params=(21, 1, 16, 7, 4), score=0.971473, elapsed=237.7s

============================================================
Round 10/30
  Tested: params=(8, 30, 12, 27, 4)
  validation: F_1/7=0.951980, precision=0.951937, recall=0.954109, good=21747, bad=1098, missed=1046, trie_nodes=14686, patterns=9362, objective=0.951795
  Tested: params=(24, 16, 18, 15, 1)
  validation: F_1/7=0.966083, precision=0.966641, recall=0.939499, good=21414, bad=739, missed=1379, trie_nodes=30092, patterns=19959, objective=0.965704
  Tested: params=(22, 9, 1, 20, 1)
  validation: F_1/7=0.953007, precision=0.952958, recall=0.955425, good=21777, bad=1075, missed=1016, trie_nodes=32190, patterns=22088, objective=0.952602
  Tested: params=(29, 29, 28, 12, 1)
  validation: F_1/7=0.966233, precision=0.966887, recall=0.935199, good=21316, bad=730, missed=1477, trie_nodes=30881, patterns=20528, objective=0.965844
  Tested: params=(28, 13, 29, 29, 5)
  validation: F_1/7=0.968341, precision=0.969258, recall=0.925416, good=21093, bad=669, missed=1700, trie_nodes=18133, patterns=11613, objective=0.968112
  Best so far: params=(21, 1, 16, 7, 4), score=0.971473, elapsed=263.3s

============================================================
Round 11/30
  Tested: params=(9, 12, 26, 10, 1)
  validation: F_1/7=0.960834, precision=0.961049, recall=0.950423, good=21663, bad=878, missed=1130, trie_nodes=26625, patterns=17416, objective=0.960499
  Tested: params=(17, 29, 21, 18, 1)
  validation: F_1/7=0.963483, precision=0.963906, recall=0.943184, good=21498, bad=805, missed=1295, trie_nodes=28926, patterns=19038, objective=0.963118
  Tested: params=(19, 30, 5, 16, 5)
  validation: F_1/7=0.961744, precision=0.962102, recall=0.944501, good=21528, bad=848, missed=1265, trie_nodes=16481, patterns=10777, objective=0.961536
  Tested: params=(23, 21, 22, 11, 2)
  validation: F_1/7=0.966035, precision=0.966611, recall=0.938622, good=21394, bad=739, missed=1399, trie_nodes=30068, patterns=19915, objective=0.965656
  Tested: params=(25, 25, 27, 28, 3)
  validation: F_1/7=0.965762, precision=0.966372, recall=0.936779, good=21352, bad=743, missed=1441, trie_nodes=30628, patterns=20223, objective=0.965376
  Best so far: params=(21, 1, 16, 7, 4), score=0.971473, elapsed=289.0s

============================================================
Round 12/30
  Tested: params=(16, 24, 20, 22, 4)
  validation: F_1/7=0.963657, precision=0.964178, recall=0.938797, good=21398, bad=795, missed=1395, trie_nodes=16412, patterns=10558, objective=0.963450
  Tested: params=(27, 11, 12, 3, 3)
  validation: F_1/7=0.968036, precision=0.968696, recall=0.936779, good=21352, bad=690, missed=1441, trie_nodes=29901, patterns=20131, objective=0.967660
  Tested: params=(2, 14, 17, 9, 3)
  validation: F_1/7=0.955219, precision=0.955150, recall=0.958628, good=21850, bad=1026, missed=943, trie_nodes=25076, patterns=16377, objective=0.954903
  Tested: params=(1, 2, 25, 11, 1)
  validation: F_1/7=0.965626, precision=0.966153, recall=0.940508, good=21437, bad=751, missed=1356, trie_nodes=28079, patterns=20945, objective=0.965273
  Tested: params=(16, 24, 7, 19, 1)
  validation: F_1/7=0.962239, precision=0.962550, recall=0.947221, good=21590, bad=840, missed=1203, trie_nodes=28499, patterns=18892, objective=0.961880
  Best so far: params=(21, 1, 16, 7, 4), score=0.971473, elapsed=316.3s

============================================================
Round 13/30
  Tested: params=(2, 16, 17, 20, 4)
  validation: F_1/7=0.943831, precision=0.943392, recall=0.965867, good=22015, bad=1321, missed=778, trie_nodes=12962, patterns=8520, objective=0.943668
  Tested: params=(30, 16, 10, 24, 2)
  validation: F_1/7=0.965068, precision=0.965584, recall=0.940420, good=21435, bad=764, missed=1358, trie_nodes=30592, patterns=20517, objective=0.964682
  Tested: params=(14, 3, 1, 29, 5)
  validation: F_1/7=0.947543, precision=0.947264, recall=0.961436, good=21914, bad=1220, missed=879, trie_nodes=17000, patterns=11802, objective=0.947329
  Tested: params=(21, 13, 6, 5, 2)
  validation: F_1/7=0.964145, precision=0.964540, recall=0.945159, good=21543, bad=792, missed=1250, trie_nodes=28908, patterns=19452, objective=0.963780
  Tested: params=(17, 22, 20, 9, 5)
  validation: F_1/7=0.965483, precision=0.966112, recall=0.935594, good=21325, bad=748, missed=1468, trie_nodes=16542, patterns=10635, objective=0.965274
  Best so far: params=(21, 1, 16, 7, 4), score=0.971473, elapsed=342.2s

============================================================
Round 14/30
  Tested: params=(23, 17, 19, 13, 2)
  validation: F_1/7=0.965744, precision=0.966294, recall=0.939543, good=21415, bad=747, missed=1378, trie_nodes=29992, patterns=19885, objective=0.965366
  Tested: params=(11, 23, 1, 4, 1)
  validation: F_1/7=0.963543, precision=0.963945, recall=0.944237, good=21522, bad=805, missed=1271, trie_nodes=27058, patterns=18735, objective=0.963202
  Tested: params=(2, 26, 22, 15, 1)
  validation: F_1/7=0.949954, precision=0.949735, recall=0.960777, good=21899, bad=1159, missed=894, trie_nodes=26468, patterns=17080, objective=0.949620
  Tested: params=(15, 15, 6, 14, 2)
  validation: F_1/7=0.961625, precision=0.961887, recall=0.948932, good=21629, bad=857, missed=1164, trie_nodes=28033, patterns=18549, objective=0.961272
  Tested: params=(19, 20, 2, 12, 4)
  validation: F_1/7=0.954560, precision=0.954543, recall=0.955381, good=21776, bad=1037, missed=1017, trie_nodes=17073, patterns=11434, objective=0.954345
  Best so far: params=(21, 1, 16, 7, 4), score=0.971473, elapsed=368.7s

============================================================
Round 15/30
  Tested: params=(16, 26, 20, 5, 1)
  validation: F_1/7=0.966331, precision=0.966847, recall=0.941693, good=21464, bad=736, missed=1329, trie_nodes=28300, patterns=18815, objective=0.965974
  Tested: params=(20, 1, 18, 29, 3)
  validation: F_1/7=0.968604, precision=0.969291, recall=0.936121, good=21337, bad=676, missed=1456, trie_nodes=29758, patterns=21007, objective=0.968230
  Tested: params=(12, 20, 14, 17, 5)
  validation: F_1/7=0.959038, precision=0.959346, recall=0.944193, good=21521, bad=912, missed=1272, trie_nodes=15376, patterns=9796, objective=0.958844
  Tested: params=(12, 29, 28, 6, 1)
  validation: F_1/7=0.962903, precision=0.963247, recall=0.946343, good=21570, bad=823, missed=1223, trie_nodes=27198, patterns=17815, objective=0.962561
  Tested: params=(4, 1, 3, 21, 1)
  validation: F_1/7=0.954336, precision=0.954386, recall=0.951915, good=21697, bad=1037, missed=1096, trie_nodes=26121, patterns=20574, objective=0.954007
  Best so far: params=(21, 1, 16, 7, 4), score=0.971473, elapsed=396.1s

============================================================
Round 16/30
  Tested: params=(10, 26, 1, 25, 2)
  validation: F_1/7=0.952735, precision=0.952626, recall=0.958101, good=21838, bad=1086, missed=955, trie_nodes=29195, patterns=19082, objective=0.952367
  Tested: params=(4, 21, 19, 27, 4)
  validation: F_1/7=0.944539, precision=0.944158, recall=0.963585, good=21963, bad=1299, missed=830, trie_nodes=13752, patterns=8692, objective=0.944365
  Tested: params=(25, 9, 6, 23, 5)
  validation: F_1/7=0.963664, precision=0.964151, recall=0.940420, good=21435, bad=797, missed=1358, trie_nodes=17076, patterns=11258, objective=0.963449
  Tested: params=(30, 13, 12, 24, 2)
  validation: F_1/7=0.965869, precision=0.966439, recall=0.938709, good=21396, bad=743, missed=1397, trie_nodes=30576, patterns=20508, objective=0.965483
  Tested: params=(28, 26, 13, 23, 4)
  validation: F_1/7=0.966377, precision=0.967115, recall=0.931558, good=21233, bad=722, missed=1560, trie_nodes=17787, patterns=11501, objective=0.966153
  Best so far: params=(21, 1, 16, 7, 4), score=0.971473, elapsed=422.6s

============================================================
Round 17/30
  Tested: params=(4, 28, 16, 25, 2)
  validation: F_1/7=0.952009, precision=0.951859, recall=0.959417, good=21868, bad=1106, missed=925, trie_nodes=26805, patterns=16859, objective=0.951671
  Tested: params=(27, 12, 1, 28, 1)
  validation: F_1/7=0.952182, precision=0.952119, recall=0.955293, good=21774, bad=1095, missed=1019, trie_nodes=33238, patterns=22885, objective=0.951763
  Tested: params=(10, 29, 29, 18, 4)
  validation: F_1/7=0.956728, precision=0.956909, recall=0.947966, good=21607, bad=973, missed=1186, trie_nodes=15038, patterns=9593, objective=0.956539
  Tested: params=(14, 9, 10, 21, 4)
  validation: F_1/7=0.962526, precision=0.962955, recall=0.942000, good=21471, bad=826, missed=1322, trie_nodes=15645, patterns=10233, objective=0.962329
  Tested: params=(24, 24, 3, 15, 1)
  validation: F_1/7=0.960557, precision=0.960776, recall=0.949985, good=21653, bad=884, missed=1140, trie_nodes=30108, patterns=20312, objective=0.960178
  Best so far: params=(21, 1, 16, 7, 4), score=0.971473, elapsed=447.6s

============================================================
Round 18/30
  Tested: params=(17, 14, 27, 11, 1)
  validation: F_1/7=0.964627, precision=0.965091, recall=0.942438, good=21481, bad=777, missed=1312, trie_nodes=28620, patterns=18964, objective=0.964267
  Tested: params=(5, 23, 19, 4, 1)
  validation: F_1/7=0.962956, precision=0.963297, recall=0.946519, good=21574, bad=822, missed=1219, trie_nodes=24636, patterns=16257, objective=0.962645
  Tested: params=(22, 3, 25, 22, 1)
  validation: F_1/7=0.967384, precision=0.968015, recall=0.937437, good=21367, bad=706, missed=1426, trie_nodes=29435, patterns=20007, objective=0.967013
  Tested: params=(3, 30, 12, 12, 5)
  validation: F_1/7=0.945909, precision=0.945529, recall=0.964902, good=21993, bad=1267, missed=800, trie_nodes=13527, patterns=8513, objective=0.945738
  Tested: params=(29, 30, 23, 12, 1)
  validation: F_1/7=0.966252, precision=0.966883, recall=0.936340, good=21342, bad=731, missed=1451, trie_nodes=30819, patterns=20495, objective=0.965864
  Best so far: params=(21, 1, 16, 7, 4), score=0.971473, elapsed=473.7s

============================================================
Round 19/30
  Tested: params=(24, 17, 13, 28, 1)
  validation: F_1/7=0.965403, precision=0.965929, recall=0.940333, good=21433, bad=756, missed=1360, trie_nodes=30006, patterns=19933, objective=0.965025
  Tested: params=(15, 1, 15, 2, 1)
  validation: F_1/7=0.969615, precision=0.970371, recall=0.933971, good=21288, bad=650, missed=1505, trie_nodes=29447, patterns=21942, objective=0.969244
  Tested: params=(4, 20, 23, 18, 5)
  validation: F_1/7=0.946298, precision=0.945973, recall=0.962532, good=21939, bad=1253, missed=854, trie_nodes=13635, patterns=8622, objective=0.946127
  Tested: params=(12, 9, 27, 7, 5)
  validation: F_1/7=0.962050, precision=0.962457, recall=0.942526, good=21483, bad=838, missed=1310, trie_nodes=15131, patterns=9788, objective=0.961859
  Tested: params=(1, 30, 2, 27, 3)
  validation: F_1/7=0.943787, precision=0.943401, recall=0.963103, good=21952, bad=1317, missed=841, trie_nodes=27065, patterns=17503, objective=0.943446
  Best so far: params=(21, 1, 16, 7, 4), score=0.971473, elapsed=501.2s

============================================================
Round 20/30
  Tested: params=(30, 3, 17, 30, 3)
  validation: F_1/7=0.967827, precision=0.968498, recall=0.936077, good=21336, bad=694, missed=1457, trie_nodes=30590, patterns=20751, objective=0.967442
  Tested: params=(19, 21, 14, 19, 3)
  validation: F_1/7=0.964663, precision=0.965147, recall=0.941561, good=21461, bad=775, missed=1332, trie_nodes=29407, patterns=19364, objective=0.964293
  Tested: params=(28, 2, 9, 29, 5)
  validation: F_1/7=0.968465, precision=0.969224, recall=0.932655, good=21258, bad=675, missed=1535, trie_nodes=17608, patterns=11687, objective=0.968243
  Tested: params=(14, 19, 9, 6, 3)
  validation: F_1/7=0.964328, precision=0.964722, recall=0.945422, good=21549, bad=788, missed=1244, trie_nodes=27736, patterns=18413, objective=0.963979
  Tested: params=(11, 18, 3, 30, 5)
  validation: F_1/7=0.953464, precision=0.953448, recall=0.954284, good=21751, bad=1062, missed=1042, trie_nodes=15066, patterns=9765, objective=0.953275
  Best so far: params=(21, 1, 16, 7, 4), score=0.971473, elapsed=525.6s

============================================================
Round 21/30
  Tested: params=(21, 17, 10, 25, 4)
  validation: F_1/7=0.965268, precision=0.965860, recall=0.937130, good=21360, bad=755, missed=1433, trie_nodes=16879, patterns=10960, objective=0.965056
  Tested: params=(5, 28, 25, 29, 4)
  validation: F_1/7=0.944859, precision=0.944538, recall=0.960865, good=21901, bad=1286, missed=892, trie_nodes=14056, patterns=8789, objective=0.944682
  Tested: params=(19, 13, 28, 26, 1)
  validation: F_1/7=0.965158, precision=0.965674, recall=0.940508, good=21437, bad=762, missed=1356, trie_nodes=29044, patterns=19239, objective=0.964792
  Tested: params=(1, 12, 25, 30, 1)
  validation: F_1/7=0.950969, precision=0.950793, recall=0.959637, good=21873, bad=1132, missed=920, trie_nodes=25467, patterns=16987, objective=0.950648
  Tested: params=(18, 12, 30, 26, 5)
  validation: F_1/7=0.965590, precision=0.966264, recall=0.933664, good=21281, bad=743, missed=1512, trie_nodes=16627, patterns=10703, objective=0.965380
  Best so far: params=(21, 1, 16, 7, 4), score=0.971473, elapsed=552.9s

============================================================
Round 22/30
  Tested: params=(15, 13, 9, 2, 5)
  validation: F_1/7=0.967159, precision=0.967824, recall=0.935638, good=21326, bad=709, missed=1467, trie_nodes=15826, patterns=10363, objective=0.966959
  Tested: params=(25, 30, 30, 17, 4)
  validation: F_1/7=0.967598, precision=0.968428, recall=0.928575, good=21165, bad=690, missed=1628, trie_nodes=17873, patterns=11404, objective=0.967373
  Tested: params=(29, 26, 8, 14, 1)
  validation: F_1/7=0.964243, precision=0.964683, recall=0.943140, good=21497, bad=787, missed=1296, trie_nodes=30347, patterns=20397, objective=0.963860
  Tested: params=(29, 19, 7, 21, 4)
  validation: F_1/7=0.963977, precision=0.964497, recall=0.939192, good=21407, bad=788, missed=1386, trie_nodes=17599, patterns=11567, objective=0.963755
  Tested: params=(11, 4, 21, 16, 4)
  validation: F_1/7=0.964264, precision=0.964761, recall=0.940508, good=21437, bad=783, missed=1356, trie_nodes=14668, patterns=9875, objective=0.964079
  Best so far: params=(21, 1, 16, 7, 4), score=0.971473, elapsed=578.4s

============================================================
Round 23/30
  Tested: params=(16, 26, 17, 17, 5)
  validation: F_1/7=0.963782, precision=0.964307, recall=0.938753, good=21397, bad=792, missed=1396, trie_nodes=16454, patterns=10579, objective=0.963575
  Tested: params=(13, 5, 1, 23, 4)
  validation: F_1/7=0.947302, precision=0.947007, recall=0.962006, good=21927, bad=1227, missed=866, trie_nodes=16571, patterns=11472, objective=0.947094
  Tested: params=(22, 7, 5, 1, 2)
  validation: F_1/7=0.969266, precision=0.970163, recall=0.927258, good=21135, bad=650, missed=1658, trie_nodes=28402, patterns=19728, objective=0.968908
  Tested: params=(18, 12, 14, 28, 2)
  validation: F_1/7=0.964928, precision=0.965413, recall=0.941736, good=21465, bad=769, missed=1328, trie_nodes=28810, patterns=19104, objective=0.964565
  Tested: params=(16, 24, 12, 19, 5)
  validation: F_1/7=0.963572, precision=0.964075, recall=0.939543, good=21415, bad=798, missed=1378, trie_nodes=16379, patterns=10565, objective=0.963366
  Best so far: params=(21, 1, 16, 7, 4), score=0.971473, elapsed=602.7s

============================================================
Round 24/30
  Tested: params=(29, 5, 28, 15, 2)
  validation: F_1/7=0.967320, precision=0.968028, recall=0.933839, good=21285, bad=703, missed=1508, trie_nodes=30704, patterns=20612, objective=0.966933
  Tested: params=(14, 30, 15, 10, 4)
  validation: F_1/7=0.962495, precision=0.962950, recall=0.940727, good=21442, bad=825, missed=1351, trie_nodes=15901, patterns=10252, objective=0.962295
  Tested: params=(8, 3, 4, 4, 1)
  validation: F_1/7=0.964745, precision=0.965070, recall=0.949107, good=21633, bad=783, missed=1160, trie_nodes=25893, patterns=18588, objective=0.964419
  Tested: params=(5, 20, 6, 11, 5)
  validation: F_1/7=0.950087, precision=0.949891, recall=0.959768, good=21876, bad=1154, missed=917, trie_nodes=13502, patterns=8584, objective=0.949917
  Tested: params=(15, 21, 6, 6, 1)
  validation: F_1/7=0.962890, precision=0.963207, recall=0.947572, good=21598, bad=825, missed=1195, trie_nodes=27868, patterns=18532, objective=0.962539
  Best so far: params=(21, 1, 16, 7, 4), score=0.971473, elapsed=629.5s

============================================================
Round 25/30
  Tested: params=(6, 9, 6, 3, 1)
  validation: F_1/7=0.965707, precision=0.966088, recall=0.947396, good=21594, bad=758, missed=1199, trie_nodes=24560, patterns=16573, objective=0.965398
  Tested: params=(14, 7, 11, 16, 4)
  validation: F_1/7=0.964089, precision=0.964568, recall=0.941166, good=21452, bad=788, missed=1341, trie_nodes=15633, patterns=10277, objective=0.963892
  Tested: params=(2, 24, 19, 3, 5)
  validation: F_1/7=0.955553, precision=0.955673, recall=0.949678, good=21646, bad=1004, missed=1147, trie_nodes=12638, patterns=8503, objective=0.955393
  Tested: params=(28, 2, 9, 25, 4)
  validation: F_1/7=0.968938, precision=0.969727, recall=0.931777, good=21238, bad=663, missed=1555, trie_nodes=17628, patterns=11733, objective=0.968716
  Tested: params=(6, 7, 12, 15, 4)
  validation: F_1/7=0.957053, precision=0.957133, recall=0.953144, good=21725, bad=973, missed=1068, trie_nodes=13229, patterns=8877, objective=0.956886
  Best so far: params=(21, 1, 16, 7, 4), score=0.971473, elapsed=656.6s

============================================================
Round 26/30
  Tested: params=(12, 14, 23, 2, 2)
  validation: F_1/7=0.967314, precision=0.967902, recall=0.939323, good=21410, bad=710, missed=1383, trie_nodes=26338, patterns=17632, objective=0.966982
  Tested: params=(22, 27, 16, 16, 1)
  validation: F_1/7=0.964937, precision=0.965452, recall=0.940376, good=21434, bad=767, missed=1359, trie_nodes=29785, patterns=19732, objective=0.964562
  Tested: params=(14, 16, 8, 9, 2)
  validation: F_1/7=0.962838, precision=0.963158, recall=0.947396, good=21594, bad=826, missed=1199, trie_nodes=27784, patterns=18372, objective=0.962488
  Tested: params=(1, 10, 7, 10, 1)
  validation: F_1/7=0.953552, precision=0.953447, recall=0.958759, good=21853, bad=1067, missed=940, trie_nodes=24754, patterns=16959, objective=0.953241
  Tested: params=(27, 18, 21, 24, 3)
  validation: F_1/7=0.966017, precision=0.966617, recall=0.937525, good=21369, bad=738, missed=1424, trie_nodes=30701, patterns=20350, objective=0.965631
  Best so far: params=(21, 1, 16, 7, 4), score=0.971473, elapsed=682.7s

============================================================
Round 27/30
  Tested: params=(3, 17, 18, 23, 3)
  validation: F_1/7=0.953252, precision=0.953120, recall=0.959768, good=21876, bad=1076, missed=917, trie_nodes=25878, patterns=16525, objective=0.952926
  Tested: params=(4, 9, 11, 20, 3)
  validation: F_1/7=0.958074, precision=0.958110, recall=0.956302, good=21797, bad=953, missed=996, trie_nodes=25122, patterns=16554, objective=0.957757
  Tested: params=(11, 30, 19, 8, 1)
  validation: F_1/7=0.961860, precision=0.962148, recall=0.947923, good=21606, bad=850, missed=1187, trie_nodes=27052, patterns=17686, objective=0.961519
  Tested: params=(5, 8, 5, 6, 2)
  validation: F_1/7=0.961458, precision=0.961627, recall=0.953231, good=21727, bad=867, missed=1066, trie_nodes=24665, patterns=16525, objective=0.961147
  Tested: params=(6, 27, 3, 16, 3)
  validation: F_1/7=0.954531, precision=0.954484, recall=0.956829, good=21809, bad=1040, missed=984, trie_nodes=26711, patterns=16959, objective=0.954194
  Best so far: params=(21, 1, 16, 7, 4), score=0.971473, elapsed=710.3s

============================================================
Round 28/30
  Tested: params=(30, 4, 12, 30, 5)
  validation: F_1/7=0.969207, precision=0.970054, recall=0.929452, good=21185, bad=654, missed=1608, trie_nodes=17926, patterns=11734, objective=0.968981
  Tested: params=(25, 8, 6, 21, 5)
  validation: F_1/7=0.963944, precision=0.964443, recall=0.940113, good=21428, bad=790, missed=1365, trie_nodes=17074, patterns=11272, objective=0.963729
  Tested: params=(17, 18, 9, 24, 1)
  validation: F_1/7=0.962982, precision=0.963361, recall=0.944764, good=21534, bad=819, missed=1259, trie_nodes=28641, patterns=19015, objective=0.962621
  Tested: params=(10, 13, 16, 8, 1)
  validation: F_1/7=0.962099, precision=0.962367, recall=0.949151, good=21634, bad=846, missed=1159, trie_nodes=26616, patterns=17531, objective=0.961763
  Tested: params=(19, 9, 18, 5, 3)
  validation: F_1/7=0.966439, precision=0.966982, recall=0.940552, good=21438, bad=732, missed=1355, trie_nodes=29032, patterns=19299, objective=0.966074
  Best so far: params=(21, 1, 16, 7, 4), score=0.971473, elapsed=735.4s

============================================================
Round 29/30
  Tested: params=(16, 2, 11, 5, 1)
  validation: F_1/7=0.967219, precision=0.967809, recall=0.939148, good=21406, bad=712, missed=1387, trie_nodes=28495, patterns=20242, objective=0.966860
  Tested: params=(30, 10, 25, 8, 4)
  validation: F_1/7=0.969818, precision=0.970790, recall=0.924450, good=21071, bad=634, missed=1722, trie_nodes=18467, patterns=11840, objective=0.969585
  Tested: params=(23, 18, 15, 13, 2)
  validation: F_1/7=0.965607, precision=0.966141, recall=0.940157, good=21429, bad=751, missed=1364, trie_nodes=29934, patterns=19864, objective=0.965230
  Tested: params=(28, 25, 29, 4, 4)
  validation: F_1/7=0.970171, precision=0.971169, recall=0.923661, good=21053, bad=625, missed=1740, trie_nodes=18167, patterns=11646, objective=0.969942
  Tested: params=(29, 6, 2, 23, 3)
  validation: F_1/7=0.958549, precision=0.958700, recall=0.951213, good=21681, bad=934, missed=1112, trie_nodes=31134, patterns=21271, objective=0.958157
  Best so far: params=(21, 1, 16, 7, 4), score=0.971473, elapsed=760.8s

============================================================
Round 30/30
  Tested: params=(26, 5, 24, 7, 1)
  validation: F_1/7=0.967564, precision=0.968231, recall=0.935989, good=21334, bad=700, missed=1459, trie_nodes=30133, patterns=20301, objective=0.967185
  Tested: params=(5, 25, 20, 16, 2)
  validation: F_1/7=0.954661, precision=0.954627, recall=0.956302, good=21797, bad=1036, missed=996, trie_nodes=26385, patterns=16575, objective=0.954328
  Tested: params=(27, 12, 25, 14, 2)
  validation: F_1/7=0.966796, precision=0.967444, recall=0.936077, good=21336, bad=718, missed=1457, trie_nodes=30514, patterns=20305, objective=0.966411
  Tested: params=(14, 10, 23, 16, 2)
  validation: F_1/7=0.963719, precision=0.964107, recall=0.945115, good=21542, bad=802, missed=1251, trie_nodes=27907, patterns=18459, objective=0.963368
  Tested: params=(27, 12, 17, 28, 4)
  validation: F_1/7=0.967831, precision=0.968624, recall=0.930505, good=21209, bad=687, missed=1584, trie_nodes=17758, patterns=11441, objective=0.967608
  Best so far: params=(21, 1, 16, 7, 4), score=0.971473, elapsed=787.4s

============================================================
Final phase: 3 evaluations
  Tested: params=(4, 29, 19, 11, 1)
  validation: F_1/7=0.955221, precision=0.955164, recall=0.958013, good=21836, bad=1025, missed=957, trie_nodes=26112, patterns=16658, objective=0.954892
  Tested: params=(24, 19, 17, 27, 4)
  validation: F_1/7=0.966640, precision=0.967382, recall=0.931646, good=21235, bad=716, missed=1558, trie_nodes=17622, patterns=11296, objective=0.966418
  Tested: params=(5, 10, 8, 23, 1)
  validation: F_1/7=0.957769, precision=0.957804, recall=0.956039, good=21791, bad=960, missed=1002, trie_nodes=25160, patterns=16625, objective=0.957452

============================================================
Threshold ablation run complete
Best parameters (b1 b2 b3 b4 thr): (21, 1, 16, 7, 4)
Thresholds: {'mode': 'shared', 'shared': 4, 'per_level': [4, 4, 4, 4]}
  validation-selected: F_1/7=0.971694, precision=0.972653, recall=0.926907, good=21127, bad=594, missed=1666, trie_nodes=17517, patterns=11858, objective=0.971473
  held-out test: F_1/7=0.974406, precision=0.975432, recall=0.926637, good=21043, bad=530, missed=1666, trie_nodes=17517, patterns=11858
Summary: results/threshold_ablation/th/orchid/shared_random/summary.json
History: results/threshold_ablation/th/orchid/shared_random/history.csv
Wall time: 812.2s
