Proportional trie_normalizer for tr/wiktionary: |D| = 15619
Objective: F17+Trie(w=0.0005)
Dataset: /home/dev/hyph-bench/data/tr/wiktionary/tr_wiktionary.wlh_dis.wlh
Translate: /home/dev/hyph-bench/data/tr/wiktionary/tr_wiktionary.wlh_dis.wlh.tra
Method: tpe | Threshold mode: shared
Search space (5-D): [(1, 30), (1, 30), (1, 30), (1, 30), (1, 5)]
Split counts: train=12496, validation=1562, test=1561
Pattern ranges: [(1, 4), (2, 5), (2, 6), (2, 7)]
Budget: 30 rounds x 5 + 3 final = 153 patgen evaluations; 3 parallel workers

============================================================
Round 1/30
  Tested: params=(12, 29, 22, 18, 1)
  validation: F_1/7=0.978527, precision=0.979278, recall=0.943096, good=3497, bad=74, missed=211, trie_nodes=1240, patterns=776, objective=0.978487
  Tested: params=(5, 2, 26, 19, 4)
  validation: F_1/7=0.904692, precision=0.903926, recall=0.943905, good=3500, bad=372, missed=208, trie_nodes=851, patterns=561, objective=0.904665
  Tested: params=(1, 30, 25, 7, 1)
  validation: F_1/7=0.812952, precision=0.810648, recall=0.944444, good=3502, bad=818, missed=206, trie_nodes=1325, patterns=758, objective=0.812909
  Tested: params=(6, 10, 16, 13, 2)
  validation: F_1/7=0.926157, precision=0.925828, recall=0.942557, good=3495, bad=280, missed=213, trie_nodes=1198, patterns=746, objective=0.926118
  Tested: params=(19, 5, 9, 11, 3)
  validation: F_1/7=0.981196, precision=0.982017, recall=0.942557, good=3495, bad=64, missed=213, trie_nodes=1313, patterns=823, objective=0.981154
  Best so far: params=(19, 5, 9, 11, 3), score=0.981154, elapsed=1.4s

============================================================
Round 2/30
  Tested: params=(24, 6, 16, 18, 1)
  validation: F_1/7=0.988238, precision=0.989235, recall=0.941748, good=3492, bad=38, missed=216, trie_nodes=1374, patterns=867, objective=0.988195
  Tested: params=(19, 6, 2, 29, 5)
  validation: F_1/7=0.980062, precision=0.980888, recall=0.941208, good=3490, bad=68, missed=218, trie_nodes=880, patterns=536, objective=0.980034
  Tested: params=(25, 10, 3, 21, 3)
  validation: F_1/7=0.985788, precision=0.986723, recall=0.942017, good=3493, bad=47, missed=215, trie_nodes=1384, patterns=870, objective=0.985743
  Tested: params=(4, 15, 2, 28, 2)
  validation: F_1/7=0.865697, precision=0.864231, recall=0.944175, good=3501, bad=550, missed=207, trie_nodes=1219, patterns=761, objective=0.865658
  Tested: params=(20, 10, 16, 17, 1)
  validation: F_1/7=0.981725, precision=0.982565, recall=0.942287, good=3494, bad=62, missed=214, trie_nodes=1309, patterns=814, objective=0.981684
  Best so far: params=(24, 6, 16, 18, 1), score=0.988195, elapsed=2.8s

============================================================
Round 3/30
  Tested: params=(30, 22, 10, 1, 2)
  validation: F_1/7=0.988778, precision=0.989793, recall=0.941478, good=3491, bad=36, missed=217, trie_nodes=1506, patterns=933, objective=0.988730
  Tested: params=(28, 22, 10, 3, 2)
  validation: F_1/7=0.987973, precision=0.988958, recall=0.942017, good=3493, bad=39, missed=215, trie_nodes=1434, patterns=900, objective=0.987928
  Tested: params=(30, 21, 11, 5, 2)
  validation: F_1/7=0.988521, precision=0.989518, recall=0.942017, good=3493, bad=37, missed=215, trie_nodes=1462, patterns=917, objective=0.988475
  Tested: params=(29, 22, 30, 1, 2)
  validation: F_1/7=0.988761, precision=0.989787, recall=0.940939, good=3489, bad=36, missed=219, trie_nodes=1476, patterns=914, objective=0.988713
  Tested: params=(29, 22, 10, 3, 2)
  validation: F_1/7=0.988521, precision=0.989518, recall=0.942017, good=3493, bad=37, missed=215, trie_nodes=1439, patterns=900, objective=0.988475
  Best so far: params=(30, 22, 10, 1, 2), score=0.988730, elapsed=4.4s

============================================================
Round 4/30
  Tested: params=(13, 18, 30, 9, 4)
  validation: F_1/7=0.977711, precision=0.978449, recall=0.942826, good=3496, bad=77, missed=212, trie_nodes=806, patterns=494, objective=0.977685
  Tested: params=(13, 26, 20, 1, 4)
  validation: F_1/7=0.978749, precision=0.979529, recall=0.942017, good=3493, bad=73, missed=215, trie_nodes=821, patterns=507, objective=0.978723
  Tested: params=(14, 26, 29, 1, 4)
  validation: F_1/7=0.978749, precision=0.979529, recall=0.942017, good=3493, bad=73, missed=215, trie_nodes=821, patterns=504, objective=0.978723
  Tested: params=(13, 25, 30, 9, 4)
  validation: F_1/7=0.977711, precision=0.978449, recall=0.942826, good=3496, bad=77, missed=212, trie_nodes=807, patterns=493, objective=0.977685
  Tested: params=(13, 26, 30, 1, 4)
  validation: F_1/7=0.978749, precision=0.979529, recall=0.942017, good=3493, bad=73, missed=215, trie_nodes=821, patterns=507, objective=0.978723
  Best so far: params=(30, 22, 10, 1, 2), score=0.988730, elapsed=5.6s

============================================================
Round 5/30
  Tested: params=(25, 15, 5, 24, 3)
  validation: F_1/7=0.987973, precision=0.988958, recall=0.942017, good=3493, bad=39, missed=215, trie_nodes=1383, patterns=866, objective=0.987929
  Tested: params=(25, 16, 6, 23, 3)
  validation: F_1/7=0.987700, precision=0.988678, recall=0.942017, good=3493, bad=40, missed=215, trie_nodes=1384, patterns=862, objective=0.987655
  Tested: params=(24, 17, 7, 13, 3)
  validation: F_1/7=0.988238, precision=0.989235, recall=0.941748, good=3492, bad=38, missed=216, trie_nodes=1366, patterns=855, objective=0.988195
  Tested: params=(25, 16, 6, 24, 3)
  validation: F_1/7=0.987700, precision=0.988678, recall=0.942017, good=3493, bad=40, missed=215, trie_nodes=1384, patterns=862, objective=0.987655
  Tested: params=(24, 16, 6, 24, 3)
  validation: F_1/7=0.987964, precision=0.988955, recall=0.941748, good=3492, bad=39, missed=216, trie_nodes=1372, patterns=859, objective=0.987921
  Best so far: params=(30, 22, 10, 1, 2), score=0.988730, elapsed=7.1s

============================================================
Round 6/30
  Tested: params=(29, 22, 13, 4, 2)
  validation: F_1/7=0.988521, precision=0.989518, recall=0.942017, good=3493, bad=37, missed=215, trie_nodes=1439, patterns=900, objective=0.988475
  Tested: params=(30, 21, 13, 4, 2)
  validation: F_1/7=0.988521, precision=0.989518, recall=0.942017, good=3493, bad=37, missed=215, trie_nodes=1466, patterns=918, objective=0.988475
  Tested: params=(30, 21, 13, 5, 2)
  validation: F_1/7=0.988521, precision=0.989518, recall=0.942017, good=3493, bad=37, missed=215, trie_nodes=1462, patterns=917, objective=0.988475
  Tested: params=(29, 21, 12, 5, 2)
  validation: F_1/7=0.988521, precision=0.989518, recall=0.942017, good=3493, bad=37, missed=215, trie_nodes=1433, patterns=899, objective=0.988476
  Tested: params=(30, 21, 13, 5, 2)
  validation: F_1/7=0.988521, precision=0.989518, recall=0.942017, good=3493, bad=37, missed=215, trie_nodes=1462, patterns=917, objective=0.988475
  Best so far: params=(30, 22, 10, 1, 2), score=0.988730, elapsed=8.9s

============================================================
Round 7/30
  Tested: params=(27, 19, 19, 7, 1)
  validation: F_1/7=0.987964, precision=0.988955, recall=0.941748, good=3492, bad=39, missed=216, trie_nodes=1395, patterns=878, objective=0.987920
  Tested: params=(27, 28, 19, 8, 1)
  validation: F_1/7=0.987964, precision=0.988955, recall=0.941748, good=3492, bad=39, missed=216, trie_nodes=1395, patterns=878, objective=0.987920
  Tested: params=(27, 19, 20, 7, 1)
  validation: F_1/7=0.987964, precision=0.988955, recall=0.941748, good=3492, bad=39, missed=216, trie_nodes=1395, patterns=878, objective=0.987920
  Tested: params=(21, 24, 21, 7, 1)
  validation: F_1/7=0.981725, precision=0.982565, recall=0.942287, good=3494, bad=62, missed=214, trie_nodes=1336, patterns=826, objective=0.981683
  Tested: params=(22, 19, 19, 7, 1)
  validation: F_1/7=0.981985, precision=0.982836, recall=0.942017, good=3493, bad=61, missed=215, trie_nodes=1344, patterns=832, objective=0.981942
  Best so far: params=(30, 22, 10, 1, 2), score=0.988730, elapsed=10.5s

============================================================
Round 8/30
  Tested: params=(8, 24, 24, 3, 2)
  validation: F_1/7=0.940136, precision=0.940070, recall=0.943366, good=3498, bad=223, missed=210, trie_nodes=1207, patterns=751, objective=0.940097
  Tested: params=(17, 13, 24, 2, 2)
  validation: F_1/7=0.980634, precision=0.981455, recall=0.942017, good=3493, bad=66, missed=215, trie_nodes=1246, patterns=788, objective=0.980594
  Tested: params=(28, 24, 23, 3, 2)
  validation: F_1/7=0.987964, precision=0.988955, recall=0.941748, good=3492, bad=39, missed=216, trie_nodes=1432, patterns=899, objective=0.987919
  Tested: params=(10, 13, 23, 3, 2)
  validation: F_1/7=0.960146, precision=0.960483, recall=0.943905, good=3500, bad=144, missed=208, trie_nodes=1229, patterns=761, objective=0.960106
  Tested: params=(16, 28, 26, 3, 2)
  validation: F_1/7=0.980409, precision=0.981201, recall=0.943096, good=3497, bad=67, missed=211, trie_nodes=1253, patterns=774, objective=0.980369
  Best so far: params=(30, 22, 10, 1, 2), score=0.988730, elapsed=11.9s

============================================================
Round 9/30
  Tested: params=(22, 30, 11, 13, 3)
  validation: F_1/7=0.981725, precision=0.982565, recall=0.942287, good=3494, bad=62, missed=214, trie_nodes=1342, patterns=829, objective=0.981682
  Tested: params=(22, 23, 9, 11, 5)
  validation: F_1/7=0.981077, precision=0.981962, recall=0.939590, good=3484, bad=64, missed=224, trie_nodes=920, patterns=544, objective=0.981047
  Tested: params=(22, 23, 8, 11, 3)
  validation: F_1/7=0.981725, precision=0.982565, recall=0.942287, good=3494, bad=62, missed=214, trie_nodes=1342, patterns=829, objective=0.981682
  Tested: params=(22, 23, 8, 11, 5)
  validation: F_1/7=0.981077, precision=0.981962, recall=0.939590, good=3484, bad=64, missed=224, trie_nodes=920, patterns=544, objective=0.981047
  Tested: params=(22, 30, 8, 12, 3)
  validation: F_1/7=0.981725, precision=0.982565, recall=0.942287, good=3494, bad=62, missed=214, trie_nodes=1342, patterns=829, objective=0.981682
  Best so far: params=(30, 22, 10, 1, 2), score=0.988730, elapsed=13.4s

============================================================
Round 10/30
  Tested: params=(28, 20, 14, 5, 2)
  validation: F_1/7=0.987973, precision=0.988958, recall=0.942017, good=3493, bad=39, missed=215, trie_nodes=1428, patterns=899, objective=0.987928
  Tested: params=(28, 20, 14, 5, 2)
  validation: F_1/7=0.987973, precision=0.988958, recall=0.942017, good=3493, bad=39, missed=215, trie_nodes=1428, patterns=899, objective=0.987928
  Tested: params=(28, 20, 15, 5, 2)
  validation: F_1/7=0.987973, precision=0.988958, recall=0.942017, good=3493, bad=39, missed=215, trie_nodes=1428, patterns=899, objective=0.987928
  Tested: params=(28, 1, 15, 5, 2)
  validation: F_1/7=0.988477, precision=0.989504, recall=0.940669, good=3488, bad=37, missed=220, trie_nodes=1520, patterns=969, objective=0.988429
  Tested: params=(28, 20, 15, 5, 2)
  validation: F_1/7=0.987973, precision=0.988958, recall=0.942017, good=3493, bad=39, missed=215, trie_nodes=1428, patterns=899, objective=0.987928
  Best so far: params=(30, 22, 10, 1, 2), score=0.988730, elapsed=15.1s

============================================================
Round 11/30
  Tested: params=(1, 28, 10, 15, 1)
  validation: F_1/7=0.812952, precision=0.810648, recall=0.944444, good=3502, bad=818, missed=206, trie_nodes=1321, patterns=758, objective=0.812909
  Tested: params=(1, 27, 11, 1, 1)
  validation: F_1/7=0.814060, precision=0.811789, recall=0.943366, good=3498, bad=811, missed=210, trie_nodes=1322, patterns=777, objective=0.814018
  Tested: params=(26, 27, 11, 1, 1)
  validation: F_1/7=0.988486, precision=0.989507, recall=0.940939, good=3489, bad=37, missed=219, trie_nodes=1428, patterns=895, objective=0.988440
  Tested: params=(26, 22, 10, 1, 1)
  validation: F_1/7=0.988486, precision=0.989507, recall=0.940939, good=3489, bad=37, missed=219, trie_nodes=1428, patterns=895, objective=0.988440
  Tested: params=(26, 27, 11, 1, 1)
  validation: F_1/7=0.988486, precision=0.989507, recall=0.940939, good=3489, bad=37, missed=219, trie_nodes=1428, patterns=895, objective=0.988440
  Best so far: params=(30, 22, 10, 1, 2), score=0.988730, elapsed=16.9s

============================================================
Round 12/30
  Tested: params=(30, 18, 12, 4, 2)
  validation: F_1/7=0.988521, precision=0.989518, recall=0.942017, good=3493, bad=37, missed=215, trie_nodes=1466, patterns=918, objective=0.988475
  Tested: params=(30, 18, 17, 9, 2)
  validation: F_1/7=0.988513, precision=0.989515, recall=0.941748, good=3492, bad=37, missed=216, trie_nodes=1460, patterns=916, objective=0.988466
  Tested: params=(30, 18, 12, 4, 2)
  validation: F_1/7=0.988521, precision=0.989518, recall=0.942017, good=3493, bad=37, missed=215, trie_nodes=1466, patterns=918, objective=0.988475
  Tested: params=(30, 18, 17, 4, 2)
  validation: F_1/7=0.988513, precision=0.989515, recall=0.941748, good=3492, bad=37, missed=216, trie_nodes=1464, patterns=917, objective=0.988466
  Tested: params=(30, 18, 4, 9, 2)
  validation: F_1/7=0.986333, precision=0.987281, recall=0.942017, good=3493, bad=45, missed=215, trie_nodes=1469, patterns=922, objective=0.986286
  Best so far: params=(30, 22, 10, 1, 2), score=0.988730, elapsed=18.6s

============================================================
Round 13/30
  Tested: params=(29, 22, 9, 2, 3)
  validation: F_1/7=0.988521, precision=0.989518, recall=0.942017, good=3493, bad=37, missed=215, trie_nodes=1437, patterns=899, objective=0.988475
  Tested: params=(29, 25, 27, 2, 3)
  validation: F_1/7=0.988513, precision=0.989515, recall=0.941748, good=3492, bad=37, missed=216, trie_nodes=1435, patterns=898, objective=0.988467
  Tested: params=(29, 22, 28, 2, 3)
  validation: F_1/7=0.988513, precision=0.989515, recall=0.941748, good=3492, bad=37, missed=216, trie_nodes=1435, patterns=898, objective=0.988467
  Tested: params=(29, 22, 27, 2, 3)
  validation: F_1/7=0.988513, precision=0.989515, recall=0.941748, good=3492, bad=37, missed=216, trie_nodes=1435, patterns=898, objective=0.988467
  Tested: params=(29, 22, 1, 2, 3)
  validation: F_1/7=0.988530, precision=0.989521, recall=0.942287, good=3494, bad=37, missed=214, trie_nodes=1449, patterns=916, objective=0.988484
  Best so far: params=(30, 22, 10, 1, 2), score=0.988730, elapsed=20.3s

============================================================
Round 14/30
  Tested: params=(24, 25, 4, 6, 4)
  validation: F_1/7=0.987353, precision=0.988372, recall=0.939860, good=3485, bad=41, missed=223, trie_nodes=930, patterns=555, objective=0.987323
  Tested: params=(24, 25, 2, 6, 4)
  validation: F_1/7=0.984941, precision=0.985876, recall=0.941208, good=3490, bad=50, missed=218, trie_nodes=943, patterns=564, objective=0.984911
  Tested: params=(24, 25, 2, 6, 4)
  validation: F_1/7=0.984941, precision=0.985876, recall=0.941208, good=3490, bad=50, missed=218, trie_nodes=943, patterns=564, objective=0.984911
  Tested: params=(24, 25, 1, 6, 4)
  validation: F_1/7=0.986615, precision=0.987564, recall=0.942287, good=3494, bad=44, missed=214, trie_nodes=958, patterns=576, objective=0.986585
  Tested: params=(24, 25, 1, 6, 4)
  validation: F_1/7=0.986615, precision=0.987564, recall=0.942287, good=3494, bad=44, missed=214, trie_nodes=958, patterns=576, objective=0.986585
  Best so far: params=(30, 22, 10, 1, 2), score=0.988730, elapsed=21.8s

============================================================
Round 15/30
  Tested: params=(27, 22, 9, 30, 3)
  validation: F_1/7=0.987700, precision=0.988678, recall=0.942017, good=3493, bad=40, missed=215, trie_nodes=1400, patterns=880, objective=0.987655
  Tested: params=(27, 22, 9, 3, 3)
  validation: F_1/7=0.987973, precision=0.988958, recall=0.942017, good=3493, bad=39, missed=215, trie_nodes=1402, patterns=880, objective=0.987929
  Tested: params=(27, 22, 7, 20, 3)
  validation: F_1/7=0.987700, precision=0.988678, recall=0.942017, good=3493, bad=40, missed=215, trie_nodes=1400, patterns=880, objective=0.987655
  Tested: params=(27, 22, 9, 20, 3)
  validation: F_1/7=0.987700, precision=0.988678, recall=0.942017, good=3493, bad=40, missed=215, trie_nodes=1400, patterns=880, objective=0.987655
  Tested: params=(27, 22, 9, 20, 3)
  validation: F_1/7=0.987700, precision=0.988678, recall=0.942017, good=3493, bad=40, missed=215, trie_nodes=1400, patterns=880, objective=0.987655
  Best so far: params=(30, 22, 10, 1, 2), score=0.988730, elapsed=23.5s

============================================================
Round 16/30
  Tested: params=(29, 21, 12, 2, 2)
  validation: F_1/7=0.988521, precision=0.989518, recall=0.942017, good=3493, bad=37, missed=215, trie_nodes=1423, patterns=898, objective=0.988476
  Tested: params=(29, 4, 12, 2, 2)
  validation: F_1/7=0.988804, precision=0.989802, recall=0.942287, good=3494, bad=36, missed=214, trie_nodes=1449, patterns=914, objective=0.988758
  Tested: params=(29, 21, 12, 2, 2)
  validation: F_1/7=0.988521, precision=0.989518, recall=0.942017, good=3493, bad=37, missed=215, trie_nodes=1423, patterns=898, objective=0.988476
  Tested: params=(29, 21, 12, 2, 2)
  validation: F_1/7=0.988521, precision=0.989518, recall=0.942017, good=3493, bad=37, missed=215, trie_nodes=1423, patterns=898, objective=0.988476
  Tested: params=(29, 21, 13, 2, 2)
  validation: F_1/7=0.988521, precision=0.989518, recall=0.942017, good=3493, bad=37, missed=215, trie_nodes=1423, patterns=898, objective=0.988476
  Best so far: params=(29, 4, 12, 2, 2), score=0.988758, elapsed=25.2s

============================================================
Round 17/30
  Tested: params=(29, 8, 14, 27, 2)
  validation: F_1/7=0.988521, precision=0.989518, recall=0.942017, good=3493, bad=37, missed=215, trie_nodes=1439, patterns=901, objective=0.988475
  Tested: params=(29, 8, 14, 2, 2)
  validation: F_1/7=0.988521, precision=0.989518, recall=0.942017, good=3493, bad=37, missed=215, trie_nodes=1427, patterns=900, objective=0.988476
  Tested: params=(26, 8, 14, 2, 2)
  validation: F_1/7=0.987973, precision=0.988958, recall=0.942017, good=3493, bad=39, missed=215, trie_nodes=1391, patterns=885, objective=0.987929
  Tested: params=(26, 12, 14, 2, 2)
  validation: F_1/7=0.987973, precision=0.988958, recall=0.942017, good=3493, bad=39, missed=215, trie_nodes=1388, patterns=885, objective=0.987929
  Tested: params=(26, 8, 14, 2, 2)
  validation: F_1/7=0.987973, precision=0.988958, recall=0.942017, good=3493, bad=39, missed=215, trie_nodes=1391, patterns=885, objective=0.987929
  Best so far: params=(29, 4, 12, 2, 2), score=0.988758, elapsed=26.8s

============================================================
Round 18/30
  Tested: params=(29, 5, 17, 1, 2)
  validation: F_1/7=0.989044, precision=0.990071, recall=0.941208, good=3490, bad=35, missed=218, trie_nodes=1482, patterns=923, objective=0.988997
  Tested: params=(29, 4, 17, 1, 2)
  validation: F_1/7=0.989053, precision=0.990074, recall=0.941478, good=3491, bad=35, missed=217, trie_nodes=1500, patterns=929, objective=0.989005
  Tested: params=(29, 4, 17, 1, 2)
  validation: F_1/7=0.989053, precision=0.990074, recall=0.941478, good=3491, bad=35, missed=217, trie_nodes=1500, patterns=929, objective=0.989005
  Tested: params=(29, 3, 12, 1, 2)
  validation: F_1/7=0.989061, precision=0.990077, recall=0.941748, good=3492, bad=35, missed=216, trie_nodes=1500, patterns=931, objective=0.989013
  Tested: params=(29, 3, 17, 1, 2)
  validation: F_1/7=0.989053, precision=0.990074, recall=0.941478, good=3491, bad=35, missed=217, trie_nodes=1498, patterns=930, objective=0.989005
  Best so far: params=(29, 3, 12, 1, 2), score=0.989013, elapsed=28.4s

============================================================
Round 19/30
  Tested: params=(28, 4, 17, 1, 2)
  validation: F_1/7=0.988504, precision=0.989512, recall=0.941478, good=3491, bad=37, missed=217, trie_nodes=1495, patterns=929, objective=0.988456
  Tested: params=(28, 4, 17, 1, 2)
  validation: F_1/7=0.988504, precision=0.989512, recall=0.941478, good=3491, bad=37, missed=217, trie_nodes=1495, patterns=929, objective=0.988456
  Tested: params=(28, 4, 17, 1, 2)
  validation: F_1/7=0.988504, precision=0.989512, recall=0.941478, good=3491, bad=37, missed=217, trie_nodes=1495, patterns=929, objective=0.988456
  Tested: params=(18, 4, 17, 1, 2)
  validation: F_1/7=0.981444, precision=0.982283, recall=0.942017, good=3493, bad=63, missed=215, trie_nodes=1373, patterns=846, objective=0.981400
  Tested: params=(28, 3, 17, 1, 2)
  validation: F_1/7=0.988504, precision=0.989512, recall=0.941478, good=3491, bad=37, missed=217, trie_nodes=1493, patterns=930, objective=0.988456
  Best so far: params=(29, 3, 12, 1, 2), score=0.989013, elapsed=29.8s

============================================================
Round 20/30
  Tested: params=(30, 6, 20, 3, 2)
  validation: F_1/7=0.988787, precision=0.989796, recall=0.941748, good=3492, bad=36, missed=216, trie_nodes=1470, patterns=926, objective=0.988740
  Tested: params=(30, 6, 18, 3, 2)
  validation: F_1/7=0.988787, precision=0.989796, recall=0.941748, good=3492, bad=36, missed=216, trie_nodes=1470, patterns=926, objective=0.988740
  Tested: params=(30, 5, 18, 3, 2)
  validation: F_1/7=0.988787, precision=0.989796, recall=0.941748, good=3492, bad=36, missed=216, trie_nodes=1470, patterns=926, objective=0.988740
  Tested: params=(30, 2, 18, 3, 2)
  validation: F_1/7=0.988787, precision=0.989796, recall=0.941748, good=3492, bad=36, missed=216, trie_nodes=1487, patterns=944, objective=0.988739
  Tested: params=(30, 2, 20, 3, 2)
  validation: F_1/7=0.988787, precision=0.989796, recall=0.941748, good=3492, bad=36, missed=216, trie_nodes=1487, patterns=944, objective=0.988739
  Best so far: params=(29, 3, 12, 1, 2), score=0.989013, elapsed=31.2s

============================================================
Round 21/30
  Tested: params=(30, 6, 18, 4, 2)
  validation: F_1/7=0.988787, precision=0.989796, recall=0.941748, good=3492, bad=36, missed=216, trie_nodes=1470, patterns=926, objective=0.988740
  Tested: params=(30, 6, 18, 4, 2)
  validation: F_1/7=0.988787, precision=0.989796, recall=0.941748, good=3492, bad=36, missed=216, trie_nodes=1470, patterns=926, objective=0.988740
  Tested: params=(30, 6, 18, 4, 2)
  validation: F_1/7=0.988787, precision=0.989796, recall=0.941748, good=3492, bad=36, missed=216, trie_nodes=1470, patterns=926, objective=0.988740
  Tested: params=(30, 6, 18, 4, 2)
  validation: F_1/7=0.988787, precision=0.989796, recall=0.941748, good=3492, bad=36, missed=216, trie_nodes=1470, patterns=926, objective=0.988740
  Tested: params=(30, 6, 18, 4, 2)
  validation: F_1/7=0.988787, precision=0.989796, recall=0.941748, good=3492, bad=36, missed=216, trie_nodes=1470, patterns=926, objective=0.988740
  Best so far: params=(29, 3, 12, 1, 2), score=0.989013, elapsed=32.7s

============================================================
Round 22/30
  Tested: params=(11, 5, 21, 3, 2)
  validation: F_1/7=0.960889, precision=0.961253, recall=0.943366, good=3498, bad=141, missed=210, trie_nodes=1249, patterns=787, objective=0.960849
  Tested: params=(28, 5, 21, 3, 2)
  validation: F_1/7=0.988238, precision=0.989235, recall=0.941748, good=3492, bad=38, missed=216, trie_nodes=1437, patterns=908, objective=0.988192
  Tested: params=(28, 5, 19, 3, 2)
  validation: F_1/7=0.988238, precision=0.989235, recall=0.941748, good=3492, bad=38, missed=216, trie_nodes=1437, patterns=908, objective=0.988192
  Tested: params=(28, 5, 21, 3, 2)
  validation: F_1/7=0.988238, precision=0.989235, recall=0.941748, good=3492, bad=38, missed=216, trie_nodes=1437, patterns=908, objective=0.988192
  Tested: params=(28, 5, 21, 3, 2)
  validation: F_1/7=0.988238, precision=0.989235, recall=0.941748, good=3492, bad=38, missed=216, trie_nodes=1437, patterns=908, objective=0.988192
  Best so far: params=(29, 3, 12, 1, 2), score=0.989013, elapsed=34.2s

============================================================
Round 23/30
  Tested: params=(25, 7, 16, 4, 2)
  validation: F_1/7=0.988247, precision=0.989238, recall=0.942017, good=3493, bad=38, missed=215, trie_nodes=1388, patterns=871, objective=0.988203
  Tested: params=(25, 7, 16, 16, 2)
  validation: F_1/7=0.988247, precision=0.989238, recall=0.942017, good=3493, bad=38, missed=215, trie_nodes=1384, patterns=870, objective=0.988203
  Tested: params=(25, 7, 16, 4, 2)
  validation: F_1/7=0.988247, precision=0.989238, recall=0.942017, good=3493, bad=38, missed=215, trie_nodes=1388, patterns=871, objective=0.988203
  Tested: params=(25, 7, 16, 8, 2)
  validation: F_1/7=0.988247, precision=0.989238, recall=0.942017, good=3493, bad=38, missed=215, trie_nodes=1384, patterns=870, objective=0.988203
  Tested: params=(25, 7, 16, 16, 2)
  validation: F_1/7=0.988247, precision=0.989238, recall=0.942017, good=3493, bad=38, missed=215, trie_nodes=1384, patterns=870, objective=0.988203
  Best so far: params=(29, 3, 12, 1, 2), score=0.989013, elapsed=35.6s

============================================================
Round 24/30
  Tested: params=(30, 3, 18, 1, 2)
  validation: F_1/7=0.989053, precision=0.990074, recall=0.941478, good=3491, bad=35, missed=217, trie_nodes=1519, patterns=944, objective=0.989004
  Tested: params=(30, 3, 18, 1, 2)
  validation: F_1/7=0.989053, precision=0.990074, recall=0.941478, good=3491, bad=35, missed=217, trie_nodes=1519, patterns=944, objective=0.989004
  Tested: params=(30, 3, 18, 1, 2)
  validation: F_1/7=0.989053, precision=0.990074, recall=0.941478, good=3491, bad=35, missed=217, trie_nodes=1519, patterns=944, objective=0.989004
  Tested: params=(30, 3, 18, 1, 2)
  validation: F_1/7=0.989053, precision=0.990074, recall=0.941478, good=3491, bad=35, missed=217, trie_nodes=1519, patterns=944, objective=0.989004
  Tested: params=(30, 3, 18, 1, 2)
  validation: F_1/7=0.989053, precision=0.990074, recall=0.941478, good=3491, bad=35, missed=217, trie_nodes=1519, patterns=944, objective=0.989004
  Best so far: params=(29, 3, 12, 1, 2), score=0.989013, elapsed=37.0s

============================================================
Round 25/30
  Tested: params=(29, 3, 20, 1, 1)
  validation: F_1/7=0.989319, precision=0.990352, recall=0.941208, good=3490, bad=34, missed=218, trie_nodes=1485, patterns=931, objective=0.989271
  Tested: params=(29, 3, 20, 1, 1)
  validation: F_1/7=0.989319, precision=0.990352, recall=0.941208, good=3490, bad=34, missed=218, trie_nodes=1485, patterns=931, objective=0.989271
  Tested: params=(29, 3, 20, 1, 1)
  validation: F_1/7=0.989319, precision=0.990352, recall=0.941208, good=3490, bad=34, missed=218, trie_nodes=1485, patterns=931, objective=0.989271
  Tested: params=(29, 1, 20, 1, 1)
  validation: F_1/7=0.989276, precision=0.990338, recall=0.939860, good=3485, bad=34, missed=223, trie_nodes=1593, patterns=1021, objective=0.989225
  Tested: params=(29, 1, 20, 1, 1)
  validation: F_1/7=0.989276, precision=0.990338, recall=0.939860, good=3485, bad=34, missed=223, trie_nodes=1593, patterns=1021, objective=0.989225
  Best so far: params=(29, 3, 20, 1, 1), score=0.989271, elapsed=38.5s

============================================================
Round 26/30
  Tested: params=(27, 1, 22, 1, 1)
  validation: F_1/7=0.988725, precision=0.989776, recall=0.939860, good=3485, bad=36, missed=223, trie_nodes=1573, patterns=1010, objective=0.988675
  Tested: params=(27, 1, 20, 1, 1)
  validation: F_1/7=0.988725, precision=0.989776, recall=0.939860, good=3485, bad=36, missed=223, trie_nodes=1573, patterns=1010, objective=0.988675
  Tested: params=(27, 1, 22, 1, 1)
  validation: F_1/7=0.988725, precision=0.989776, recall=0.939860, good=3485, bad=36, missed=223, trie_nodes=1573, patterns=1010, objective=0.988675
  Tested: params=(27, 1, 20, 1, 1)
  validation: F_1/7=0.988725, precision=0.989776, recall=0.939860, good=3485, bad=36, missed=223, trie_nodes=1573, patterns=1010, objective=0.988675
  Tested: params=(27, 1, 22, 1, 1)
  validation: F_1/7=0.988725, precision=0.989776, recall=0.939860, good=3485, bad=36, missed=223, trie_nodes=1573, patterns=1010, objective=0.988675
  Best so far: params=(29, 3, 20, 1, 1), score=0.989271, elapsed=39.9s

============================================================
Round 27/30
  Tested: params=(6, 3, 19, 2, 1)
  validation: F_1/7=0.931432, precision=0.931218, recall=0.942017, good=3493, bad=258, missed=215, trie_nodes=1285, patterns=813, objective=0.931391
  Tested: params=(29, 3, 19, 2, 1)
  validation: F_1/7=0.989053, precision=0.990074, recall=0.941478, good=3491, bad=35, missed=217, trie_nodes=1500, patterns=931, objective=0.989005
  Tested: params=(29, 3, 19, 2, 1)
  validation: F_1/7=0.989053, precision=0.990074, recall=0.941478, good=3491, bad=35, missed=217, trie_nodes=1500, patterns=931, objective=0.989005
  Tested: params=(29, 3, 19, 2, 1)
  validation: F_1/7=0.989053, precision=0.990074, recall=0.941478, good=3491, bad=35, missed=217, trie_nodes=1500, patterns=931, objective=0.989005
  Tested: params=(29, 3, 19, 2, 1)
  validation: F_1/7=0.989053, precision=0.990074, recall=0.941478, good=3491, bad=35, missed=217, trie_nodes=1500, patterns=931, objective=0.989005
  Best so far: params=(29, 3, 20, 1, 1), score=0.989271, elapsed=41.5s

============================================================
Round 28/30
  Tested: params=(29, 2, 19, 2, 1)
  validation: F_1/7=0.989035, precision=0.990068, recall=0.940939, good=3489, bad=35, missed=219, trie_nodes=1547, patterns=967, objective=0.988986
  Tested: params=(29, 2, 19, 2, 1)
  validation: F_1/7=0.989035, precision=0.990068, recall=0.940939, good=3489, bad=35, missed=219, trie_nodes=1547, patterns=967, objective=0.988986
  Tested: params=(29, 2, 19, 2, 1)
  validation: F_1/7=0.989035, precision=0.990068, recall=0.940939, good=3489, bad=35, missed=219, trie_nodes=1547, patterns=967, objective=0.988986
  Tested: params=(29, 2, 19, 2, 1)
  validation: F_1/7=0.989035, precision=0.990068, recall=0.940939, good=3489, bad=35, missed=219, trie_nodes=1547, patterns=967, objective=0.988986
  Tested: params=(29, 2, 19, 2, 1)
  validation: F_1/7=0.989035, precision=0.990068, recall=0.940939, good=3489, bad=35, missed=219, trie_nodes=1547, patterns=967, objective=0.988986
  Best so far: params=(29, 3, 20, 1, 1), score=0.989271, elapsed=43.1s

============================================================
Round 29/30
  Tested: params=(28, 4, 20, 1, 1)
  validation: F_1/7=0.988769, precision=0.989790, recall=0.941208, good=3490, bad=36, missed=218, trie_nodes=1483, patterns=930, objective=0.988722
  Tested: params=(28, 4, 20, 1, 1)
  validation: F_1/7=0.988769, precision=0.989790, recall=0.941208, good=3490, bad=36, missed=218, trie_nodes=1483, patterns=930, objective=0.988722
  Tested: params=(28, 4, 20, 1, 1)
  validation: F_1/7=0.988769, precision=0.989790, recall=0.941208, good=3490, bad=36, missed=218, trie_nodes=1483, patterns=930, objective=0.988722
  Tested: params=(15, 4, 20, 1, 1)
  validation: F_1/7=0.980656, precision=0.981466, recall=0.942557, good=3495, bad=66, missed=213, trie_nodes=1312, patterns=820, objective=0.980614
  Tested: params=(28, 4, 20, 1, 1)
  validation: F_1/7=0.988769, precision=0.989790, recall=0.941208, good=3490, bad=36, missed=218, trie_nodes=1483, patterns=930, objective=0.988722
  Best so far: params=(29, 3, 20, 1, 1), score=0.989271, elapsed=44.7s

============================================================
Round 30/30
  Tested: params=(29, 3, 23, 2, 1)
  validation: F_1/7=0.989053, precision=0.990074, recall=0.941478, good=3491, bad=35, missed=217, trie_nodes=1500, patterns=931, objective=0.989005
  Tested: params=(29, 3, 23, 2, 1)
  validation: F_1/7=0.989053, precision=0.990074, recall=0.941478, good=3491, bad=35, missed=217, trie_nodes=1500, patterns=931, objective=0.989005
  Tested: params=(29, 3, 23, 2, 1)
  validation: F_1/7=0.989053, precision=0.990074, recall=0.941478, good=3491, bad=35, missed=217, trie_nodes=1500, patterns=931, objective=0.989005
  Tested: params=(29, 3, 21, 2, 1)
  validation: F_1/7=0.989053, precision=0.990074, recall=0.941478, good=3491, bad=35, missed=217, trie_nodes=1500, patterns=931, objective=0.989005
  Tested: params=(29, 3, 21, 2, 1)
  validation: F_1/7=0.989053, precision=0.990074, recall=0.941478, good=3491, bad=35, missed=217, trie_nodes=1500, patterns=931, objective=0.989005
  Best so far: params=(29, 3, 20, 1, 1), score=0.989271, elapsed=46.3s

============================================================
Final phase: 3 evaluations
  Tested: params=(28, 2, 25, 3, 1)
  validation: F_1/7=0.988486, precision=0.989507, recall=0.940939, good=3489, bad=37, missed=219, trie_nodes=1507, patterns=958, objective=0.988438
  Tested: params=(28, 2, 24, 3, 1)
  validation: F_1/7=0.988486, precision=0.989507, recall=0.940939, good=3489, bad=37, missed=219, trie_nodes=1507, patterns=958, objective=0.988438
  Tested: params=(28, 2, 25, 3, 1)
  validation: F_1/7=0.988486, precision=0.989507, recall=0.940939, good=3489, bad=37, missed=219, trie_nodes=1507, patterns=958, objective=0.988438

============================================================
Threshold ablation run complete
Best parameters (b1 b2 b3 b4 thr): (29, 3, 20, 1, 1)
Thresholds: {'mode': 'shared', 'shared': 1, 'per_level': [1, 1, 1, 1]}
  validation-selected: F_1/7=0.989319, precision=0.990352, recall=0.941208, good=3490, bad=34, missed=218, trie_nodes=1485, patterns=931, objective=0.989271
  held-out test: F_1/7=0.989701, precision=0.990738, recall=0.941419, good=3423, bad=32, missed=213, trie_nodes=1485, patterns=931
Summary: results/threshold_ablation/tr/wiktionary/shared_tpe/summary.json
History: results/threshold_ablation/tr/wiktionary/shared_tpe/history.csv
Wall time: 47.8s
