Proportional trie_normalizer for tr/wiktionary: |D| = 15619
Objective: F17+Trie(w=0.0005)
Dataset: /home/dev/hyph-bench/data/tr/wiktionary/tr_wiktionary.wlh_dis.wlh
Translate: /home/dev/hyph-bench/data/tr/wiktionary/tr_wiktionary.wlh_dis.wlh.tra
Method: random | Threshold mode: shared
Search space (5-D): [(1, 30), (1, 30), (1, 30), (1, 30), (1, 5)]
Split counts: train=12496, validation=1562, test=1561
Pattern ranges: [(1, 4), (2, 5), (2, 6), (2, 7)]
Budget: 30 rounds x 5 + 3 final = 153 patgen evaluations; 3 parallel workers

============================================================
Round 1/30
  Tested: params=(12, 29, 22, 18, 1)
  validation: F_1/7=0.978527, precision=0.979278, recall=0.943096, good=3497, bad=74, missed=211, trie_nodes=1240, patterns=776, objective=0.978487
  Tested: params=(5, 2, 26, 19, 4)
  validation: F_1/7=0.904692, precision=0.903926, recall=0.943905, good=3500, bad=372, missed=208, trie_nodes=851, patterns=561, objective=0.904665
  Tested: params=(1, 30, 25, 7, 1)
  validation: F_1/7=0.812952, precision=0.810648, recall=0.944444, good=3502, bad=818, missed=206, trie_nodes=1325, patterns=758, objective=0.812909
  Tested: params=(6, 10, 16, 13, 2)
  validation: F_1/7=0.926157, precision=0.925828, recall=0.942557, good=3495, bad=280, missed=213, trie_nodes=1198, patterns=746, objective=0.926118
  Tested: params=(19, 5, 9, 11, 3)
  validation: F_1/7=0.981196, precision=0.982017, recall=0.942557, good=3495, bad=64, missed=213, trie_nodes=1313, patterns=823, objective=0.981154
  Best so far: params=(19, 5, 9, 11, 3), score=0.981154, elapsed=1.6s

============================================================
Round 2/30
  Tested: params=(24, 6, 16, 18, 1)
  validation: F_1/7=0.988238, precision=0.989235, recall=0.941748, good=3492, bad=38, missed=216, trie_nodes=1374, patterns=867, objective=0.988195
  Tested: params=(19, 6, 2, 29, 5)
  validation: F_1/7=0.980062, precision=0.980888, recall=0.941208, good=3490, bad=68, missed=218, trie_nodes=880, patterns=536, objective=0.980034
  Tested: params=(25, 10, 3, 21, 3)
  validation: F_1/7=0.985788, precision=0.986723, recall=0.942017, good=3493, bad=47, missed=215, trie_nodes=1384, patterns=870, objective=0.985743
  Tested: params=(4, 15, 2, 28, 2)
  validation: F_1/7=0.865697, precision=0.864231, recall=0.944175, good=3501, bad=550, missed=207, trie_nodes=1219, patterns=761, objective=0.865658
  Tested: params=(20, 10, 16, 17, 1)
  validation: F_1/7=0.981725, precision=0.982565, recall=0.942287, good=3494, bad=62, missed=214, trie_nodes=1309, patterns=814, objective=0.981684
  Best so far: params=(24, 6, 16, 18, 1), score=0.988195, elapsed=3.1s

============================================================
Round 3/30
  Tested: params=(30, 24, 29, 27, 3)
  validation: F_1/7=0.988513, precision=0.989515, recall=0.941748, good=3492, bad=37, missed=216, trie_nodes=1460, patterns=916, objective=0.988466
  Tested: params=(28, 3, 6, 2, 2)
  validation: F_1/7=0.988256, precision=0.989241, recall=0.942287, good=3494, bad=38, missed=214, trie_nodes=1443, patterns=916, objective=0.988210
  Tested: params=(12, 9, 25, 11, 2)
  validation: F_1/7=0.978795, precision=0.979552, recall=0.943096, good=3497, bad=73, missed=211, trie_nodes=1248, patterns=785, objective=0.978755
  Tested: params=(17, 5, 25, 3, 5)
  validation: F_1/7=0.980051, precision=0.980883, recall=0.940939, good=3489, bad=68, missed=219, trie_nodes=842, patterns=513, objective=0.980024
  Tested: params=(24, 6, 1, 25, 4)
  validation: F_1/7=0.986625, precision=0.987567, recall=0.942557, good=3495, bad=44, missed=213, trie_nodes=959, patterns=579, objective=0.986594
  Best so far: params=(30, 24, 29, 27, 3), score=0.988466, elapsed=4.6s

============================================================
Round 4/30
  Tested: params=(22, 24, 3, 11, 1)
  validation: F_1/7=0.979568, precision=0.980359, recall=0.942287, good=3494, bad=70, missed=214, trie_nodes=1348, patterns=837, objective=0.979524
  Tested: params=(26, 19, 10, 2, 2)
  validation: F_1/7=0.987973, precision=0.988958, recall=0.942017, good=3493, bad=39, missed=215, trie_nodes=1386, patterns=878, objective=0.987929
  Tested: params=(10, 22, 20, 27, 3)
  validation: F_1/7=0.959855, precision=0.960198, recall=0.943366, good=3498, bad=145, missed=210, trie_nodes=1223, patterns=753, objective=0.959816
  Tested: params=(4, 22, 23, 17, 4)
  validation: F_1/7=0.866192, precision=0.864725, recall=0.944714, good=3503, bad=548, missed=205, trie_nodes=764, patterns=470, objective=0.866167
  Tested: params=(15, 16, 13, 1, 1)
  validation: F_1/7=0.980645, precision=0.981461, recall=0.942287, good=3494, bad=66, missed=214, trie_nodes=1277, patterns=797, objective=0.980604
  Best so far: params=(30, 24, 29, 27, 3), score=0.988466, elapsed=6.1s

============================================================
Round 5/30
  Tested: params=(1, 20, 10, 16, 5)
  validation: F_1/7=0.810241, precision=0.807878, recall=0.945793, good=3507, bad=834, missed=201, trie_nodes=749, patterns=410, objective=0.810217
  Tested: params=(8, 13, 23, 7, 1)
  validation: F_1/7=0.939909, precision=0.939833, recall=0.943635, good=3499, bad=224, missed=209, trie_nodes=1207, patterns=766, objective=0.939871
  Tested: params=(9, 5, 28, 25, 4)
  validation: F_1/7=0.938899, precision=0.938808, recall=0.943366, good=3498, bad=228, missed=210, trie_nodes=781, patterns=481, objective=0.938874
  Tested: params=(27, 25, 6, 27, 3)
  validation: F_1/7=0.987700, precision=0.988678, recall=0.942017, good=3493, bad=40, missed=215, trie_nodes=1402, patterns=881, objective=0.987655
  Tested: params=(25, 27, 10, 4, 2)
  validation: F_1/7=0.987973, precision=0.988958, recall=0.942017, good=3493, bad=39, missed=215, trie_nodes=1384, patterns=859, objective=0.987929
  Best so far: params=(30, 24, 29, 27, 3), score=0.988466, elapsed=7.7s

============================================================
Round 6/30
  Tested: params=(13, 25, 26, 1, 3)
  validation: F_1/7=0.979052, precision=0.979821, recall=0.942826, good=3496, bad=72, missed=212, trie_nodes=1230, patterns=776, objective=0.979013
  Tested: params=(13, 7, 4, 11, 5)
  validation: F_1/7=0.977711, precision=0.978449, recall=0.942826, good=3496, bad=77, missed=212, trie_nodes=813, patterns=498, objective=0.977685
  Tested: params=(10, 16, 22, 11, 5)
  validation: F_1/7=0.958052, precision=0.958356, recall=0.943366, good=3498, bad=152, missed=210, trie_nodes=773, patterns=466, objective=0.958027
  Tested: params=(29, 8, 15, 10, 2)
  validation: F_1/7=0.988521, precision=0.989518, recall=0.942017, good=3493, bad=37, missed=215, trie_nodes=1439, patterns=901, objective=0.988475
  Tested: params=(2, 19, 16, 2, 2)
  validation: F_1/7=0.814110, precision=0.811819, recall=0.944714, good=3503, bad=812, missed=205, trie_nodes=1172, patterns=669, objective=0.814072
  Best so far: params=(29, 8, 15, 10, 2), score=0.988475, elapsed=9.3s

============================================================
Round 7/30
  Tested: params=(28, 8, 5, 15, 5)
  validation: F_1/7=0.987892, precision=0.988930, recall=0.939590, good=3484, bad=39, missed=224, trie_nodes=1003, patterns=593, objective=0.987860
  Tested: params=(8, 21, 23, 8, 4)
  validation: F_1/7=0.938652, precision=0.938556, recall=0.943366, good=3498, bad=229, missed=210, trie_nodes=765, patterns=467, objective=0.938628
  Tested: params=(12, 19, 20, 17, 1)
  validation: F_1/7=0.978795, precision=0.979552, recall=0.943096, good=3497, bad=73, missed=211, trie_nodes=1236, patterns=775, objective=0.978756
  Tested: params=(26, 10, 6, 2, 3)
  validation: F_1/7=0.987973, precision=0.988958, recall=0.942017, good=3493, bad=39, missed=215, trie_nodes=1405, patterns=888, objective=0.987929
  Tested: params=(21, 1, 16, 7, 4)
  validation: F_1/7=0.983802, precision=0.984741, recall=0.939860, good=3485, bad=54, missed=223, trie_nodes=961, patterns=593, objective=0.983771
  Best so far: params=(29, 8, 15, 10, 2), score=0.988475, elapsed=10.8s

============================================================
Round 8/30
  Tested: params=(6, 21, 12, 29, 1)
  validation: F_1/7=0.925965, precision=0.925622, recall=0.943096, good=3497, bad=281, missed=211, trie_nodes=1204, patterns=741, objective=0.925927
  Tested: params=(11, 4, 28, 27, 2)
  validation: F_1/7=0.960905, precision=0.961264, recall=0.943635, good=3499, bad=141, missed=209, trie_nodes=1266, patterns=797, objective=0.960864
  Tested: params=(20, 25, 17, 16, 2)
  validation: F_1/7=0.981444, precision=0.982283, recall=0.942017, good=3493, bad=63, missed=215, trie_nodes=1309, patterns=806, objective=0.981403
  Tested: params=(3, 27, 28, 19, 2)
  validation: F_1/7=0.812767, precision=0.810461, recall=0.944444, good=3502, bad=819, missed=206, trie_nodes=1234, patterns=696, objective=0.812727
  Tested: params=(11, 22, 27, 27, 4)
  validation: F_1/7=0.958550, precision=0.958870, recall=0.943096, good=3497, bad=150, missed=211, trie_nodes=790, patterns=480, objective=0.958524
  Best so far: params=(29, 8, 15, 10, 2), score=0.988475, elapsed=12.3s

============================================================
Round 9/30
  Tested: params=(20, 3, 5, 27, 4)
  validation: F_1/7=0.980872, precision=0.981716, recall=0.941208, good=3490, bad=65, missed=218, trie_nodes=891, patterns=540, objective=0.980843
  Tested: params=(1, 4, 20, 1, 1)
  validation: F_1/7=0.845526, precision=0.843758, recall=0.942287, good=3494, bad=647, missed=214, trie_nodes=1323, patterns=862, objective=0.845483
  Tested: params=(17, 21, 20, 7, 4)
  validation: F_1/7=0.979231, precision=0.980051, recall=0.940669, good=3488, bad=71, missed=220, trie_nodes=832, patterns=508, objective=0.979204
  Tested: params=(8, 10, 23, 20, 5)
  validation: F_1/7=0.938362, precision=0.938272, recall=0.942826, good=3496, bad=230, missed=212, trie_nodes=764, patterns=469, objective=0.938338
  Tested: params=(20, 18, 3, 12, 2)
  validation: F_1/7=0.979568, precision=0.980359, recall=0.942287, good=3494, bad=70, missed=214, trie_nodes=1312, patterns=811, objective=0.979526
  Best so far: params=(29, 8, 15, 10, 2), score=0.988475, elapsed=13.8s

============================================================
Round 10/30
  Tested: params=(8, 30, 12, 27, 4)
  validation: F_1/7=0.938405, precision=0.938305, recall=0.943366, good=3498, bad=230, missed=210, trie_nodes=764, patterns=465, objective=0.938381
  Tested: params=(24, 16, 18, 15, 1)
  validation: F_1/7=0.988230, precision=0.989232, recall=0.941478, good=3491, bad=38, missed=217, trie_nodes=1368, patterns=858, objective=0.988186
  Tested: params=(22, 9, 1, 20, 1)
  validation: F_1/7=0.981196, precision=0.982017, recall=0.942557, good=3495, bad=64, missed=213, trie_nodes=1461, patterns=896, objective=0.981149
  Tested: params=(29, 29, 28, 12, 1)
  validation: F_1/7=0.988513, precision=0.989515, recall=0.941748, good=3492, bad=37, missed=216, trie_nodes=1433, patterns=899, objective=0.988467
  Tested: params=(28, 13, 29, 29, 5)
  validation: F_1/7=0.988149, precision=0.989205, recall=0.939051, good=3482, bad=38, missed=226, trie_nodes=999, patterns=589, objective=0.988117
  Best so far: params=(29, 8, 15, 10, 2), score=0.988475, elapsed=15.1s

============================================================
Round 11/30
  Tested: params=(9, 12, 26, 10, 1)
  validation: F_1/7=0.940404, precision=0.940339, recall=0.943635, good=3499, bad=222, missed=209, trie_nodes=1209, patterns=758, objective=0.940366
  Tested: params=(17, 29, 21, 18, 1)
  validation: F_1/7=0.979848, precision=0.980640, recall=0.942557, good=3495, bad=69, missed=213, trie_nodes=1267, patterns=790, objective=0.979807
  Tested: params=(19, 30, 5, 16, 5)
  validation: F_1/7=0.980040, precision=0.980877, recall=0.940669, good=3488, bad=68, missed=220, trie_nodes=882, patterns=528, objective=0.980011
  Tested: params=(23, 21, 22, 11, 2)
  validation: F_1/7=0.981975, precision=0.982831, recall=0.941748, good=3492, bad=61, missed=216, trie_nodes=1344, patterns=828, objective=0.981932
  Tested: params=(25, 25, 27, 28, 3)
  validation: F_1/7=0.987691, precision=0.988675, recall=0.941748, good=3492, bad=40, missed=216, trie_nodes=1381, patterns=858, objective=0.987646
  Best so far: params=(29, 8, 15, 10, 2), score=0.988475, elapsed=16.5s

============================================================
Round 12/30
  Tested: params=(16, 24, 20, 22, 4)
  validation: F_1/7=0.978772, precision=0.979540, recall=0.942557, good=3495, bad=73, missed=213, trie_nodes=814, patterns=494, objective=0.978746
  Tested: params=(27, 11, 12, 3, 3)
  validation: F_1/7=0.987973, precision=0.988958, recall=0.942017, good=3493, bad=39, missed=215, trie_nodes=1404, patterns=887, objective=0.987929
  Tested: params=(2, 14, 17, 9, 3)
  validation: F_1/7=0.812814, precision=0.810504, recall=0.944714, good=3503, bad=819, missed=205, trie_nodes=1184, patterns=677, objective=0.812776
  Tested: params=(1, 2, 25, 11, 1)
  validation: F_1/7=0.905263, precision=0.904528, recall=0.942826, good=3496, bad=369, missed=212, trie_nodes=1331, patterns=938, objective=0.905221
  Tested: params=(16, 24, 7, 19, 1)
  validation: F_1/7=0.980139, precision=0.980926, recall=0.943096, good=3497, bad=68, missed=211, trie_nodes=1251, patterns=774, objective=0.980099
  Best so far: params=(29, 8, 15, 10, 2), score=0.988475, elapsed=17.8s

============================================================
Round 13/30
  Tested: params=(2, 16, 17, 20, 4)
  validation: F_1/7=0.810513, precision=0.808162, recall=0.945254, good=3505, bad=832, missed=203, trie_nodes=734, patterns=400, objective=0.810490
  Tested: params=(30, 16, 10, 24, 2)
  validation: F_1/7=0.988521, precision=0.989518, recall=0.942017, good=3493, bad=37, missed=215, trie_nodes=1465, patterns=919, objective=0.988475
  Tested: params=(14, 3, 1, 29, 5)
  validation: F_1/7=0.975063, precision=0.975732, recall=0.943366, good=3498, bad=87, missed=210, trie_nodes=837, patterns=522, objective=0.975036
  Tested: params=(21, 13, 6, 5, 2)
  validation: F_1/7=0.982006, precision=0.982846, recall=0.942557, good=3495, bad=61, missed=213, trie_nodes=1341, patterns=835, objective=0.981963
  Tested: params=(17, 22, 20, 9, 5)
  validation: F_1/7=0.980040, precision=0.980877, recall=0.940669, good=3488, bad=68, missed=220, trie_nodes=835, patterns=505, objective=0.980013
  Best so far: params=(29, 8, 15, 10, 2), score=0.988475, elapsed=19.2s

============================================================
Round 14/30
  Tested: params=(23, 17, 19, 13, 2)
  validation: F_1/7=0.981975, precision=0.982831, recall=0.941748, good=3492, bad=61, missed=216, trie_nodes=1344, patterns=830, objective=0.981932
  Tested: params=(11, 23, 1, 4, 1)
  validation: F_1/7=0.960921, precision=0.961274, recall=0.943905, good=3500, bad=141, missed=208, trie_nodes=1290, patterns=797, objective=0.960879
  Tested: params=(2, 26, 22, 15, 1)
  validation: F_1/7=0.814110, precision=0.811819, recall=0.944714, good=3503, bad=812, missed=205, trie_nodes=1232, patterns=689, objective=0.814070
  Tested: params=(15, 15, 6, 14, 2)
  validation: F_1/7=0.980139, precision=0.980926, recall=0.943096, good=3497, bad=68, missed=211, trie_nodes=1252, patterns=784, objective=0.980099
  Tested: params=(19, 20, 2, 12, 4)
  validation: F_1/7=0.977699, precision=0.978443, recall=0.942557, good=3495, bad=77, missed=213, trie_nodes=888, patterns=535, objective=0.977671
  Best so far: params=(29, 8, 15, 10, 2), score=0.988475, elapsed=20.6s

============================================================
Round 15/30
  Tested: params=(16, 26, 20, 5, 1)
  validation: F_1/7=0.980409, precision=0.981201, recall=0.943096, good=3497, bad=67, missed=211, trie_nodes=1251, patterns=774, objective=0.980369
  Tested: params=(20, 1, 18, 29, 3)
  validation: F_1/7=0.983863, precision=0.984767, recall=0.941478, good=3491, bad=54, missed=217, trie_nodes=1379, patterns=894, objective=0.983818
  Tested: params=(12, 20, 14, 17, 5)
  validation: F_1/7=0.976640, precision=0.977355, recall=0.942826, good=3496, bad=81, missed=212, trie_nodes=798, patterns=487, objective=0.976614
  Tested: params=(12, 29, 28, 6, 1)
  validation: F_1/7=0.978795, precision=0.979552, recall=0.943096, good=3497, bad=73, missed=211, trie_nodes=1236, patterns=775, objective=0.978756
  Tested: params=(4, 1, 3, 21, 1)
  validation: F_1/7=0.869905, precision=0.868539, recall=0.942557, good=3495, bad=529, missed=213, trie_nodes=1314, patterns=1119, objective=0.869863
  Best so far: params=(29, 8, 15, 10, 2), score=0.988475, elapsed=21.9s

============================================================
Round 16/30
  Tested: params=(10, 26, 1, 25, 2)
  validation: F_1/7=0.960146, precision=0.960483, recall=0.943905, good=3500, bad=144, missed=208, trie_nodes=1272, patterns=772, objective=0.960105
  Tested: params=(4, 21, 19, 27, 4)
  validation: F_1/7=0.866192, precision=0.864725, recall=0.944714, good=3503, bad=548, missed=205, trie_nodes=764, patterns=470, objective=0.866167
  Tested: params=(25, 9, 6, 23, 5)
  validation: F_1/7=0.987334, precision=0.988365, recall=0.939320, good=3483, bad=41, missed=225, trie_nodes=957, patterns=569, objective=0.987304
  Tested: params=(30, 13, 12, 24, 2)
  validation: F_1/7=0.988521, precision=0.989518, recall=0.942017, good=3493, bad=37, missed=215, trie_nodes=1465, patterns=919, objective=0.988475
  Tested: params=(28, 26, 13, 23, 4)
  validation: F_1/7=0.987883, precision=0.988927, recall=0.939320, good=3483, bad=39, missed=225, trie_nodes=999, patterns=589, objective=0.987851
  Best so far: params=(29, 8, 15, 10, 2), score=0.988475, elapsed=23.3s

============================================================
Round 17/30
  Tested: params=(4, 28, 16, 25, 2)
  validation: F_1/7=0.865487, precision=0.864018, recall=0.944175, good=3501, bad=551, missed=207, trie_nodes=1211, patterns=756, objective=0.865449
  Tested: params=(27, 12, 1, 28, 1)
  validation: F_1/7=0.987162, precision=0.988122, recall=0.942287, good=3494, bad=42, missed=214, trie_nodes=1513, patterns=943, objective=0.987113
  Tested: params=(10, 29, 29, 18, 4)
  validation: F_1/7=0.958052, precision=0.958356, recall=0.943366, good=3498, bad=152, missed=210, trie_nodes=771, patterns=462, objective=0.958027
  Tested: params=(14, 9, 10, 21, 4)
  validation: F_1/7=0.977699, precision=0.978443, recall=0.942557, good=3495, bad=77, missed=213, trie_nodes=809, patterns=492, objective=0.977673
  Tested: params=(24, 24, 3, 15, 1)
  validation: F_1/7=0.985778, precision=0.986719, recall=0.941748, good=3492, bad=47, missed=216, trie_nodes=1370, patterns=860, objective=0.985734
  Best so far: params=(29, 8, 15, 10, 2), score=0.988475, elapsed=24.6s

============================================================
Round 18/30
  Tested: params=(17, 14, 27, 11, 1)
  validation: F_1/7=0.980117, precision=0.980915, recall=0.942557, good=3495, bad=68, missed=213, trie_nodes=1267, patterns=796, objective=0.980077
  Tested: params=(5, 23, 19, 4, 1)
  validation: F_1/7=0.882525, precision=0.881360, recall=0.943635, good=3499, bad=471, missed=209, trie_nodes=1213, patterns=769, objective=0.882486
  Tested: params=(22, 3, 25, 22, 1)
  validation: F_1/7=0.981996, precision=0.982841, recall=0.942287, good=3494, bad=61, missed=214, trie_nodes=1376, patterns=862, objective=0.981952
  Tested: params=(3, 30, 12, 12, 5)
  validation: F_1/7=0.812633, precision=0.810305, recall=0.945793, good=3507, bad=821, missed=201, trie_nodes=777, patterns=421, objective=0.812608
  Tested: params=(29, 30, 23, 12, 1)
  validation: F_1/7=0.988513, precision=0.989515, recall=0.941748, good=3492, bad=37, missed=216, trie_nodes=1433, patterns=899, objective=0.988467
  Best so far: params=(29, 8, 15, 10, 2), score=0.988475, elapsed=25.9s

============================================================
Round 19/30
  Tested: params=(24, 17, 13, 28, 1)
  validation: F_1/7=0.988238, precision=0.989235, recall=0.941748, good=3492, bad=38, missed=216, trie_nodes=1369, patterns=859, objective=0.988195
  Tested: params=(15, 1, 15, 2, 1)
  validation: F_1/7=0.982453, precision=0.983357, recall=0.940129, good=3486, bad=59, missed=222, trie_nodes=1464, patterns=966, objective=0.982407
  Tested: params=(4, 20, 23, 18, 5)
  validation: F_1/7=0.866192, precision=0.864725, recall=0.944714, good=3503, bad=548, missed=205, trie_nodes=762, patterns=469, objective=0.866167
  Tested: params=(12, 9, 27, 7, 5)
  validation: F_1/7=0.976628, precision=0.977349, recall=0.942557, good=3495, bad=81, missed=213, trie_nodes=802, patterns=491, objective=0.976602
  Tested: params=(1, 30, 2, 27, 3)
  validation: F_1/7=0.813692, precision=0.811399, recall=0.944444, good=3502, bad=814, missed=206, trie_nodes=1278, patterns=721, objective=0.813651
  Best so far: params=(29, 8, 15, 10, 2), score=0.988475, elapsed=27.4s

============================================================
Round 20/30
  Tested: params=(30, 3, 17, 30, 3)
  validation: F_1/7=0.988796, precision=0.989799, recall=0.942017, good=3493, bad=36, missed=215, trie_nodes=1475, patterns=929, objective=0.988749
  Tested: params=(19, 21, 14, 19, 3)
  validation: F_1/7=0.980926, precision=0.981742, recall=0.942557, good=3495, bad=65, missed=213, trie_nodes=1309, patterns=807, objective=0.980884
  Tested: params=(28, 2, 9, 29, 5)
  validation: F_1/7=0.988167, precision=0.989211, recall=0.939590, good=3484, bad=38, missed=224, trie_nodes=1001, patterns=592, objective=0.988135
  Tested: params=(14, 19, 9, 6, 3)
  validation: F_1/7=0.979332, precision=0.980101, recall=0.943096, good=3497, bad=71, missed=211, trie_nodes=1241, patterns=771, objective=0.979293
  Tested: params=(11, 18, 3, 30, 5)
  validation: F_1/7=0.958566, precision=0.958882, recall=0.943366, good=3498, bad=150, missed=210, trie_nodes=790, patterns=481, objective=0.958541
  Best so far: params=(30, 3, 17, 30, 3), score=0.988749, elapsed=28.9s

============================================================
Round 21/30
  Tested: params=(21, 17, 10, 25, 4)
  validation: F_1/7=0.980839, precision=0.981700, recall=0.940399, good=3487, bad=65, missed=221, trie_nodes=918, patterns=544, objective=0.980810
  Tested: params=(5, 28, 25, 29, 4)
  validation: F_1/7=0.882996, precision=0.881834, recall=0.943905, good=3500, bad=469, missed=208, trie_nodes=779, patterns=488, objective=0.882971
  Tested: params=(19, 13, 28, 26, 1)
  validation: F_1/7=0.981185, precision=0.982012, recall=0.942287, good=3494, bad=64, missed=214, trie_nodes=1300, patterns=811, objective=0.981143
  Tested: params=(1, 12, 25, 30, 1)
  validation: F_1/7=0.816108, precision=0.813851, recall=0.944444, good=3502, bad=801, missed=206, trie_nodes=1274, patterns=746, objective=0.816067
  Tested: params=(18, 12, 30, 26, 5)
  validation: F_1/7=0.980017, precision=0.980867, recall=0.940129, good=3486, bad=68, missed=222, trie_nodes=870, patterns=524, objective=0.979989
  Best so far: params=(30, 3, 17, 30, 3), score=0.988749, elapsed=30.4s

============================================================
Round 22/30
  Tested: params=(15, 13, 9, 2, 5)
  validation: F_1/7=0.979052, precision=0.979821, recall=0.942826, good=3496, bad=72, missed=212, trie_nodes=821, patterns=500, objective=0.979026
  Tested: params=(25, 30, 30, 17, 4)
  validation: F_1/7=0.987316, precision=0.988359, recall=0.938781, good=3481, bad=41, missed=227, trie_nodes=948, patterns=562, objective=0.987286
  Tested: params=(29, 26, 8, 14, 1)
  validation: F_1/7=0.988521, precision=0.989518, recall=0.942017, good=3493, bad=37, missed=215, trie_nodes=1436, patterns=901, objective=0.988476
  Tested: params=(29, 19, 7, 21, 4)
  validation: F_1/7=0.987892, precision=0.988930, recall=0.939590, good=3484, bad=39, missed=224, trie_nodes=1025, patterns=604, objective=0.987860
  Tested: params=(11, 4, 21, 16, 4)
  validation: F_1/7=0.958824, precision=0.959145, recall=0.943366, good=3498, bad=149, missed=210, trie_nodes=818, patterns=503, objective=0.958798
  Best so far: params=(30, 3, 17, 30, 3), score=0.988749, elapsed=31.9s

============================================================
Round 23/30
  Tested: params=(16, 26, 17, 17, 5)
  validation: F_1/7=0.978772, precision=0.979540, recall=0.942557, good=3495, bad=73, missed=213, trie_nodes=814, patterns=494, objective=0.978746
  Tested: params=(13, 5, 1, 23, 4)
  validation: F_1/7=0.977478, precision=0.978194, recall=0.943635, good=3499, bad=78, missed=209, trie_nodes=835, patterns=516, objective=0.977451
  Tested: params=(22, 7, 5, 1, 2)
  validation: F_1/7=0.982245, precision=0.983108, recall=0.941748, good=3492, bad=60, missed=216, trie_nodes=1401, patterns=862, objective=0.982200
  Tested: params=(18, 12, 14, 28, 2)
  validation: F_1/7=0.981196, precision=0.982017, recall=0.942557, good=3495, bad=64, missed=213, trie_nodes=1297, patterns=810, objective=0.981154
  Tested: params=(16, 24, 12, 19, 5)
  validation: F_1/7=0.978784, precision=0.979546, recall=0.942826, good=3496, bad=73, missed=212, trie_nodes=816, patterns=495, objective=0.978758
  Best so far: params=(30, 3, 17, 30, 3), score=0.988749, elapsed=33.3s

============================================================
Round 24/30
  Tested: params=(29, 5, 28, 15, 2)
  validation: F_1/7=0.988787, precision=0.989796, recall=0.941748, good=3492, bad=36, missed=216, trie_nodes=1438, patterns=907, objective=0.988741
  Tested: params=(14, 30, 15, 10, 4)
  validation: F_1/7=0.977711, precision=0.978449, recall=0.942826, good=3496, bad=77, missed=212, trie_nodes=806, patterns=489, objective=0.977685
  Tested: params=(8, 3, 4, 4, 1)
  validation: F_1/7=0.937934, precision=0.937818, recall=0.943635, good=3499, bad=232, missed=209, trie_nodes=1238, patterns=802, objective=0.937894
  Tested: params=(5, 20, 6, 11, 5)
  validation: F_1/7=0.883432, precision=0.882279, recall=0.943905, good=3500, bad=467, missed=208, trie_nodes=775, patterns=484, objective=0.883408
  Tested: params=(15, 21, 6, 6, 1)
  validation: F_1/7=0.980139, precision=0.980926, recall=0.943096, good=3497, bad=68, missed=211, trie_nodes=1246, patterns=777, objective=0.980099
  Best so far: params=(30, 3, 17, 30, 3), score=0.988749, elapsed=34.8s

============================================================
Round 25/30
  Tested: params=(6, 9, 6, 3, 1)
  validation: F_1/7=0.926397, precision=0.926073, recall=0.942557, good=3495, bad=279, missed=213, trie_nodes=1208, patterns=750, objective=0.926358
  Tested: params=(14, 7, 11, 16, 4)
  validation: F_1/7=0.977699, precision=0.978443, recall=0.942557, good=3495, bad=77, missed=213, trie_nodes=811, patterns=494, objective=0.977673
  Tested: params=(2, 24, 19, 3, 5)
  validation: F_1/7=0.812586, precision=0.810261, recall=0.945523, good=3506, bad=821, missed=202, trie_nodes=731, patterns=397, objective=0.812563
  Tested: params=(28, 2, 9, 25, 4)
  validation: F_1/7=0.988442, precision=0.989492, recall=0.939590, good=3484, bad=37, missed=224, trie_nodes=1015, patterns=599, objective=0.988409
  Tested: params=(6, 7, 12, 15, 4)
  validation: F_1/7=0.926662, precision=0.926338, recall=0.942826, good=3496, bad=278, missed=212, trie_nodes=760, patterns=462, objective=0.926638
  Best so far: params=(30, 3, 17, 30, 3), score=0.988749, elapsed=36.3s

============================================================
Round 26/30
  Tested: params=(12, 14, 23, 2, 2)
  validation: F_1/7=0.978807, precision=0.979558, recall=0.943366, good=3498, bad=73, missed=210, trie_nodes=1232, patterns=784, objective=0.978767
  Tested: params=(22, 27, 16, 16, 1)
  validation: F_1/7=0.981725, precision=0.982565, recall=0.942287, good=3494, bad=62, missed=214, trie_nodes=1346, patterns=833, objective=0.981682
  Tested: params=(14, 16, 8, 9, 2)
  validation: F_1/7=0.979332, precision=0.980101, recall=0.943096, good=3497, bad=71, missed=211, trie_nodes=1249, patterns=779, objective=0.979292
  Tested: params=(1, 10, 7, 10, 1)
  validation: F_1/7=0.816248, precision=0.813997, recall=0.944175, good=3501, bad=800, missed=207, trie_nodes=1276, patterns=758, objective=0.816207
  Tested: params=(27, 18, 21, 24, 3)
  validation: F_1/7=0.987691, precision=0.988675, recall=0.941748, good=3492, bad=40, missed=216, trie_nodes=1399, patterns=879, objective=0.987646
  Best so far: params=(30, 3, 17, 30, 3), score=0.988749, elapsed=37.8s

============================================================
Round 27/30
  Tested: params=(3, 17, 18, 23, 3)
  validation: F_1/7=0.812676, precision=0.810361, recall=0.944984, good=3504, bad=820, missed=204, trie_nodes=1175, patterns=670, objective=0.812639
  Tested: params=(4, 9, 11, 20, 3)
  validation: F_1/7=0.867937, precision=0.866518, recall=0.943635, good=3499, bad=539, missed=209, trie_nodes=1206, patterns=761, objective=0.867898
  Tested: params=(11, 30, 19, 8, 1)
  validation: F_1/7=0.960905, precision=0.961264, recall=0.943635, good=3499, bad=141, missed=209, trie_nodes=1229, patterns=764, objective=0.960865
  Tested: params=(5, 8, 5, 6, 2)
  validation: F_1/7=0.884392, precision=0.883274, recall=0.942826, good=3496, bad=462, missed=212, trie_nodes=1218, patterns=778, objective=0.884353
  Tested: params=(6, 27, 3, 16, 3)
  validation: F_1/7=0.924047, precision=0.923666, recall=0.943096, good=3497, bad=289, missed=211, trie_nodes=1212, patterns=745, objective=0.924008
  Best so far: params=(30, 3, 17, 30, 3), score=0.988749, elapsed=39.3s

============================================================
Round 28/30
  Tested: params=(30, 4, 12, 30, 5)
  validation: F_1/7=0.988158, precision=0.989208, recall=0.939320, good=3483, bad=38, missed=225, trie_nodes=1021, patterns=603, objective=0.988125
  Tested: params=(25, 8, 6, 21, 5)
  validation: F_1/7=0.987334, precision=0.988365, recall=0.939320, good=3483, bad=41, missed=225, trie_nodes=957, patterns=569, objective=0.987304
  Tested: params=(17, 18, 9, 24, 1)
  validation: F_1/7=0.979848, precision=0.980640, recall=0.942557, good=3495, bad=69, missed=213, trie_nodes=1267, patterns=790, objective=0.979807
  Tested: params=(10, 13, 16, 8, 1)
  validation: F_1/7=0.960146, precision=0.960483, recall=0.943905, good=3500, bad=144, missed=208, trie_nodes=1227, patterns=762, objective=0.960106
  Tested: params=(19, 9, 18, 5, 3)
  validation: F_1/7=0.981185, precision=0.982012, recall=0.942287, good=3494, bad=64, missed=214, trie_nodes=1310, patterns=813, objective=0.981143
  Best so far: params=(30, 3, 17, 30, 3), score=0.988749, elapsed=40.6s

============================================================
Round 29/30
  Tested: params=(16, 2, 11, 5, 1)
  validation: F_1/7=0.980365, precision=0.981180, recall=0.942017, good=3493, bad=67, missed=215, trie_nodes=1356, patterns=858, objective=0.980321
  Tested: params=(30, 10, 25, 8, 4)
  validation: F_1/7=0.988149, precision=0.989205, recall=0.939051, good=3482, bad=38, missed=226, trie_nodes=1021, patterns=602, objective=0.988116
  Tested: params=(23, 18, 15, 13, 2)
  validation: F_1/7=0.981985, precision=0.982836, recall=0.942017, good=3493, bad=61, missed=215, trie_nodes=1345, patterns=829, objective=0.981942
  Tested: params=(28, 25, 29, 4, 4)
  validation: F_1/7=0.988149, precision=0.989205, recall=0.939051, good=3482, bad=38, missed=226, trie_nodes=999, patterns=589, objective=0.988117
  Tested: params=(29, 6, 2, 23, 3)
  validation: F_1/7=0.986606, precision=0.987560, recall=0.942017, good=3493, bad=44, missed=215, trie_nodes=1452, patterns=915, objective=0.986560
  Best so far: params=(30, 3, 17, 30, 3), score=0.988749, elapsed=41.9s

============================================================
Round 30/30
  Tested: params=(26, 5, 24, 7, 1)
  validation: F_1/7=0.988238, precision=0.989235, recall=0.941748, good=3492, bad=38, missed=216, trie_nodes=1412, patterns=896, objective=0.988193
  Tested: params=(5, 25, 20, 16, 2)
  validation: F_1/7=0.884240, precision=0.883110, recall=0.943366, good=3498, bad=463, missed=210, trie_nodes=1215, patterns=769, objective=0.884201
  Tested: params=(27, 12, 25, 14, 2)
  validation: F_1/7=0.987964, precision=0.988955, recall=0.941748, good=3492, bad=39, missed=216, trie_nodes=1399, patterns=885, objective=0.987920
  Tested: params=(14, 10, 23, 16, 2)
  validation: F_1/7=0.979321, precision=0.980095, recall=0.942826, good=3496, bad=71, missed=212, trie_nodes=1248, patterns=779, objective=0.979281
  Tested: params=(27, 12, 17, 28, 4)
  validation: F_1/7=0.987591, precision=0.988640, recall=0.938781, good=3481, bad=40, missed=227, trie_nodes=971, patterns=581, objective=0.987559
  Best so far: params=(30, 3, 17, 30, 3), score=0.988749, elapsed=43.2s

============================================================
Final phase: 3 evaluations
  Tested: params=(4, 29, 19, 11, 1)
  validation: F_1/7=0.865907, precision=0.864444, recall=0.944175, good=3501, bad=549, missed=207, trie_nodes=1208, patterns=757, objective=0.865868
  Tested: params=(24, 19, 17, 27, 4)
  validation: F_1/7=0.987334, precision=0.988365, recall=0.939320, good=3483, bad=41, missed=225, trie_nodes=929, patterns=553, objective=0.987305
  Tested: params=(5, 10, 8, 23, 1)
  validation: F_1/7=0.882457, precision=0.881300, recall=0.943096, good=3497, bad=471, missed=211, trie_nodes=1208, patterns=774, objective=0.882418

============================================================
Threshold ablation run complete
Best parameters (b1 b2 b3 b4 thr): (30, 3, 17, 30, 3)
Thresholds: {'mode': 'shared', 'shared': 3, 'per_level': [3, 3, 3, 3]}
  validation-selected: F_1/7=0.988796, precision=0.989799, recall=0.942017, good=3493, bad=36, missed=215, trie_nodes=1475, patterns=929, objective=0.988749
  held-out test: F_1/7=0.989473, precision=0.990468, recall=0.943069, good=3429, bad=33, missed=207, trie_nodes=1475, patterns=929
Summary: results/threshold_ablation/tr/wiktionary/shared_random/summary.json
History: results/threshold_ablation/tr/wiktionary/shared_random/history.csv
Wall time: 44.5s
