Proportional trie_normalizer for tr/wiktionary: |D| = 15619
Objective: F17+Trie(w=0.0005)
Dataset: /home/dev/hyph-bench/data/tr/wiktionary/tr_wiktionary.wlh_dis.wlh
Translate: /home/dev/hyph-bench/data/tr/wiktionary/tr_wiktionary.wlh_dis.wlh.tra
Method: tpe | Threshold mode: perlayer
Search space (8-D): [(1, 30), (1, 30), (1, 30), (1, 30), (1, 5), (1, 5), (1, 5), (1, 5)]
Split counts: train=12496, validation=1562, test=1561
Pattern ranges: [(1, 4), (2, 5), (2, 6), (2, 7)]
Budget: 30 rounds x 5 + 3 final = 153 patgen evaluations; 3 parallel workers

============================================================
Round 1/30
  Tested: params=(12, 29, 22, 18, 1, 1, 1, 5)
  validation: F_1/7=0.978538, precision=0.979283, recall=0.943366, good=3498, bad=74, missed=210, trie_nodes=1184, patterns=753, objective=0.978500
  Tested: params=(19, 22, 1, 30, 5, 2, 1, 1)
  validation: F_1/7=0.979601, precision=0.980376, recall=0.943096, good=3497, bad=70, missed=211, trie_nodes=1404, patterns=844, objective=0.979556
  Tested: params=(10, 16, 13, 9, 4, 1, 2, 2)
  validation: F_1/7=0.960130, precision=0.960472, recall=0.943635, good=3499, bad=144, missed=209, trie_nodes=1209, patterns=727, objective=0.960091
  Tested: params=(14, 24, 6, 16, 3, 1, 4, 1)
  validation: F_1/7=0.979859, precision=0.980645, recall=0.942826, good=3496, bad=69, missed=212, trie_nodes=1215, patterns=748, objective=0.979820
  Tested: params=(2, 29, 29, 25, 2, 1, 4, 3)
  validation: F_1/7=0.814107, precision=0.811833, recall=0.943635, good=3499, bad=811, missed=209, trie_nodes=1227, patterns=675, objective=0.814068
  Best so far: params=(14, 24, 6, 16, 3, 1, 4, 1), score=0.979820, elapsed=2.1s

============================================================
Round 2/30
  Tested: params=(4, 15, 2, 28, 2, 4, 2, 3)
  validation: F_1/7=0.865487, precision=0.864018, recall=0.944175, good=3501, bad=551, missed=207, trie_nodes=1213, patterns=749, objective=0.865448
  Tested: params=(17, 6, 30, 24, 5, 5, 3, 5)
  validation: F_1/7=0.979075, precision=0.979832, recall=0.943366, good=3498, bad=72, missed=210, trie_nodes=1035, patterns=612, objective=0.979042
  Tested: params=(3, 6, 2, 10, 2, 2, 5, 2)
  validation: F_1/7=0.819530, precision=0.817353, recall=0.942557, good=3495, bad=781, missed=213, trie_nodes=1147, patterns=680, objective=0.819493
  Tested: params=(9, 17, 5, 25, 1, 5, 4, 1)
  validation: F_1/7=0.940610, precision=0.940559, recall=0.943096, good=3497, bad=221, missed=211, trie_nodes=1167, patterns=716, objective=0.940573
  Tested: params=(1, 25, 22, 22, 4, 1, 2, 1)
  validation: F_1/7=0.813369, precision=0.811067, recall=0.944714, good=3503, bad=816, missed=205, trie_nodes=1217, patterns=685, objective=0.813330
  Best so far: params=(14, 24, 6, 16, 3, 1, 4, 1), score=0.979820, elapsed=4.0s

============================================================
Round 3/30
  Tested: params=(28, 1, 10, 1, 3, 3, 5, 4)
  validation: F_1/7=0.989577, precision=0.990628, recall=0.940669, good=3488, bad=33, missed=220, trie_nodes=1335, patterns=871, objective=0.989534
  Tested: params=(27, 1, 9, 1, 3, 3, 5, 4)
  validation: F_1/7=0.989577, precision=0.990628, recall=0.940669, good=3488, bad=33, missed=220, trie_nodes=1308, patterns=860, objective=0.989535
  Tested: params=(28, 1, 10, 1, 3, 3, 5, 4)
  validation: F_1/7=0.989577, precision=0.990628, recall=0.940669, good=3488, bad=33, missed=220, trie_nodes=1335, patterns=871, objective=0.989534
  Tested: params=(28, 11, 10, 1, 3, 3, 5, 4)
  validation: F_1/7=0.988513, precision=0.989515, recall=0.941748, good=3492, bad=37, missed=216, trie_nodes=1330, patterns=862, objective=0.988470
  Tested: params=(26, 21, 10, 4, 3, 3, 5, 4)
  validation: F_1/7=0.988521, precision=0.989518, recall=0.942017, good=3493, bad=37, missed=215, trie_nodes=1286, patterns=837, objective=0.988480
  Best so far: params=(27, 1, 9, 1, 3, 3, 5, 4), score=0.989535, elapsed=5.7s

============================================================
Round 4/30
  Tested: params=(23, 1, 17, 7, 4, 4, 4, 4)
  validation: F_1/7=0.983761, precision=0.984724, recall=0.938781, good=3481, bad=54, missed=227, trie_nodes=971, patterns=594, objective=0.983730
  Tested: params=(23, 1, 17, 8, 4, 4, 4, 4)
  validation: F_1/7=0.983761, precision=0.984724, recall=0.938781, good=3481, bad=54, missed=227, trie_nodes=971, patterns=594, objective=0.983730
  Tested: params=(24, 1, 17, 8, 4, 4, 4, 4)
  validation: F_1/7=0.988708, precision=0.989770, recall=0.939320, good=3483, bad=36, missed=225, trie_nodes=971, patterns=590, objective=0.988677
  Tested: params=(24, 1, 18, 8, 4, 4, 4, 4)
  validation: F_1/7=0.988708, precision=0.989770, recall=0.939320, good=3483, bad=36, missed=225, trie_nodes=971, patterns=590, objective=0.988677
  Tested: params=(22, 1, 17, 7, 4, 4, 4, 4)
  validation: F_1/7=0.983792, precision=0.984737, recall=0.939590, good=3484, bad=54, missed=224, trie_nodes=965, patterns=593, objective=0.983761
  Best so far: params=(27, 1, 9, 1, 3, 3, 5, 4), score=0.989535, elapsed=7.6s

============================================================
Round 5/30
  Tested: params=(30, 6, 7, 13, 2, 2, 3, 5)
  validation: F_1/7=0.988804, precision=0.989802, recall=0.942287, good=3494, bad=36, missed=214, trie_nodes=1426, patterns=907, objective=0.988759
  Tested: params=(30, 6, 6, 12, 2, 2, 3, 5)
  validation: F_1/7=0.988804, precision=0.989802, recall=0.942287, good=3494, bad=36, missed=214, trie_nodes=1423, patterns=906, objective=0.988759
  Tested: params=(30, 6, 6, 13, 2, 2, 3, 5)
  validation: F_1/7=0.988804, precision=0.989802, recall=0.942287, good=3494, bad=36, missed=214, trie_nodes=1423, patterns=906, objective=0.988759
  Tested: params=(30, 7, 7, 13, 2, 2, 3, 5)
  validation: F_1/7=0.988804, precision=0.989802, recall=0.942287, good=3494, bad=36, missed=214, trie_nodes=1426, patterns=907, objective=0.988759
  Tested: params=(30, 6, 13, 14, 2, 2, 3, 5)
  validation: F_1/7=0.988804, precision=0.989802, recall=0.942287, good=3494, bad=36, missed=214, trie_nodes=1426, patterns=907, objective=0.988759
  Best so far: params=(27, 1, 9, 1, 3, 3, 5, 4), score=0.989535, elapsed=9.3s

============================================================
Round 6/30
  Tested: params=(27, 9, 10, 1, 3, 3, 5, 3)
  validation: F_1/7=0.988504, precision=0.989512, recall=0.941478, good=3491, bad=37, missed=217, trie_nodes=1351, patterns=856, objective=0.988461
  Tested: params=(20, 9, 10, 1, 3, 3, 5, 3)
  validation: F_1/7=0.982245, precision=0.983108, recall=0.941748, good=3492, bad=60, missed=216, trie_nodes=1263, patterns=783, objective=0.982205
  Tested: params=(20, 10, 10, 1, 3, 3, 5, 3)
  validation: F_1/7=0.982245, precision=0.983108, recall=0.941748, good=3492, bad=60, missed=216, trie_nodes=1261, patterns=782, objective=0.982205
  Tested: params=(20, 9, 10, 1, 3, 3, 5, 3)
  validation: F_1/7=0.982245, precision=0.983108, recall=0.941748, good=3492, bad=60, missed=216, trie_nodes=1263, patterns=783, objective=0.982205
  Tested: params=(27, 11, 10, 1, 3, 3, 5, 3)
  validation: F_1/7=0.988504, precision=0.989512, recall=0.941478, good=3491, bad=37, missed=217, trie_nodes=1350, patterns=857, objective=0.988461
  Best so far: params=(27, 1, 9, 1, 3, 3, 5, 4), score=0.989535, elapsed=11.1s

============================================================
Round 7/30
  Tested: params=(25, 3, 13, 4, 1, 3, 5, 4)
  validation: F_1/7=0.988804, precision=0.989802, recall=0.942287, good=3494, bad=36, missed=214, trie_nodes=1271, patterns=821, objective=0.988764
  Tested: params=(25, 3, 13, 4, 1, 3, 5, 4)
  validation: F_1/7=0.988804, precision=0.989802, recall=0.942287, good=3494, bad=36, missed=214, trie_nodes=1271, patterns=821, objective=0.988764
  Tested: params=(25, 3, 13, 4, 1, 3, 5, 4)
  validation: F_1/7=0.988804, precision=0.989802, recall=0.942287, good=3494, bad=36, missed=214, trie_nodes=1271, patterns=821, objective=0.988764
  Tested: params=(25, 4, 13, 4, 1, 3, 5, 4)
  validation: F_1/7=0.988796, precision=0.989799, recall=0.942017, good=3493, bad=36, missed=215, trie_nodes=1269, patterns=821, objective=0.988755
  Tested: params=(25, 3, 13, 4, 1, 3, 5, 4)
  validation: F_1/7=0.988804, precision=0.989802, recall=0.942287, good=3494, bad=36, missed=214, trie_nodes=1271, patterns=821, objective=0.988764
  Best so far: params=(27, 1, 9, 1, 3, 3, 5, 4), score=0.989535, elapsed=12.9s

============================================================
Round 8/30
  Tested: params=(28, 4, 15, 6, 5, 4, 1, 5)
  validation: F_1/7=0.987189, precision=0.988132, recall=0.943096, good=3497, bad=42, missed=211, trie_nodes=1232, patterns=724, objective=0.987150
  Tested: params=(28, 4, 15, 6, 5, 4, 1, 5)
  validation: F_1/7=0.987189, precision=0.988132, recall=0.943096, good=3497, bad=42, missed=211, trie_nodes=1232, patterns=724, objective=0.987150
  Tested: params=(27, 4, 12, 18, 5, 4, 1, 2)
  validation: F_1/7=0.988513, precision=0.989515, recall=0.941748, good=3492, bad=37, missed=216, trie_nodes=1359, patterns=834, objective=0.988469
  Tested: params=(28, 4, 15, 6, 5, 4, 1, 2)
  validation: F_1/7=0.989061, precision=0.990077, recall=0.941748, good=3492, bad=35, missed=216, trie_nodes=1393, patterns=847, objective=0.989017
  Tested: params=(28, 4, 4, 5, 5, 4, 1, 2)
  validation: F_1/7=0.986879, precision=0.987839, recall=0.942017, good=3493, bad=43, missed=215, trie_nodes=1397, patterns=850, objective=0.986835
  Best so far: params=(27, 1, 9, 1, 3, 3, 5, 4), score=0.989535, elapsed=14.7s

============================================================
Round 9/30
  Tested: params=(13, 8, 20, 10, 4, 5, 2, 2)
  validation: F_1/7=0.979321, precision=0.980095, recall=0.942826, good=3496, bad=71, missed=212, trie_nodes=1216, patterns=736, objective=0.979282
  Tested: params=(15, 15, 8, 10, 4, 5, 2, 2)
  validation: F_1/7=0.980420, precision=0.981206, recall=0.943366, good=3498, bad=67, missed=210, trie_nodes=1211, patterns=728, objective=0.980381
  Tested: params=(14, 12, 20, 10, 4, 5, 2, 2)
  validation: F_1/7=0.979332, precision=0.980101, recall=0.943096, good=3497, bad=71, missed=211, trie_nodes=1216, patterns=734, objective=0.979293
  Tested: params=(14, 13, 20, 10, 4, 5, 2, 2)
  validation: F_1/7=0.979332, precision=0.980101, recall=0.943096, good=3497, bad=71, missed=211, trie_nodes=1216, patterns=734, objective=0.979293
  Tested: params=(16, 14, 22, 10, 4, 5, 2, 3)
  validation: F_1/7=0.980398, precision=0.981196, recall=0.942826, good=3496, bad=67, missed=212, trie_nodes=1210, patterns=728, objective=0.980359
  Best so far: params=(27, 1, 9, 1, 3, 3, 5, 4), score=0.989535, elapsed=16.4s

============================================================
Round 10/30
  Tested: params=(6, 19, 28, 3, 3, 3, 4, 1)
  validation: F_1/7=0.926662, precision=0.926338, recall=0.942826, good=3496, bad=278, missed=212, trie_nodes=1169, patterns=713, objective=0.926625
  Tested: params=(10, 19, 8, 3, 3, 3, 4, 1)
  validation: F_1/7=0.960614, precision=0.960978, recall=0.943096, good=3497, bad=142, missed=211, trie_nodes=1197, patterns=730, objective=0.960576
  Tested: params=(7, 19, 8, 3, 3, 3, 4, 1)
  validation: F_1/7=0.939846, precision=0.939785, recall=0.942826, good=3496, bad=224, missed=212, trie_nodes=1169, patterns=723, objective=0.939808
  Tested: params=(6, 2, 28, 3, 3, 3, 4, 1)
  validation: F_1/7=0.950343, precision=0.950503, recall=0.942557, good=3495, bad=182, missed=213, trie_nodes=1183, patterns=763, objective=0.950305
  Tested: params=(8, 2, 4, 3, 3, 3, 4, 1)
  validation: F_1/7=0.953682, precision=0.953901, recall=0.943096, good=3497, bad=169, missed=211, trie_nodes=1180, patterns=769, objective=0.953644
  Best so far: params=(27, 1, 9, 1, 3, 3, 5, 4), score=0.989535, elapsed=18.2s

============================================================
Round 11/30
  Tested: params=(23, 30, 12, 20, 2, 2, 5, 4)
  validation: F_1/7=0.981985, precision=0.982836, recall=0.942017, good=3493, bad=61, missed=215, trie_nodes=1239, patterns=786, objective=0.981946
  Tested: params=(22, 26, 12, 19, 2, 2, 5, 4)
  validation: F_1/7=0.981996, precision=0.982841, recall=0.942287, good=3494, bad=61, missed=214, trie_nodes=1237, patterns=789, objective=0.981956
  Tested: params=(23, 30, 12, 19, 2, 2, 5, 4)
  validation: F_1/7=0.981985, precision=0.982836, recall=0.942017, good=3493, bad=61, missed=215, trie_nodes=1239, patterns=786, objective=0.981946
  Tested: params=(18, 30, 12, 6, 2, 2, 5, 4)
  validation: F_1/7=0.981466, precision=0.982293, recall=0.942557, good=3495, bad=63, missed=213, trie_nodes=1185, patterns=760, objective=0.981428
  Tested: params=(22, 29, 12, 17, 2, 2, 5, 4)
  validation: F_1/7=0.981996, precision=0.982841, recall=0.942287, good=3494, bad=61, missed=214, trie_nodes=1237, patterns=789, objective=0.981956
  Best so far: params=(27, 1, 9, 1, 3, 3, 5, 4), score=0.989535, elapsed=19.7s

============================================================
Round 12/30
  Tested: params=(26, 2, 15, 2, 1, 3, 5, 4)
  validation: F_1/7=0.988787, precision=0.989796, recall=0.941748, good=3492, bad=36, missed=216, trie_nodes=1301, patterns=846, objective=0.988745
  Tested: params=(26, 2, 15, 2, 1, 3, 5, 4)
  validation: F_1/7=0.988787, precision=0.989796, recall=0.941748, good=3492, bad=36, missed=216, trie_nodes=1301, patterns=846, objective=0.988745
  Tested: params=(26, 2, 15, 2, 1, 3, 5, 4)
  validation: F_1/7=0.988787, precision=0.989796, recall=0.941748, good=3492, bad=36, missed=216, trie_nodes=1301, patterns=846, objective=0.988745
  Tested: params=(26, 2, 15, 2, 1, 3, 5, 4)
  validation: F_1/7=0.988787, precision=0.989796, recall=0.941748, good=3492, bad=36, missed=216, trie_nodes=1301, patterns=846, objective=0.988745
  Tested: params=(26, 2, 15, 2, 1, 3, 5, 4)
  validation: F_1/7=0.988787, precision=0.989796, recall=0.941748, good=3492, bad=36, missed=216, trie_nodes=1301, patterns=846, objective=0.988745
  Best so far: params=(27, 1, 9, 1, 3, 3, 5, 4), score=0.989535, elapsed=21.6s

============================================================
Round 13/30
  Tested: params=(29, 5, 9, 5, 3, 4, 4, 3)
  validation: F_1/7=0.989336, precision=0.990357, recall=0.941748, good=3492, bad=34, missed=216, trie_nodes=1395, patterns=873, objective=0.989291
  Tested: params=(29, 3, 9, 5, 3, 4, 4, 3)
  validation: F_1/7=0.989345, precision=0.990360, recall=0.942017, good=3493, bad=34, missed=215, trie_nodes=1401, patterns=874, objective=0.989300
  Tested: params=(28, 5, 9, 28, 3, 4, 4, 3)
  validation: F_1/7=0.988787, precision=0.989796, recall=0.941748, good=3492, bad=36, missed=216, trie_nodes=1395, patterns=874, objective=0.988742
  Tested: params=(29, 7, 11, 29, 3, 4, 4, 3)
  validation: F_1/7=0.989061, precision=0.990077, recall=0.941748, good=3492, bad=35, missed=216, trie_nodes=1398, patterns=874, objective=0.989017
  Tested: params=(29, 5, 11, 5, 3, 4, 4, 3)
  validation: F_1/7=0.989336, precision=0.990357, recall=0.941748, good=3492, bad=34, missed=216, trie_nodes=1395, patterns=873, objective=0.989291
  Best so far: params=(27, 1, 9, 1, 3, 3, 5, 4), score=0.989535, elapsed=23.8s

============================================================
Round 14/30
  Tested: params=(29, 5, 7, 8, 3, 4, 3, 3)
  validation: F_1/7=0.988796, precision=0.989799, recall=0.942017, good=3493, bad=36, missed=215, trie_nodes=1436, patterns=904, objective=0.988750
  Tested: params=(29, 5, 7, 7, 3, 4, 3, 3)
  validation: F_1/7=0.988796, precision=0.989799, recall=0.942017, good=3493, bad=36, missed=215, trie_nodes=1436, patterns=904, objective=0.988750
  Tested: params=(29, 5, 9, 7, 3, 4, 3, 3)
  validation: F_1/7=0.988796, precision=0.989799, recall=0.942017, good=3493, bad=36, missed=215, trie_nodes=1436, patterns=904, objective=0.988750
  Tested: params=(29, 5, 7, 7, 3, 4, 3, 3)
  validation: F_1/7=0.988796, precision=0.989799, recall=0.942017, good=3493, bad=36, missed=215, trie_nodes=1436, patterns=904, objective=0.988750
  Tested: params=(29, 5, 7, 7, 3, 4, 3, 3)
  validation: F_1/7=0.988796, precision=0.989799, recall=0.942017, good=3493, bad=36, missed=215, trie_nodes=1436, patterns=904, objective=0.988750
  Best so far: params=(27, 1, 9, 1, 3, 3, 5, 4), score=0.989535, elapsed=25.9s

============================================================
Round 15/30
  Tested: params=(27, 1, 9, 5, 3, 4, 4, 3)
  validation: F_1/7=0.989327, precision=0.990355, recall=0.941478, good=3491, bad=34, missed=217, trie_nodes=1349, patterns=867, objective=0.989284
  Tested: params=(27, 1, 9, 5, 3, 4, 4, 3)
  validation: F_1/7=0.989327, precision=0.990355, recall=0.941478, good=3491, bad=34, missed=217, trie_nodes=1349, patterns=867, objective=0.989284
  Tested: params=(27, 1, 5, 5, 3, 4, 4, 3)
  validation: F_1/7=0.989319, precision=0.990352, recall=0.941208, good=3490, bad=34, missed=218, trie_nodes=1355, patterns=874, objective=0.989275
  Tested: params=(27, 1, 5, 5, 3, 4, 4, 3)
  validation: F_1/7=0.989319, precision=0.990352, recall=0.941208, good=3490, bad=34, missed=218, trie_nodes=1355, patterns=874, objective=0.989275
  Tested: params=(27, 1, 9, 5, 3, 4, 4, 3)
  validation: F_1/7=0.989327, precision=0.990355, recall=0.941478, good=3491, bad=34, missed=217, trie_nodes=1349, patterns=867, objective=0.989284
  Best so far: params=(27, 1, 9, 1, 3, 3, 5, 4), score=0.989535, elapsed=28.0s

============================================================
Round 16/30
  Tested: params=(30, 3, 11, 9, 3, 4, 4, 3)
  validation: F_1/7=0.989345, precision=0.990360, recall=0.942017, good=3493, bad=34, missed=215, trie_nodes=1427, patterns=892, objective=0.989299
  Tested: params=(30, 3, 11, 1, 3, 4, 4, 3)
  validation: F_1/7=0.989886, precision=0.990919, recall=0.941748, good=3492, bad=32, missed=216, trie_nodes=1403, patterns=887, objective=0.989841
  Tested: params=(30, 3, 9, 1, 3, 4, 4, 3)
  validation: F_1/7=0.989886, precision=0.990919, recall=0.941748, good=3492, bad=32, missed=216, trie_nodes=1403, patterns=887, objective=0.989841
  Tested: params=(30, 3, 11, 1, 3, 4, 4, 3)
  validation: F_1/7=0.989886, precision=0.990919, recall=0.941748, good=3492, bad=32, missed=216, trie_nodes=1403, patterns=887, objective=0.989841
  Tested: params=(30, 3, 11, 9, 3, 4, 4, 3)
  validation: F_1/7=0.989345, precision=0.990360, recall=0.942017, good=3493, bad=34, missed=215, trie_nodes=1427, patterns=892, objective=0.989299
  Best so far: params=(30, 3, 11, 1, 3, 4, 4, 3), score=0.989841, elapsed=30.1s

============================================================
Round 17/30
  Tested: params=(30, 3, 1, 1, 4, 1, 4, 3)
  validation: F_1/7=0.989189, precision=0.990311, recall=0.937163, good=3475, bad=34, missed=233, trie_nodes=1248, patterns=774, objective=0.989149
  Tested: params=(30, 7, 11, 1, 4, 5, 4, 3)
  validation: F_1/7=0.990587, precision=0.991728, recall=0.937702, good=3477, bad=29, missed=231, trie_nodes=1218, patterns=722, objective=0.990548
  Tested: params=(30, 3, 1, 1, 4, 5, 4, 3)
  validation: F_1/7=0.989724, precision=0.990870, recall=0.936624, good=3473, bad=32, missed=235, trie_nodes=1232, patterns=763, objective=0.989684
  Tested: params=(30, 3, 11, 1, 4, 5, 4, 3)
  validation: F_1/7=0.990595, precision=0.991731, recall=0.937972, good=3478, bad=29, missed=230, trie_nodes=1219, patterns=722, objective=0.990556
  Tested: params=(30, 3, 11, 1, 4, 5, 4, 3)
  validation: F_1/7=0.990595, precision=0.991731, recall=0.937972, good=3478, bad=29, missed=230, trie_nodes=1219, patterns=722, objective=0.990556
  Best so far: params=(30, 3, 11, 1, 4, 5, 4, 3), score=0.990556, elapsed=32.1s

============================================================
Round 18/30
  Tested: params=(30, 7, 11, 1, 4, 5, 4, 3)
  validation: F_1/7=0.990587, precision=0.991728, recall=0.937702, good=3477, bad=29, missed=231, trie_nodes=1218, patterns=722, objective=0.990548
  Tested: params=(30, 7, 3, 1, 4, 5, 4, 3)
  validation: F_1/7=0.990319, precision=0.991448, recall=0.937972, good=3478, bad=30, missed=230, trie_nodes=1227, patterns=728, objective=0.990280
  Tested: params=(30, 7, 14, 1, 4, 5, 4, 3)
  validation: F_1/7=0.990587, precision=0.991728, recall=0.937702, good=3477, bad=29, missed=231, trie_nodes=1218, patterns=722, objective=0.990548
  Tested: params=(30, 7, 14, 1, 4, 5, 4, 3)
  validation: F_1/7=0.990587, precision=0.991728, recall=0.937702, good=3477, bad=29, missed=231, trie_nodes=1218, patterns=722, objective=0.990548
  Tested: params=(30, 7, 14, 1, 4, 5, 4, 3)
  validation: F_1/7=0.990587, precision=0.991728, recall=0.937702, good=3477, bad=29, missed=231, trie_nodes=1218, patterns=722, objective=0.990548
  Best so far: params=(30, 3, 11, 1, 4, 5, 4, 3), score=0.990556, elapsed=34.1s

============================================================
Round 19/30
  Tested: params=(28, 7, 14, 2, 4, 5, 4, 3)
  validation: F_1/7=0.990043, precision=0.991166, recall=0.937972, good=3478, bad=31, missed=230, trie_nodes=1226, patterns=715, objective=0.990003
  Tested: params=(28, 8, 14, 2, 4, 5, 4, 3)
  validation: F_1/7=0.990043, precision=0.991166, recall=0.937972, good=3478, bad=31, missed=230, trie_nodes=1225, patterns=716, objective=0.990003
  Tested: params=(28, 8, 14, 2, 4, 5, 4, 3)
  validation: F_1/7=0.990043, precision=0.991166, recall=0.937972, good=3478, bad=31, missed=230, trie_nodes=1225, patterns=716, objective=0.990003
  Tested: params=(28, 8, 14, 2, 4, 5, 4, 3)
  validation: F_1/7=0.990043, precision=0.991166, recall=0.937972, good=3478, bad=31, missed=230, trie_nodes=1225, patterns=716, objective=0.990003
  Tested: params=(28, 8, 14, 2, 4, 5, 4, 3)
  validation: F_1/7=0.990043, precision=0.991166, recall=0.937972, good=3478, bad=31, missed=230, trie_nodes=1225, patterns=716, objective=0.990003
  Best so far: params=(30, 3, 11, 1, 4, 5, 4, 3), score=0.990556, elapsed=36.0s

============================================================
Round 20/30
  Tested: params=(29, 9, 18, 3, 4, 5, 4, 3)
  validation: F_1/7=0.990034, precision=0.991163, recall=0.937702, good=3477, bad=31, missed=231, trie_nodes=1238, patterns=726, objective=0.989995
  Tested: params=(29, 10, 18, 3, 4, 5, 4, 3)
  validation: F_1/7=0.990034, precision=0.991163, recall=0.937702, good=3477, bad=31, missed=231, trie_nodes=1239, patterns=725, objective=0.989995
  Tested: params=(29, 9, 16, 3, 4, 5, 4, 3)
  validation: F_1/7=0.990034, precision=0.991163, recall=0.937702, good=3477, bad=31, missed=231, trie_nodes=1238, patterns=726, objective=0.989995
  Tested: params=(29, 10, 18, 4, 4, 5, 4, 3)
  validation: F_1/7=0.990034, precision=0.991163, recall=0.937702, good=3477, bad=31, missed=231, trie_nodes=1236, patterns=725, objective=0.989995
  Tested: params=(29, 10, 16, 3, 4, 5, 4, 3)
  validation: F_1/7=0.990034, precision=0.991163, recall=0.937702, good=3477, bad=31, missed=231, trie_nodes=1239, patterns=725, objective=0.989995
  Best so far: params=(30, 3, 11, 1, 4, 5, 4, 3), score=0.990556, elapsed=38.1s

============================================================
Round 21/30
  Tested: params=(28, 8, 14, 2, 4, 5, 4, 2)
  validation: F_1/7=0.990587, precision=0.991728, recall=0.937702, good=3477, bad=29, missed=231, trie_nodes=1202, patterns=712, objective=0.990549
  Tested: params=(28, 7, 16, 2, 4, 5, 4, 2)
  validation: F_1/7=0.990579, precision=0.991726, recall=0.937433, good=3476, bad=29, missed=232, trie_nodes=1198, patterns=709, objective=0.990540
  Tested: params=(28, 7, 14, 2, 4, 5, 4, 2)
  validation: F_1/7=0.990587, precision=0.991728, recall=0.937702, good=3477, bad=29, missed=231, trie_nodes=1203, patterns=711, objective=0.990548
  Tested: params=(28, 8, 14, 2, 4, 5, 4, 2)
  validation: F_1/7=0.990587, precision=0.991728, recall=0.937702, good=3477, bad=29, missed=231, trie_nodes=1202, patterns=712, objective=0.990549
  Tested: params=(28, 7, 14, 2, 4, 5, 4, 2)
  validation: F_1/7=0.990587, precision=0.991728, recall=0.937702, good=3477, bad=29, missed=231, trie_nodes=1203, patterns=711, objective=0.990548
  Best so far: params=(30, 3, 11, 1, 4, 5, 4, 3), score=0.990556, elapsed=39.9s

============================================================
Round 22/30
  Tested: params=(30, 6, 13, 4, 4, 5, 4, 2)
  validation: F_1/7=0.990043, precision=0.991166, recall=0.937972, good=3478, bad=31, missed=230, trie_nodes=1245, patterns=727, objective=0.990003
  Tested: params=(24, 6, 13, 4, 4, 5, 4, 2)
  validation: F_1/7=0.989508, precision=0.990606, recall=0.938511, good=3480, bad=33, missed=228, trie_nodes=1162, patterns=680, objective=0.989471
  Tested: params=(24, 6, 13, 4, 4, 5, 4, 2)
  validation: F_1/7=0.989508, precision=0.990606, recall=0.938511, good=3480, bad=33, missed=228, trie_nodes=1162, patterns=680, objective=0.989471
  Tested: params=(24, 6, 13, 4, 4, 5, 4, 2)
  validation: F_1/7=0.989508, precision=0.990606, recall=0.938511, good=3480, bad=33, missed=228, trie_nodes=1162, patterns=680, objective=0.989471
  Tested: params=(24, 6, 13, 4, 4, 5, 4, 2)
  validation: F_1/7=0.989508, precision=0.990606, recall=0.938511, good=3480, bad=33, missed=228, trie_nodes=1162, patterns=680, objective=0.989471
  Best so far: params=(30, 3, 11, 1, 4, 5, 4, 3), score=0.990556, elapsed=41.7s

============================================================
Round 23/30
  Tested: params=(3, 11, 17, 1, 5, 5, 4, 2)
  validation: F_1/7=0.818876, precision=0.816713, recall=0.940939, good=3489, bad=783, missed=219, trie_nodes=1063, patterns=580, objective=0.818842
  Tested: params=(1, 11, 12, 1, 5, 5, 4, 2)
  validation: F_1/7=0.816528, precision=0.814339, recall=0.940399, good=3487, bad=795, missed=221, trie_nodes=1076, patterns=600, objective=0.816494
  Tested: params=(11, 12, 12, 1, 5, 5, 4, 2)
  validation: F_1/7=0.962453, precision=0.962942, recall=0.939051, good=3482, bad=134, missed=226, trie_nodes=1083, patterns=646, objective=0.962418
  Tested: params=(1, 12, 12, 1, 5, 5, 4, 2)
  validation: F_1/7=0.816528, precision=0.814339, recall=0.940399, good=3487, bad=795, missed=221, trie_nodes=1075, patterns=600, objective=0.816494
  Tested: params=(11, 12, 17, 1, 5, 5, 4, 2)
  validation: F_1/7=0.962453, precision=0.962942, recall=0.939051, good=3482, bad=134, missed=226, trie_nodes=1083, patterns=646, objective=0.962418
  Best so far: params=(30, 3, 11, 1, 4, 5, 4, 3), score=0.990556, elapsed=43.3s

============================================================
Round 24/30
  Tested: params=(28, 9, 16, 25, 4, 5, 4, 2)
  validation: F_1/7=0.990034, precision=0.991163, recall=0.937702, good=3477, bad=31, missed=231, trie_nodes=1217, patterns=714, objective=0.989995
  Tested: params=(28, 7, 16, 2, 4, 5, 4, 2)
  validation: F_1/7=0.990579, precision=0.991726, recall=0.937433, good=3476, bad=29, missed=232, trie_nodes=1198, patterns=709, objective=0.990540
  Tested: params=(28, 7, 16, 24, 4, 5, 4, 2)
  validation: F_1/7=0.990034, precision=0.991163, recall=0.937702, good=3477, bad=31, missed=231, trie_nodes=1218, patterns=713, objective=0.989995
  Tested: params=(28, 7, 16, 2, 4, 5, 4, 2)
  validation: F_1/7=0.990579, precision=0.991726, recall=0.937433, good=3476, bad=29, missed=232, trie_nodes=1198, patterns=709, objective=0.990540
  Tested: params=(28, 7, 16, 2, 4, 5, 4, 2)
  validation: F_1/7=0.990579, precision=0.991726, recall=0.937433, good=3476, bad=29, missed=232, trie_nodes=1198, patterns=709, objective=0.990540
  Best so far: params=(30, 3, 11, 1, 4, 5, 4, 3), score=0.990556, elapsed=45.0s

============================================================
Round 25/30
  Tested: params=(27, 8, 14, 3, 4, 5, 4, 2)
  validation: F_1/7=0.989482, precision=0.990598, recall=0.937702, good=3477, bad=33, missed=231, trie_nodes=1197, patterns=705, objective=0.989444
  Tested: params=(26, 8, 14, 15, 4, 5, 4, 2)
  validation: F_1/7=0.989482, precision=0.990598, recall=0.937702, good=3477, bad=33, missed=231, trie_nodes=1193, patterns=706, objective=0.989444
  Tested: params=(26, 8, 14, 3, 4, 5, 4, 2)
  validation: F_1/7=0.989482, precision=0.990598, recall=0.937702, good=3477, bad=33, missed=231, trie_nodes=1195, patterns=706, objective=0.989444
  Tested: params=(26, 8, 14, 3, 4, 5, 4, 2)
  validation: F_1/7=0.989482, precision=0.990598, recall=0.937702, good=3477, bad=33, missed=231, trie_nodes=1195, patterns=706, objective=0.989444
  Tested: params=(26, 8, 10, 3, 4, 5, 4, 2)
  validation: F_1/7=0.989482, precision=0.990598, recall=0.937702, good=3477, bad=33, missed=231, trie_nodes=1195, patterns=706, objective=0.989444
  Best so far: params=(30, 3, 11, 1, 4, 5, 4, 3), score=0.990556, elapsed=46.8s

============================================================
Round 26/30
  Tested: params=(30, 7, 15, 2, 4, 5, 4, 2)
  validation: F_1/7=0.990579, precision=0.991726, recall=0.937433, good=3476, bad=29, missed=232, trie_nodes=1216, patterns=721, objective=0.990540
  Tested: params=(30, 7, 19, 2, 4, 5, 4, 2)
  validation: F_1/7=0.990579, precision=0.991726, recall=0.937433, good=3476, bad=29, missed=232, trie_nodes=1216, patterns=721, objective=0.990540
  Tested: params=(30, 7, 19, 2, 4, 5, 4, 2)
  validation: F_1/7=0.990579, precision=0.991726, recall=0.937433, good=3476, bad=29, missed=232, trie_nodes=1216, patterns=721, objective=0.990540
  Tested: params=(30, 7, 15, 2, 4, 5, 4, 2)
  validation: F_1/7=0.990579, precision=0.991726, recall=0.937433, good=3476, bad=29, missed=232, trie_nodes=1216, patterns=721, objective=0.990540
  Tested: params=(30, 7, 19, 2, 4, 5, 4, 2)
  validation: F_1/7=0.990579, precision=0.991726, recall=0.937433, good=3476, bad=29, missed=232, trie_nodes=1216, patterns=721, objective=0.990540
  Best so far: params=(30, 3, 11, 1, 4, 5, 4, 3), score=0.990556, elapsed=48.7s

============================================================
Round 27/30
  Tested: params=(27, 17, 17, 1, 4, 5, 3, 1)
  validation: F_1/7=0.989491, precision=0.990601, recall=0.937972, good=3478, bad=33, missed=230, trie_nodes=1364, patterns=834, objective=0.989447
  Tested: params=(27, 9, 17, 1, 4, 5, 3, 1)
  validation: F_1/7=0.989499, precision=0.990604, recall=0.938242, good=3479, bad=33, missed=229, trie_nodes=1367, patterns=837, objective=0.989455
  Tested: params=(27, 9, 11, 1, 4, 5, 3, 1)
  validation: F_1/7=0.989508, precision=0.990606, recall=0.938511, good=3480, bad=33, missed=228, trie_nodes=1368, patterns=838, objective=0.989464
  Tested: params=(27, 9, 17, 1, 4, 5, 3, 1)
  validation: F_1/7=0.989499, precision=0.990604, recall=0.938242, good=3479, bad=33, missed=229, trie_nodes=1367, patterns=837, objective=0.989455
  Tested: params=(27, 17, 17, 1, 4, 5, 3, 1)
  validation: F_1/7=0.989491, precision=0.990601, recall=0.937972, good=3478, bad=33, missed=230, trie_nodes=1364, patterns=834, objective=0.989447
  Best so far: params=(30, 3, 11, 1, 4, 5, 4, 3), score=0.990556, elapsed=50.4s

============================================================
Round 28/30
  Tested: params=(29, 6, 16, 3, 4, 5, 4, 2)
  validation: F_1/7=0.990034, precision=0.991163, recall=0.937702, good=3477, bad=31, missed=231, trie_nodes=1239, patterns=725, objective=0.989995
  Tested: params=(29, 4, 16, 3, 4, 5, 4, 2)
  validation: F_1/7=0.990034, precision=0.991163, recall=0.937702, good=3477, bad=31, missed=231, trie_nodes=1237, patterns=724, objective=0.989995
  Tested: params=(29, 4, 16, 3, 4, 5, 4, 2)
  validation: F_1/7=0.990034, precision=0.991163, recall=0.937702, good=3477, bad=31, missed=231, trie_nodes=1237, patterns=724, objective=0.989995
  Tested: params=(29, 4, 16, 3, 4, 5, 4, 2)
  validation: F_1/7=0.990034, precision=0.991163, recall=0.937702, good=3477, bad=31, missed=231, trie_nodes=1237, patterns=724, objective=0.989995
  Tested: params=(29, 4, 16, 3, 4, 5, 4, 2)
  validation: F_1/7=0.990034, precision=0.991163, recall=0.937702, good=3477, bad=31, missed=231, trie_nodes=1237, patterns=724, objective=0.989995
  Best so far: params=(30, 3, 11, 1, 4, 5, 4, 3), score=0.990556, elapsed=52.2s

============================================================
Round 29/30
  Tested: params=(28, 5, 15, 2, 4, 5, 4, 3)
  validation: F_1/7=0.990034, precision=0.991163, recall=0.937702, good=3477, bad=31, missed=231, trie_nodes=1221, patterns=713, objective=0.989995
  Tested: params=(28, 5, 15, 2, 4, 5, 4, 3)
  validation: F_1/7=0.990034, precision=0.991163, recall=0.937702, good=3477, bad=31, missed=231, trie_nodes=1221, patterns=713, objective=0.989995
  Tested: params=(28, 5, 15, 2, 4, 5, 4, 3)
  validation: F_1/7=0.990034, precision=0.991163, recall=0.937702, good=3477, bad=31, missed=231, trie_nodes=1221, patterns=713, objective=0.989995
  Tested: params=(28, 5, 15, 2, 4, 5, 4, 3)
  validation: F_1/7=0.990034, precision=0.991163, recall=0.937702, good=3477, bad=31, missed=231, trie_nodes=1221, patterns=713, objective=0.989995
  Tested: params=(28, 5, 15, 2, 4, 5, 4, 3)
  validation: F_1/7=0.990034, precision=0.991163, recall=0.937702, good=3477, bad=31, missed=231, trie_nodes=1221, patterns=713, objective=0.989995
  Best so far: params=(30, 3, 11, 1, 4, 5, 4, 3), score=0.990556, elapsed=53.9s

============================================================
Round 30/30
  Tested: params=(30, 6, 12, 1, 4, 5, 4, 2)
  validation: F_1/7=0.990822, precision=0.992000, recall=0.936354, good=3472, bad=28, missed=236, trie_nodes=1260, patterns=737, objective=0.990782
  Tested: params=(30, 6, 12, 1, 4, 5, 4, 2)
  validation: F_1/7=0.990822, precision=0.992000, recall=0.936354, good=3472, bad=28, missed=236, trie_nodes=1260, patterns=737, objective=0.990782
  Tested: params=(30, 6, 12, 1, 4, 5, 4, 2)
  validation: F_1/7=0.990822, precision=0.992000, recall=0.936354, good=3472, bad=28, missed=236, trie_nodes=1260, patterns=737, objective=0.990782
  Tested: params=(30, 6, 12, 12, 4, 5, 4, 2)
  validation: F_1/7=0.990043, precision=0.991166, recall=0.937972, good=3478, bad=31, missed=230, trie_nodes=1243, patterns=727, objective=0.990003
  Tested: params=(30, 6, 13, 1, 4, 5, 4, 2)
  validation: F_1/7=0.990822, precision=0.992000, recall=0.936354, good=3472, bad=28, missed=236, trie_nodes=1260, patterns=737, objective=0.990782
  Best so far: params=(30, 6, 12, 1, 4, 5, 4, 2), score=0.990782, elapsed=55.8s

============================================================
Final phase: 3 evaluations
  Tested: params=(30, 6, 11, 1, 4, 5, 4, 3)
  validation: F_1/7=0.990587, precision=0.991728, recall=0.937702, good=3477, bad=29, missed=231, trie_nodes=1218, patterns=722, objective=0.990548
  Tested: params=(30, 6, 11, 1, 4, 5, 4, 3)
  validation: F_1/7=0.990587, precision=0.991728, recall=0.937702, good=3477, bad=29, missed=231, trie_nodes=1218, patterns=722, objective=0.990548
  Tested: params=(30, 6, 11, 1, 4, 5, 4, 3)
  validation: F_1/7=0.990587, precision=0.991728, recall=0.937702, good=3477, bad=29, missed=231, trie_nodes=1218, patterns=722, objective=0.990548

============================================================
Threshold ablation run complete
Best parameters (b1..b4 thr1..thr4): (30, 6, 12, 1, 4, 5, 4, 2)
Thresholds: {'mode': 'perlayer', 'shared': None, 'per_level': [4, 5, 4, 2]}
  validation-selected: F_1/7=0.990822, precision=0.992000, recall=0.936354, good=3472, bad=28, missed=236, trie_nodes=1260, patterns=737, objective=0.990782
  held-out test: F_1/7=0.990913, precision=0.992121, recall=0.935094, good=3400, bad=27, missed=236, trie_nodes=1260, patterns=737
Summary: results/threshold_ablation/tr/wiktionary/perlayer_tpe/summary.json
History: results/threshold_ablation/tr/wiktionary/perlayer_tpe/history.csv
Wall time: 57.8s
