Proportional trie_normalizer for tr/wiktionary: |D| = 15619
Objective: F17+Trie(w=0.0005)
Dataset: /home/dev/hyph-bench/data/tr/wiktionary/tr_wiktionary.wlh_dis.wlh
Translate: /home/dev/hyph-bench/data/tr/wiktionary/tr_wiktionary.wlh_dis.wlh.tra
Method: random | Threshold mode: perlayer
Search space (8-D): [(1, 30), (1, 30), (1, 30), (1, 30), (1, 5), (1, 5), (1, 5), (1, 5)]
Split counts: train=12496, validation=1562, test=1561
Pattern ranges: [(1, 4), (2, 5), (2, 6), (2, 7)]
Budget: 30 rounds x 5 + 3 final = 153 patgen evaluations; 3 parallel workers

============================================================
Round 1/30
  Tested: params=(12, 29, 22, 18, 1, 1, 1, 5)
  validation: F_1/7=0.978538, precision=0.979283, recall=0.943366, good=3498, bad=74, missed=210, trie_nodes=1184, patterns=753, objective=0.978500
  Tested: params=(19, 22, 1, 30, 5, 2, 1, 1)
  validation: F_1/7=0.979601, precision=0.980376, recall=0.943096, good=3497, bad=70, missed=211, trie_nodes=1404, patterns=844, objective=0.979556
  Tested: params=(10, 16, 13, 9, 4, 1, 2, 2)
  validation: F_1/7=0.960130, precision=0.960472, recall=0.943635, good=3499, bad=144, missed=209, trie_nodes=1209, patterns=727, objective=0.960091
  Tested: params=(14, 24, 6, 16, 3, 1, 4, 1)
  validation: F_1/7=0.979859, precision=0.980645, recall=0.942826, good=3496, bad=69, missed=212, trie_nodes=1215, patterns=748, objective=0.979820
  Tested: params=(2, 29, 29, 25, 2, 1, 4, 3)
  validation: F_1/7=0.814107, precision=0.811833, recall=0.943635, good=3499, bad=811, missed=209, trie_nodes=1227, patterns=675, objective=0.814068
  Best so far: params=(14, 24, 6, 16, 3, 1, 4, 1), score=0.979820, elapsed=1.3s

============================================================
Round 2/30
  Tested: params=(4, 15, 2, 28, 2, 4, 2, 3)
  validation: F_1/7=0.865487, precision=0.864018, recall=0.944175, good=3501, bad=551, missed=207, trie_nodes=1213, patterns=749, objective=0.865448
  Tested: params=(17, 6, 30, 24, 5, 5, 3, 5)
  validation: F_1/7=0.979075, precision=0.979832, recall=0.943366, good=3498, bad=72, missed=210, trie_nodes=1035, patterns=612, objective=0.979042
  Tested: params=(3, 6, 2, 10, 2, 2, 5, 2)
  validation: F_1/7=0.819530, precision=0.817353, recall=0.942557, good=3495, bad=781, missed=213, trie_nodes=1147, patterns=680, objective=0.819493
  Tested: params=(9, 17, 5, 25, 1, 5, 4, 1)
  validation: F_1/7=0.940610, precision=0.940559, recall=0.943096, good=3497, bad=221, missed=211, trie_nodes=1167, patterns=716, objective=0.940573
  Tested: params=(1, 25, 22, 22, 4, 1, 2, 1)
  validation: F_1/7=0.813369, precision=0.811067, recall=0.944714, good=3503, bad=816, missed=205, trie_nodes=1217, patterns=685, objective=0.813330
  Best so far: params=(14, 24, 6, 16, 3, 1, 4, 1), score=0.979820, elapsed=2.6s

============================================================
Round 3/30
  Tested: params=(26, 19, 10, 2, 2, 2, 4, 4)
  validation: F_1/7=0.988513, precision=0.989515, recall=0.941748, good=3492, bad=37, missed=216, trie_nodes=1296, patterns=840, objective=0.988471
  Tested: params=(27, 15, 4, 22, 4, 3, 4, 3)
  validation: F_1/7=0.989215, precision=0.990319, recall=0.937972, good=3478, bad=34, missed=230, trie_nodes=1206, patterns=712, objective=0.989176
  Tested: params=(16, 13, 1, 4, 1, 4, 2, 3)
  validation: F_1/7=0.980678, precision=0.981476, recall=0.943096, good=3497, bad=66, missed=211, trie_nodes=1298, patterns=795, objective=0.980637
  Tested: params=(28, 8, 13, 23, 2, 1, 2, 1)
  validation: F_1/7=0.988247, precision=0.989238, recall=0.942017, good=3493, bad=38, missed=215, trie_nodes=1434, patterns=908, objective=0.988202
  Tested: params=(28, 25, 20, 27, 5, 1, 5, 3)
  validation: F_1/7=0.989758, precision=0.990881, recall=0.937702, good=3477, bad=32, missed=231, trie_nodes=1222, patterns=714, objective=0.989719
  Best so far: params=(28, 25, 20, 27, 5, 1, 5, 3), score=0.989719, elapsed=4.0s

============================================================
Round 4/30
  Tested: params=(25, 27, 10, 4, 2, 3, 5, 5)
  validation: F_1/7=0.988521, precision=0.989518, recall=0.942017, good=3493, bad=37, missed=215, trie_nodes=1268, patterns=816, objective=0.988481
  Tested: params=(1, 16, 13, 7, 1, 2, 5, 2)
  validation: F_1/7=0.812763, precision=0.810473, recall=0.943366, good=3498, bad=818, missed=210, trie_nodes=1220, patterns=694, objective=0.812724
  Tested: params=(16, 22, 11, 30, 5, 2, 3, 2)
  validation: F_1/7=0.980139, precision=0.980926, recall=0.943096, good=3497, bad=68, missed=211, trie_nodes=1225, patterns=737, objective=0.980100
  Tested: params=(9, 2, 19, 16, 1, 2, 5, 2)
  validation: F_1/7=0.954447, precision=0.954682, recall=0.943096, good=3497, bad=166, missed=211, trie_nodes=1168, patterns=762, objective=0.954410
  Tested: params=(5, 15, 30, 8, 4, 4, 2, 4)
  validation: F_1/7=0.882294, precision=0.881096, recall=0.945254, good=3505, bad=473, missed=203, trie_nodes=937, patterns=562, objective=0.882264
  Best so far: params=(28, 25, 20, 27, 5, 1, 5, 3), score=0.989719, elapsed=5.8s

============================================================
Round 5/30
  Tested: params=(12, 19, 20, 17, 1, 5, 2, 1)
  validation: F_1/7=0.978795, precision=0.979552, recall=0.943096, good=3497, bad=73, missed=211, trie_nodes=1227, patterns=765, objective=0.978756
  Tested: params=(2, 18, 21, 1, 3, 2, 4, 1)
  validation: F_1/7=0.813966, precision=0.811702, recall=0.942826, good=3496, bad=811, missed=212, trie_nodes=1141, patterns=641, objective=0.813929
  Tested: params=(21, 12, 29, 5, 2, 1, 5, 5)
  validation: F_1/7=0.982527, precision=0.983390, recall=0.942017, good=3493, bad=59, missed=215, trie_nodes=1228, patterns=784, objective=0.982487
  Tested: params=(8, 20, 25, 17, 3, 2, 1, 5)
  validation: F_1/7=0.939909, precision=0.939833, recall=0.943635, good=3499, bad=224, missed=209, trie_nodes=1149, patterns=728, objective=0.939872
  Tested: params=(28, 19, 11, 11, 4, 5, 5, 4)
  validation: F_1/7=0.988158, precision=0.989208, recall=0.939320, good=3483, bad=38, missed=225, trie_nodes=999, patterns=590, objective=0.988126
  Best so far: params=(28, 25, 20, 27, 5, 1, 5, 3), score=0.989719, elapsed=7.8s

============================================================
Round 6/30
  Tested: params=(20, 3, 5, 27, 4, 1, 1, 4)
  validation: F_1/7=0.979892, precision=0.980661, recall=0.943635, good=3499, bad=69, missed=209, trie_nodes=1223, patterns=759, objective=0.979853
  Tested: params=(1, 5, 17, 21, 4, 2, 4, 2)
  validation: F_1/7=0.822221, precision=0.820080, recall=0.942826, good=3496, bad=767, missed=212, trie_nodes=1144, patterns=661, objective=0.822184
  Tested: params=(10, 23, 20, 26, 4, 3, 1, 2)
  validation: F_1/7=0.959855, precision=0.960198, recall=0.943366, good=3498, bad=145, missed=210, trie_nodes=1205, patterns=720, objective=0.959817
  Tested: params=(8, 8, 30, 12, 5, 4, 4, 3)
  validation: F_1/7=0.941436, precision=0.941446, recall=0.940939, good=3489, bad=217, missed=219, trie_nodes=1074, patterns=633, objective=0.941402
  Tested: params=(18, 15, 6, 22, 2, 1, 4, 1)
  validation: F_1/7=0.981715, precision=0.982560, recall=0.942017, good=3493, bad=62, missed=215, trie_nodes=1261, patterns=780, objective=0.981674
  Best so far: params=(28, 25, 20, 27, 5, 1, 5, 3), score=0.989719, elapsed=9.1s

============================================================
Round 7/30
  Tested: params=(29, 29, 28, 12, 1, 5, 3, 5)
  validation: F_1/7=0.986643, precision=0.987574, recall=0.943096, good=3497, bad=44, missed=211, trie_nodes=1283, patterns=774, objective=0.986602
  Tested: params=(29, 26, 9, 12, 5, 2, 1, 3)
  validation: F_1/7=0.989070, precision=0.990079, recall=0.942017, good=3493, bad=35, missed=215, trie_nodes=1411, patterns=858, objective=0.989025
  Tested: params=(29, 21, 18, 3, 4, 5, 1, 3)
  validation: F_1/7=0.989053, precision=0.990074, recall=0.941478, good=3491, bad=35, missed=217, trie_nodes=1414, patterns=857, objective=0.989007
  Tested: params=(27, 23, 21, 22, 2, 2, 5, 5)
  validation: F_1/7=0.988238, precision=0.989235, recall=0.941748, good=3492, bad=38, missed=216, trie_nodes=1285, patterns=835, objective=0.988197
  Tested: params=(27, 28, 16, 16, 4, 4, 4, 4)
  validation: F_1/7=0.987316, precision=0.988359, recall=0.938781, good=3481, bad=41, missed=227, trie_nodes=967, patterns=577, objective=0.987285
  Best so far: params=(28, 25, 20, 27, 5, 1, 5, 3), score=0.989719, elapsed=10.6s

============================================================
Round 8/30
  Tested: params=(27, 11, 12, 3, 3, 1, 3, 3)
  validation: F_1/7=0.987973, precision=0.988958, recall=0.942017, good=3493, bad=39, missed=215, trie_nodes=1407, patterns=887, objective=0.987928
  Tested: params=(9, 18, 1, 2, 5, 2, 1, 3)
  validation: F_1/7=0.940383, precision=0.940323, recall=0.943366, good=3498, bad=222, missed=210, trie_nodes=1250, patterns=766, objective=0.940343
  Tested: params=(24, 7, 19, 3, 1, 3, 3, 4)
  validation: F_1/7=0.988238, precision=0.989235, recall=0.941748, good=3492, bad=38, missed=216, trie_nodes=1337, patterns=844, objective=0.988196
  Tested: params=(22, 30, 16, 10, 4, 2, 3, 1)
  validation: F_1/7=0.982245, precision=0.983108, recall=0.941748, good=3492, bad=60, missed=216, trie_nodes=1304, patterns=780, objective=0.982204
  Tested: params=(1, 29, 26, 21, 3, 1, 1, 2)
  validation: F_1/7=0.813692, precision=0.811399, recall=0.944444, good=3502, bad=814, missed=206, trie_nodes=1274, patterns=721, objective=0.813651
  Best so far: params=(28, 25, 20, 27, 5, 1, 5, 3), score=0.989719, elapsed=12.0s

============================================================
Round 9/30
  Tested: params=(17, 22, 20, 9, 5, 4, 3, 4)
  validation: F_1/7=0.979075, precision=0.979832, recall=0.943366, good=3498, bad=72, missed=210, trie_nodes=1028, patterns=602, objective=0.979042
  Tested: params=(13, 8, 11, 23, 1, 1, 1, 1)
  validation: F_1/7=0.979052, precision=0.979821, recall=0.942826, good=3496, bad=72, missed=212, trie_nodes=1257, patterns=795, objective=0.979012
  Tested: params=(26, 22, 15, 3, 3, 3, 1, 3)
  validation: F_1/7=0.987973, precision=0.988958, recall=0.942017, good=3493, bad=39, missed=215, trie_nodes=1402, patterns=880, objective=0.987929
  Tested: params=(12, 19, 20, 2, 2, 4, 3, 5)
  validation: F_1/7=0.975936, precision=0.976589, recall=0.944984, good=3504, bad=84, missed=204, trie_nodes=1012, patterns=609, objective=0.975903
  Tested: params=(20, 5, 3, 20, 1, 3, 5, 3)
  validation: F_1/7=0.982256, precision=0.983113, recall=0.942017, good=3493, bad=60, missed=215, trie_nodes=1266, patterns=788, objective=0.982215
  Best so far: params=(28, 25, 20, 27, 5, 1, 5, 3), score=0.989719, elapsed=13.6s

============================================================
Round 10/30
  Tested: params=(12, 20, 14, 17, 5, 2, 5, 5)
  validation: F_1/7=0.979523, precision=0.980337, recall=0.941208, good=3490, bad=70, missed=218, trie_nodes=1026, patterns=635, objective=0.979490
  Tested: params=(6, 3, 4, 1, 1, 4, 1, 2)
  validation: F_1/7=0.929808, precision=0.929600, recall=0.940129, good=3486, bad=264, missed=222, trie_nodes=1222, patterns=783, objective=0.929769
  Tested: params=(26, 1, 25, 9, 1, 4, 4, 5)
  validation: F_1/7=0.987982, precision=0.988961, recall=0.942287, good=3494, bad=39, missed=214, trie_nodes=1195, patterns=760, objective=0.987944
  Tested: params=(23, 25, 9, 6, 4, 5, 5, 3)
  validation: F_1/7=0.983186, precision=0.984154, recall=0.937972, good=3478, bad=56, missed=230, trie_nodes=1160, patterns=669, objective=0.983149
  Tested: params=(12, 24, 11, 28, 5, 3, 4, 4)
  validation: F_1/7=0.979523, precision=0.980337, recall=0.941208, good=3490, bad=70, missed=218, trie_nodes=1026, patterns=634, objective=0.979490
  Best so far: params=(28, 25, 20, 27, 5, 1, 5, 3), score=0.989719, elapsed=15.1s

============================================================
Round 11/30
  Tested: params=(4, 28, 16, 25, 2, 5, 2, 1)
  validation: F_1/7=0.865487, precision=0.864018, recall=0.944175, good=3501, bad=551, missed=207, trie_nodes=1204, patterns=739, objective=0.865449
  Tested: params=(28, 3, 10, 29, 5, 3, 4, 3)
  validation: F_1/7=0.990051, precision=0.991168, recall=0.938242, good=3479, bad=31, missed=229, trie_nodes=1224, patterns=714, objective=0.990012
  Tested: params=(9, 10, 21, 23, 4, 4, 1, 3)
  validation: F_1/7=0.940610, precision=0.940559, recall=0.943096, good=3497, bad=221, missed=211, trie_nodes=1181, patterns=715, objective=0.940572
  Tested: params=(2, 17, 14, 27, 2, 1, 1, 4)
  validation: F_1/7=0.814157, precision=0.811863, recall=0.944984, good=3504, bad=812, missed=204, trie_nodes=1136, patterns=660, objective=0.814120
  Tested: params=(19, 4, 3, 22, 1, 5, 4, 1)
  validation: F_1/7=0.981725, precision=0.982565, recall=0.942287, good=3494, bad=62, missed=214, trie_nodes=1261, patterns=785, objective=0.981685
  Best so far: params=(28, 3, 10, 29, 5, 3, 4, 3), score=0.990012, elapsed=16.6s

============================================================
Round 12/30
  Tested: params=(3, 30, 12, 12, 5, 5, 5, 4)
  validation: F_1/7=0.812633, precision=0.810305, recall=0.945793, good=3507, bad=821, missed=201, trie_nodes=777, patterns=421, objective=0.812608
  Tested: params=(12, 3, 24, 17, 3, 5, 1, 3)
  validation: F_1/7=0.978807, precision=0.979558, recall=0.943366, good=3498, bad=73, missed=210, trie_nodes=1246, patterns=792, objective=0.978767
  Tested: params=(1, 15, 2, 4, 1, 4, 4, 3)
  validation: F_1/7=0.812763, precision=0.810473, recall=0.943366, good=3498, bad=818, missed=210, trie_nodes=1208, patterns=673, objective=0.812724
  Tested: params=(29, 12, 9, 27, 2, 5, 1, 5)
  validation: F_1/7=0.986653, precision=0.987578, recall=0.943366, good=3498, bad=44, missed=210, trie_nodes=1280, patterns=775, objective=0.986612
  Tested: params=(2, 27, 16, 30, 1, 3, 5, 3)
  validation: F_1/7=0.813736, precision=0.811456, recall=0.943635, good=3499, bad=813, missed=209, trie_nodes=1257, patterns=693, objective=0.813696
  Best so far: params=(28, 3, 10, 29, 5, 3, 4, 3), score=0.990012, elapsed=18.1s

============================================================
Round 13/30
  Tested: params=(19, 21, 14, 19, 3, 5, 1, 2)
  validation: F_1/7=0.980656, precision=0.981466, recall=0.942557, good=3495, bad=66, missed=213, trie_nodes=1309, patterns=804, objective=0.980614
  Tested: params=(29, 27, 14, 19, 2, 1, 3, 2)
  validation: F_1/7=0.988247, precision=0.989238, recall=0.942017, good=3493, bad=38, missed=215, trie_nodes=1437, patterns=900, objective=0.988201
  Tested: params=(18, 3, 30, 30, 4, 3, 2, 5)
  validation: F_1/7=0.981477, precision=0.982298, recall=0.942826, good=3496, bad=63, missed=212, trie_nodes=1264, patterns=772, objective=0.981436
  Tested: params=(21, 5, 28, 25, 5, 4, 4, 3)
  validation: F_1/7=0.983227, precision=0.984172, recall=0.939051, good=3482, bad=56, missed=226, trie_nodes=1148, patterns=668, objective=0.983190
  Tested: params=(28, 26, 2, 1, 2, 5, 5, 1)
  validation: F_1/7=0.989491, precision=0.990601, recall=0.937972, good=3478, bad=33, missed=230, trie_nodes=1381, patterns=883, objective=0.989446
  Best so far: params=(28, 3, 10, 29, 5, 3, 4, 3), score=0.990012, elapsed=19.6s

============================================================
Round 14/30
  Tested: params=(18, 12, 30, 26, 5, 3, 3, 2)
  validation: F_1/7=0.981455, precision=0.982288, recall=0.942287, good=3494, bad=63, missed=214, trie_nodes=1268, patterns=763, objective=0.981415
  Tested: params=(2, 26, 25, 30, 5, 3, 4, 5)
  validation: F_1/7=0.814479, precision=0.812210, recall=0.943635, good=3499, bad=809, missed=209, trie_nodes=1062, patterns=598, objective=0.814445
  Tested: params=(26, 8, 14, 4, 5, 4, 2, 4)
  validation: F_1/7=0.986643, precision=0.987574, recall=0.943096, good=3497, bad=44, missed=211, trie_nodes=1195, patterns=706, objective=0.986605
  Tested: params=(19, 11, 4, 21, 3, 4, 3, 5)
  validation: F_1/7=0.978829, precision=0.979569, recall=0.943905, good=3500, bad=73, missed=208, trie_nodes=1137, patterns=683, objective=0.978793
  Tested: params=(17, 17, 27, 13, 1, 1, 4, 4)
  validation: F_1/7=0.980645, precision=0.981461, recall=0.942287, good=3494, bad=66, missed=214, trie_nodes=1154, patterns=746, objective=0.980608
  Best so far: params=(28, 3, 10, 29, 5, 3, 4, 3), score=0.990012, elapsed=21.1s

============================================================
Round 15/30
  Tested: params=(22, 7, 5, 1, 2, 3, 2, 3)
  validation: F_1/7=0.981996, precision=0.982841, recall=0.942287, good=3494, bad=61, missed=214, trie_nodes=1343, patterns=841, objective=0.981953
  Tested: params=(28, 11, 16, 24, 2, 4, 5, 5)
  validation: F_1/7=0.986634, precision=0.987571, recall=0.942826, good=3496, bad=44, missed=212, trie_nodes=1198, patterns=751, objective=0.986596
  Tested: params=(5, 28, 15, 8, 3, 5, 3, 2)
  validation: F_1/7=0.884240, precision=0.883110, recall=0.943366, good=3498, bad=463, missed=210, trie_nodes=1208, patterns=753, objective=0.884201
  Tested: params=(20, 8, 3, 4, 1, 1, 1, 4)
  validation: F_1/7=0.979590, precision=0.980370, recall=0.942826, good=3496, bad=70, missed=212, trie_nodes=1251, patterns=797, objective=0.979550
  Tested: params=(6, 11, 27, 15, 4, 1, 1, 1)
  validation: F_1/7=0.927843, precision=0.927548, recall=0.942557, good=3495, bad=273, missed=213, trie_nodes=1188, patterns=713, objective=0.927805
  Best so far: params=(28, 3, 10, 29, 5, 3, 4, 3), score=0.990012, elapsed=22.6s

============================================================
Round 16/30
  Tested: params=(6, 9, 6, 3, 1, 3, 2, 2)
  validation: F_1/7=0.926397, precision=0.926073, recall=0.942557, good=3495, bad=279, missed=213, trie_nodes=1208, patterns=750, objective=0.926358
  Tested: params=(16, 21, 2, 24, 4, 1, 5, 5)
  validation: F_1/7=0.981153, precision=0.981997, recall=0.941478, good=3491, bad=64, missed=217, trie_nodes=1029, patterns=627, objective=0.981120
  Tested: params=(2, 9, 25, 23, 1, 2, 2, 3)
  validation: F_1/7=0.817555, precision=0.815324, recall=0.944175, good=3501, bad=793, missed=207, trie_nodes=1238, patterns=717, objective=0.817516
  Tested: params=(19, 12, 14, 23, 1, 2, 4, 5)
  validation: F_1/7=0.981725, precision=0.982565, recall=0.942287, good=3494, bad=62, missed=214, trie_nodes=1190, patterns=763, objective=0.981687
  Tested: params=(16, 16, 4, 14, 3, 2, 2, 2)
  validation: F_1/7=0.978258, precision=0.979003, recall=0.943096, good=3497, bad=75, missed=211, trie_nodes=1260, patterns=782, objective=0.978218
  Best so far: params=(28, 3, 10, 29, 5, 3, 4, 3), score=0.990012, elapsed=24.1s

============================================================
Round 17/30
  Tested: params=(1, 10, 7, 10, 1, 5, 3, 4)
  validation: F_1/7=0.813651, precision=0.811329, recall=0.946332, good=3509, bad=816, missed=199, trie_nodes=942, patterns=528, objective=0.813621
  Tested: params=(24, 15, 3, 17, 3, 4, 3, 1)
  validation: F_1/7=0.986051, precision=0.986998, recall=0.941748, good=3492, bad=46, missed=216, trie_nodes=1369, patterns=859, objective=0.986007
  Tested: params=(9, 11, 20, 18, 2, 5, 4, 2)
  validation: F_1/7=0.940837, precision=0.940797, recall=0.942826, good=3496, bad=220, missed=212, trie_nodes=1167, patterns=718, objective=0.940800
  Tested: params=(4, 5, 8, 5, 1, 2, 1, 5)
  validation: F_1/7=0.866042, precision=0.864591, recall=0.943635, good=3499, bad=548, missed=209, trie_nodes=1162, patterns=765, objective=0.866005
  Tested: params=(3, 16, 13, 30, 1, 2, 5, 5)
  validation: F_1/7=0.813042, precision=0.810748, recall=0.943905, good=3500, bad=817, missed=208, trie_nodes=1044, patterns=609, objective=0.813009
  Best so far: params=(28, 3, 10, 29, 5, 3, 4, 3), score=0.990012, elapsed=25.4s

============================================================
Round 18/30
  Tested: params=(25, 8, 6, 21, 5, 3, 3, 2)
  validation: F_1/7=0.988521, precision=0.989518, recall=0.942017, good=3493, bad=37, missed=215, trie_nodes=1343, patterns=812, objective=0.988478
  Tested: params=(24, 6, 10, 13, 3, 2, 1, 4)
  validation: F_1/7=0.988247, precision=0.989238, recall=0.942017, good=3493, bad=38, missed=215, trie_nodes=1332, patterns=848, objective=0.988205
  Tested: params=(9, 18, 5, 15, 3, 1, 2, 1)
  validation: F_1/7=0.940383, precision=0.940323, recall=0.943366, good=3498, bad=222, missed=210, trie_nodes=1199, patterns=748, objective=0.940345
  Tested: params=(2, 30, 10, 25, 2, 4, 4, 3)
  validation: F_1/7=0.814107, precision=0.811833, recall=0.943635, good=3499, bad=811, missed=209, trie_nodes=1211, patterns=652, objective=0.814068
  Tested: params=(15, 13, 11, 28, 5, 5, 1, 4)
  validation: F_1/7=0.978083, precision=0.978777, recall=0.945254, good=3505, bad=76, missed=203, trie_nodes=996, patterns=585, objective=0.978051
  Best so far: params=(28, 3, 10, 29, 5, 3, 4, 3), score=0.990012, elapsed=26.7s

============================================================
Round 19/30
  Tested: params=(29, 6, 2, 23, 3, 5, 1, 4)
  validation: F_1/7=0.986117, precision=0.987024, recall=0.943635, good=3499, bad=46, missed=209, trie_nodes=1289, patterns=787, objective=0.986076
  Tested: params=(7, 5, 5, 25, 4, 3, 2, 5)
  validation: F_1/7=0.939619, precision=0.939549, recall=0.943096, good=3497, bad=225, missed=211, trie_nodes=1138, patterns=713, objective=0.939583
  Tested: params=(12, 25, 14, 12, 3, 2, 4, 3)
  validation: F_1/7=0.979321, precision=0.980095, recall=0.942826, good=3496, bad=71, missed=212, trie_nodes=1210, patterns=752, objective=0.979282
  Tested: params=(7, 27, 12, 17, 5, 4, 1, 5)
  validation: F_1/7=0.937304, precision=0.937149, recall=0.944984, good=3504, bad=235, missed=204, trie_nodes=929, patterns=537, objective=0.937275
  Tested: params=(19, 11, 5, 24, 4, 3, 5, 4)
  validation: F_1/7=0.982443, precision=0.983352, recall=0.939860, good=3485, bad=59, missed=223, trie_nodes=1051, patterns=639, objective=0.982409
  Best so far: params=(28, 3, 10, 29, 5, 3, 4, 3), score=0.990012, elapsed=28.1s

============================================================
Round 20/30
  Tested: params=(5, 10, 8, 23, 1, 3, 4, 5)
  validation: F_1/7=0.882607, precision=0.881463, recall=0.942557, good=3495, bad=470, missed=213, trie_nodes=1096, patterns=719, objective=0.882572
  Tested: params=(11, 25, 4, 26, 1, 2, 4, 1)
  validation: F_1/7=0.961147, precision=0.961517, recall=0.943366, good=3498, bad=140, missed=210, trie_nodes=1205, patterns=742, objective=0.961109
  Tested: params=(7, 22, 22, 20, 4, 3, 2, 2)
  validation: F_1/7=0.939372, precision=0.939296, recall=0.943096, good=3497, bad=226, missed=211, trie_nodes=1181, patterns=718, objective=0.939334
  Tested: params=(6, 28, 18, 13, 3, 5, 1, 3)
  validation: F_1/7=0.926205, precision=0.925867, recall=0.943096, good=3497, bad=280, missed=211, trie_nodes=1195, patterns=726, objective=0.926167
  Tested: params=(16, 19, 1, 27, 5, 3, 4, 5)
  validation: F_1/7=0.980634, precision=0.981455, recall=0.942017, good=3493, bad=66, missed=215, trie_nodes=1046, patterns=639, objective=0.980601
  Best so far: params=(28, 3, 10, 29, 5, 3, 4, 3), score=0.990012, elapsed=29.4s

============================================================
Round 21/30
  Tested: params=(22, 5, 18, 19, 3, 4, 5, 5)
  validation: F_1/7=0.980409, precision=0.981201, recall=0.943096, good=3497, bad=67, missed=211, trie_nodes=1111, patterns=687, objective=0.980373
  Tested: params=(14, 4, 30, 26, 1, 5, 5, 3)
  validation: F_1/7=0.979848, precision=0.980640, recall=0.942557, good=3495, bad=69, missed=213, trie_nodes=1206, patterns=745, objective=0.979809
  Tested: params=(18, 12, 2, 11, 5, 1, 2, 2)
  validation: F_1/7=0.981217, precision=0.982028, recall=0.943096, good=3497, bad=64, missed=211, trie_nodes=1286, patterns=773, objective=0.981176
  Tested: params=(17, 28, 11, 11, 4, 3, 2, 3)
  validation: F_1/7=0.980915, precision=0.981736, recall=0.942287, good=3494, bad=65, missed=214, trie_nodes=1225, patterns=743, objective=0.980876
  Tested: params=(5, 6, 15, 13, 5, 2, 3, 4)
  validation: F_1/7=0.884645, precision=0.883527, recall=0.943096, good=3497, bad=461, missed=211, trie_nodes=1164, patterns=734, objective=0.884607
  Best so far: params=(28, 3, 10, 29, 5, 3, 4, 3), score=0.990012, elapsed=30.8s

============================================================
Round 22/30
  Tested: params=(1, 20, 6, 29, 1, 3, 1, 5)
  validation: F_1/7=0.812676, precision=0.810361, recall=0.944984, good=3504, bad=820, missed=204, trie_nodes=1188, patterns=701, objective=0.812638
  Tested: params=(16, 18, 3, 23, 2, 5, 2, 1)
  validation: F_1/7=0.977990, precision=0.978729, recall=0.943096, good=3497, bad=76, missed=211, trie_nodes=1249, patterns=769, objective=0.977950
  Tested: params=(2, 15, 17, 2, 4, 3, 3, 3)
  validation: F_1/7=0.812444, precision=0.810130, recall=0.944714, good=3503, bad=821, missed=205, trie_nodes=1178, patterns=668, objective=0.812407
  Tested: params=(13, 17, 5, 6, 5, 5, 2, 2)
  validation: F_1/7=0.979344, precision=0.980106, recall=0.943366, good=3498, bad=71, missed=210, trie_nodes=1207, patterns=730, objective=0.979305
  Tested: params=(20, 13, 1, 5, 4, 4, 1, 2)
  validation: F_1/7=0.980128, precision=0.980920, recall=0.942826, good=3496, bad=68, missed=212, trie_nodes=1376, patterns=828, objective=0.980084
  Best so far: params=(28, 3, 10, 29, 5, 3, 4, 3), score=0.990012, elapsed=32.1s

============================================================
Round 23/30
  Tested: params=(7, 21, 1, 4, 4, 1, 4, 2)
  validation: F_1/7=0.940257, precision=0.940226, recall=0.941748, good=3492, bad=222, missed=216, trie_nodes=1130, patterns=660, objective=0.940220
  Tested: params=(3, 8, 22, 26, 5, 2, 4, 2)
  validation: F_1/7=0.819342, precision=0.817162, recall=0.942557, good=3495, bad=782, missed=213, trie_nodes=1096, patterns=602, objective=0.819307
  Tested: params=(9, 27, 1, 3, 2, 1, 1, 3)
  validation: F_1/7=0.940383, precision=0.940323, recall=0.943366, good=3498, bad=222, missed=210, trie_nodes=1255, patterns=779, objective=0.940343
  Tested: params=(13, 27, 25, 11, 2, 2, 3, 2)
  validation: F_1/7=0.979064, precision=0.979826, recall=0.943096, good=3497, bad=72, missed=211, trie_nodes=1245, patterns=781, objective=0.979024
  Tested: params=(19, 13, 17, 14, 2, 5, 4, 1)
  validation: F_1/7=0.981704, precision=0.982555, recall=0.941748, good=3492, bad=62, missed=216, trie_nodes=1257, patterns=777, objective=0.981664
  Best so far: params=(28, 3, 10, 29, 5, 3, 4, 3), score=0.990012, elapsed=33.4s

============================================================
Round 24/30
  Tested: params=(27, 15, 27, 24, 3, 1, 2, 3)
  validation: F_1/7=0.987964, precision=0.988955, recall=0.941748, good=3492, bad=39, missed=216, trie_nodes=1399, patterns=885, objective=0.987920
  Tested: params=(20, 8, 5, 26, 5, 3, 1, 2)
  validation: F_1/7=0.979848, precision=0.980640, recall=0.942557, good=3495, bad=69, missed=213, trie_nodes=1275, patterns=768, objective=0.979807
  Tested: params=(1, 28, 4, 18, 2, 3, 4, 5)
  validation: F_1/7=0.812857, precision=0.810560, recall=0.943905, good=3500, bad=818, missed=208, trie_nodes=1177, patterns=697, objective=0.812819
  Tested: params=(7, 1, 5, 28, 5, 3, 4, 4)
  validation: F_1/7=0.953302, precision=0.953552, recall=0.941208, good=3490, bad=170, missed=218, trie_nodes=1007, patterns=720, objective=0.953270
  Tested: params=(6, 28, 13, 12, 3, 1, 1, 4)
  validation: F_1/7=0.926230, precision=0.925887, recall=0.943366, good=3498, bad=280, missed=210, trie_nodes=1148, patterns=719, objective=0.926193
  Best so far: params=(28, 3, 10, 29, 5, 3, 4, 3), score=0.990012, elapsed=34.8s

============================================================
Round 25/30
  Tested: params=(3, 19, 8, 12, 2, 2, 4, 2)
  validation: F_1/7=0.813089, precision=0.810792, recall=0.944175, good=3501, bad=817, missed=207, trie_nodes=1127, patterns=627, objective=0.813053
  Tested: params=(17, 15, 20, 29, 4, 2, 1, 2)
  validation: F_1/7=0.980904, precision=0.981731, recall=0.942017, good=3493, bad=65, missed=215, trie_nodes=1231, patterns=749, objective=0.980865
  Tested: params=(18, 2, 15, 18, 2, 4, 1, 1)
  validation: F_1/7=0.981207, precision=0.982022, recall=0.942826, good=3496, bad=64, missed=212, trie_nodes=1327, patterns=832, objective=0.981164
  Tested: params=(22, 15, 21, 14, 2, 5, 4, 4)
  validation: F_1/7=0.980128, precision=0.980920, recall=0.942826, good=3496, bad=68, missed=212, trie_nodes=1109, patterns=681, objective=0.980093
  Tested: params=(9, 18, 11, 3, 5, 1, 5, 3)
  validation: F_1/7=0.941457, precision=0.941462, recall=0.941208, good=3490, bad=217, missed=218, trie_nodes=1090, patterns=639, objective=0.941422
  Best so far: params=(28, 3, 10, 29, 5, 3, 4, 3), score=0.990012, elapsed=36.1s

============================================================
Round 26/30
  Tested: params=(6, 17, 27, 22, 5, 4, 4, 5)
  validation: F_1/7=0.926014, precision=0.925661, recall=0.943635, good=3499, bad=281, missed=209, trie_nodes=757, patterns=457, objective=0.925990
  Tested: params=(8, 15, 7, 30, 5, 1, 4, 5)
  validation: F_1/7=0.941250, precision=0.941240, recall=0.941748, good=3492, bad=218, missed=216, trie_nodes=1007, patterns=624, objective=0.941218
  Tested: params=(6, 18, 28, 2, 4, 2, 5, 5)
  validation: F_1/7=0.928762, precision=0.928495, recall=0.942017, good=3493, bad=269, missed=215, trie_nodes=1011, patterns=614, objective=0.928730
  Tested: params=(29, 15, 26, 26, 2, 5, 1, 3)
  validation: F_1/7=0.988238, precision=0.989235, recall=0.941748, good=3492, bad=38, missed=216, trie_nodes=1437, patterns=897, objective=0.988192
  Tested: params=(7, 4, 3, 21, 2, 4, 1, 2)
  validation: F_1/7=0.937130, precision=0.937014, recall=0.942826, good=3496, bad=235, missed=212, trie_nodes=1208, patterns=774, objective=0.937091
  Best so far: params=(28, 3, 10, 29, 5, 3, 4, 3), score=0.990012, elapsed=37.5s

============================================================
Round 27/30
  Tested: params=(17, 24, 10, 19, 5, 4, 2, 1)
  validation: F_1/7=0.980926, precision=0.981742, recall=0.942557, good=3495, bad=65, missed=213, trie_nodes=1223, patterns=734, objective=0.980887
  Tested: params=(27, 1, 27, 16, 5, 4, 5, 2)
  validation: F_1/7=0.990311, precision=0.991446, recall=0.937702, good=3477, bad=30, missed=231, trie_nodes=1179, patterns=711, objective=0.990273
  Tested: params=(24, 13, 15, 19, 5, 5, 4, 3)
  validation: F_1/7=0.989491, precision=0.990601, recall=0.937972, good=3478, bad=33, missed=230, trie_nodes=1154, patterns=676, objective=0.989454
  Tested: params=(13, 23, 8, 4, 2, 2, 2, 2)
  validation: F_1/7=0.979064, precision=0.979826, recall=0.943096, good=3497, bad=72, missed=211, trie_nodes=1251, patterns=782, objective=0.979024
  Tested: params=(2, 1, 30, 13, 2, 4, 2, 5)
  validation: F_1/7=0.956546, precision=0.956807, recall=0.943905, good=3500, bad=158, missed=208, trie_nodes=1133, patterns=724, objective=0.956509
  Best so far: params=(27, 1, 27, 16, 5, 4, 5, 2), score=0.990273, elapsed=39.0s

============================================================
Round 28/30
  Tested: params=(24, 3, 13, 27, 5, 3, 4, 1)
  validation: F_1/7=0.989516, precision=0.990609, recall=0.938781, good=3481, bad=33, missed=227, trie_nodes=1162, patterns=682, objective=0.989479
  Tested: params=(30, 7, 29, 20, 4, 3, 2, 1)
  validation: F_1/7=0.989053, precision=0.990074, recall=0.941478, good=3491, bad=35, missed=217, trie_nodes=1417, patterns=863, objective=0.989007
  Tested: params=(7, 6, 24, 11, 1, 5, 5, 5)
  validation: F_1/7=0.937239, precision=0.937099, recall=0.944175, good=3501, bad=235, missed=207, trie_nodes=881, patterns=552, objective=0.937211
  Tested: params=(30, 6, 12, 23, 4, 1, 5, 2)
  validation: F_1/7=0.990043, precision=0.991166, recall=0.937972, good=3478, bad=31, missed=230, trie_nodes=1246, patterns=728, objective=0.990003
  Tested: params=(7, 17, 18, 18, 1, 5, 2, 1)
  validation: F_1/7=0.938878, precision=0.938792, recall=0.943096, good=3497, bad=228, missed=211, trie_nodes=1185, patterns=742, objective=0.938840
  Best so far: params=(27, 1, 27, 16, 5, 4, 5, 2), score=0.990273, elapsed=40.5s

============================================================
Round 29/30
  Tested: params=(27, 29, 26, 25, 4, 3, 1, 3)
  validation: F_1/7=0.988230, precision=0.989232, recall=0.941478, good=3491, bad=38, missed=217, trie_nodes=1356, patterns=827, objective=0.988186
  Tested: params=(12, 8, 22, 15, 1, 2, 4, 1)
  validation: F_1/7=0.979299, precision=0.980084, recall=0.942287, good=3494, bad=71, missed=214, trie_nodes=1217, patterns=754, objective=0.979260
  Tested: params=(26, 15, 15, 18, 5, 2, 4, 3)
  validation: F_1/7=0.989473, precision=0.990596, recall=0.937433, good=3476, bad=33, missed=232, trie_nodes=1191, patterns=705, objective=0.989435
  Tested: params=(9, 27, 24, 20, 5, 5, 4, 5)
  validation: F_1/7=0.938631, precision=0.938540, recall=0.943096, good=3497, bad=229, missed=211, trie_nodes=759, patterns=460, objective=0.938606
  Tested: params=(21, 21, 19, 23, 1, 5, 5, 1)
  validation: F_1/7=0.981985, precision=0.982836, recall=0.942017, good=3493, bad=61, missed=215, trie_nodes=1298, patterns=799, objective=0.981944
  Best so far: params=(27, 1, 27, 16, 5, 4, 5, 2), score=0.990273, elapsed=42.0s

============================================================
Round 30/30
  Tested: params=(25, 4, 11, 23, 1, 5, 5, 3)
  validation: F_1/7=0.988787, precision=0.989796, recall=0.941748, good=3492, bad=36, missed=216, trie_nodes=1339, patterns=837, objective=0.988744
  Tested: params=(1, 9, 19, 30, 4, 2, 4, 3)
  validation: F_1/7=0.817417, precision=0.815212, recall=0.942287, good=3494, bad=792, missed=214, trie_nodes=1136, patterns=631, objective=0.817381
  Tested: params=(24, 4, 23, 17, 5, 2, 4, 5)
  validation: F_1/7=0.989516, precision=0.990609, recall=0.938781, good=3481, bad=33, missed=227, trie_nodes=1095, patterns=665, objective=0.989481
  Tested: params=(4, 29, 21, 3, 2, 4, 1, 3)
  validation: F_1/7=0.865697, precision=0.864231, recall=0.944175, good=3501, bad=550, missed=207, trie_nodes=1202, patterns=738, objective=0.865659
  Tested: params=(11, 19, 2, 27, 5, 5, 4, 1)
  validation: F_1/7=0.959224, precision=0.959593, recall=0.941478, good=3491, bad=147, missed=217, trie_nodes=1121, patterns=653, objective=0.959188
  Best so far: params=(27, 1, 27, 16, 5, 4, 5, 2), score=0.990273, elapsed=43.4s

============================================================
Final phase: 3 evaluations
  Tested: params=(23, 1, 1, 10, 3, 4, 4, 3)
  validation: F_1/7=0.982193, precision=0.983084, recall=0.940399, good=3487, bad=60, missed=221, trie_nodes=1380, patterns=913, objective=0.982148
  Tested: params=(9, 30, 13, 14, 1, 4, 4, 2)
  validation: F_1/7=0.940858, precision=0.940812, recall=0.943096, good=3497, bad=220, missed=211, trie_nodes=1164, patterns=714, objective=0.940821
  Tested: params=(3, 21, 20, 9, 5, 1, 3, 5)
  validation: F_1/7=0.814157, precision=0.811863, recall=0.944984, good=3504, bad=812, missed=204, trie_nodes=1118, patterns=631, objective=0.814121

============================================================
Threshold ablation run complete
Best parameters (b1..b4 thr1..thr4): (27, 1, 27, 16, 5, 4, 5, 2)
Thresholds: {'mode': 'perlayer', 'shared': None, 'per_level': [5, 4, 5, 2]}
  validation-selected: F_1/7=0.990311, precision=0.991446, recall=0.937702, good=3477, bad=30, missed=231, trie_nodes=1179, patterns=711, objective=0.990273
  held-out test: F_1/7=0.990930, precision=0.992126, recall=0.935644, good=3402, bad=27, missed=234, trie_nodes=1179, patterns=711
Summary: results/threshold_ablation/tr/wiktionary/perlayer_random/summary.json
History: results/threshold_ablation/tr/wiktionary/perlayer_random/history.csv
Wall time: 45.5s
