Proportional trie_normalizer for uk/wiktionary: |D| = 15714
Objective: F17+Trie(w=0.0005)
Dataset: /home/dev/hyph-bench/data/uk/wiktionary/uk-full-wiktionary.wlh
Translate: /home/dev/hyph-bench/data/uk/wiktionary/uk-full-wiktionary.wlh.tra
Method: random | Threshold mode: shared
Search space (5-D): [(1, 30), (1, 30), (1, 30), (1, 30), (1, 5)]
Split counts: train=12572, validation=1571, test=1571
Pattern ranges: [(1, 4), (2, 5), (2, 6), (2, 7)]
Budget: 30 rounds x 5 + 3 final = 153 patgen evaluations; 3 parallel workers

============================================================
Round 1/30
  Tested: params=(12, 29, 22, 18, 1)
  validation: F_1/7=0.898229, precision=0.897795, recall=0.920049, good=3786, bad=431, missed=329, trie_nodes=3990, patterns=2598, objective=0.898102
  Tested: params=(5, 2, 26, 19, 4)
  validation: F_1/7=0.875308, precision=0.874649, recall=0.908870, good=3740, bad=536, missed=375, trie_nodes=1648, patterns=1085, objective=0.875256
  Tested: params=(1, 30, 25, 7, 1)
  validation: F_1/7=0.798074, precision=0.795825, recall=0.926367, good=3812, bad=978, missed=303, trie_nodes=4601, patterns=2787, objective=0.797928
  Tested: params=(6, 10, 16, 13, 2)
  validation: F_1/7=0.866212, precision=0.865105, recall=0.924180, good=3803, bad=593, missed=312, trie_nodes=3603, patterns=2458, objective=0.866097
  Tested: params=(19, 5, 9, 11, 3)
  validation: F_1/7=0.904179, precision=0.903962, recall=0.914945, good=3765, bad=400, missed=350, trie_nodes=3963, patterns=2570, objective=0.904053
  Best so far: params=(19, 5, 9, 11, 3), score=0.904053, elapsed=2.1s

============================================================
Round 2/30
  Tested: params=(24, 6, 16, 18, 1)
  validation: F_1/7=0.921363, precision=0.921530, recall=0.913244, good=3758, bad=320, missed=357, trie_nodes=4144, patterns=2657, objective=0.921231
  Tested: params=(19, 6, 2, 29, 5)
  validation: F_1/7=0.919195, precision=0.919128, recall=0.922479, good=3796, bad=334, missed=319, trie_nodes=1639, patterns=1024, objective=0.919143
  Tested: params=(25, 10, 3, 21, 3)
  validation: F_1/7=0.918153, precision=0.918188, recall=0.916403, good=3771, bad=336, missed=344, trie_nodes=4031, patterns=2688, objective=0.918024
  Tested: params=(4, 15, 2, 28, 2)
  validation: F_1/7=0.803559, precision=0.801387, recall=0.926610, good=3813, bad=945, missed=302, trie_nodes=4120, patterns=2590, objective=0.803428
  Tested: params=(20, 10, 16, 17, 1)
  validation: F_1/7=0.904364, precision=0.904156, recall=0.914702, good=3764, bad=399, missed=351, trie_nodes=3989, patterns=2573, objective=0.904237
  Best so far: params=(24, 6, 16, 18, 1), score=0.921231, elapsed=4.2s

============================================================
Round 3/30
  Tested: params=(30, 24, 29, 27, 3)
  validation: F_1/7=0.941939, precision=0.942613, recall=0.910085, good=3745, bad=228, missed=370, trie_nodes=4382, patterns=2773, objective=0.941800
  Tested: params=(28, 3, 6, 2, 2)
  validation: F_1/7=0.923957, precision=0.924194, recall=0.912515, good=3755, bad=308, missed=360, trie_nodes=4116, patterns=2741, objective=0.923826
  Tested: params=(12, 9, 25, 11, 2)
  validation: F_1/7=0.900141, precision=0.899739, recall=0.920292, good=3787, bad=422, missed=328, trie_nodes=3817, patterns=2517, objective=0.900019
  Tested: params=(17, 5, 25, 3, 5)
  validation: F_1/7=0.910478, precision=0.910412, recall=0.913730, good=3760, bad=370, missed=355, trie_nodes=1653, patterns=989, objective=0.910425
  Tested: params=(24, 6, 1, 25, 4)
  validation: F_1/7=0.915332, precision=0.915051, recall=0.929283, good=3824, bad=355, missed=291, trie_nodes=1922, patterns=1261, objective=0.915271
  Best so far: params=(30, 24, 29, 27, 3), score=0.941800, elapsed=6.2s

============================================================
Round 4/30
  Tested: params=(22, 24, 3, 11, 1)
  validation: F_1/7=0.915681, precision=0.915636, recall=0.917861, good=3777, bad=348, missed=338, trie_nodes=3963, patterns=2658, objective=0.915555
  Tested: params=(26, 19, 10, 2, 2)
  validation: F_1/7=0.923137, precision=0.923342, recall=0.913244, good=3758, bad=312, missed=357, trie_nodes=4225, patterns=2705, objective=0.923003
  Tested: params=(10, 22, 20, 27, 3)
  validation: F_1/7=0.889952, precision=0.889359, recall=0.920049, good=3786, bad=471, missed=329, trie_nodes=3953, patterns=2580, objective=0.889827
  Tested: params=(4, 22, 23, 17, 4)
  validation: F_1/7=0.796364, precision=0.793942, recall=0.936330, good=3853, bad=1000, missed=262, trie_nodes=1763, patterns=955, objective=0.796308
  Tested: params=(15, 16, 13, 1, 1)
  validation: F_1/7=0.899185, precision=0.898855, recall=0.915674, good=3768, bad=424, missed=347, trie_nodes=3933, patterns=2612, objective=0.899060
  Best so far: params=(30, 24, 29, 27, 3), score=0.941800, elapsed=8.3s

============================================================
Round 5/30
  Tested: params=(1, 20, 10, 16, 5)
  validation: F_1/7=0.796952, precision=0.794492, recall=0.939490, good=3866, bad=1000, missed=249, trie_nodes=1776, patterns=932, objective=0.796896
  Tested: params=(8, 13, 23, 7, 1)
  validation: F_1/7=0.875430, precision=0.874511, recall=0.922965, good=3798, bad=545, missed=317, trie_nodes=3572, patterns=2405, objective=0.875316
  Tested: params=(9, 5, 28, 25, 4)
  validation: F_1/7=0.894806, precision=0.894253, recall=0.922722, good=3797, bad=449, missed=318, trie_nodes=1355, patterns=869, objective=0.894762
  Tested: params=(27, 25, 6, 27, 3)
  validation: F_1/7=0.922051, precision=0.922228, recall=0.913487, good=3759, bad=317, missed=356, trie_nodes=4115, patterns=2703, objective=0.921920
  Tested: params=(25, 27, 10, 4, 2)
  validation: F_1/7=0.919227, precision=0.919335, recall=0.913973, good=3761, bad=330, missed=354, trie_nodes=4165, patterns=2672, objective=0.919095
  Best so far: params=(30, 24, 29, 27, 3), score=0.941800, elapsed=10.3s

============================================================
Round 6/30
  Tested: params=(13, 25, 26, 1, 3)
  validation: F_1/7=0.898268, precision=0.897862, recall=0.918591, good=3780, bad=430, missed=335, trie_nodes=4004, patterns=2607, objective=0.898140
  Tested: params=(13, 7, 4, 11, 5)
  validation: F_1/7=0.903917, precision=0.903517, recall=0.923937, good=3802, bad=406, missed=313, trie_nodes=1523, patterns=958, objective=0.903868
  Tested: params=(10, 16, 22, 11, 5)
  validation: F_1/7=0.896133, precision=0.895593, recall=0.923451, good=3800, bad=443, missed=315, trie_nodes=1549, patterns=939, objective=0.896084
  Tested: params=(29, 8, 15, 10, 2)
  validation: F_1/7=0.942636, precision=0.943325, recall=0.910085, good=3745, bad=225, missed=370, trie_nodes=4336, patterns=2746, objective=0.942498
  Tested: params=(2, 19, 16, 2, 2)
  validation: F_1/7=0.806045, precision=0.803926, recall=0.925638, good=3809, bad=929, missed=306, trie_nodes=4061, patterns=2514, objective=0.805916
  Best so far: params=(29, 8, 15, 10, 2), score=0.942498, elapsed=12.4s

============================================================
Round 7/30
  Tested: params=(28, 8, 5, 15, 5)
  validation: F_1/7=0.947671, precision=0.948433, recall=0.911786, good=3752, bad=204, missed=363, trie_nodes=1848, patterns=1107, objective=0.947612
  Tested: params=(8, 21, 23, 8, 4)
  validation: F_1/7=0.874346, precision=0.873262, recall=0.930984, good=3831, bad=556, missed=284, trie_nodes=1511, patterns=901, objective=0.874298
  Tested: params=(12, 19, 20, 17, 1)
  validation: F_1/7=0.899722, precision=0.899311, recall=0.920292, good=3787, bad=424, missed=328, trie_nodes=3912, patterns=2573, objective=0.899597
  Tested: params=(26, 10, 6, 2, 3)
  validation: F_1/7=0.922857, precision=0.923020, recall=0.914945, good=3765, bad=314, missed=350, trie_nodes=4069, patterns=2673, objective=0.922728
  Tested: params=(21, 1, 16, 7, 4)
  validation: F_1/7=0.931268, precision=0.931847, recall=0.903767, good=3719, bad=272, missed=396, trie_nodes=1857, patterns=1164, objective=0.931209
  Best so far: params=(28, 8, 5, 15, 5), score=0.947612, elapsed=14.5s

============================================================
Round 8/30
  Tested: params=(6, 21, 12, 29, 1)
  validation: F_1/7=0.863321, precision=0.862163, recall=0.924180, good=3803, bad=608, missed=312, trie_nodes=3911, patterns=2597, objective=0.863197
  Tested: params=(11, 4, 28, 27, 2)
  validation: F_1/7=0.900336, precision=0.899976, recall=0.918348, good=3779, bad=420, missed=336, trie_nodes=3759, patterns=2533, objective=0.900217
  Tested: params=(20, 25, 17, 16, 2)
  validation: F_1/7=0.902424, precision=0.902182, recall=0.914459, good=3763, bad=408, missed=352, trie_nodes=4099, patterns=2641, objective=0.902294
  Tested: params=(3, 27, 28, 19, 2)
  validation: F_1/7=0.801062, precision=0.798867, recall=0.925638, good=3809, bad=959, missed=306, trie_nodes=4363, patterns=2619, objective=0.800923
  Tested: params=(11, 22, 27, 27, 4)
  validation: F_1/7=0.899918, precision=0.899478, recall=0.921993, good=3794, bad=424, missed=321, trie_nodes=1608, patterns=971, objective=0.899867
  Best so far: params=(28, 8, 5, 15, 5), score=0.947612, elapsed=16.5s

============================================================
Round 9/30
  Tested: params=(20, 3, 5, 27, 4)
  validation: F_1/7=0.925296, precision=0.925561, recall=0.912515, good=3755, bad=302, missed=360, trie_nodes=1663, patterns=1021, objective=0.925243
  Tested: params=(1, 4, 20, 1, 1)
  validation: F_1/7=0.855125, precision=0.854025, recall=0.912758, good=3756, bad=642, missed=359, trie_nodes=3727, patterns=2568, objective=0.855006
  Tested: params=(17, 21, 20, 7, 4)
  validation: F_1/7=0.906954, precision=0.906753, recall=0.916889, good=3773, bad=388, missed=342, trie_nodes=1685, patterns=1000, objective=0.906900
  Tested: params=(8, 10, 23, 20, 5)
  validation: F_1/7=0.878185, precision=0.877209, recall=0.928797, good=3822, bad=535, missed=293, trie_nodes=1386, patterns=843, objective=0.878141
  Tested: params=(20, 18, 3, 12, 2)
  validation: F_1/7=0.900673, precision=0.900334, recall=0.917618, good=3776, bad=418, missed=339, trie_nodes=3941, patterns=2652, objective=0.900548
  Best so far: params=(28, 8, 5, 15, 5), score=0.947612, elapsed=18.6s

============================================================
Round 10/30
  Tested: params=(8, 30, 12, 27, 4)
  validation: F_1/7=0.872072, precision=0.870938, recall=0.931470, good=3833, bad=568, missed=282, trie_nodes=1578, patterns=930, objective=0.872022
  Tested: params=(24, 16, 18, 15, 1)
  validation: F_1/7=0.920013, precision=0.920157, recall=0.913001, good=3757, bad=326, missed=358, trie_nodes=4183, patterns=2675, objective=0.919879
  Tested: params=(22, 9, 1, 20, 1)
  validation: F_1/7=0.909910, precision=0.909657, recall=0.922479, good=3796, bad=377, missed=319, trie_nodes=4567, patterns=3054, objective=0.909765
  Tested: params=(29, 29, 28, 12, 1)
  validation: F_1/7=0.942191, precision=0.942864, recall=0.910328, good=3746, bad=227, missed=369, trie_nodes=4357, patterns=2761, objective=0.942052
  Tested: params=(28, 13, 29, 29, 5)
  validation: F_1/7=0.949767, precision=0.950728, recall=0.904982, good=3724, bad=193, missed=391, trie_nodes=1919, patterns=1110, objective=0.949706
  Best so far: params=(28, 13, 29, 29, 5), score=0.949706, elapsed=20.5s

============================================================
Round 11/30
  Tested: params=(9, 12, 26, 10, 1)
  validation: F_1/7=0.889230, precision=0.888577, recall=0.922479, good=3796, bad=476, missed=319, trie_nodes=3556, patterns=2425, objective=0.889117
  Tested: params=(17, 29, 21, 18, 1)
  validation: F_1/7=0.902489, precision=0.902200, recall=0.916889, good=3773, bad=409, missed=342, trie_nodes=4073, patterns=2641, objective=0.902359
  Tested: params=(19, 30, 5, 16, 5)
  validation: F_1/7=0.922719, precision=0.922814, recall=0.918104, good=3778, bad=316, missed=337, trie_nodes=1675, patterns=1005, objective=0.922666
  Tested: params=(23, 21, 22, 11, 2)
  validation: F_1/7=0.919571, precision=0.919706, recall=0.913001, good=3757, bad=328, missed=358, trie_nodes=4201, patterns=2681, objective=0.919438
  Tested: params=(25, 25, 27, 28, 3)
  validation: F_1/7=0.919547, precision=0.919687, recall=0.912758, good=3756, bad=328, missed=359, trie_nodes=4220, patterns=2692, objective=0.919413
  Best so far: params=(28, 13, 29, 29, 5), score=0.949706, elapsed=22.6s

============================================================
Round 12/30
  Tested: params=(16, 24, 20, 22, 4)
  validation: F_1/7=0.906207, precision=0.905973, recall=0.917861, good=3777, bad=392, missed=338, trie_nodes=1671, patterns=1004, objective=0.906154
  Tested: params=(27, 11, 12, 3, 3)
  validation: F_1/7=0.923948, precision=0.924235, recall=0.910085, good=3745, bad=307, missed=370, trie_nodes=4272, patterns=2714, objective=0.923812
  Tested: params=(2, 14, 17, 9, 3)
  validation: F_1/7=0.805967, precision=0.803839, recall=0.926124, good=3811, bad=930, missed=304, trie_nodes=4004, patterns=2480, objective=0.805840
  Tested: params=(1, 2, 25, 11, 1)
  validation: F_1/7=0.867895, precision=0.867052, recall=0.911300, good=3750, bad=575, missed=365, trie_nodes=4382, patterns=3118, objective=0.867755
  Tested: params=(16, 24, 7, 19, 1)
  validation: F_1/7=0.901023, precision=0.900667, recall=0.918834, good=3781, bad=417, missed=334, trie_nodes=3879, patterns=2587, objective=0.900900
  Best so far: params=(28, 13, 29, 29, 5), score=0.949706, elapsed=24.8s

============================================================
Round 13/30
  Tested: params=(2, 16, 17, 20, 4)
  validation: F_1/7=0.800998, precision=0.798595, recall=0.939490, good=3866, bad=975, missed=249, trie_nodes=1654, patterns=871, objective=0.800945
  Tested: params=(30, 16, 10, 24, 2)
  validation: F_1/7=0.942017, precision=0.942670, recall=0.911057, good=3749, bad=228, missed=366, trie_nodes=4323, patterns=2758, objective=0.941879
  Tested: params=(14, 3, 1, 29, 5)
  validation: F_1/7=0.897146, precision=0.896527, recall=0.928554, good=3821, bad=441, missed=294, trie_nodes=1674, patterns=1138, objective=0.897093
  Tested: params=(21, 13, 6, 5, 2)
  validation: F_1/7=0.917326, precision=0.917335, recall=0.916889, good=3773, bad=340, missed=342, trie_nodes=3888, patterns=2587, objective=0.917203
  Tested: params=(17, 22, 20, 9, 5)
  validation: F_1/7=0.906793, precision=0.906619, recall=0.915431, good=3767, bad=388, missed=348, trie_nodes=1704, patterns=1011, objective=0.906739
  Best so far: params=(28, 13, 29, 29, 5), score=0.949706, elapsed=26.8s

============================================================
Round 14/30
  Tested: params=(23, 17, 19, 13, 2)
  validation: F_1/7=0.919571, precision=0.919706, recall=0.913001, good=3757, bad=328, missed=358, trie_nodes=4192, patterns=2678, objective=0.919438
  Tested: params=(11, 23, 1, 4, 1)
  validation: F_1/7=0.894483, precision=0.893943, recall=0.921750, good=3793, bad=450, missed=322, trie_nodes=4019, patterns=2764, objective=0.894355
  Tested: params=(2, 26, 22, 15, 1)
  validation: F_1/7=0.801272, precision=0.799077, recall=0.925881, good=3810, bad=958, missed=305, trie_nodes=4415, patterns=2645, objective=0.801131
  Tested: params=(15, 15, 6, 14, 2)
  validation: F_1/7=0.898381, precision=0.897959, recall=0.919563, good=3784, bad=430, missed=331, trie_nodes=3802, patterns=2578, objective=0.898260
  Tested: params=(19, 20, 2, 12, 4)
  validation: F_1/7=0.903375, precision=0.902913, recall=0.926610, good=3813, bad=410, missed=302, trie_nodes=1711, patterns=1080, objective=0.903320
  Best so far: params=(28, 13, 29, 29, 5), score=0.949706, elapsed=28.9s

============================================================
Round 15/30
  Tested: params=(16, 26, 20, 5, 1)
  validation: F_1/7=0.901460, precision=0.901146, recall=0.917132, good=3774, bad=414, missed=341, trie_nodes=4004, patterns=2609, objective=0.901333
  Tested: params=(20, 1, 18, 29, 3)
  validation: F_1/7=0.919353, precision=0.919529, recall=0.910814, good=3748, bad=328, missed=367, trie_nodes=4204, patterns=2876, objective=0.919219
  Tested: params=(12, 20, 14, 17, 5)
  validation: F_1/7=0.902563, precision=0.902189, recall=0.921264, good=3791, bad=411, missed=324, trie_nodes=1621, patterns=980, objective=0.902512
  Tested: params=(12, 29, 28, 6, 1)
  validation: F_1/7=0.898229, precision=0.897795, recall=0.920049, good=3786, bad=431, missed=329, trie_nodes=3991, patterns=2598, objective=0.898102
  Tested: params=(4, 1, 3, 21, 1)
  validation: F_1/7=0.858748, precision=0.857530, recall=0.922965, good=3798, bad=631, missed=317, trie_nodes=4148, patterns=3279, objective=0.858616
  Best so far: params=(28, 13, 29, 29, 5), score=0.949706, elapsed=31.0s

============================================================
Round 16/30
  Tested: params=(10, 26, 1, 25, 2)
  validation: F_1/7=0.881898, precision=0.881085, recall=0.923694, good=3801, bad=513, missed=314, trie_nodes=4372, patterns=2863, objective=0.881759
  Tested: params=(4, 21, 19, 27, 4)
  validation: F_1/7=0.798142, precision=0.795746, recall=0.936330, good=3853, bad=989, missed=262, trie_nodes=1764, patterns=958, objective=0.798086
  Tested: params=(25, 9, 6, 23, 5)
  validation: F_1/7=0.927603, precision=0.927901, recall=0.913244, good=3758, bad=292, missed=357, trie_nodes=1762, patterns=1055, objective=0.927547
  Tested: params=(30, 13, 12, 24, 2)
  validation: F_1/7=0.942385, precision=0.943073, recall=0.909842, good=3744, bad=226, missed=371, trie_nodes=4349, patterns=2755, objective=0.942246
  Tested: params=(28, 26, 13, 23, 4)
  validation: F_1/7=0.931215, precision=0.931750, recall=0.905711, good=3727, bad=273, missed=388, trie_nodes=1903, patterns=1106, objective=0.931154
  Best so far: params=(28, 13, 29, 29, 5), score=0.949706, elapsed=33.0s

============================================================
Round 17/30
  Tested: params=(4, 28, 16, 25, 2)
  validation: F_1/7=0.801392, precision=0.799203, recall=0.925638, good=3809, bad=957, missed=306, trie_nodes=4333, patterns=2653, objective=0.801254
  Tested: params=(27, 12, 1, 28, 1)
  validation: F_1/7=0.914503, precision=0.914410, recall=0.919077, good=3782, bad=354, missed=333, trie_nodes=4754, patterns=3152, objective=0.914352
  Tested: params=(10, 29, 29, 18, 4)
  validation: F_1/7=0.893390, precision=0.892773, recall=0.924666, good=3805, bad=457, missed=310, trie_nodes=1611, patterns=960, objective=0.893338
  Tested: params=(14, 9, 10, 21, 4)
  validation: F_1/7=0.906343, precision=0.906048, recall=0.921021, good=3790, bad=393, missed=325, trie_nodes=1576, patterns=954, objective=0.906293
  Tested: params=(24, 24, 3, 15, 1)
  validation: F_1/7=0.917302, precision=0.917315, recall=0.916646, good=3772, bad=340, missed=343, trie_nodes=4046, patterns=2693, objective=0.917173
  Best so far: params=(28, 13, 29, 29, 5), score=0.949706, elapsed=35.2s

============================================================
Round 18/30
  Tested: params=(17, 14, 27, 11, 1)
  validation: F_1/7=0.902701, precision=0.902416, recall=0.916889, good=3773, bad=408, missed=342, trie_nodes=3987, patterns=2598, objective=0.902574
  Tested: params=(5, 23, 19, 4, 1)
  validation: F_1/7=0.812741, precision=0.810742, recall=0.924423, good=3804, bad=888, missed=311, trie_nodes=3909, patterns=2596, objective=0.812616
  Tested: params=(22, 3, 25, 22, 1)
  validation: F_1/7=0.920777, precision=0.920962, recall=0.911786, good=3752, bad=322, missed=363, trie_nodes=4109, patterns=2665, objective=0.920646
  Tested: params=(3, 30, 12, 12, 5)
  validation: F_1/7=0.792651, precision=0.790141, recall=0.938761, good=3863, bad=1026, missed=252, trie_nodes=1861, patterns=978, objective=0.792592
  Tested: params=(29, 30, 23, 12, 1)
  validation: F_1/7=0.942191, precision=0.942864, recall=0.910328, good=3746, bad=227, missed=369, trie_nodes=4357, patterns=2761, objective=0.942052
  Best so far: params=(28, 13, 29, 29, 5), score=0.949706, elapsed=37.2s

============================================================
Round 19/30
  Tested: params=(24, 17, 13, 28, 1)
  validation: F_1/7=0.920013, precision=0.920157, recall=0.913001, good=3757, bad=326, missed=358, trie_nodes=4171, patterns=2670, objective=0.919880
  Tested: params=(15, 1, 15, 2, 1)
  validation: F_1/7=0.901598, precision=0.901446, recall=0.909113, good=3741, bad=409, missed=374, trie_nodes=4548, patterns=3233, objective=0.901453
  Tested: params=(4, 20, 23, 18, 5)
  validation: F_1/7=0.798629, precision=0.796239, recall=0.936330, good=3853, bad=986, missed=262, trie_nodes=1769, patterns=961, objective=0.798572
  Tested: params=(12, 9, 27, 7, 5)
  validation: F_1/7=0.905467, precision=0.905160, recall=0.920778, good=3789, bad=397, missed=326, trie_nodes=1569, patterns=952, objective=0.905417
  Tested: params=(1, 30, 2, 27, 3)
  validation: F_1/7=0.799431, precision=0.797198, recall=0.926610, good=3813, bad=970, missed=302, trie_nodes=4498, patterns=2697, objective=0.799288
  Best so far: params=(28, 13, 29, 29, 5), score=0.949706, elapsed=39.4s

============================================================
Round 20/30
  Tested: params=(30, 3, 17, 30, 3)
  validation: F_1/7=0.943510, precision=0.944234, recall=0.909356, good=3742, bad=221, missed=373, trie_nodes=4353, patterns=2767, objective=0.943372
  Tested: params=(19, 21, 14, 19, 3)
  validation: F_1/7=0.902452, precision=0.902205, recall=0.914702, good=3764, bad=408, missed=351, trie_nodes=4076, patterns=2628, objective=0.902322
  Tested: params=(28, 2, 9, 29, 5)
  validation: F_1/7=0.952403, precision=0.953417, recall=0.905225, good=3725, bad=182, missed=390, trie_nodes=1908, patterns=1124, objective=0.952342
  Tested: params=(14, 19, 9, 6, 3)
  validation: F_1/7=0.898743, precision=0.898337, recall=0.919077, good=3782, bad=428, missed=333, trie_nodes=3940, patterns=2593, objective=0.898618
  Tested: params=(11, 18, 3, 30, 5)
  validation: F_1/7=0.898756, precision=0.898209, recall=0.926367, good=3812, bad=432, missed=303, trie_nodes=1567, patterns=981, objective=0.898706
  Best so far: params=(28, 2, 9, 29, 5), score=0.952342, elapsed=41.3s

============================================================
Round 21/30
  Tested: params=(21, 17, 10, 25, 4)
  validation: F_1/7=0.924634, precision=0.924834, recall=0.914945, good=3765, bad=306, missed=350, trie_nodes=1730, patterns=1021, objective=0.924579
  Tested: params=(5, 28, 25, 29, 4)
  validation: F_1/7=0.806779, precision=0.804511, recall=0.936087, good=3852, bad=936, missed=263, trie_nodes=1721, patterns=993, objective=0.806725
  Tested: params=(19, 13, 28, 26, 1)
  validation: F_1/7=0.903273, precision=0.903048, recall=0.914459, good=3763, bad=404, missed=352, trie_nodes=4031, patterns=2601, objective=0.903145
  Tested: params=(1, 12, 25, 30, 1)
  validation: F_1/7=0.804544, precision=0.802402, recall=0.925638, good=3809, bad=938, missed=306, trie_nodes=4087, patterns=2546, objective=0.804414
  Tested: params=(18, 12, 30, 26, 5)
  validation: F_1/7=0.909693, precision=0.909596, recall=0.914459, good=3763, bad=374, missed=352, trie_nodes=1703, patterns=994, objective=0.909639
  Best so far: params=(28, 2, 9, 29, 5), score=0.952342, elapsed=43.5s

============================================================
Round 22/30
  Tested: params=(15, 13, 9, 2, 5)
  validation: F_1/7=0.908501, precision=0.908283, recall=0.919320, good=3783, bad=382, missed=332, trie_nodes=1624, patterns=994, objective=0.908450
  Tested: params=(25, 30, 30, 17, 4)
  validation: F_1/7=0.926522, precision=0.926890, recall=0.908870, good=3740, bad=295, missed=375, trie_nodes=1837, patterns=1067, objective=0.926464
  Tested: params=(29, 26, 8, 14, 1)
  validation: F_1/7=0.941245, precision=0.941840, recall=0.913001, good=3757, bad=232, missed=358, trie_nodes=4194, patterns=2733, objective=0.941112
  Tested: params=(29, 19, 7, 21, 4)
  validation: F_1/7=0.950154, precision=0.951003, recall=0.910328, good=3746, bad=193, missed=369, trie_nodes=1880, patterns=1110, objective=0.950094
  Tested: params=(11, 4, 21, 16, 4)
  validation: F_1/7=0.904659, precision=0.904442, recall=0.915431, good=3767, bad=398, missed=348, trie_nodes=1501, patterns=946, objective=0.904611
  Best so far: params=(28, 2, 9, 29, 5), score=0.952342, elapsed=45.8s

============================================================
Round 23/30
  Tested: params=(16, 26, 17, 17, 5)
  validation: F_1/7=0.906234, precision=0.905995, recall=0.918104, good=3778, bad=392, missed=337, trie_nodes=1681, patterns=1005, objective=0.906181
  Tested: params=(13, 5, 1, 23, 4)
  validation: F_1/7=0.896584, precision=0.895946, recall=0.929040, good=3823, bad=444, missed=292, trie_nodes=1697, patterns=1129, objective=0.896530
  Tested: params=(22, 7, 5, 1, 2)
  validation: F_1/7=0.919961, precision=0.920068, recall=0.914702, good=3764, bad=327, missed=351, trie_nodes=3851, patterns=2570, objective=0.919838
  Tested: params=(18, 12, 14, 28, 2)
  validation: F_1/7=0.903061, precision=0.902831, recall=0.914459, good=3763, bad=405, missed=352, trie_nodes=4014, patterns=2592, objective=0.902933
  Tested: params=(16, 24, 12, 19, 5)
  validation: F_1/7=0.906234, precision=0.905995, recall=0.918104, good=3778, bad=392, missed=337, trie_nodes=1669, patterns=1000, objective=0.906181
  Best so far: params=(28, 2, 9, 29, 5), score=0.952342, elapsed=48.0s

============================================================
Round 24/30
  Tested: params=(29, 5, 28, 15, 2)
  validation: F_1/7=0.942656, precision=0.943339, recall=0.910328, good=3746, bad=225, missed=369, trie_nodes=4350, patterns=2748, objective=0.942517
  Tested: params=(14, 30, 15, 10, 4)
  validation: F_1/7=0.902215, precision=0.901858, recall=0.920049, good=3786, bad=412, missed=329, trie_nodes=1656, patterns=992, objective=0.902162
  Tested: params=(8, 3, 4, 4, 1)
  validation: F_1/7=0.879307, precision=0.878472, recall=0.922236, good=3795, bad=525, missed=320, trie_nodes=3414, patterns=2509, objective=0.879198
  Tested: params=(5, 20, 6, 11, 5)
  validation: F_1/7=0.807398, precision=0.805143, recall=0.935844, good=3851, bad=932, missed=264, trie_nodes=1659, patterns=963, objective=0.807346
  Tested: params=(15, 21, 6, 6, 1)
  validation: F_1/7=0.898562, precision=0.898148, recall=0.919320, good=3783, bad=429, missed=332, trie_nodes=3849, patterns=2597, objective=0.898440
  Best so far: params=(28, 2, 9, 29, 5), score=0.952342, elapsed=50.4s

============================================================
Round 25/30
  Tested: params=(6, 9, 6, 3, 1)
  validation: F_1/7=0.867111, precision=0.866029, recall=0.923694, good=3801, bad=588, missed=314, trie_nodes=3519, patterns=2436, objective=0.866999
  Tested: params=(14, 7, 11, 16, 4)
  validation: F_1/7=0.905970, precision=0.905697, recall=0.919563, good=3784, bad=394, missed=331, trie_nodes=1563, patterns=950, objective=0.905920
  Tested: params=(2, 24, 19, 3, 5)
  validation: F_1/7=0.799777, precision=0.797429, recall=0.934629, good=3846, bad=977, missed=269, trie_nodes=1771, patterns=953, objective=0.799721
  Tested: params=(28, 2, 9, 25, 4)
  validation: F_1/7=0.935002, precision=0.935646, recall=0.904496, good=3722, bad=256, missed=393, trie_nodes=1919, patterns=1140, objective=0.934941
  Tested: params=(6, 7, 12, 15, 4)
  validation: F_1/7=0.866739, precision=0.865550, recall=0.929283, good=3824, bad=594, missed=291, trie_nodes=1371, patterns=862, objective=0.866695
  Best so far: params=(28, 2, 9, 29, 5), score=0.952342, elapsed=52.7s

============================================================
Round 26/30
  Tested: params=(12, 14, 23, 2, 2)
  validation: F_1/7=0.899512, precision=0.899098, recall=0.920292, good=3787, bad=425, missed=328, trie_nodes=3873, patterns=2556, objective=0.899389
  Tested: params=(22, 27, 16, 16, 1)
  validation: F_1/7=0.917957, precision=0.918029, recall=0.914459, good=3763, bad=336, missed=352, trie_nodes=4117, patterns=2644, objective=0.917826
  Tested: params=(14, 16, 8, 9, 2)
  validation: F_1/7=0.899750, precision=0.899335, recall=0.920535, good=3788, bad=424, missed=327, trie_nodes=3815, patterns=2569, objective=0.899628
  Tested: params=(1, 10, 7, 10, 1)
  validation: F_1/7=0.852769, precision=0.851397, recall=0.925881, good=3810, bad=665, missed=305, trie_nodes=3764, patterns=2518, objective=0.852649
  Tested: params=(27, 18, 21, 24, 3)
  validation: F_1/7=0.923301, precision=0.923570, recall=0.910328, good=3746, bad=310, missed=369, trie_nodes=4306, patterns=2734, objective=0.923164
  Best so far: params=(28, 2, 9, 29, 5), score=0.952342, elapsed=55.0s

============================================================
Round 27/30
  Tested: params=(3, 17, 18, 23, 3)
  validation: F_1/7=0.805600, precision=0.803455, recall=0.926853, good=3814, bad=933, missed=301, trie_nodes=4129, patterns=2512, objective=0.805469
  Tested: params=(4, 9, 11, 20, 3)
  validation: F_1/7=0.853787, precision=0.852466, recall=0.923937, good=3802, bad=658, missed=313, trie_nodes=3589, patterns=2392, objective=0.853673
  Tested: params=(11, 30, 19, 8, 1)
  validation: F_1/7=0.896469, precision=0.895981, recall=0.921021, good=3790, bad=440, missed=325, trie_nodes=4023, patterns=2628, objective=0.896341
  Tested: params=(5, 8, 5, 6, 2)
  validation: F_1/7=0.862554, precision=0.861382, recall=0.924180, good=3803, bad=612, missed=312, trie_nodes=3532, patterns=2422, objective=0.862441
  Tested: params=(6, 27, 3, 16, 3)
  validation: F_1/7=0.862362, precision=0.861187, recall=0.924180, good=3803, bad=613, missed=312, trie_nodes=4077, patterns=2664, objective=0.862232
  Best so far: params=(28, 2, 9, 29, 5), score=0.952342, elapsed=57.3s

============================================================
Round 28/30
  Tested: params=(30, 4, 12, 30, 5)
  validation: F_1/7=0.952608, precision=0.953637, recall=0.904739, good=3723, bad=181, missed=392, trie_nodes=1933, patterns=1110, objective=0.952546
  Tested: params=(25, 8, 6, 21, 5)
  validation: F_1/7=0.927603, precision=0.927901, recall=0.913244, good=3758, bad=292, missed=357, trie_nodes=1766, patterns=1055, objective=0.927547
  Tested: params=(17, 18, 9, 24, 1)
  validation: F_1/7=0.902756, precision=0.902462, recall=0.917375, good=3775, bad=408, missed=340, trie_nodes=4006, patterns=2621, objective=0.902628
  Tested: params=(10, 13, 16, 8, 1)
  validation: F_1/7=0.891128, precision=0.890533, recall=0.921264, good=3791, bad=466, missed=324, trie_nodes=3807, patterns=2515, objective=0.891007
  Tested: params=(19, 9, 18, 5, 3)
  validation: F_1/7=0.904151, precision=0.903939, recall=0.914702, good=3764, bad=400, missed=351, trie_nodes=4005, patterns=2584, objective=0.904024
  Best so far: params=(30, 4, 12, 30, 5), score=0.952546, elapsed=59.6s

============================================================
Round 29/30
  Tested: params=(16, 2, 11, 5, 1)
  validation: F_1/7=0.903849, precision=0.903684, recall=0.912029, good=3753, bad=400, missed=362, trie_nodes=4203, patterns=2884, objective=0.903716
  Tested: params=(30, 10, 25, 8, 4)
  validation: F_1/7=0.951449, precision=0.952442, recall=0.905225, good=3725, bad=186, missed=390, trie_nodes=1949, patterns=1116, objective=0.951387
  Tested: params=(23, 18, 15, 13, 2)
  validation: F_1/7=0.919571, precision=0.919706, recall=0.913001, good=3757, bad=328, missed=358, trie_nodes=4187, patterns=2677, objective=0.919438
  Tested: params=(28, 25, 29, 4, 4)
  validation: F_1/7=0.932063, precision=0.932632, recall=0.904982, good=3724, bad=269, missed=391, trie_nodes=1922, patterns=1113, objective=0.932001
  Tested: params=(29, 6, 2, 23, 3)
  validation: F_1/7=0.939867, precision=0.940369, recall=0.915917, good=3769, bad=239, missed=346, trie_nodes=4189, patterns=2783, objective=0.939734
  Best so far: params=(30, 4, 12, 30, 5), score=0.952546, elapsed=61.9s

============================================================
Round 30/30
  Tested: params=(26, 5, 24, 7, 1)
  validation: F_1/7=0.925073, precision=0.925333, recall=0.912515, good=3755, bad=303, missed=360, trie_nodes=4210, patterns=2695, objective=0.924939
  Tested: params=(5, 25, 20, 16, 2)
  validation: F_1/7=0.811677, precision=0.809666, recall=0.924180, good=3803, bad=894, missed=312, trie_nodes=4000, patterns=2625, objective=0.811550
  Tested: params=(27, 12, 25, 14, 2)
  validation: F_1/7=0.923724, precision=0.924007, recall=0.910085, good=3745, bad=308, missed=370, trie_nodes=4290, patterns=2722, objective=0.923588
  Tested: params=(14, 10, 23, 16, 2)
  validation: F_1/7=0.899791, precision=0.899405, recall=0.919077, good=3782, bad=423, missed=333, trie_nodes=3867, patterns=2544, objective=0.899668
  Tested: params=(27, 12, 17, 28, 4)
  validation: F_1/7=0.931399, precision=0.931949, recall=0.905225, good=3725, bad=272, missed=390, trie_nodes=1879, patterns=1086, objective=0.931339
  Best so far: params=(30, 4, 12, 30, 5), score=0.952546, elapsed=64.3s

============================================================
Final phase: 3 evaluations
  Tested: params=(4, 29, 19, 11, 1)
  validation: F_1/7=0.801602, precision=0.799413, recall=0.925881, good=3810, bad=956, missed=305, trie_nodes=4346, patterns=2665, objective=0.801464
  Tested: params=(24, 19, 17, 27, 4)
  validation: F_1/7=0.927198, precision=0.927579, recall=0.908870, good=3740, bad=292, missed=375, trie_nodes=1822, patterns=1063, objective=0.927140
  Tested: params=(5, 10, 8, 23, 1)
  validation: F_1/7=0.863706, precision=0.862554, recall=0.924180, good=3803, bad=606, missed=312, trie_nodes=3555, patterns=2439, objective=0.863593

============================================================
Threshold ablation run complete
Best parameters (b1 b2 b3 b4 thr): (30, 4, 12, 30, 5)
Thresholds: {'mode': 'shared', 'shared': 5, 'per_level': [5, 5, 5, 5]}
  validation-selected: F_1/7=0.952608, precision=0.953637, recall=0.904739, good=3723, bad=181, missed=392, trie_nodes=1933, patterns=1110, objective=0.952546
  held-out test: F_1/7=0.954709, precision=0.955748, recall=0.906416, good=3758, bad=174, missed=388, trie_nodes=1933, patterns=1110
Summary: results/threshold_ablation/uk/wiktionary/shared_random/summary.json
History: results/threshold_ablation/uk/wiktionary/shared_random/history.csv
Wall time: 66.5s
