Proportional trie_normalizer for uk/wiktionary: |D| = 15714
Objective: F17+Trie(w=0.0005)
Dataset: /home/dev/hyph-bench/data/uk/wiktionary/uk-full-wiktionary.wlh
Translate: /home/dev/hyph-bench/data/uk/wiktionary/uk-full-wiktionary.wlh.tra
Method: random | Threshold mode: perlayer
Search space (8-D): [(1, 30), (1, 30), (1, 30), (1, 30), (1, 5), (1, 5), (1, 5), (1, 5)]
Split counts: train=12572, validation=1571, test=1571
Pattern ranges: [(1, 4), (2, 5), (2, 6), (2, 7)]
Budget: 30 rounds x 5 + 3 final = 153 patgen evaluations; 3 parallel workers

============================================================
Round 1/30
  Tested: params=(12, 29, 22, 18, 1, 1, 1, 5)
  validation: F_1/7=0.898049, precision=0.897606, recall=0.920292, good=3787, bad=432, missed=328, trie_nodes=3880, patterns=2553, objective=0.897925
  Tested: params=(19, 22, 1, 30, 5, 2, 1, 1)
  validation: F_1/7=0.907671, precision=0.907354, recall=0.923451, good=3800, bad=388, missed=315, trie_nodes=4552, patterns=3070, objective=0.907526
  Tested: params=(10, 16, 13, 9, 4, 1, 2, 2)
  validation: F_1/7=0.894103, precision=0.893617, recall=0.918591, good=3780, bad=450, missed=335, trie_nodes=3760, patterns=2422, objective=0.893984
  Tested: params=(14, 24, 6, 16, 3, 1, 4, 1)
  validation: F_1/7=0.899665, precision=0.899263, recall=0.919806, good=3785, bad=424, missed=330, trie_nodes=3499, patterns=2358, objective=0.899554
  Tested: params=(2, 29, 29, 25, 2, 1, 4, 3)
  validation: F_1/7=0.803699, precision=0.801559, recall=0.924666, good=3805, bad=942, missed=310, trie_nodes=4245, patterns=2414, objective=0.803564
  Best so far: params=(19, 22, 1, 30, 5, 2, 1, 1), score=0.907526, elapsed=2.1s

============================================================
Round 2/30
  Tested: params=(4, 15, 2, 28, 2, 4, 2, 3)
  validation: F_1/7=0.801858, precision=0.799624, recall=0.929040, good=3823, bad=958, missed=292, trie_nodes=3977, patterns=2427, objective=0.801731
  Tested: params=(17, 6, 30, 24, 5, 5, 3, 5)
  validation: F_1/7=0.899862, precision=0.899431, recall=0.921507, good=3792, bad=424, missed=323, trie_nodes=3255, patterns=1834, objective=0.899758
  Tested: params=(3, 6, 2, 10, 2, 2, 5, 2)
  validation: F_1/7=0.858783, precision=0.857562, recall=0.923208, good=3799, bad=631, missed=316, trie_nodes=3137, patterns=2024, objective=0.858684
  Tested: params=(9, 17, 5, 25, 1, 5, 4, 1)
  validation: F_1/7=0.890666, precision=0.890007, recall=0.924180, good=3803, bad=470, missed=312, trie_nodes=3325, patterns=2109, objective=0.890560
  Tested: params=(1, 25, 22, 22, 4, 1, 2, 1)
  validation: F_1/7=0.801016, precision=0.798825, recall=0.925395, good=3808, bad=959, missed=307, trie_nodes=4335, patterns=2605, objective=0.800878
  Best so far: params=(19, 22, 1, 30, 5, 2, 1, 1), score=0.907526, elapsed=4.2s

============================================================
Round 3/30
  Tested: params=(26, 19, 10, 2, 2, 2, 4, 4)
  validation: F_1/7=0.924981, precision=0.925259, recall=0.911543, good=3751, bad=303, missed=364, trie_nodes=3516, patterns=2365, objective=0.924869
  Tested: params=(27, 15, 4, 22, 4, 3, 4, 3)
  validation: F_1/7=0.933143, precision=0.933752, recall=0.904253, good=3721, bad=264, missed=394, trie_nodes=3056, patterns=1761, objective=0.933046
  Tested: params=(16, 13, 1, 4, 1, 4, 2, 3)
  validation: F_1/7=0.894631, precision=0.894104, recall=0.921264, good=3791, bad=449, missed=324, trie_nodes=3985, patterns=2659, objective=0.894504
  Tested: params=(28, 8, 13, 23, 2, 1, 2, 1)
  validation: F_1/7=0.924911, precision=0.925204, recall=0.910814, good=3748, bad=303, missed=367, trie_nodes=4284, patterns=2735, objective=0.924775
  Tested: params=(28, 25, 20, 27, 5, 1, 5, 3)
  validation: F_1/7=0.953988, precision=0.955228, recall=0.896962, good=3691, bad=173, missed=424, trie_nodes=2840, patterns=1628, objective=0.953898
  Best so far: params=(28, 25, 20, 27, 5, 1, 5, 3), score=0.953898, elapsed=6.3s

============================================================
Round 4/30
  Tested: params=(25, 27, 10, 4, 2, 3, 5, 5)
  validation: F_1/7=0.921268, precision=0.921453, recall=0.912272, good=3754, bad=320, missed=361, trie_nodes=3465, patterns=2336, objective=0.921157
  Tested: params=(1, 16, 13, 7, 1, 2, 5, 2)
  validation: F_1/7=0.807420, precision=0.805332, recall=0.924909, good=3806, bad=920, missed=309, trie_nodes=4023, patterns=2324, objective=0.807292
  Tested: params=(16, 22, 11, 30, 5, 2, 3, 2)
  validation: F_1/7=0.902295, precision=0.902036, recall=0.915188, good=3766, bad=409, missed=349, trie_nodes=3825, patterns=2452, objective=0.902174
  Tested: params=(9, 2, 19, 16, 1, 2, 5, 2)
  validation: F_1/7=0.900208, precision=0.900121, recall=0.904496, good=3722, bad=413, missed=393, trie_nodes=2907, patterns=1941, objective=0.900116
  Tested: params=(5, 15, 30, 8, 4, 4, 2, 4)
  validation: F_1/7=0.805446, precision=0.803119, recall=0.938761, good=3863, bad=947, missed=252, trie_nodes=2478, patterns=1393, objective=0.805367
  Best so far: params=(28, 25, 20, 27, 5, 1, 5, 3), score=0.953898, elapsed=8.4s

============================================================
Round 5/30
  Tested: params=(12, 19, 20, 17, 1, 5, 2, 1)
  validation: F_1/7=0.897954, precision=0.897491, recall=0.921264, good=3791, bad=433, missed=324, trie_nodes=3892, patterns=2498, objective=0.897830
  Tested: params=(2, 18, 21, 1, 3, 2, 4, 1)
  validation: F_1/7=0.810454, precision=0.808515, recall=0.918348, good=3779, bad=895, missed=336, trie_nodes=3633, patterns=2187, objective=0.810338
  Tested: params=(21, 12, 29, 5, 2, 1, 5, 5)
  validation: F_1/7=0.920353, precision=0.920480, recall=0.914216, good=3762, bad=325, missed=353, trie_nodes=3325, patterns=2257, objective=0.920248
  Tested: params=(8, 20, 25, 17, 3, 2, 1, 5)
  validation: F_1/7=0.874936, precision=0.873994, recall=0.923694, good=3801, bad=548, missed=314, trie_nodes=3489, patterns=2384, objective=0.874825
  Tested: params=(28, 19, 11, 11, 4, 5, 5, 4)
  validation: F_1/7=0.931215, precision=0.931750, recall=0.905711, good=3727, bad=273, missed=388, trie_nodes=1903, patterns=1106, objective=0.931154
  Best so far: params=(28, 25, 20, 27, 5, 1, 5, 3), score=0.953898, elapsed=10.4s

============================================================
Round 6/30
  Tested: params=(20, 3, 5, 27, 4, 1, 1, 4)
  validation: F_1/7=0.916766, precision=0.916788, recall=0.915674, good=3768, bad=342, missed=347, trie_nodes=3381, patterns=2254, objective=0.916658
  Tested: params=(1, 5, 17, 21, 4, 2, 4, 2)
  validation: F_1/7=0.863108, precision=0.862164, recall=0.912029, good=3753, bad=600, missed=362, trie_nodes=2834, patterns=1629, objective=0.863018
  Tested: params=(10, 23, 20, 26, 4, 3, 1, 2)
  validation: F_1/7=0.892625, precision=0.892115, recall=0.918348, good=3779, bad=457, missed=336, trie_nodes=3841, patterns=2460, objective=0.892503
  Tested: params=(8, 8, 30, 12, 5, 4, 4, 3)
  validation: F_1/7=0.883765, precision=0.883096, recall=0.917861, good=3777, bad=500, missed=338, trie_nodes=2780, patterns=1591, objective=0.883677
  Tested: params=(18, 15, 6, 22, 2, 1, 4, 1)
  validation: F_1/7=0.904555, precision=0.904317, recall=0.916403, good=3771, bad=399, missed=344, trie_nodes=3503, patterns=2336, objective=0.904444
  Best so far: params=(28, 25, 20, 27, 5, 1, 5, 3), score=0.953898, elapsed=12.5s

============================================================
Round 7/30
  Tested: params=(29, 29, 28, 12, 1, 5, 3, 5)
  validation: F_1/7=0.938234, precision=0.938649, recall=0.918348, good=3779, bad=247, missed=336, trie_nodes=3897, patterns=2250, objective=0.938110
  Tested: params=(29, 26, 9, 12, 5, 2, 1, 3)
  validation: F_1/7=0.943706, precision=0.944444, recall=0.908870, good=3740, bad=220, missed=375, trie_nodes=4025, patterns=2523, objective=0.943578
  Tested: params=(29, 21, 18, 3, 4, 5, 1, 3)
  validation: F_1/7=0.944414, precision=0.945233, recall=0.905954, good=3728, bad=216, missed=387, trie_nodes=4097, patterns=2503, objective=0.944284
  Tested: params=(27, 23, 21, 22, 2, 2, 5, 5)
  validation: F_1/7=0.924997, precision=0.925321, recall=0.909356, good=3742, bad=302, missed=373, trie_nodes=3560, patterns=2385, objective=0.924883
  Tested: params=(27, 28, 16, 16, 4, 4, 4, 4)
  validation: F_1/7=0.930987, precision=0.931517, recall=0.905711, good=3727, bad=274, missed=388, trie_nodes=1883, patterns=1089, objective=0.930927
  Best so far: params=(28, 25, 20, 27, 5, 1, 5, 3), score=0.953898, elapsed=14.5s

============================================================
Round 8/30
  Tested: params=(27, 11, 12, 3, 3, 1, 3, 3)
  validation: F_1/7=0.923994, precision=0.924272, recall=0.910571, good=3747, bad=307, missed=368, trie_nodes=4265, patterns=2713, objective=0.923859
  Tested: params=(9, 18, 1, 2, 5, 2, 1, 3)
  validation: F_1/7=0.892950, precision=0.892427, recall=0.919320, good=3783, bad=456, missed=332, trie_nodes=3575, patterns=2489, objective=0.892836
  Tested: params=(24, 7, 19, 3, 1, 3, 3, 4)
  validation: F_1/7=0.920478, precision=0.920627, recall=0.913244, good=3758, bad=324, missed=357, trie_nodes=4063, patterns=2624, objective=0.920349
  Tested: params=(22, 30, 16, 10, 4, 2, 3, 1)
  validation: F_1/7=0.919280, precision=0.919470, recall=0.910085, good=3745, bad=328, missed=370, trie_nodes=3979, patterns=2496, objective=0.919153
  Tested: params=(1, 29, 26, 21, 3, 1, 1, 2)
  validation: F_1/7=0.800851, precision=0.798658, recall=0.925395, good=3808, bad=960, missed=307, trie_nodes=4428, patterns=2651, objective=0.800710
  Best so far: params=(28, 25, 20, 27, 5, 1, 5, 3), score=0.953898, elapsed=16.6s

============================================================
Round 9/30
  Tested: params=(17, 22, 20, 9, 5, 4, 3, 4)
  validation: F_1/7=0.897443, precision=0.896951, recall=0.922236, good=3795, bad=436, missed=320, trie_nodes=3231, patterns=1813, objective=0.897340
  Tested: params=(13, 8, 11, 23, 1, 1, 1, 1)
  validation: F_1/7=0.900350, precision=0.899952, recall=0.920292, good=3787, bad=421, missed=328, trie_nodes=3816, patterns=2512, objective=0.900229
  Tested: params=(26, 22, 15, 3, 3, 3, 1, 3)
  validation: F_1/7=0.923489, precision=0.923720, recall=0.912272, good=3754, bad=310, missed=361, trie_nodes=4269, patterns=2717, objective=0.923353
  Tested: params=(12, 19, 20, 2, 2, 4, 3, 5)
  validation: F_1/7=0.894791, precision=0.894109, recall=0.929526, good=3825, bad=453, missed=290, trie_nodes=3182, patterns=1821, objective=0.894690
  Tested: params=(20, 5, 3, 20, 1, 3, 5, 3)
  validation: F_1/7=0.905884, precision=0.905701, recall=0.914945, good=3765, bad=392, missed=350, trie_nodes=3490, patterns=2293, objective=0.905773
  Best so far: params=(28, 25, 20, 27, 5, 1, 5, 3), score=0.953898, elapsed=18.7s

============================================================
Round 10/30
  Tested: params=(12, 20, 14, 17, 5, 2, 5, 5)
  validation: F_1/7=0.908756, precision=0.908695, recall=0.911786, good=3752, bad=377, missed=363, trie_nodes=2731, patterns=1685, objective=0.908669
  Tested: params=(6, 3, 4, 1, 1, 4, 1, 2)
  validation: F_1/7=0.873432, precision=0.872830, recall=0.904010, good=3720, bad=542, missed=395, trie_nodes=3059, patterns=2238, objective=0.873335
  Tested: params=(26, 1, 25, 9, 1, 4, 4, 5)
  validation: F_1/7=0.926682, precision=0.927016, recall=0.910571, good=3747, bad=295, missed=368, trie_nodes=3017, patterns=1936, objective=0.926586
  Tested: params=(23, 25, 9, 6, 4, 5, 5, 3)
  validation: F_1/7=0.930855, precision=0.931414, recall=0.904253, good=3721, bad=274, missed=394, trie_nodes=2751, patterns=1569, objective=0.930768
  Tested: params=(12, 24, 11, 28, 5, 3, 4, 4)
  validation: F_1/7=0.908620, precision=0.908541, recall=0.912515, good=3755, bad=378, missed=360, trie_nodes=2734, patterns=1687, objective=0.908533
  Best so far: params=(28, 25, 20, 27, 5, 1, 5, 3), score=0.953898, elapsed=20.7s

============================================================
Round 11/30
  Tested: params=(4, 28, 16, 25, 2, 5, 2, 1)
  validation: F_1/7=0.800315, precision=0.798077, recall=0.927825, good=3818, bad=966, missed=297, trie_nodes=4152, patterns=2474, objective=0.800183
  Tested: params=(28, 3, 10, 29, 5, 3, 4, 3)
  validation: F_1/7=0.956007, precision=0.957265, recall=0.898177, good=3696, bad=165, missed=419, trie_nodes=2724, patterns=1571, objective=0.955920
  Tested: params=(9, 10, 21, 23, 4, 4, 1, 3)
  validation: F_1/7=0.889519, precision=0.888889, recall=0.921507, good=3792, bad=474, missed=323, trie_nodes=3388, patterns=2219, objective=0.889411
  Tested: params=(2, 17, 14, 27, 2, 1, 1, 4)
  validation: F_1/7=0.806067, precision=0.803917, recall=0.927582, good=3817, bad=931, missed=298, trie_nodes=3757, patterns=2387, objective=0.805947
  Tested: params=(19, 4, 3, 22, 1, 5, 4, 1)
  validation: F_1/7=0.905085, precision=0.904876, recall=0.915431, good=3767, bad=396, missed=348, trie_nodes=3453, patterns=2246, objective=0.904975
  Best so far: params=(28, 3, 10, 29, 5, 3, 4, 3), score=0.955920, elapsed=22.8s

============================================================
Round 12/30
  Tested: params=(3, 30, 12, 12, 5, 5, 5, 4)
  validation: F_1/7=0.792651, precision=0.790141, recall=0.938761, good=3863, bad=1026, missed=252, trie_nodes=1861, patterns=978, objective=0.792592
  Tested: params=(12, 3, 24, 17, 3, 5, 1, 3)
  validation: F_1/7=0.900491, precision=0.900143, recall=0.917861, good=3777, bad=419, missed=338, trie_nodes=3807, patterns=2504, objective=0.900370
  Tested: params=(1, 15, 2, 4, 1, 4, 4, 3)
  validation: F_1/7=0.804877, precision=0.802740, recall=0.925638, good=3809, bad=936, missed=306, trie_nodes=3606, patterns=2071, objective=0.804762
  Tested: params=(29, 12, 9, 27, 2, 5, 1, 5)
  validation: F_1/7=0.937858, precision=0.938244, recall=0.919320, good=3783, bad=249, missed=332, trie_nodes=3849, patterns=2239, objective=0.937735
  Tested: params=(2, 27, 16, 30, 1, 3, 5, 3)
  validation: F_1/7=0.803290, precision=0.801136, recall=0.925152, good=3807, bad=945, missed=308, trie_nodes=4308, patterns=2452, objective=0.803153
  Best so far: params=(28, 3, 10, 29, 5, 3, 4, 3), score=0.955920, elapsed=24.9s

============================================================
Round 13/30
  Tested: params=(19, 21, 14, 19, 3, 5, 1, 2)
  validation: F_1/7=0.901716, precision=0.901435, recall=0.915674, good=3768, bad=412, missed=347, trie_nodes=4039, patterns=2556, objective=0.901587
  Tested: params=(29, 27, 14, 19, 2, 1, 3, 2)
  validation: F_1/7=0.941939, precision=0.942613, recall=0.910085, good=3745, bad=228, missed=370, trie_nodes=4359, patterns=2765, objective=0.941801
  Tested: params=(18, 3, 30, 30, 4, 3, 2, 5)
  validation: F_1/7=0.905232, precision=0.905154, recall=0.909113, good=3741, bad=392, missed=374, trie_nodes=3816, patterns=2437, objective=0.905111
  Tested: params=(21, 5, 28, 25, 5, 4, 4, 3)
  validation: F_1/7=0.931115, precision=0.931727, recall=0.902066, good=3712, bad=272, missed=403, trie_nodes=2623, patterns=1496, objective=0.931031
  Tested: params=(28, 26, 2, 1, 2, 5, 5, 1)
  validation: F_1/7=0.930258, precision=0.930948, recall=0.897691, good=3694, bad=274, missed=421, trie_nodes=3465, patterns=2384, objective=0.930148
  Best so far: params=(28, 3, 10, 29, 5, 3, 4, 3), score=0.955920, elapsed=27.0s

============================================================
Round 14/30
  Tested: params=(18, 12, 30, 26, 5, 3, 3, 2)
  validation: F_1/7=0.904435, precision=0.904291, recall=0.911543, good=3751, bad=397, missed=364, trie_nodes=3874, patterns=2442, objective=0.904312
  Tested: params=(2, 26, 25, 30, 5, 3, 4, 5)
  validation: F_1/7=0.804654, precision=0.802532, recall=0.924423, good=3804, bad=936, missed=311, trie_nodes=3736, patterns=2158, objective=0.804535
  Tested: params=(26, 8, 14, 4, 5, 4, 2, 4)
  validation: F_1/7=0.922160, precision=0.922268, recall=0.916889, good=3773, bad=318, missed=342, trie_nodes=3558, patterns=2014, objective=0.922047
  Tested: params=(19, 11, 4, 21, 3, 4, 3, 5)
  validation: F_1/7=0.899407, precision=0.898868, recall=0.926610, good=3813, bad=429, missed=302, trie_nodes=3200, patterns=1901, objective=0.899305
  Tested: params=(17, 17, 27, 13, 1, 1, 4, 4)
  validation: F_1/7=0.904768, precision=0.904533, recall=0.916403, good=3771, bad=398, missed=344, trie_nodes=3293, patterns=2282, objective=0.904663
  Best so far: params=(28, 3, 10, 29, 5, 3, 4, 3), score=0.955920, elapsed=29.0s

============================================================
Round 15/30
  Tested: params=(22, 7, 5, 1, 2, 3, 2, 3)
  validation: F_1/7=0.919592, precision=0.919678, recall=0.915431, good=3767, bad=329, missed=348, trie_nodes=3867, patterns=2564, objective=0.919469
  Tested: params=(28, 11, 16, 24, 2, 4, 5, 5)
  validation: F_1/7=0.921742, precision=0.921837, recall=0.917132, good=3774, bad=320, missed=341, trie_nodes=3043, patterns=1912, objective=0.921645
  Tested: params=(5, 28, 15, 8, 3, 5, 3, 2)
  validation: F_1/7=0.811392, precision=0.809342, recall=0.926367, good=3812, bad=898, missed=303, trie_nodes=3799, patterns=2437, objective=0.811271
  Tested: params=(20, 8, 3, 4, 1, 1, 1, 4)
  validation: F_1/7=0.902270, precision=0.901905, recall=0.920535, good=3788, bad=412, missed=327, trie_nodes=3582, patterns=2436, objective=0.902156
  Tested: params=(6, 11, 27, 15, 4, 1, 1, 1)
  validation: F_1/7=0.865618, precision=0.864526, recall=0.922722, good=3797, bad=595, missed=318, trie_nodes=3562, patterns=2375, objective=0.865505
  Best so far: params=(28, 3, 10, 29, 5, 3, 4, 3), score=0.955920, elapsed=31.1s

============================================================
Round 16/30
  Tested: params=(6, 9, 6, 3, 1, 3, 2, 2)
  validation: F_1/7=0.867111, precision=0.866029, recall=0.923694, good=3801, bad=588, missed=314, trie_nodes=3519, patterns=2436, objective=0.866999
  Tested: params=(16, 21, 2, 24, 4, 1, 5, 5)
  validation: F_1/7=0.907007, precision=0.906798, recall=0.917375, good=3775, bad=388, missed=340, trie_nodes=2645, patterns=1673, objective=0.906923
  Tested: params=(2, 9, 25, 23, 1, 2, 2, 3)
  validation: F_1/7=0.854132, precision=0.852842, recall=0.922479, good=3796, bad=655, missed=319, trie_nodes=3758, patterns=2404, objective=0.854012
  Tested: params=(19, 12, 14, 23, 1, 2, 4, 5)
  validation: F_1/7=0.905162, precision=0.904980, recall=0.914216, good=3762, bad=395, missed=353, trie_nodes=3288, patterns=2237, objective=0.905058
  Tested: params=(16, 16, 4, 14, 3, 2, 2, 2)
  validation: F_1/7=0.901866, precision=0.901526, recall=0.918834, good=3781, bad=413, missed=334, trie_nodes=3860, patterns=2620, objective=0.901743
  Best so far: params=(28, 3, 10, 29, 5, 3, 4, 3), score=0.955920, elapsed=33.1s

============================================================
Round 17/30
  Tested: params=(1, 10, 7, 10, 1, 5, 3, 4)
  validation: F_1/7=0.797159, precision=0.794698, recall=0.939733, good=3867, bad=999, missed=248, trie_nodes=2357, patterns=1339, objective=0.797084
  Tested: params=(24, 15, 3, 17, 3, 4, 3, 1)
  validation: F_1/7=0.916284, precision=0.916262, recall=0.917375, good=3775, bad=345, missed=340, trie_nodes=4020, patterns=2637, objective=0.916156
  Tested: params=(9, 11, 20, 18, 2, 5, 4, 2)
  validation: F_1/7=0.891746, precision=0.891131, recall=0.922965, good=3798, bad=464, missed=317, trie_nodes=3252, patterns=2060, objective=0.891643
  Tested: params=(4, 5, 8, 5, 1, 2, 1, 5)
  validation: F_1/7=0.854388, precision=0.853073, recall=0.924180, good=3803, bad=655, missed=312, trie_nodes=3232, patterns=2253, objective=0.854285
  Tested: params=(3, 16, 13, 30, 1, 2, 5, 5)
  validation: F_1/7=0.808729, precision=0.806650, recall=0.925638, good=3809, bad=913, missed=306, trie_nodes=3445, patterns=2069, objective=0.808619
  Best so far: params=(28, 3, 10, 29, 5, 3, 4, 3), score=0.955920, elapsed=35.1s

============================================================
Round 18/30
  Tested: params=(25, 8, 6, 21, 5, 3, 3, 2)
  validation: F_1/7=0.920334, precision=0.920510, recall=0.911786, good=3752, bad=324, missed=363, trie_nodes=3730, patterns=2411, objective=0.920216
  Tested: params=(24, 6, 10, 13, 3, 2, 1, 4)
  validation: F_1/7=0.921064, precision=0.921194, recall=0.914702, good=3764, bad=322, missed=351, trie_nodes=4003, patterns=2596, objective=0.920936
  Tested: params=(9, 18, 5, 15, 3, 1, 2, 1)
  validation: F_1/7=0.888769, precision=0.888084, recall=0.923694, good=3801, bad=479, missed=314, trie_nodes=3642, patterns=2475, objective=0.888653
  Tested: params=(2, 30, 10, 25, 2, 4, 4, 3)
  validation: F_1/7=0.800554, precision=0.798326, recall=0.927339, good=3816, bad=964, missed=299, trie_nodes=4085, patterns=2260, objective=0.800424
  Tested: params=(15, 13, 11, 28, 5, 5, 1, 4)
  validation: F_1/7=0.897483, precision=0.896917, recall=0.926124, good=3811, bad=438, missed=304, trie_nodes=3077, patterns=1745, objective=0.897385
  Best so far: params=(28, 3, 10, 29, 5, 3, 4, 3), score=0.955920, elapsed=37.4s

============================================================
Round 19/30
  Tested: params=(29, 6, 2, 23, 3, 5, 1, 4)
  validation: F_1/7=0.928289, precision=0.928294, recall=0.928068, good=3819, bad=295, missed=296, trie_nodes=3498, patterns=2213, objective=0.928178
  Tested: params=(7, 5, 5, 25, 4, 3, 2, 5)
  validation: F_1/7=0.871689, precision=0.870702, recall=0.922965, good=3798, bad=564, missed=317, trie_nodes=3119, patterns=2156, objective=0.871589
  Tested: params=(12, 25, 14, 12, 3, 2, 4, 3)
  validation: F_1/7=0.900029, precision=0.899643, recall=0.919320, good=3783, bad=422, missed=332, trie_nodes=3457, patterns=2324, objective=0.899919
  Tested: params=(7, 27, 12, 17, 5, 4, 1, 5)
  validation: F_1/7=0.859119, precision=0.857684, recall=0.935844, good=3851, bad=639, missed=264, trie_nodes=2525, patterns=1384, objective=0.859038
  Tested: params=(19, 11, 5, 24, 4, 3, 5, 4)
  validation: F_1/7=0.914120, precision=0.914223, recall=0.909113, good=3741, bad=351, missed=374, trie_nodes=2561, patterns=1556, objective=0.914039
  Best so far: params=(28, 3, 10, 29, 5, 3, 4, 3), score=0.955920, elapsed=39.7s

============================================================
Round 20/30
  Tested: params=(5, 10, 8, 23, 1, 3, 4, 5)
  validation: F_1/7=0.818180, precision=0.816270, recall=0.924180, good=3803, bad=856, missed=312, trie_nodes=3076, patterns=2021, objective=0.818082
  Tested: params=(11, 25, 4, 26, 1, 2, 4, 1)
  validation: F_1/7=0.897537, precision=0.897066, recall=0.921264, good=3791, bad=435, missed=324, trie_nodes=3584, patterns=2387, objective=0.897423
  Tested: params=(7, 22, 22, 20, 4, 3, 2, 2)
  validation: F_1/7=0.868978, precision=0.867963, recall=0.921750, good=3793, bad=577, missed=322, trie_nodes=3895, patterns=2508, objective=0.868854
  Tested: params=(6, 28, 18, 13, 3, 5, 1, 3)
  validation: F_1/7=0.861687, precision=0.860465, recall=0.926124, good=3811, bad=618, missed=304, trie_nodes=3850, patterns=2471, objective=0.861564
  Tested: params=(16, 19, 1, 27, 5, 3, 4, 5)
  validation: F_1/7=0.901760, precision=0.901328, recall=0.923451, good=3800, bad=416, missed=315, trie_nodes=2767, patterns=1795, objective=0.901672
  Best so far: params=(28, 3, 10, 29, 5, 3, 4, 3), score=0.955920, elapsed=42.0s

============================================================
Round 21/30
  Tested: params=(22, 5, 18, 19, 3, 4, 5, 5)
  validation: F_1/7=0.918712, precision=0.918689, recall=0.919806, good=3785, bad=335, missed=330, trie_nodes=2776, patterns=1739, objective=0.918623
  Tested: params=(14, 4, 30, 26, 1, 5, 5, 3)
  validation: F_1/7=0.903336, precision=0.903064, recall=0.916889, good=3773, bad=405, missed=342, trie_nodes=3180, patterns=2107, objective=0.903235
  Tested: params=(18, 12, 2, 11, 5, 1, 2, 2)
  validation: F_1/7=0.900785, precision=0.900429, recall=0.918591, good=3780, bad=418, missed=335, trie_nodes=3671, patterns=2466, objective=0.900668
  Tested: params=(17, 28, 11, 11, 4, 3, 2, 3)
  validation: F_1/7=0.902931, precision=0.902685, recall=0.915188, good=3766, bad=406, missed=349, trie_nodes=3848, patterns=2460, objective=0.902809
  Tested: params=(5, 6, 15, 13, 5, 2, 3, 4)
  validation: F_1/7=0.862481, precision=0.861364, recall=0.921021, good=3790, bad=610, missed=325, trie_nodes=3340, patterns=2294, objective=0.862375
  Best so far: params=(28, 3, 10, 29, 5, 3, 4, 3), score=0.955920, elapsed=44.4s

============================================================
Round 22/30
  Tested: params=(1, 20, 6, 29, 1, 3, 1, 5)
  validation: F_1/7=0.801918, precision=0.799707, recall=0.927582, good=3817, bad=956, missed=298, trie_nodes=4033, patterns=2574, objective=0.801789
  Tested: params=(16, 18, 3, 23, 2, 5, 2, 1)
  validation: F_1/7=0.899206, precision=0.898767, recall=0.921264, good=3791, bad=427, missed=324, trie_nodes=3822, patterns=2547, objective=0.899085
  Tested: params=(2, 15, 17, 2, 4, 3, 3, 3)
  validation: F_1/7=0.806582, precision=0.804481, recall=0.924909, good=3806, bad=925, missed=309, trie_nodes=3966, patterns=2449, objective=0.806455
  Tested: params=(13, 17, 5, 6, 5, 5, 2, 2)
  validation: F_1/7=0.898647, precision=0.898221, recall=0.920049, good=3786, bad=429, missed=329, trie_nodes=3556, patterns=2315, objective=0.898534
  Tested: params=(20, 13, 1, 5, 4, 4, 1, 2)
  validation: F_1/7=0.911418, precision=0.911234, recall=0.920535, good=3788, bad=369, missed=327, trie_nodes=3939, patterns=2684, objective=0.911293
  Best so far: params=(28, 3, 10, 29, 5, 3, 4, 3), score=0.955920, elapsed=46.8s

============================================================
Round 23/30
  Tested: params=(7, 21, 1, 4, 4, 1, 4, 2)
  validation: F_1/7=0.876257, precision=0.875375, recall=0.921750, good=3793, bad=540, missed=322, trie_nodes=3591, patterns=2161, objective=0.876142
  Tested: params=(3, 8, 22, 26, 5, 2, 4, 2)
  validation: F_1/7=0.860361, precision=0.859254, recall=0.918348, good=3779, bad=619, missed=336, trie_nodes=3122, patterns=1722, objective=0.860262
  Tested: params=(9, 27, 1, 3, 2, 1, 1, 3)
  validation: F_1/7=0.886179, precision=0.885468, recall=0.922479, good=3796, bad=491, missed=319, trie_nodes=3924, patterns=2668, objective=0.886054
  Tested: params=(13, 27, 25, 11, 2, 2, 3, 2)
  validation: F_1/7=0.898353, precision=0.897935, recall=0.919320, good=3783, bad=430, missed=332, trie_nodes=3990, patterns=2603, objective=0.898226
  Tested: params=(19, 13, 17, 14, 2, 5, 4, 1)
  validation: F_1/7=0.904392, precision=0.904179, recall=0.914945, good=3765, bad=399, missed=350, trie_nodes=3415, patterns=2236, objective=0.904283
  Best so far: params=(28, 3, 10, 29, 5, 3, 4, 3), score=0.955920, elapsed=49.1s

============================================================
Round 24/30
  Tested: params=(27, 15, 27, 24, 3, 1, 2, 3)
  validation: F_1/7=0.923748, precision=0.924026, recall=0.910328, good=3746, bad=308, missed=369, trie_nodes=4298, patterns=2731, objective=0.923611
  Tested: params=(20, 8, 5, 26, 5, 3, 1, 2)
  validation: F_1/7=0.918153, precision=0.918188, recall=0.916403, good=3771, bad=336, missed=344, trie_nodes=3617, patterns=2389, objective=0.918038
  Tested: params=(1, 28, 4, 18, 2, 3, 4, 5)
  validation: F_1/7=0.801978, precision=0.799790, recall=0.926124, good=3811, bad=954, missed=304, trie_nodes=3905, patterns=2358, objective=0.801854
  Tested: params=(7, 1, 5, 28, 5, 3, 4, 4)
  validation: F_1/7=0.880503, precision=0.879776, recall=0.917618, good=3776, bad=516, missed=339, trie_nodes=2072, patterns=1485, objective=0.880437
  Tested: params=(6, 28, 13, 12, 3, 1, 1, 4)
  validation: F_1/7=0.862397, precision=0.861218, recall=0.924423, good=3804, bad=613, missed=311, trie_nodes=3823, patterns=2562, objective=0.862276
  Best so far: params=(28, 3, 10, 29, 5, 3, 4, 3), score=0.955920, elapsed=51.5s

============================================================
Round 25/30
  Tested: params=(3, 19, 8, 12, 2, 2, 4, 2)
  validation: F_1/7=0.807464, precision=0.805373, recall=0.925152, good=3807, bad=920, missed=308, trie_nodes=3925, patterns=2242, objective=0.807339
  Tested: params=(17, 15, 20, 29, 4, 2, 1, 2)
  validation: F_1/7=0.903006, precision=0.902784, recall=0.913973, good=3761, bad=405, missed=354, trie_nodes=3859, patterns=2459, objective=0.902883
  Tested: params=(18, 2, 15, 18, 2, 4, 1, 1)
  validation: F_1/7=0.903980, precision=0.903832, recall=0.911300, good=3750, bad=399, missed=365, trie_nodes=4032, patterns=2653, objective=0.903852
  Tested: params=(22, 15, 21, 14, 2, 5, 4, 4)
  validation: F_1/7=0.915285, precision=0.915140, recall=0.922479, good=3796, bad=352, missed=319, trie_nodes=2792, patterns=1738, objective=0.915197
  Tested: params=(9, 18, 11, 3, 5, 1, 5, 3)
  validation: F_1/7=0.898669, precision=0.898309, recall=0.916646, good=3772, bad=427, missed=343, trie_nodes=3078, patterns=1802, objective=0.898571
  Best so far: params=(28, 3, 10, 29, 5, 3, 4, 3), score=0.955920, elapsed=53.8s

============================================================
Round 26/30
  Tested: params=(6, 17, 27, 22, 5, 4, 4, 5)
  validation: F_1/7=0.861344, precision=0.859951, recall=0.935601, good=3850, bad=627, missed=265, trie_nodes=1592, patterns=940, objective=0.861293
  Tested: params=(8, 15, 7, 30, 5, 1, 4, 5)
  validation: F_1/7=0.883580, precision=0.882874, recall=0.919563, good=3784, bad=502, missed=331, trie_nodes=2793, patterns=1705, objective=0.883491
  Tested: params=(6, 18, 28, 2, 4, 2, 5, 5)
  validation: F_1/7=0.870244, precision=0.869266, recall=0.921021, good=3790, bad=570, missed=325, trie_nodes=3160, patterns=1943, objective=0.870144
  Tested: params=(29, 15, 26, 26, 2, 5, 1, 3)
  validation: F_1/7=0.940839, precision=0.941472, recall=0.910814, good=3748, bad=233, missed=367, trie_nodes=4363, patterns=2723, objective=0.940700
  Tested: params=(7, 4, 3, 21, 2, 4, 1, 2)
  validation: F_1/7=0.872118, precision=0.871108, recall=0.924666, good=3805, bad=563, missed=310, trie_nodes=3426, patterns=2387, objective=0.872009
  Best so far: params=(28, 3, 10, 29, 5, 3, 4, 3), score=0.955920, elapsed=56.2s

============================================================
Round 27/30
  Tested: params=(17, 24, 10, 19, 5, 4, 2, 1)
  validation: F_1/7=0.902139, precision=0.901867, recall=0.915674, good=3768, bad=410, missed=347, trie_nodes=3795, patterns=2398, objective=0.902018
  Tested: params=(27, 1, 27, 16, 5, 4, 5, 2)
  validation: F_1/7=0.937719, precision=0.938682, recall=0.892831, good=3674, bad=240, missed=441, trie_nodes=2637, patterns=1537, objective=0.937635
  Tested: params=(24, 13, 15, 19, 5, 5, 4, 3)
  validation: F_1/7=0.931278, precision=0.931910, recall=0.901337, good=3709, bad=271, missed=406, trie_nodes=2739, patterns=1558, objective=0.931191
  Tested: params=(13, 23, 8, 4, 2, 2, 2, 2)
  validation: F_1/7=0.898523, precision=0.898080, recall=0.920778, good=3789, bad=430, missed=326, trie_nodes=3881, patterns=2580, objective=0.898400
  Tested: params=(2, 1, 30, 13, 2, 4, 2, 5)
  validation: F_1/7=0.888989, precision=0.888368, recall=0.920535, good=3788, bad=476, missed=327, trie_nodes=3896, patterns=2376, objective=0.888865
  Best so far: params=(28, 3, 10, 29, 5, 3, 4, 3), score=0.955920, elapsed=58.5s

============================================================
Round 28/30
  Tested: params=(24, 3, 13, 27, 5, 3, 4, 1)
  validation: F_1/7=0.935167, precision=0.936008, recall=0.895747, good=3686, bad=252, missed=429, trie_nodes=2665, patterns=1527, objective=0.935083
  Tested: params=(30, 7, 29, 20, 4, 3, 2, 1)
  validation: F_1/7=0.944161, precision=0.944980, recall=0.905711, good=3727, bad=217, missed=388, trie_nodes=4150, patterns=2557, objective=0.944029
  Tested: params=(7, 6, 24, 11, 1, 5, 5, 5)
  validation: F_1/7=0.871550, precision=0.870425, recall=0.930498, good=3829, bad=570, missed=286, trie_nodes=1759, patterns=1094, objective=0.871494
  Tested: params=(30, 6, 12, 23, 4, 1, 5, 2)
  validation: F_1/7=0.955958, precision=0.957232, recall=0.897448, good=3693, bad=165, missed=422, trie_nodes=2779, patterns=1571, objective=0.955870
  Tested: params=(7, 17, 18, 18, 1, 5, 2, 1)
  validation: F_1/7=0.869359, precision=0.868277, recall=0.925881, good=3810, bad=578, missed=305, trie_nodes=3671, patterns=2357, objective=0.869242
  Best so far: params=(28, 3, 10, 29, 5, 3, 4, 3), score=0.955920, elapsed=60.9s

============================================================
Round 29/30
  Tested: params=(27, 29, 26, 25, 4, 3, 1, 3)
  validation: F_1/7=0.924672, precision=0.925062, recall=0.905954, good=3728, bad=302, missed=387, trie_nodes=4127, patterns=2555, objective=0.924541
  Tested: params=(12, 8, 22, 15, 1, 2, 4, 1)
  validation: F_1/7=0.903160, precision=0.902841, recall=0.919077, good=3782, bad=407, missed=333, trie_nodes=3255, patterns=2181, objective=0.903056
  Tested: params=(26, 15, 15, 18, 5, 2, 4, 3)
  validation: F_1/7=0.935695, precision=0.936472, recall=0.899149, good=3700, bad=251, missed=415, trie_nodes=2810, patterns=1610, objective=0.935606
  Tested: params=(9, 27, 24, 20, 5, 5, 4, 5)
  validation: F_1/7=0.887437, precision=0.886622, recall=0.929283, good=3824, bad=489, missed=291, trie_nodes=1552, patterns=936, objective=0.887387
  Tested: params=(21, 21, 19, 23, 1, 5, 5, 1)
  validation: F_1/7=0.918665, precision=0.918741, recall=0.914945, good=3765, bad=333, missed=350, trie_nodes=3489, patterns=2279, objective=0.918554
  Best so far: params=(28, 3, 10, 29, 5, 3, 4, 3), score=0.955920, elapsed=63.2s

============================================================
Round 30/30
  Tested: params=(25, 4, 11, 23, 1, 5, 5, 3)
  validation: F_1/7=0.923864, precision=0.924119, recall=0.911543, good=3751, bad=308, missed=364, trie_nodes=3478, patterns=2259, objective=0.923754
  Tested: params=(1, 9, 19, 30, 4, 2, 4, 3)
  validation: F_1/7=0.860277, precision=0.859155, recall=0.919077, good=3782, bad=620, missed=333, trie_nodes=3194, patterns=1793, objective=0.860175
  Tested: params=(24, 4, 23, 17, 5, 2, 4, 5)
  validation: F_1/7=0.934641, precision=0.935427, recall=0.897691, good=3694, bad=255, missed=421, trie_nodes=2554, patterns=1506, objective=0.934560
  Tested: params=(4, 29, 21, 3, 2, 4, 1, 3)
  validation: F_1/7=0.803916, precision=0.801817, recall=0.922236, good=3795, bad=938, missed=320, trie_nodes=3631, patterns=2246, objective=0.803801
  Tested: params=(11, 19, 2, 27, 5, 5, 4, 1)
  validation: F_1/7=0.901655, precision=0.901311, recall=0.918834, good=3781, bad=414, missed=334, trie_nodes=3200, patterns=1906, objective=0.901553
  Best so far: params=(28, 3, 10, 29, 5, 3, 4, 3), score=0.955920, elapsed=65.5s

============================================================
Final phase: 3 evaluations
  Tested: params=(23, 1, 1, 10, 3, 4, 4, 3)
  validation: F_1/7=0.914311, precision=0.914210, recall=0.919320, good=3783, bad=355, missed=332, trie_nodes=4122, patterns=2858, objective=0.914180
  Tested: params=(9, 30, 13, 14, 1, 4, 4, 2)
  validation: F_1/7=0.887843, precision=0.887127, recall=0.924423, good=3804, bad=484, missed=311, trie_nodes=3523, patterns=2236, objective=0.887731
  Tested: params=(3, 21, 20, 9, 5, 1, 3, 5)
  validation: F_1/7=0.803680, precision=0.801514, recall=0.926367, good=3812, bad=944, missed=303, trie_nodes=3892, patterns=2452, objective=0.803556

============================================================
Threshold ablation run complete
Best parameters (b1..b4 thr1..thr4): (28, 3, 10, 29, 5, 3, 4, 3)
Thresholds: {'mode': 'perlayer', 'shared': None, 'per_level': [5, 3, 4, 3]}
  validation-selected: F_1/7=0.956007, precision=0.957265, recall=0.898177, good=3696, bad=165, missed=419, trie_nodes=2724, patterns=1571, objective=0.955920
  held-out test: F_1/7=0.957238, precision=0.958451, recall=0.901351, good=3737, bad=162, missed=409, trie_nodes=2724, patterns=1571
Summary: results/threshold_ablation/uk/wiktionary/perlayer_random/summary.json
History: results/threshold_ablation/uk/wiktionary/perlayer_random/history.csv
Wall time: 67.8s
